******************************************************************************
            TI ARM Clang Linker PC v5.1.1                      
******************************************************************************
>> Linked Sun Jul 26 15:42:34 2026

OUTPUT FILE NAME:   <main.out>
ENTRY POINT SYMBOL: "_c_int00_noargs"  address: 0000bf91


MEMORY CONFIGURATION

         name            origin    length      used     unused   attr    fill
----------------------  --------  ---------  --------  --------  ----  --------
  FLASH                 00000000   00020000  0000ce30  000131d0  R  X
  SRAM                  20200000   00008000  00000742  000078be  RW X
  BCR_CONFIG            41c00000   000000ff  00000000  000000ff  R   
  BSL_CONFIG            41c00100   00000080  00000000  00000080  R   


SEGMENT ALLOCATION MAP

run origin  load origin   length   init length attrs members
----------  ----------- ---------- ----------- ----- -------
00000000    00000000    0000ce30   0000ce30    r-x
  00000000    00000000    000000c0   000000c0    r-- .intvecs
  000000c0    000000c0    0000c1c0   0000c1c0    r-x .text
  0000c280    0000c280    00000b98   00000b98    r-- .rodata
  0000ce18    0000ce18    00000018   00000018    r-- .cinit
20200000    20200000    00000542   00000000    rw-
  20200000    20200000    00000542   00000000    rw- .bss
20207e00    20207e00    00000200   00000000    rw-
  20207e00    20207e00    00000200   00000000    rw- .stack


SECTION ALLOCATION MAP

 output                                  attributes/
section   page    origin      length       input sections
--------  ----  ----------  ----------   ----------------
.intvecs   0    00000000    000000c0     
                  00000000    000000c0     startup_mspm0g350x_ticlang.o (.intvecs)

.text      0    000000c0    0000c1c0     
                  000000c0    00006dac     main.o (.text.main)
                  00006e6c    00000954     main.o (.text.LineTracking_update)
                  000077c0    000005d4     main.o (.text.UART_reportMotorStatus)
                  00007d94    00000500     task3_control.o (.text.Task3Control_update)
                  00008294    00000430     task2_control.o (.text.Task2Control_update)
                  000086c4    000003d2     oled.o (.text.OLED_Init)
                  00008a96    00000002     startup_mspm0g350x_ticlang.o (.text.Default_Handler)
                  00008a98    000002f4     motor_control.o (.text.MotorControl_update)
                  00008d8c    00000280     oled.o (.text.OLED_ShowTask1Endpoint)
                  0000900c    00000278     mpu6050_angle.o (.text.MPU6050_Angle_initWithProgress)
                  00009284    00000278     oled.o (.text.OLED_ShowTask)
                  000094fc    0000026c     oled.o (.text.OLED_ShowCalibration)
                  00009768    00000244     main.o (.text.UART_reportGrayscale)
                  000099ac    00000238     main.o (.text.UART_reportZAngle)
                  00009be4    00000218     angle_turn_control.o (.text.AngleTurnControl_update)
                  00009dfc    000001d4     mpu6050_angle.o (.text.MPU6050_readRegisters)
                  00009fd0    000001a0     oled.o (.text.OLED_writeString)
                  0000a170    00000174     grayscale_sensor.o (.text.Grayscale_Sensor_ReadAll)
                  0000a2e4    0000016c     ti_msp_dl_config.o (.text.SYSCFG_DL_GPIO_init)
                  0000a450    0000014c     task_manager.o (.text.TaskManager_update)
                  0000a59c    00000138     car_control.o (.text.CarControl_setMotion)
                  0000a6d4    00000104     driverlib.a : dl_timer.o (.text.DL_Timer_initFourCCPWMMode)
                  0000a7d8    00000104     mpu6050_angle.o (.text.MPU6050_writeRegister)
                  0000a8dc    00000104     oled.o (.text.OLED_writeByte)
                  0000a9e0    000000fc     driverlib.a : dl_timer.o (.text.DL_Timer_initTimerMode)
                  0000aadc    000000d8     libclang_rt.builtins.a : addsf3.S.obj (.text)
                  0000abb4    000000d4     task_manager.o (.text.TaskManager_init)
                  0000ac88    000000a2     libclang_rt.builtins.a : udivmoddi4.S.obj (.text)
                  0000ad2a    0000009a     libc.a : memcpy16.S.obj (.text:memcpy)
                  0000adc4    00000094     main.o (.text.UART1_IRQHandler)
                  0000ae58    00000090     ti_msp_dl_config.o (.text.SYSCFG_DL_PWM_MOTOR_AB_init)
                  0000aee8    00000090     ti_msp_dl_config.o (.text.SYSCFG_DL_PWM_MOTOR_CD_init)
                  0000af78    0000008c     libclang_rt.builtins.a : comparesf2.S.obj (.text)
                  0000b004    0000008c                            : mulsf3.S.obj (.text)
                  0000b090    0000008a     motor_control.o (.text.MotorControl_takeStatus)
                  0000b11a    00000002     libclang_rt.builtins.a : aeabi_div0.c.obj (.text.__aeabi_idiv0)
                  0000b11c    00000084     angle_turn_control.o (.text.AngleTurnControl_start)
                  0000b1a0    00000082     libclang_rt.builtins.a : divsf3.S.obj (.text)
                  0000b222    00000002                            : aeabi_div0.c.obj (.text.__aeabi_ldiv0)
                  0000b224    00000080     main.o (.text.GROUP1_IRQHandler)
                  0000b2a4    0000007c     ti_msp_dl_config.o (.text.SYSCFG_DL_initPower)
                  0000b320    00000070     ti_msp_dl_config.o (.text.SYSCFG_DL_UART_0_init)
                  0000b390    00000070     ti_msp_dl_config.o (.text.SYSCFG_DL_UART_OPENMV_init)
                  0000b400    0000006e     angle_turn_control.o (.text.AngleTurnControl_getCoastDistanceDegrees)
                  0000b46e    00000002     --HOLE-- [fill = 0]
                  0000b470    00000064     main.o (.text.UART0_IRQHandler)
                  0000b4d4    00000062     libc.a : memset16.S.obj (.text:memset)
                  0000b536    00000002     --HOLE-- [fill = 0]
                  0000b538    00000060     mpu6050_angle.o (.text.MPU6050_Angle_update)
                  0000b598    0000005e     driverlib.a : dl_i2c.o (.text.DL_I2C_fillControllerTXFIFO)
                  0000b5f6    00000002     --HOLE-- [fill = 0]
                  0000b5f8    0000005a     libclang_rt.builtins.a : aeabi_fcmp.S.obj (.text)
                  0000b652    00000002     --HOLE-- [fill = 0]
                  0000b654    00000058     motor_control.o (.text.MotorControl_init)
                  0000b6ac    00000056     libclang_rt.builtins.a : aeabi_idivmod.S.obj (.text)
                  0000b702    00000002     --HOLE-- [fill = 0]
                  0000b704    00000054     ti_msp_dl_config.o (.text.SYSCFG_DL_I2C_MPU6050_init)
                  0000b758    00000054     ti_msp_dl_config.o (.text.SYSCFG_DL_I2C_OLED_init)
                  0000b7ac    00000052     main.o (.text.Task1_readActiveChannelCount)
                  0000b7fe    00000052     task2_control.o (.text.Task2Control_init)
                  0000b850    0000004e     task3_control.o (.text.Task3Control_init)
                  0000b89e    00000002     --HOLE-- [fill = 0]
                  0000b8a0    0000004e     libclang_rt.builtins.a : floatdisf.S.obj (.text)
                  0000b8ee    00000002     --HOLE-- [fill = 0]
                  0000b8f0    00000048     driverlib.a : dl_uart.o (.text.DL_UART_init)
                  0000b938    00000044     main.o (.text.LineTracking_resetPid)
                  0000b97c    00000044     main.o (.text.TIMA1_IRQHandler)
                  0000b9c0    00000040     ti_msp_dl_config.o (.text.SYSCFG_DL_SYSCTL_init)
                  0000ba00    00000040     ti_msp_dl_config.o (.text.SYSCFG_DL_init)
                  0000ba40    00000040     task2_control.o (.text.Task2Control_reset)
                  0000ba80    00000040     main.o (.text.UART_sendString)
                  0000bac0    00000040     libclang_rt.builtins.a : aeabi_uidivmod.S.obj (.text)
                  0000bb00    0000003e     car_control.o (.text.CarControl_init)
                  0000bb3e    0000003e     libclang_rt.builtins.a : divmoddi4.c.obj (.text.__divmoddi4)
                  0000bb7c    0000003c     driverlib.a : dl_i2c.o (.text.DL_I2C_flushControllerTXFIFO)
                  0000bbb8    0000003c     oled.o (.text.OLED_ShowTask2Number)
                  0000bbf4    0000003c     oled.o (.text.OLED_ShowTask2Turn)
                  0000bc30    0000003c     oled.o (.text.OLED_ShowTask3Number)
                  0000bc6c    0000003c     oled.o (.text.OLED_ShowTask3Turn)
                  0000bca8    0000003c     task3_control.o (.text.Task3Control_reset)
                  0000bce4    0000003c     libc.a : autoinit.c.obj (.text:__TI_auto_init_nobinit_nopinit)
                  0000bd20    0000003c     libclang_rt.builtins.a : floatsisf.S.obj (.text)
                  0000bd5c    0000003a     motor_control.o (.text.MotorControl_coast)
                  0000bd96    00000002     --HOLE-- [fill = 0]
                  0000bd98    0000003a     libclang_rt.builtins.a : muldsi3.S.obj (.text)
                  0000bdd2    00000038     angle_turn_control.o (.text.AngleTurnControl_enterCreep)
                  0000be0a    00000002     --HOLE-- [fill = 0]
                  0000be0c    00000038     ti_msp_dl_config.o (.text.SYSCFG_DL_TIMER_PID_init)
                  0000be44    00000038     libclang_rt.builtins.a : fixsfsi.S.obj (.text)
                  0000be7c    00000032     motor_control.o (.text.MotorControl_handleEncoderEdge)
                  0000beae    00000002     --HOLE-- [fill = 0]
                  0000beb0    00000030     driverlib.a : dl_i2c.o (.text.DL_I2C_flushControllerRXFIFO)
                  0000bee0    00000030                 : dl_uart.o (.text.DL_UART_transmitDataBlocking)
                  0000bf10    0000002c     angle_turn_control.o (.text.AngleTurnControl_init)
                  0000bf3c    0000002c     grayscale_sensor.o (.text.Grayscale_Sensor_Init)
                  0000bf68    00000028     car_control.o (.text.CarControl_stop)
                  0000bf90    00000028     libc.a : boot_cortex_m.c.obj (.text:_c_int00_noargs)
                  0000bfb8    00000028     libclang_rt.builtins.a : floatunsisf.S.obj (.text)
                  0000bfe0    00000026     driverlib.a : dl_i2c.o (.text.DL_I2C_setClockConfig)
                  0000c006    00000024     angle_turn_control.o (.text.AngleTurnControl_cancel)
                  0000c02a    00000002     --HOLE-- [fill = 0]
                  0000c02c    00000024     libclang_rt.builtins.a : muldi3.S.obj (.text)
                  0000c050    0000001e     car_control.o (.text.CarControl_coast)
                  0000c06e    0000001e     car_control.o (.text.CarControl_emergencyStop)
                  0000c08c    0000001e     motor_control.o (.text.MotorControl_setTargetRpm)
                  0000c0aa    00000002     --HOLE-- [fill = 0]
                  0000c0ac    0000001e     libclang_rt.builtins.a : ashldi3.S.obj (.text)
                  0000c0ca    00000002     --HOLE-- [fill = 0]
                  0000c0cc    0000001c     driverlib.a : dl_timer.o (.text.DL_Timer_setCaptCompUpdateMethod)
                  0000c0e8    0000001c                 : dl_timer.o (.text.DL_Timer_setClockConfig)
                  0000c104    0000001a     libclang_rt.builtins.a : aeabi_memset.S.obj (.text)
                  0000c11e    00000002     --HOLE-- [fill = 0]
                  0000c120    00000018     driverlib.a : dl_timer.o (.text.DL_Timer_setCaptureCompareOutCtl)
                  0000c138    00000018     main.o (.text.OLED_showCalibrationProgress)
                  0000c150    00000014     main.o (.text.Task1_lineTrackingSetEnabled)
                  0000c164    00000014     main.o (.text.Task1_setGreenLed)
                  0000c178    00000014     main.o (.text.Task1_setRedLed)
                  0000c18c    00000014     libclang_rt.builtins.a : aeabi_ldivmod.S.obj (.text)
                  0000c1a0    00000012     driverlib.a : dl_uart.o (.text.DL_UART_setClockConfig)
                  0000c1b2    00000002     --HOLE-- [fill = 0]
                  0000c1b4    00000010                 : dl_timer.o (.text.DL_Timer_setCaptureCompareValue)
                  0000c1c4    00000010     task_manager.o (.text.TaskManager_takeStatusPressed)
                  0000c1d4    00000010     task_manager.o (.text.TaskManager_takeStatusReleased)
                  0000c1e4    00000010     libc.a : copy_zero_init.c.obj (.text:decompress:ZI)
                  0000c1f4    0000000c     mpu6050_angle.o (.text.MPU6050_Angle_getDeviceId)
                  0000c200    0000000c     mpu6050_angle.o (.text.MPU6050_Angle_getZDegrees)
                  0000c20c    0000000c     mpu6050_angle.o (.text.MPU6050_Angle_getZRateDps)
                  0000c218    0000000c     mpu6050_angle.o (.text.MPU6050_Angle_reset)
                  0000c224    0000000c     main.o (.text.Task1_lineTrackingSetSpeed)
                  0000c230    0000000c     task_manager.o (.text.TaskManager_getActiveTask)
                  0000c23c    0000000c     task_manager.o (.text.TaskManager_getTask1Endpoint)
                  0000c248    0000000a     driverlib.a : dl_common.o (.text.DL_Common_delayCycles)
                  0000c252    00000002     --HOLE-- [fill = 0]
                  0000c254    00000008     libclang_rt.builtins.a : aeabi_memcpy.S.obj (.text)
                  0000c25c    00000006     angle_turn_control.o (.text.AngleTurnControl_isActive)
                  0000c262    00000006     car_control.o (.text.CarControl_getSpeedRpm)
                  0000c268    00000006     libc.a : exit.c.obj (.text:abort)
                  0000c26e    00000004     car_control.o (.text.CarControl_getTurnInnerPercent)
                  0000c272    00000004     libsysbm.a : hostexit.c.obj (.text.HOSTexit)
                  0000c276    00000004     startup_mspm0g350x_ticlang.o (.text.Reset_Handler)
                  0000c27a    00000004     libc.a : pre_init.c.obj (.text._system_pre_init)
                  0000c27e    00000002     --HOLE-- [fill = 0]

.cinit     0    0000ce18    00000018     
                  0000ce18    00000008     (.cinit..bss.load) [load image, compression = zero_init]
                  0000ce20    00000004     (__TI_handler_table)
                  0000ce24    00000008     (__TI_cinit_table)
                  0000ce2c    00000004     --HOLE-- [fill = 0]

.rodata    0    0000c280    00000b98     
                  0000c280    00000050     main.o (.rodata.gMotorAConfig)
                  0000c2d0    00000050     main.o (.rodata.gMotorBConfig)
                  0000c320    00000050     main.o (.rodata.gMotorCConfig)
                  0000c370    00000050     main.o (.rodata.gMotorDConfig)
                  0000c3c0    00000039     main.o (.rodata.str1.17100691992556644108.1)
                  0000c3f9    00000003     ti_msp_dl_config.o (.rodata.gPWM_MOTOR_ABClockConfig)
                  0000c3fc    00000038     main.o (.rodata..L__const.main.task2Io)
                  0000c434    00000036     main.o (.rodata.str1.2110678906774669609.1)
                  0000c46a    00000036     main.o (.rodata.str1.5456361711443481037.1)
                  0000c4a0    00000032     main.o (.rodata.str1.14402440632258215044.1)
                  0000c4d2    00000032     main.o (.rodata.str1.288608917962107522.1)
                  0000c504    00000031     main.o (.rodata.str1.11639152155638730617.1)
                  0000c535    00000031     main.o (.rodata.str1.13708788609136157861.1)
                  0000c566    0000002e     main.o (.rodata.str1.729616968063973023.1)
                  0000c594    0000002e     main.o (.rodata.str1.8154729771448623357.1)
                  0000c5c2    0000002d     main.o (.rodata.str1.11529847267458053600.1)
                  0000c5ef    0000002d     main.o (.rodata.str1.489408286258209761.1)
                  0000c61c    0000002b     main.o (.rodata.str1.1400108336782646092.1)
                  0000c647    0000002b     main.o (.rodata.str1.14032527501195285070.1)
                  0000c672    0000002b     main.o (.rodata.str1.5630281060179367396.1)
                  0000c69d    0000002a     main.o (.rodata.str1.12382793645740270115.1)
                  0000c6c7    00000029     main.o (.rodata.str1.13510909575694371129.1)
                  0000c6f0    00000029     main.o (.rodata.str1.564043066809513926.1)
                  0000c719    00000028     main.o (.rodata.str1.1311392489248731986.1)
                  0000c741    00000028     main.o (.rodata.str1.5266312244614669333.1)
                  0000c769    00000028     main.o (.rodata.str1.5735500672252279554.1)
                  0000c791    00000027     main.o (.rodata.str1.10313062130652730376.1)
                  0000c7b8    00000027     main.o (.rodata.str1.13080826312907008127.1)
                  0000c7df    00000027     main.o (.rodata.str1.13782249893155712474.1)
                  0000c806    00000027     main.o (.rodata.str1.6891813955777630061.1)
                  0000c82d    00000026     main.o (.rodata.str1.2117079376983516436.1)
                  0000c853    00000026     main.o (.rodata.str1.3789019053998632041.1)
                  0000c879    00000026     task3_control.o (.rodata.str1.4657032458276037942.1)
                  0000c89f    00000025     main.o (.rodata.str1.11022512878759027374.1)
                  0000c8c4    00000025     main.o (.rodata.str1.4551914367444790281.1)
                  0000c8e9    00000025     main.o (.rodata.str1.5789451164904352291.1)
                  0000c90e    00000024     main.o (.rodata.str1.3530083166107438000.1)
                  0000c932    00000024     main.o (.rodata.str1.5931264416680793241.1)
                  0000c956    00000023     task3_control.o (.rodata.str1.10714953977156648286.1)
                  0000c979    00000023     main.o (.rodata.str1.4787932902692149498.1)
                  0000c99c    00000023     main.o (.rodata.str1.7440231181708086392.1)
                  0000c9bf    00000022     task3_control.o (.rodata.str1.1530538117983905378.1)
                  0000c9e1    00000021     main.o (.rodata.str1.10720410773482754683.1)
                  0000ca02    00000021     main.o (.rodata.str1.10865113624938808685.1)
                  0000ca23    00000021     main.o (.rodata.str1.17045314124001216156.1)
                  0000ca44    00000020     main.o (.rodata.gAngleTurnConfig)
                  0000ca64    00000020     main.o (.rodata.str1.6554448696319176064.1)
                  0000ca84    0000001f     main.o (.rodata.str1.17770841602246103764.1)
                  0000caa3    0000001f     main.o (.rodata.str1.8428454045432808059.1)
                  0000cac2    0000001d     task3_control.o (.rodata.str1.10894465688668152876.1)
                  0000cadf    00000001     --HOLE-- [fill = 0]
                  0000cae0    0000001c     main.o (.rodata.gCarConfig)
                  0000cafc    0000001c     task3_control.o (.rodata.str1.13478968704624540161.1)
                  0000cb18    0000001c     task3_control.o (.rodata.str1.17762541261837276227.1)
                  0000cb34    0000001c     task3_control.o (.rodata.str1.4390551223382838700.1)
                  0000cb50    0000001b     task3_control.o (.rodata.str1.12456770628134079107.1)
                  0000cb6b    0000001b     task3_control.o (.rodata.str1.3066080717975895145.1)
                  0000cb86    0000001a     task3_control.o (.rodata.str1.11808787519652951809.1)
                  0000cba0    0000001a     task3_control.o (.rodata.str1.13799171880534650351.1)
                  0000cbba    0000001a     task3_control.o (.rodata.str1.6124995119480340558.1)
                  0000cbd4    0000001a     task3_control.o (.rodata.str1.958059989718987969.1)
                  0000cbee    00000019     main.o (.rodata.str1.11121730273200050387.1)
                  0000cc07    00000019     task3_control.o (.rodata.str1.11413199885560925264.1)
                  0000cc20    00000019     task3_control.o (.rodata.str1.14615866358383963931.1)
                  0000cc39    00000019     main.o (.rodata.str1.2597068879322958637.1)
                  0000cc52    00000016     task2_control.o (.rodata.str1.11940043588096350355.1)
                  0000cc68    00000015     main.o (.rodata.str1.11822182024223342093.1)
                  0000cc7d    00000015     main.o (.rodata.str1.2624144126699937905.1)
                  0000cc92    00000002     ti_msp_dl_config.o (.rodata.gI2C_MPU6050ClockConfig)
                  0000cc94    00000014     ti_msp_dl_config.o (.rodata.gTIMER_PIDTimerConfig)
                  0000cca8    00000014     task3_control.o (.rodata.str1.11464780133565186819.1)
                  0000ccbc    00000013     task3_control.o (.rodata.str1.17742943977157018344.1)
                  0000cccf    00000013     task3_control.o (.rodata.str1.7108331918649983267.1)
                  0000cce2    00000013     task2_control.o (.rodata.str1.779357304166587961.1)
                  0000ccf5    00000012     task3_control.o (.rodata.str1.13968557383028585213.1)
                  0000cd07    00000012     task2_control.o (.rodata.str1.4912559704527292690.1)
                  0000cd19    00000011     main.o (.rodata.str1.887240019932590441.1)
                  0000cd2a    00000002     ti_msp_dl_config.o (.rodata.gI2C_OLEDClockConfig)
                  0000cd2c    00000010     main.o (.rodata..Lswitch.table.main.139)
                  0000cd3c    00000010     task2_control.o (.rodata.str1.4061836901473561847.1)
                  0000cd4c    0000000e     main.o (.rodata.str1.15159059442110792349.1)
                  0000cd5a    0000000b     main.o (.rodata.str1.1499083853040407199.1)
                  0000cd65    0000000b     main.o (.rodata.str1.1928638051441818890.1)
                  0000cd70    0000000a     ti_msp_dl_config.o (.rodata.gUART_0Config)
                  0000cd7a    0000000a     ti_msp_dl_config.o (.rodata.gUART_OPENMVConfig)
                  0000cd84    00000008     main.o (.rodata.cst8)
                  0000cd8c    00000008     ti_msp_dl_config.o (.rodata.gPWM_MOTOR_ABConfig)
                  0000cd94    00000008     ti_msp_dl_config.o (.rodata.gPWM_MOTOR_CDConfig)
                  0000cd9c    00000005     oled.o (.rodata.OLED_getGlyph.A)
                  0000cda1    00000005     oled.o (.rodata.OLED_getGlyph.C)
                  0000cda6    00000005     oled.o (.rodata.OLED_getGlyph.D)
                  0000cdab    00000005     oled.o (.rodata.OLED_getGlyph.E)
                  0000cdb0    00000005     oled.o (.rodata.OLED_getGlyph.K)
                  0000cdb5    00000005     oled.o (.rodata.OLED_getGlyph.L)
                  0000cdba    00000005     oled.o (.rodata.OLED_getGlyph.N)
                  0000cdbf    00000005     oled.o (.rodata.OLED_getGlyph.R)
                  0000cdc4    00000005     oled.o (.rodata.OLED_getGlyph.S)
                  0000cdc9    00000005     oled.o (.rodata.OLED_getGlyph.T)
                  0000cdce    00000005     oled.o (.rodata.OLED_getGlyph.eight)
                  0000cdd3    00000005     oled.o (.rodata.OLED_getGlyph.five)
                  0000cdd8    00000005     oled.o (.rodata.OLED_getGlyph.four)
                  0000cddd    00000005     oled.o (.rodata.OLED_getGlyph.nine)
                  0000cde2    00000005     oled.o (.rodata.OLED_getGlyph.one)
                  0000cde7    00000005     oled.o (.rodata.OLED_getGlyph.seven)
                  0000cdec    00000005     oled.o (.rodata.OLED_getGlyph.six)
                  0000cdf1    00000005     oled.o (.rodata.OLED_getGlyph.space)
                  0000cdf6    00000005     oled.o (.rodata.OLED_getGlyph.three)
                  0000cdfb    00000005     oled.o (.rodata.OLED_getGlyph.two)
                  0000ce00    00000005     oled.o (.rodata.OLED_getGlyph.zero)
                  0000ce05    00000004     main.o (.rodata.str1.13959864503700487862.1)
                  0000ce09    00000004     main.o (.rodata.str1.2255554096259913709.1)
                  0000ce0d    00000003     ti_msp_dl_config.o (.rodata.gPWM_MOTOR_CDClockConfig)
                  0000ce10    00000003     ti_msp_dl_config.o (.rodata.gTIMER_PIDClockConfig)
                  0000ce13    00000002     ti_msp_dl_config.o (.rodata.gUART_0ClockConfig)
                  0000ce15    00000002     ti_msp_dl_config.o (.rodata.gUART_OPENMVClockConfig)
                  0000ce17    00000001     --HOLE-- [fill = 0]

.init_array 
*          0    00000000    00000000     UNINITIALIZED

.binit     0    00000000    00000000     

.bss       0    20200000    00000542     UNINITIALIZED
                  20200000    000000bc     (.common:gPWM_MOTOR_CDBackup)
                  202000bc    000000bc     (.common:gTIMER_PIDBackup)
                  20200178    00000078     main.o (.bss.gMotorA)
                  202001f0    00000078     main.o (.bss.gMotorB)
                  20200268    00000078     main.o (.bss.gMotorC)
                  202002e0    00000078     main.o (.bss.gMotorD)
                  20200358    0000004c     main.o (.bss.gTask2Control)
                  202003a4    00000048     main.o (.bss.gTask3Control)
                  202003ec    00000040     main.o (.bss.gOpenMvDebugRxBuffer)
                  2020042c    00000034     main.o (.bss.gAngleTurn)
                  20200460    00000020     main.o (.bss.gCar)
                  20200480    00000020     main.o (.bss.gUartCommand)
                  202004a0    00000010     main.o (.bss.UART_serviceMotorStatus.motorAStatus)
                  202004b0    00000010     main.o (.bss.UART_serviceMotorStatus.motorBStatus)
                  202004c0    00000010     main.o (.bss.UART_serviceMotorStatus.motorCStatus)
                  202004d0    00000010     main.o (.bss.UART_serviceMotorStatus.motorDStatus)
                  202004e0    00000008     main.o (.bss.gLineFilteredValues)
                  202004e8    00000008     main.o (.bss.gLinePendingCount)
                  202004f0    00000008     main.o (.bss.gLinePendingValues)
                  202004f8    00000004     mpu6050_angle.o (.bss.gGyroZBiasRaw)
                  202004fc    00000004     main.o (.bss.gLineTrackingIntegral)
                  20200500    00000004     mpu6050_angle.o (.bss.gZAngleDegrees)
                  20200504    00000004     mpu6050_angle.o (.bss.gZRateDps)
                  20200508    00000002     main.o (.bss.gLineTrackingBaseSpeedRpm)
                  2020050a    00000002     main.o (.bss.gLineTrackingLastErr)
                  2020050c    00000002     main.o (.bss.gTask1BrakeSamples)
                  2020050e    00000001     main.o (.bss.UART_serviceMotorStatus.motorAStatusReady)
                  2020050f    00000001     main.o (.bss.UART_serviceMotorStatus.motorBStatusReady)
                  20200510    00000001     main.o (.bss.UART_serviceMotorStatus.motorCStatusReady)
                  20200511    00000001     main.o (.bss.UART_serviceMotorStatus.motorDStatusReady)
                  20200512    00000001     task_manager.o (.bss.gActiveTask)
                  20200513    00000001     mpu6050_angle.o (.bss.gDeviceId)
                  20200514    00000001     main.o (.bss.gGrayscaleStreamDivider)
                  20200515    00000001     main.o (.bss.gGrayscaleStreamEnabled)
                  20200516    00000001     main.o (.bss.gLineFilterReady)
                  20200517    00000001     main.o (.bss.gLineTrackingDebugDivider)
                  20200518    00000001     main.o (.bss.gLineTrackingDebugEnabled)
                  20200519    00000001     main.o (.bss.gLineTrackingEnabled)
                  2020051a    00000001     main.o (.bss.gMotorStatusReportOnce)
                  2020051b    00000001     main.o (.bss.gMotorStatusStreamEnabled)
                  2020051c    00000001     main.o (.bss.gMpu6050Ready)
                  2020051d    00000001     main.o (.bss.gMpu6050SampleDue)
                  2020051e    00000001     main.o (.bss.gOledReady)
                  2020051f    00000001     task_manager.o (.bss.gOledReady)
                  20200520    00000001     main.o (.bss.gOpenMvDebugRxHead)
                  20200521    00000001     main.o (.bss.gOpenMvDebugRxOverflow)
                  20200522    00000001     main.o (.bss.gOpenMvDebugRxTail)
                  20200523    00000001     main.o (.bss.gOpenMvDisplayPending)
                  20200524    00000001     main.o (.bss.gOpenMvLastDisplayed)
                  20200525    00000001     main.o (.bss.gOpenMvLastDisplayedTask)
                  20200526    00000001     main.o (.bss.gOpenMvNumber)
                  20200527    00000001     main.o (.bss.gOpenMvNumberPending)
                  20200528    00000001     main.o (.bss.gOpenMvTurnPending)
                  20200529    00000001     task_manager.o (.bss.gStatusButton.0)
                  2020052a    00000001     task_manager.o (.bss.gStatusButton.1)
                  2020052b    00000001     task_manager.o (.bss.gStatusButton.2)
                  2020052c    00000001     task_manager.o (.bss.gStatusPressPending)
                  2020052d    00000001     task_manager.o (.bss.gStatusReleasePending)
                  2020052e    00000001     main.o (.bss.gTask1AccelerationSamples)
                  2020052f    00000001     main.o (.bss.gTask1BlankCount)
                  20200530    00000001     main.o (.bss.gTask1EndReverseSamples)
                  20200531    00000001     main.o (.bss.gTask1Endpoint2)
                  20200532    00000001     task_manager.o (.bss.gTask1Endpoint)
                  20200533    00000001     task_manager.o (.bss.gTask1EndpointButton.0)
                  20200534    00000001     task_manager.o (.bss.gTask1EndpointButton.1)
                  20200535    00000001     task_manager.o (.bss.gTask1EndpointButton.2)
                  20200536    00000001     main.o (.bss.gTask1FinalBrakeSettledCount)
                  20200537    00000001     main.o (.bss.gTask1IntersectionAdvanceSamples)
                  20200538    00000001     main.o (.bss.gTask1IntersectionPartialCount)
                  20200539    00000001     main.o (.bss.gTask1LineSeenAfterTurn)
                  2020053a    00000001     main.o (.bss.gTask1NextTurnRight)
                  2020053b    00000001     main.o (.bss.gTask1ReturnPhase)
                  2020053c    00000001     main.o (.bss.gTask1State)
                  2020053d    00000001     task_manager.o (.bss.gTaskButton.0)
                  2020053e    00000001     task_manager.o (.bss.gTaskButton.1)
                  2020053f    00000001     task_manager.o (.bss.gTaskButton.2)
                  20200540    00000001     main.o (.bss.gUartCommandLength)
                  20200541    00000001     main.o (.bss.gUartCommandReady)

.stack     0    20207e00    00000200     UNINITIALIZED
                  20207e00    00000004     libc.a : boot_cortex_m.c.obj (.stack)
                  20207e04    000001fc     --HOLE--

__llvm_prf_cnts 
*          0    20200000    00000000     UNINITIALIZED

__llvm_prf_bits 
*          0    20200000    00000000     UNINITIALIZED

MODULE SUMMARY

       Module                         code    ro data   rw data
       ------                         ----    -------   -------
    .\
       main.o                         33858   2209      943    
       oled.o                         3786    105       0      
       task3_control.o                1418    504       0      
       ti_msp_dl_config.o             1352    73        376    
       mpu6050_angle.o                1504    0         13     
       task2_control.o                1218    75        0      
       motor_control.o                1120    0         0      
       angle_turn_control.o           920     0         0      
       task_manager.o                 600     0         14     
       car_control.o                  484     0         0      
       grayscale_sensor.o             416     0         0      
       startup_mspm0g350x_ticlang.o   6       192       0      
    +--+------------------------------+-------+---------+---------+
       Total:                         46682   3158      1346   
                                                               
    C:/ti/mspm0_sdk_2_11_00_07/source/ti/driverlib/lib/ticlang/m0p/mspm0g1x0x_g3x0x/driverlib.a
       dl_timer.o                     608     0         0      
       dl_i2c.o                       240     0         0      
       dl_uart.o                      138     0         0      
       dl_common.o                    10      0         0      
    +--+------------------------------+-------+---------+---------+
       Total:                         996     0         0      
                                                               
    C:\ti\ccs2100\ccs\tools\compiler\ti-cgt-armllvm_5.1.1.LTS\lib\armv6m-ti-none-eabi/c/libc.a
       memcpy16.S.obj                 154     0         0      
       memset16.S.obj                 98      0         0      
       autoinit.c.obj                 60      0         0      
       boot_cortex_m.c.obj            40      0         0      
       copy_zero_init.c.obj           16      0         0      
       exit.c.obj                     6       0         0      
       pre_init.c.obj                 4       0         0      
    +--+------------------------------+-------+---------+---------+
       Total:                         378     0         0      
                                                               
    C:\ti\ccs2100\ccs\tools\compiler\ti-cgt-armllvm_5.1.1.LTS\lib\armv6m-ti-none-eabi/c/libsysbm.a
       hostexit.c.obj                 4       0         0      
    +--+------------------------------+-------+---------+---------+
       Total:                         4       0         0      
                                                               
    C:\ti\ccs2100\ccs\tools\compiler\ti-cgt-armllvm_5.1.1.LTS\lib\armv6m-ti-none-eabi/libclang_rt.builtins.a
       addsf3.S.obj                   216     0         0      
       udivmoddi4.S.obj               162     0         0      
       comparesf2.S.obj               140     0         0      
       mulsf3.S.obj                   140     0         0      
       divsf3.S.obj                   130     0         0      
       aeabi_fcmp.S.obj               90      0         0      
       aeabi_idivmod.S.obj            86      0         0      
       floatdisf.S.obj                78      0         0      
       aeabi_uidivmod.S.obj           64      0         0      
       divmoddi4.c.obj                62      0         0      
       floatsisf.S.obj                60      0         0      
       muldsi3.S.obj                  58      0         0      
       fixsfsi.S.obj                  56      0         0      
       floatunsisf.S.obj              40      0         0      
       muldi3.S.obj                   36      0         0      
       ashldi3.S.obj                  30      0         0      
       aeabi_memset.S.obj             26      0         0      
       aeabi_ldivmod.S.obj            20      0         0      
       aeabi_memcpy.S.obj             8       0         0      
       aeabi_div0.c.obj               4       0         0      
    +--+------------------------------+-------+---------+---------+
       Total:                         1506    0         0      
                                                               
       Stack:                         0       0         512    
       Linker Generated:              0       20        0      
    +--+------------------------------+-------+---------+---------+
       Grand Total:                   49566   3178      1858   


LINKER GENERATED COPY TABLES

__TI_cinit_table @ 0000ce24 records: 1, size/record: 8, table size: 8
	.bss: load addr=0000ce18, load size=00000008 bytes, run addr=20200000, run size=00000542 bytes, compression=zero_init


LINKER GENERATED HANDLER TABLE

__TI_handler_table @ 0000ce20 records: 1, size/record: 4, table size: 4
	index: 0, handler: __TI_zero_init


GLOBAL SYMBOLS: SORTED ALPHABETICALLY BY Name 

address   name                            
-------   ----                            
00008a97  ADC0_IRQHandler                 
00008a97  ADC1_IRQHandler                 
00008a97  AES_IRQHandler                  
0000c007  AngleTurnControl_cancel         
0000bf11  AngleTurnControl_init           
0000c25d  AngleTurnControl_isActive       
0000b11d  AngleTurnControl_start          
00009be5  AngleTurnControl_update         
0000c272  C$$EXIT                         
00008a97  CANFD0_IRQHandler               
0000c051  CarControl_coast                
0000c06f  CarControl_emergencyStop        
0000c263  CarControl_getSpeedRpm          
0000c26f  CarControl_getTurnInnerPercent  
0000bb01  CarControl_init                 
0000a59d  CarControl_setMotion            
0000bf69  CarControl_stop                 
00008a97  DAC0_IRQHandler                 
0000c249  DL_Common_delayCycles           
0000b599  DL_I2C_fillControllerTXFIFO     
0000beb1  DL_I2C_flushControllerRXFIFO    
0000bb7d  DL_I2C_flushControllerTXFIFO    
0000bfe1  DL_I2C_setClockConfig           
0000a6d5  DL_Timer_initFourCCPWMMode      
0000a9e1  DL_Timer_initTimerMode          
0000c0cd  DL_Timer_setCaptCompUpdateMethod
0000c121  DL_Timer_setCaptureCompareOutCtl
0000c1b5  DL_Timer_setCaptureCompareValue 
0000c0e9  DL_Timer_setClockConfig         
0000b8f1  DL_UART_init                    
0000c1a1  DL_UART_setClockConfig          
0000bee1  DL_UART_transmitDataBlocking    
00008a97  DMA_IRQHandler                  
00008a97  Default_Handler                 
00008a97  GROUP0_IRQHandler               
0000b225  GROUP1_IRQHandler               
0000bf3d  Grayscale_Sensor_Init           
0000a171  Grayscale_Sensor_ReadAll        
0000c273  HOSTexit                        
00008a97  HardFault_Handler               
00008a97  I2C0_IRQHandler                 
00008a97  I2C1_IRQHandler                 
0000c1f5  MPU6050_Angle_getDeviceId       
0000c201  MPU6050_Angle_getZDegrees       
0000c20d  MPU6050_Angle_getZRateDps       
0000900d  MPU6050_Angle_initWithProgress  
0000c219  MPU6050_Angle_reset             
0000b539  MPU6050_Angle_update            
0000bd5d  MotorControl_coast              
0000be7d  MotorControl_handleEncoderEdge  
0000b655  MotorControl_init               
0000c08d  MotorControl_setTargetRpm       
0000b091  MotorControl_takeStatus         
00008a99  MotorControl_update             
00008a97  NMI_Handler                     
000086c5  OLED_Init                       
000094fd  OLED_ShowCalibration            
00009285  OLED_ShowTask                   
00008d8d  OLED_ShowTask1Endpoint          
0000bbb9  OLED_ShowTask2Number            
0000bbf5  OLED_ShowTask2Turn              
0000bc31  OLED_ShowTask3Number            
0000bc6d  OLED_ShowTask3Turn              
00008a97  PendSV_Handler                  
00008a97  RTC_IRQHandler                  
0000c277  Reset_Handler                   
00008a97  SPI0_IRQHandler                 
00008a97  SPI1_IRQHandler                 
00008a97  SVC_Handler                     
0000a2e5  SYSCFG_DL_GPIO_init             
0000b705  SYSCFG_DL_I2C_MPU6050_init      
0000b759  SYSCFG_DL_I2C_OLED_init         
0000ae59  SYSCFG_DL_PWM_MOTOR_AB_init     
0000aee9  SYSCFG_DL_PWM_MOTOR_CD_init     
0000b9c1  SYSCFG_DL_SYSCTL_init           
0000be0d  SYSCFG_DL_TIMER_PID_init        
0000b321  SYSCFG_DL_UART_0_init           
0000b391  SYSCFG_DL_UART_OPENMV_init      
0000ba01  SYSCFG_DL_init                  
0000b2a5  SYSCFG_DL_initPower             
00008a97  SysTick_Handler                 
00008a97  TIMA0_IRQHandler                
0000b97d  TIMA1_IRQHandler                
00008a97  TIMG0_IRQHandler                
00008a97  TIMG12_IRQHandler               
00008a97  TIMG6_IRQHandler                
00008a97  TIMG7_IRQHandler                
00008a97  TIMG8_IRQHandler                
0000b7ff  Task2Control_init               
0000ba41  Task2Control_reset              
00008295  Task2Control_update             
0000b851  Task3Control_init               
0000bca9  Task3Control_reset              
00007d95  Task3Control_update             
0000c231  TaskManager_getActiveTask       
0000c23d  TaskManager_getTask1Endpoint    
0000abb5  TaskManager_init                
0000c1c5  TaskManager_takeStatusPressed   
0000c1d5  TaskManager_takeStatusReleased  
0000a451  TaskManager_update              
0000b471  UART0_IRQHandler                
0000adc5  UART1_IRQHandler                
00008a97  UART2_IRQHandler                
00008a97  UART3_IRQHandler                
20208000  __STACK_END                     
00000200  __STACK_SIZE                    
00000000  __TI_ATRegion0_region_sz        
00000000  __TI_ATRegion0_src_addr         
00000000  __TI_ATRegion0_trg_addr         
00000000  __TI_ATRegion1_region_sz        
00000000  __TI_ATRegion1_src_addr         
00000000  __TI_ATRegion1_trg_addr         
00000000  __TI_ATRegion2_region_sz        
00000000  __TI_ATRegion2_src_addr         
00000000  __TI_ATRegion2_trg_addr         
0000ce24  __TI_CINIT_Base                 
0000ce2c  __TI_CINIT_Limit                
0000ce2c  __TI_CINIT_Warm                 
0000ce20  __TI_Handler_Table_Base         
0000ce24  __TI_Handler_Table_Limit        
0000bce5  __TI_auto_init_nobinit_nopinit  
ffffffff  __TI_pprof_out_hndl             
ffffffff  __TI_prof_data_size             
ffffffff  __TI_prof_data_start            
00000000  __TI_static_base__              
0000c1e5  __TI_zero_init                  
0000aae7  __addsf3                        
0000be45  __aeabi_f2iz                    
0000aae7  __aeabi_fadd                    
0000b5f9  __aeabi_fcmpeq                  
0000b62f  __aeabi_fcmpge                  
0000b641  __aeabi_fcmpgt                  
0000b61d  __aeabi_fcmple                  
0000b60b  __aeabi_fcmplt                  
0000afef  __aeabi_fcmpun                  
0000b1a1  __aeabi_fdiv                    
0000b005  __aeabi_fmul                    
0000aadd  __aeabi_fsub                    
0000bd21  __aeabi_i2f                     
0000b6ad  __aeabi_idiv                    
0000b11b  __aeabi_idiv0                   
0000b6ad  __aeabi_idivmod                 
0000b8a1  __aeabi_l2f                     
0000b223  __aeabi_ldiv0                   
0000c18d  __aeabi_ldivmod                 
0000c0ad  __aeabi_llsl                    
0000c02d  __aeabi_lmul                    
0000c113  __aeabi_memclr                  
0000c113  __aeabi_memclr4                 
0000c113  __aeabi_memclr8                 
0000c255  __aeabi_memcpy                  
0000c255  __aeabi_memcpy4                 
0000c255  __aeabi_memcpy8                 
0000c105  __aeabi_memset                  
0000c105  __aeabi_memset4                 
0000c105  __aeabi_memset8                 
0000bfb9  __aeabi_ui2f                    
0000bac1  __aeabi_uidiv                   
0000bac1  __aeabi_uidivmod                
0000c0ad  __ashldi3                       
ffffffff  __binit__                       
0000af79  __cmpsf2                        
0000bb3f  __divmoddi4                     
0000b1a1  __divsf3                        
0000af79  __eqsf2                         
0000be45  __fixsfsi                       
0000b8a1  __floatdisf                     
0000bd21  __floatsisf                     
0000bfb9  __floatunsisf                   
0000afb3  __gesf2                         
0000afb3  __gtsf2                         
0000af79  __lesf2                         
0000af79  __ltsf2                         
UNDEFED   __mpu_init                      
0000c02d  __muldi3                        
0000bd99  __muldsi3                       
0000b005  __mulsf3                        
0000af79  __nesf2                         
20207e00  __stack                         
20200000  __start___llvm_prf_bits         
20200000  __start___llvm_prf_cnts         
20200000  __stop___llvm_prf_bits          
20200000  __stop___llvm_prf_cnts          
0000aadd  __subsf3                        
0000ac89  __udivmoddi4                    
0000afef  __unordsf2                      
0000bf91  _c_int00_noargs                 
UNDEFED   _system_post_cinit              
0000c27b  _system_pre_init                
0000c269  abort                           
ffffffff  binit                           
20200000  gPWM_MOTOR_CDBackup             
202000bc  gTIMER_PIDBackup                
00000000  interruptVectors                
000000c1  main                            
0000ad2b  memcpy                          
0000b4d5  memset                          


GLOBAL SYMBOLS: SORTED BY Symbol Address 

address   name                            
-------   ----                            
00000000  __TI_ATRegion0_region_sz        
00000000  __TI_ATRegion0_src_addr         
00000000  __TI_ATRegion0_trg_addr         
00000000  __TI_ATRegion1_region_sz        
00000000  __TI_ATRegion1_src_addr         
00000000  __TI_ATRegion1_trg_addr         
00000000  __TI_ATRegion2_region_sz        
00000000  __TI_ATRegion2_src_addr         
00000000  __TI_ATRegion2_trg_addr         
00000000  __TI_static_base__              
00000000  interruptVectors                
000000c1  main                            
00000200  __STACK_SIZE                    
00007d95  Task3Control_update             
00008295  Task2Control_update             
000086c5  OLED_Init                       
00008a97  ADC0_IRQHandler                 
00008a97  ADC1_IRQHandler                 
00008a97  AES_IRQHandler                  
00008a97  CANFD0_IRQHandler               
00008a97  DAC0_IRQHandler                 
00008a97  DMA_IRQHandler                  
00008a97  Default_Handler                 
00008a97  GROUP0_IRQHandler               
00008a97  HardFault_Handler               
00008a97  I2C0_IRQHandler                 
00008a97  I2C1_IRQHandler                 
00008a97  NMI_Handler                     
00008a97  PendSV_Handler                  
00008a97  RTC_IRQHandler                  
00008a97  SPI0_IRQHandler                 
00008a97  SPI1_IRQHandler                 
00008a97  SVC_Handler                     
00008a97  SysTick_Handler                 
00008a97  TIMA0_IRQHandler                
00008a97  TIMG0_IRQHandler                
00008a97  TIMG12_IRQHandler               
00008a97  TIMG6_IRQHandler                
00008a97  TIMG7_IRQHandler                
00008a97  TIMG8_IRQHandler                
00008a97  UART2_IRQHandler                
00008a97  UART3_IRQHandler                
00008a99  MotorControl_update             
00008d8d  OLED_ShowTask1Endpoint          
0000900d  MPU6050_Angle_initWithProgress  
00009285  OLED_ShowTask                   
000094fd  OLED_ShowCalibration            
00009be5  AngleTurnControl_update         
0000a171  Grayscale_Sensor_ReadAll        
0000a2e5  SYSCFG_DL_GPIO_init             
0000a451  TaskManager_update              
0000a59d  CarControl_setMotion            
0000a6d5  DL_Timer_initFourCCPWMMode      
0000a9e1  DL_Timer_initTimerMode          
0000aadd  __aeabi_fsub                    
0000aadd  __subsf3                        
0000aae7  __addsf3                        
0000aae7  __aeabi_fadd                    
0000abb5  TaskManager_init                
0000ac89  __udivmoddi4                    
0000ad2b  memcpy                          
0000adc5  UART1_IRQHandler                
0000ae59  SYSCFG_DL_PWM_MOTOR_AB_init     
0000aee9  SYSCFG_DL_PWM_MOTOR_CD_init     
0000af79  __cmpsf2                        
0000af79  __eqsf2                         
0000af79  __lesf2                         
0000af79  __ltsf2                         
0000af79  __nesf2                         
0000afb3  __gesf2                         
0000afb3  __gtsf2                         
0000afef  __aeabi_fcmpun                  
0000afef  __unordsf2                      
0000b005  __aeabi_fmul                    
0000b005  __mulsf3                        
0000b091  MotorControl_takeStatus         
0000b11b  __aeabi_idiv0                   
0000b11d  AngleTurnControl_start          
0000b1a1  __aeabi_fdiv                    
0000b1a1  __divsf3                        
0000b223  __aeabi_ldiv0                   
0000b225  GROUP1_IRQHandler               
0000b2a5  SYSCFG_DL_initPower             
0000b321  SYSCFG_DL_UART_0_init           
0000b391  SYSCFG_DL_UART_OPENMV_init      
0000b471  UART0_IRQHandler                
0000b4d5  memset                          
0000b539  MPU6050_Angle_update            
0000b599  DL_I2C_fillControllerTXFIFO     
0000b5f9  __aeabi_fcmpeq                  
0000b60b  __aeabi_fcmplt                  
0000b61d  __aeabi_fcmple                  
0000b62f  __aeabi_fcmpge                  
0000b641  __aeabi_fcmpgt                  
0000b655  MotorControl_init               
0000b6ad  __aeabi_idiv                    
0000b6ad  __aeabi_idivmod                 
0000b705  SYSCFG_DL_I2C_MPU6050_init      
0000b759  SYSCFG_DL_I2C_OLED_init         
0000b7ff  Task2Control_init               
0000b851  Task3Control_init               
0000b8a1  __aeabi_l2f                     
0000b8a1  __floatdisf                     
0000b8f1  DL_UART_init                    
0000b97d  TIMA1_IRQHandler                
0000b9c1  SYSCFG_DL_SYSCTL_init           
0000ba01  SYSCFG_DL_init                  
0000ba41  Task2Control_reset              
0000bac1  __aeabi_uidiv                   
0000bac1  __aeabi_uidivmod                
0000bb01  CarControl_init                 
0000bb3f  __divmoddi4                     
0000bb7d  DL_I2C_flushControllerTXFIFO    
0000bbb9  OLED_ShowTask2Number            
0000bbf5  OLED_ShowTask2Turn              
0000bc31  OLED_ShowTask3Number            
0000bc6d  OLED_ShowTask3Turn              
0000bca9  Task3Control_reset              
0000bce5  __TI_auto_init_nobinit_nopinit  
0000bd21  __aeabi_i2f                     
0000bd21  __floatsisf                     
0000bd5d  MotorControl_coast              
0000bd99  __muldsi3                       
0000be0d  SYSCFG_DL_TIMER_PID_init        
0000be45  __aeabi_f2iz                    
0000be45  __fixsfsi                       
0000be7d  MotorControl_handleEncoderEdge  
0000beb1  DL_I2C_flushControllerRXFIFO    
0000bee1  DL_UART_transmitDataBlocking    
0000bf11  AngleTurnControl_init           
0000bf3d  Grayscale_Sensor_Init           
0000bf69  CarControl_stop                 
0000bf91  _c_int00_noargs                 
0000bfb9  __aeabi_ui2f                    
0000bfb9  __floatunsisf                   
0000bfe1  DL_I2C_setClockConfig           
0000c007  AngleTurnControl_cancel         
0000c02d  __aeabi_lmul                    
0000c02d  __muldi3                        
0000c051  CarControl_coast                
0000c06f  CarControl_emergencyStop        
0000c08d  MotorControl_setTargetRpm       
0000c0ad  __aeabi_llsl                    
0000c0ad  __ashldi3                       
0000c0cd  DL_Timer_setCaptCompUpdateMethod
0000c0e9  DL_Timer_setClockConfig         
0000c105  __aeabi_memset                  
0000c105  __aeabi_memset4                 
0000c105  __aeabi_memset8                 
0000c113  __aeabi_memclr                  
0000c113  __aeabi_memclr4                 
0000c113  __aeabi_memclr8                 
0000c121  DL_Timer_setCaptureCompareOutCtl
0000c18d  __aeabi_ldivmod                 
0000c1a1  DL_UART_setClockConfig          
0000c1b5  DL_Timer_setCaptureCompareValue 
0000c1c5  TaskManager_takeStatusPressed   
0000c1d5  TaskManager_takeStatusReleased  
0000c1e5  __TI_zero_init                  
0000c1f5  MPU6050_Angle_getDeviceId       
0000c201  MPU6050_Angle_getZDegrees       
0000c20d  MPU6050_Angle_getZRateDps       
0000c219  MPU6050_Angle_reset             
0000c231  TaskManager_getActiveTask       
0000c23d  TaskManager_getTask1Endpoint    
0000c249  DL_Common_delayCycles           
0000c255  __aeabi_memcpy                  
0000c255  __aeabi_memcpy4                 
0000c255  __aeabi_memcpy8                 
0000c25d  AngleTurnControl_isActive       
0000c263  CarControl_getSpeedRpm          
0000c269  abort                           
0000c26f  CarControl_getTurnInnerPercent  
0000c272  C$$EXIT                         
0000c273  HOSTexit                        
0000c277  Reset_Handler                   
0000c27b  _system_pre_init                
0000ce20  __TI_Handler_Table_Base         
0000ce24  __TI_CINIT_Base                 
0000ce24  __TI_Handler_Table_Limit        
0000ce2c  __TI_CINIT_Limit                
0000ce2c  __TI_CINIT_Warm                 
20200000  __start___llvm_prf_bits         
20200000  __start___llvm_prf_cnts         
20200000  __stop___llvm_prf_bits          
20200000  __stop___llvm_prf_cnts          
20200000  gPWM_MOTOR_CDBackup             
202000bc  gTIMER_PIDBackup                
20207e00  __stack                         
20208000  __STACK_END                     
ffffffff  __TI_pprof_out_hndl             
ffffffff  __TI_prof_data_size             
ffffffff  __TI_prof_data_start            
ffffffff  __binit__                       
ffffffff  binit                           
UNDEFED   __mpu_init                      
UNDEFED   _system_post_cinit              

[197 symbols]
