******************************************************************************
            TI ARM Clang Linker PC v5.1.1                      
******************************************************************************
>> Linked Sun Jul 26 23:07:30 2026

OUTPUT FILE NAME:   <main.out>
ENTRY POINT SYMBOL: "_c_int00_noargs"  address: 0000b755


MEMORY CONFIGURATION

         name            origin    length      used     unused   attr    fill
----------------------  --------  ---------  --------  --------  ----  --------
  FLASH                 00000000   00020000  0000c858  000137a8  R  X
  SRAM                  20200000   00008000  0000078c  00007874  RW X
  BCR_CONFIG            41c00000   000000ff  00000000  000000ff  R   
  BSL_CONFIG            41c00100   00000080  00000000  00000080  R   


SEGMENT ALLOCATION MAP

run origin  load origin   length   init length attrs members
----------  ----------- ---------- ----------- ----- -------
00000000    00000000    0000c858   0000c858    r-x
  00000000    00000000    000000c0   000000c0    r-- .intvecs
  000000c0    000000c0    0000b990   0000b990    r-x .text
  0000ba50    0000ba50    00000df0   00000df0    r-- .rodata
  0000c840    0000c840    00000018   00000018    r-- .cinit
20200000    20200000    0000058c   00000000    rw-
  20200000    20200000    0000058c   00000000    rw- .bss
20207e00    20207e00    00000200   00000000    rw-
  20207e00    20207e00    00000200   00000000    rw- .stack


SECTION ALLOCATION MAP

 output                                  attributes/
section   page    origin      length       input sections
--------  ----  ----------  ----------   ----------------
.intvecs   0    00000000    000000c0     
                  00000000    000000c0     startup_mspm0g350x_ticlang.o (.intvecs)

.text      0    000000c0    0000b990     
                  000000c0    00005bd8     main.o (.text.main)
                  00005c98    00000954     main.o (.text.LineTracking_update)
                  000065ec    00000788     task3_control.o (.text.Task3Control_update)
                  00006d74    000005d4     main.o (.text.UART_reportMotorStatus)
                  00007348    000005ac     task1_control.o (.text.Task1Control_update)
                  000078f4    00000430     task2_control.o (.text.Task2Control_update)
                  00007d24    000003d2     oled.o (.text.OLED_Init)
                  000080f6    00000002     startup_mspm0g350x_ticlang.o (.text.Default_Handler)
                  000080f8    000002f4     motor_control.o (.text.MotorControl_update)
                  000083ec    00000280     oled.o (.text.OLED_ShowTask1Endpoint)
                  0000866c    00000278     mpu6050_angle.o (.text.MPU6050_Angle_initWithProgress)
                  000088e4    00000278     oled.o (.text.OLED_ShowTask)
                  00008b5c    0000026c     oled.o (.text.OLED_ShowCalibration)
                  00008dc8    00000244     main.o (.text.UART_reportGrayscale)
                  0000900c    00000238     main.o (.text.UART_reportZAngle)
                  00009244    00000218     angle_turn_control.o (.text.AngleTurnControl_update)
                  0000945c    000001d4     mpu6050_angle.o (.text.MPU6050_readRegisters)
                  00009630    000001a0     oled.o (.text.OLED_writeString)
                  000097d0    00000174     grayscale_sensor.o (.text.Grayscale_Sensor_ReadAll)
                  00009944    0000016c     ti_msp_dl_config.o (.text.SYSCFG_DL_GPIO_init)
                  00009ab0    0000014c     task_manager.o (.text.TaskManager_update)
                  00009bfc    00000138     car_control.o (.text.CarControl_setMotion)
                  00009d34    00000104     driverlib.a : dl_timer.o (.text.DL_Timer_initFourCCPWMMode)
                  00009e38    00000104     mpu6050_angle.o (.text.MPU6050_writeRegister)
                  00009f3c    00000104     oled.o (.text.OLED_writeByte)
                  0000a040    000000fc     driverlib.a : dl_timer.o (.text.DL_Timer_initTimerMode)
                  0000a13c    000000d8     libclang_rt.builtins.a : addsf3.S.obj (.text)
                  0000a214    000000d4     task_manager.o (.text.TaskManager_init)
                  0000a2e8    000000b0     main.o (.text.UART1_IRQHandler)
                  0000a398    000000a2     main.o (.text.Task1_readActiveChannelCount)
                  0000a43a    00000002     libclang_rt.builtins.a : aeabi_div0.c.obj (.text.__aeabi_idiv0)
                  0000a43c    000000a2                            : udivmoddi4.S.obj (.text)
                  0000a4de    0000009a     libc.a : memcpy16.S.obj (.text:memcpy)
                  0000a578    00000090     ti_msp_dl_config.o (.text.SYSCFG_DL_PWM_MOTOR_AB_init)
                  0000a608    00000090     ti_msp_dl_config.o (.text.SYSCFG_DL_PWM_MOTOR_CD_init)
                  0000a698    0000008c     libclang_rt.builtins.a : comparesf2.S.obj (.text)
                  0000a724    0000008c                            : mulsf3.S.obj (.text)
                  0000a7b0    0000008a     motor_control.o (.text.MotorControl_takeStatus)
                  0000a83a    00000002     libclang_rt.builtins.a : aeabi_div0.c.obj (.text.__aeabi_ldiv0)
                  0000a83c    00000084     angle_turn_control.o (.text.AngleTurnControl_start)
                  0000a8c0    00000082     libclang_rt.builtins.a : divsf3.S.obj (.text)
                  0000a942    00000002     --HOLE-- [fill = 0]
                  0000a944    00000080     main.o (.text.GROUP1_IRQHandler)
                  0000a9c4    0000007c     ti_msp_dl_config.o (.text.SYSCFG_DL_initPower)
                  0000aa40    0000007c     main.o (.text.Task1_readActiveChannelMask)
                  0000aabc    00000070     ti_msp_dl_config.o (.text.SYSCFG_DL_UART_0_init)
                  0000ab2c    00000070     ti_msp_dl_config.o (.text.SYSCFG_DL_UART_OPENMV_init)
                  0000ab9c    0000006e     angle_turn_control.o (.text.AngleTurnControl_getCoastDistanceDegrees)
                  0000ac0a    00000002     --HOLE-- [fill = 0]
                  0000ac0c    00000064     main.o (.text.UART0_IRQHandler)
                  0000ac70    00000062     libc.a : memset16.S.obj (.text:memset)
                  0000acd2    00000002     --HOLE-- [fill = 0]
                  0000acd4    00000060     mpu6050_angle.o (.text.MPU6050_Angle_update)
                  0000ad34    0000005e     driverlib.a : dl_i2c.o (.text.DL_I2C_fillControllerTXFIFO)
                  0000ad92    00000002     --HOLE-- [fill = 0]
                  0000ad94    0000005a     libclang_rt.builtins.a : aeabi_fcmp.S.obj (.text)
                  0000adee    00000002     --HOLE-- [fill = 0]
                  0000adf0    00000058     motor_control.o (.text.MotorControl_init)
                  0000ae48    00000056     libclang_rt.builtins.a : aeabi_idivmod.S.obj (.text)
                  0000ae9e    00000002     --HOLE-- [fill = 0]
                  0000aea0    00000054     ti_msp_dl_config.o (.text.SYSCFG_DL_I2C_MPU6050_init)
                  0000aef4    00000054     ti_msp_dl_config.o (.text.SYSCFG_DL_I2C_OLED_init)
                  0000af48    00000052     task2_control.o (.text.Task2Control_init)
                  0000af9a    00000050     task1_control.o (.text.Task1Control_init)
                  0000afea    00000002     --HOLE-- [fill = 0]
                  0000afec    0000004e     libclang_rt.builtins.a : floatdisf.S.obj (.text)
                  0000b03a    00000002     --HOLE-- [fill = 0]
                  0000b03c    00000048     driverlib.a : dl_uart.o (.text.DL_UART_init)
                  0000b084    00000044     main.o (.text.LineTracking_resetPid)
                  0000b0c8    00000044     main.o (.text.TIMA1_IRQHandler)
                  0000b10c    00000042     task3_control.o (.text.Task3Control_init)
                  0000b14e    00000002     --HOLE-- [fill = 0]
                  0000b150    00000040     ti_msp_dl_config.o (.text.SYSCFG_DL_SYSCTL_init)
                  0000b190    00000040     ti_msp_dl_config.o (.text.SYSCFG_DL_init)
                  0000b1d0    00000040     task2_control.o (.text.Task2Control_reset)
                  0000b210    00000040     main.o (.text.UART_sendString)
                  0000b250    00000040     libclang_rt.builtins.a : aeabi_uidivmod.S.obj (.text)
                  0000b290    0000003e     car_control.o (.text.CarControl_init)
                  0000b2ce    0000003e     task1_control.o (.text.Task1Control_reset)
                  0000b30c    0000003e     libclang_rt.builtins.a : divmoddi4.c.obj (.text.__divmoddi4)
                  0000b34a    00000002     --HOLE-- [fill = 0]
                  0000b34c    0000003c     driverlib.a : dl_i2c.o (.text.DL_I2C_flushControllerTXFIFO)
                  0000b388    0000003c     oled.o (.text.OLED_ShowTask2Number)
                  0000b3c4    0000003c     oled.o (.text.OLED_ShowTask2Turn)
                  0000b400    0000003c     oled.o (.text.OLED_ShowTask3Number)
                  0000b43c    0000003c     oled.o (.text.OLED_ShowTask3Turn)
                  0000b478    0000003c     libc.a : autoinit.c.obj (.text:__TI_auto_init_nobinit_nopinit)
                  0000b4b4    0000003c     libclang_rt.builtins.a : floatsisf.S.obj (.text)
                  0000b4f0    0000003a     motor_control.o (.text.MotorControl_coast)
                  0000b52a    00000002     --HOLE-- [fill = 0]
                  0000b52c    0000003a     libclang_rt.builtins.a : muldsi3.S.obj (.text)
                  0000b566    00000038     angle_turn_control.o (.text.AngleTurnControl_enterCreep)
                  0000b59e    00000002     --HOLE-- [fill = 0]
                  0000b5a0    00000038     ti_msp_dl_config.o (.text.SYSCFG_DL_TIMER_PID_init)
                  0000b5d8    00000038     libclang_rt.builtins.a : fixsfsi.S.obj (.text)
                  0000b610    00000032     motor_control.o (.text.MotorControl_handleEncoderEdge)
                  0000b642    00000032     task3_control.o (.text.Task3Control_reset)
                  0000b674    00000030     driverlib.a : dl_i2c.o (.text.DL_I2C_flushControllerRXFIFO)
                  0000b6a4    00000030                 : dl_uart.o (.text.DL_UART_transmitDataBlocking)
                  0000b6d4    0000002c     angle_turn_control.o (.text.AngleTurnControl_init)
                  0000b700    0000002c     grayscale_sensor.o (.text.Grayscale_Sensor_Init)
                  0000b72c    00000028     car_control.o (.text.CarControl_stop)
                  0000b754    00000028     libc.a : boot_cortex_m.c.obj (.text:_c_int00_noargs)
                  0000b77c    00000028     libclang_rt.builtins.a : floatunsisf.S.obj (.text)
                  0000b7a4    00000026     driverlib.a : dl_i2c.o (.text.DL_I2C_setClockConfig)
                  0000b7ca    00000024     angle_turn_control.o (.text.AngleTurnControl_cancel)
                  0000b7ee    00000002     --HOLE-- [fill = 0]
                  0000b7f0    00000024     libclang_rt.builtins.a : muldi3.S.obj (.text)
                  0000b814    0000001e     car_control.o (.text.CarControl_coast)
                  0000b832    0000001e     car_control.o (.text.CarControl_emergencyStop)
                  0000b850    0000001e     motor_control.o (.text.MotorControl_setTargetRpm)
                  0000b86e    00000002     --HOLE-- [fill = 0]
                  0000b870    0000001e     libclang_rt.builtins.a : ashldi3.S.obj (.text)
                  0000b88e    00000002     --HOLE-- [fill = 0]
                  0000b890    0000001c     driverlib.a : dl_timer.o (.text.DL_Timer_setCaptCompUpdateMethod)
                  0000b8ac    0000001c                 : dl_timer.o (.text.DL_Timer_setClockConfig)
                  0000b8c8    0000001a     libclang_rt.builtins.a : aeabi_memset.S.obj (.text)
                  0000b8e2    00000002     --HOLE-- [fill = 0]
                  0000b8e4    00000018     driverlib.a : dl_timer.o (.text.DL_Timer_setCaptureCompareOutCtl)
                  0000b8fc    00000018     main.o (.text.OLED_showCalibrationProgress)
                  0000b914    00000014     main.o (.text.Task1_lineTrackingSetEnabled)
                  0000b928    00000014     main.o (.text.Task1_setGreenLed)
                  0000b93c    00000014     main.o (.text.Task1_setRedLed)
                  0000b950    00000014     libclang_rt.builtins.a : aeabi_ldivmod.S.obj (.text)
                  0000b964    00000012     driverlib.a : dl_uart.o (.text.DL_UART_setClockConfig)
                  0000b976    00000002     --HOLE-- [fill = 0]
                  0000b978    00000010                 : dl_timer.o (.text.DL_Timer_setCaptureCompareValue)
                  0000b988    00000010     task_manager.o (.text.TaskManager_takeStatusPressed)
                  0000b998    00000010     task_manager.o (.text.TaskManager_takeStatusReleased)
                  0000b9a8    00000010     libc.a : copy_zero_init.c.obj (.text:decompress:ZI)
                  0000b9b8    0000000c     mpu6050_angle.o (.text.MPU6050_Angle_getDeviceId)
                  0000b9c4    0000000c     mpu6050_angle.o (.text.MPU6050_Angle_getZDegrees)
                  0000b9d0    0000000c     mpu6050_angle.o (.text.MPU6050_Angle_getZRateDps)
                  0000b9dc    0000000c     mpu6050_angle.o (.text.MPU6050_Angle_reset)
                  0000b9e8    0000000c     main.o (.text.Task1_lineTrackingSetSpeed)
                  0000b9f4    0000000c     task_manager.o (.text.TaskManager_getActiveTask)
                  0000ba00    0000000c     task_manager.o (.text.TaskManager_getTask1Endpoint)
                  0000ba0c    0000000a     driverlib.a : dl_common.o (.text.DL_Common_delayCycles)
                  0000ba16    0000000a     task1_control.o (.text.Task1Control_isActive)
                  0000ba20    00000008     libclang_rt.builtins.a : aeabi_memcpy.S.obj (.text)
                  0000ba28    00000006     angle_turn_control.o (.text.AngleTurnControl_isActive)
                  0000ba2e    00000006     car_control.o (.text.CarControl_getSpeedRpm)
                  0000ba34    00000006     libc.a : exit.c.obj (.text:abort)
                  0000ba3a    00000004     car_control.o (.text.CarControl_getTurnInnerPercent)
                  0000ba3e    00000004     libsysbm.a : hostexit.c.obj (.text.HOSTexit)
                  0000ba42    00000004     startup_mspm0g350x_ticlang.o (.text.Reset_Handler)
                  0000ba46    00000004     libc.a : pre_init.c.obj (.text._system_pre_init)
                  0000ba4a    00000006     --HOLE-- [fill = 0]

.cinit     0    0000c840    00000018     
                  0000c840    00000008     (.cinit..bss.load) [load image, compression = zero_init]
                  0000c848    00000004     (__TI_handler_table)
                  0000c84c    00000008     (__TI_cinit_table)
                  0000c854    00000004     --HOLE-- [fill = 0]

.rodata    0    0000ba50    00000df0     
                  0000ba50    00000050     main.o (.rodata.gMotorAConfig)
                  0000baa0    00000050     main.o (.rodata.gMotorBConfig)
                  0000baf0    00000050     main.o (.rodata.gMotorCConfig)
                  0000bb40    00000050     main.o (.rodata.gMotorDConfig)
                  0000bb90    0000003c     main.o (.rodata..L__const.main.taskIo)
                  0000bbcc    00000039     main.o (.rodata.str1.17100691992556644108.1)
                  0000bc05    00000036     main.o (.rodata.str1.16856034117330037696.1)
                  0000bc3b    00000036     main.o (.rodata.str1.4237830143243313753.1)
                  0000bc71    00000032     main.o (.rodata.str1.14402440632258215044.1)
                  0000bca3    00000032     main.o (.rodata.str1.288608917962107522.1)
                  0000bcd5    00000031     main.o (.rodata.str1.2256192789054937243.1)
                  0000bd06    00000031     main.o (.rodata.str1.5456361711443481037.1)
                  0000bd37    0000002e     main.o (.rodata.str1.10753028060609409702.1)
                  0000bd65    0000002e     main.o (.rodata.str1.8154729771448623357.1)
                  0000bd93    0000002d     main.o (.rodata.str1.17045314124001216156.1)
                  0000bdc0    0000002d     main.o (.rodata.str1.922313780387552641.1)
                  0000bded    0000002b     task1_control.o (.rodata.str1.5072012943682014062.1)
                  0000be18    0000002b     task1_control.o (.rodata.str1.7167319297664269649.1)
                  0000be43    0000002b     main.o (.rodata.str1.7190843550371250464.1)
                  0000be6e    0000002a     main.o (.rodata.str1.9582546670787941090.1)
                  0000be98    00000029     main.o (.rodata.str1.10992214574315303902.1)
                  0000bec1    00000029     main.o (.rodata.str1.11822182024223342093.1)
                  0000beea    00000028     task3_control.o (.rodata.str1.11808787519652951809.1)
                  0000bf12    00000028     main.o (.rodata.str1.1311392489248731986.1)
                  0000bf3a    00000028     main.o (.rodata.str1.3060844030163134499.1)
                  0000bf62    00000028     main.o (.rodata.str1.6689794204546696417.1)
                  0000bf8a    00000028     main.o (.rodata.str1.8739739109796348711.1)
                  0000bfb2    00000027     main.o (.rodata.str1.10313062130652730376.1)
                  0000bfd9    00000027     main.o (.rodata.str1.13782249893155712474.1)
                  0000c000    00000027     main.o (.rodata.str1.5353031162939221829.1)
                  0000c027    00000027     main.o (.rodata.str1.6891813955777630061.1)
                  0000c04e    00000026     main.o (.rodata.str1.10003710380724733530.1)
                  0000c074    00000026     main.o (.rodata.str1.13203255162302409502.1)
                  0000c09a    00000026     task3_control.o (.rodata.str1.17762541261837276227.1)
                  0000c0c0    00000025     main.o (.rodata.str1.14032527501195285070.1)
                  0000c0e5    00000025     main.o (.rodata.str1.16709704744796600189.1)
                  0000c10a    00000025     task3_control.o (.rodata.str1.4390551223382838700.1)
                  0000c12f    00000025     main.o (.rodata.str1.729616968063973023.1)
                  0000c154    00000024     main.o (.rodata.str1.11639152155638730617.1)
                  0000c178    00000024     task3_control.o (.rodata.str1.1850700791820965167.1)
                  0000c19c    00000024     main.o (.rodata.str1.2597068879322958637.1)
                  0000c1c0    00000024     main.o (.rodata.str1.3530083166107438000.1)
                  0000c1e4    00000023     task3_control.o (.rodata.str1.10714953977156648286.1)
                  0000c207    00000023     task1_control.o (.rodata.str1.16573475286117157899.1)
                  0000c22a    00000023     main.o (.rodata.str1.18420373917905513025.1)
                  0000c24d    00000022     task1_control.o (.rodata.str1.10712477198116260179.1)
                  0000c26f    00000022     task3_control.o (.rodata.str1.10894465688668152876.1)
                  0000c291    00000022     task3_control.o (.rodata.str1.9174252252544830677.1)
                  0000c2b3    00000021     task1_control.o (.rodata.str1.5329556652197092282.1)
                  0000c2d4    00000021     task1_control.o (.rodata.str1.780947688790857278.1)
                  0000c2f5    00000003     ti_msp_dl_config.o (.rodata.gPWM_MOTOR_ABClockConfig)
                  0000c2f8    00000020     main.o (.rodata.gAngleTurnConfig)
                  0000c318    00000020     task3_control.o (.rodata.str1.13799171880534650351.1)
                  0000c338    00000020     task1_control.o (.rodata.str1.9111940014424574115.1)
                  0000c358    0000001f     task3_control.o (.rodata.str1.11413199885560925264.1)
                  0000c377    0000001d     task3_control.o (.rodata.str1.12456770628134079107.1)
                  0000c394    0000001d     task1_control.o (.rodata.str1.17703183304565864469.1)
                  0000c3b1    0000001d     task3_control.o (.rodata.str1.18014998611804953487.1)
                  0000c3ce    0000001d     task1_control.o (.rodata.str1.5673791145989345652.1)
                  0000c3eb    00000001     --HOLE-- [fill = 0]
                  0000c3ec    0000001c     main.o (.rodata.gCarConfig)
                  0000c408    0000001c     task3_control.o (.rodata.str1.10757935120034291889.1)
                  0000c424    0000001c     task1_control.o (.rodata.str1.11647944105263845624.1)
                  0000c440    0000001c     task3_control.o (.rodata.str1.13478968704624540161.1)
                  0000c45c    0000001c     task1_control.o (.rodata.str1.13504222442027447956.1)
                  0000c478    0000001c     task3_control.o (.rodata.str1.6077859282985349844.1)
                  0000c494    0000001b     task3_control.o (.rodata.str1.1530538117983905378.1)
                  0000c4af    0000001b     task3_control.o (.rodata.str1.17742943977157018344.1)
                  0000c4ca    0000001a     task1_control.o (.rodata.str1.12698551298906023704.1)
                  0000c4e4    0000001a     task1_control.o (.rodata.str1.1301023707294879454.1)
                  0000c4fe    0000001a     task1_control.o (.rodata.str1.16488425795326280447.1)
                  0000c518    0000001a     task3_control.o (.rodata.str1.18379798598726859586.1)
                  0000c532    0000001a     task3_control.o (.rodata.str1.3066080717975895145.1)
                  0000c54c    0000001a     task3_control.o (.rodata.str1.4657032458276037942.1)
                  0000c566    0000001a     task1_control.o (.rodata.str1.5073775311335364789.1)
                  0000c580    0000001a     task3_control.o (.rodata.str1.6124995119480340558.1)
                  0000c59a    0000001a     task3_control.o (.rodata.str1.9266434510774515849.1)
                  0000c5b4    00000019     task1_control.o (.rodata.str1.14105142409552207332.1)
                  0000c5cd    00000019     task3_control.o (.rodata.str1.14615866358383963931.1)
                  0000c5e6    00000019     task3_control.o (.rodata.str1.958059989718987969.1)
                  0000c5ff    00000016     task2_control.o (.rodata.str1.11940043588096350355.1)
                  0000c615    00000016     task1_control.o (.rodata.str1.18066269245873339749.1)
                  0000c62b    00000001     --HOLE-- [fill = 0]
                  0000c62c    00000014     ti_msp_dl_config.o (.rodata.gTIMER_PIDTimerConfig)
                  0000c640    00000014     task1_control.o (.rodata.str1.1119584794306885221.1)
                  0000c654    00000014     task3_control.o (.rodata.str1.11464780133565186819.1)
                  0000c668    00000014     task3_control.o (.rodata.str1.4421287429490978571.1)
                  0000c67c    00000014     task1_control.o (.rodata.str1.887100724783716056.1)
                  0000c690    00000014     task1_control.o (.rodata.str1.9681430095799678388.1)
                  0000c6a4    00000013     task3_control.o (.rodata.str1.4084967515313157478.1)
                  0000c6b7    00000013     main.o (.rodata.str1.6976963560179378225.1)
                  0000c6ca    00000013     task3_control.o (.rodata.str1.7108331918649983267.1)
                  0000c6dd    00000013     task1_control.o (.rodata.str1.7414329305395923872.1)
                  0000c6f0    00000013     task2_control.o (.rodata.str1.779357304166587961.1)
                  0000c703    00000012     task3_control.o (.rodata.str1.13968557383028585213.1)
                  0000c715    00000012     main.o (.rodata.str1.17770841602246103764.1)
                  0000c727    00000012     task2_control.o (.rodata.str1.4912559704527292690.1)
                  0000c739    00000011     main.o (.rodata.str1.887240019932590441.1)
                  0000c74a    00000002     ti_msp_dl_config.o (.rodata.gI2C_MPU6050ClockConfig)
                  0000c74c    00000010     main.o (.rodata..Lswitch.table.main.118)
                  0000c75c    00000010     task2_control.o (.rodata.str1.4061836901473561847.1)
                  0000c76c    0000000e     main.o (.rodata.str1.15159059442110792349.1)
                  0000c77a    0000000b     main.o (.rodata.str1.13030671760666898970.1)
                  0000c785    0000000b     main.o (.rodata.str1.403738606202455663.1)
                  0000c790    0000000a     ti_msp_dl_config.o (.rodata.gUART_0Config)
                  0000c79a    0000000a     ti_msp_dl_config.o (.rodata.gUART_OPENMVConfig)
                  0000c7a4    00000008     main.o (.rodata.cst8)
                  0000c7ac    00000008     ti_msp_dl_config.o (.rodata.gPWM_MOTOR_ABConfig)
                  0000c7b4    00000008     ti_msp_dl_config.o (.rodata.gPWM_MOTOR_CDConfig)
                  0000c7bc    00000005     oled.o (.rodata.OLED_getGlyph.A)
                  0000c7c1    00000005     oled.o (.rodata.OLED_getGlyph.C)
                  0000c7c6    00000005     oled.o (.rodata.OLED_getGlyph.D)
                  0000c7cb    00000005     oled.o (.rodata.OLED_getGlyph.E)
                  0000c7d0    00000005     oled.o (.rodata.OLED_getGlyph.K)
                  0000c7d5    00000005     oled.o (.rodata.OLED_getGlyph.L)
                  0000c7da    00000005     oled.o (.rodata.OLED_getGlyph.N)
                  0000c7df    00000005     oled.o (.rodata.OLED_getGlyph.R)
                  0000c7e4    00000005     oled.o (.rodata.OLED_getGlyph.S)
                  0000c7e9    00000005     oled.o (.rodata.OLED_getGlyph.T)
                  0000c7ee    00000005     oled.o (.rodata.OLED_getGlyph.eight)
                  0000c7f3    00000005     oled.o (.rodata.OLED_getGlyph.five)
                  0000c7f8    00000005     oled.o (.rodata.OLED_getGlyph.four)
                  0000c7fd    00000005     oled.o (.rodata.OLED_getGlyph.nine)
                  0000c802    00000005     oled.o (.rodata.OLED_getGlyph.one)
                  0000c807    00000005     oled.o (.rodata.OLED_getGlyph.seven)
                  0000c80c    00000005     oled.o (.rodata.OLED_getGlyph.six)
                  0000c811    00000005     oled.o (.rodata.OLED_getGlyph.space)
                  0000c816    00000005     oled.o (.rodata.OLED_getGlyph.three)
                  0000c81b    00000005     oled.o (.rodata.OLED_getGlyph.two)
                  0000c820    00000005     oled.o (.rodata.OLED_getGlyph.zero)
                  0000c825    00000004     main.o (.rodata.str1.10720410773482754683.1)
                  0000c829    00000004     main.o (.rodata.str1.10865113624938808685.1)
                  0000c82d    00000003     ti_msp_dl_config.o (.rodata.gPWM_MOTOR_CDClockConfig)
                  0000c830    00000003     ti_msp_dl_config.o (.rodata.gTIMER_PIDClockConfig)
                  0000c833    00000002     ti_msp_dl_config.o (.rodata.gI2C_OLEDClockConfig)
                  0000c835    00000002     ti_msp_dl_config.o (.rodata.gUART_0ClockConfig)
                  0000c837    00000002     ti_msp_dl_config.o (.rodata.gUART_OPENMVClockConfig)
                  0000c839    00000007     --HOLE-- [fill = 0]

.init_array 
*          0    00000000    00000000     UNINITIALIZED

.binit     0    00000000    00000000     

.bss       0    20200000    0000058c     UNINITIALIZED
                  20200000    000000bc     (.common:gPWM_MOTOR_CDBackup)
                  202000bc    000000bc     (.common:gTIMER_PIDBackup)
                  20200178    00000078     main.o (.bss.gMotorA)
                  202001f0    00000078     main.o (.bss.gMotorB)
                  20200268    00000078     main.o (.bss.gMotorC)
                  202002e0    00000078     main.o (.bss.gMotorD)
                  20200358    00000050     main.o (.bss.gTask2Control)
                  202003a8    0000004c     main.o (.bss.gTask1Control)
                  202003f4    0000004c     main.o (.bss.gTask3Control)
                  20200440    00000040     main.o (.bss.gOpenMvDebugRxBuffer)
                  20200480    00000034     main.o (.bss.gAngleTurn)
                  202004b4    00000020     main.o (.bss.gCar)
                  202004d4    00000020     main.o (.bss.gUartCommand)
                  202004f4    00000010     main.o (.bss.UART_serviceMotorStatus.motorAStatus)
                  20200504    00000010     main.o (.bss.UART_serviceMotorStatus.motorBStatus)
                  20200514    00000010     main.o (.bss.UART_serviceMotorStatus.motorCStatus)
                  20200524    00000010     main.o (.bss.UART_serviceMotorStatus.motorDStatus)
                  20200534    00000004     mpu6050_angle.o (.bss.gGyroZBiasRaw)
                  20200538    00000008     main.o (.bss.gLineFilteredValues)
                  20200540    00000008     main.o (.bss.gLinePendingCount)
                  20200548    00000008     main.o (.bss.gLinePendingValues)
                  20200550    00000004     main.o (.bss.gLineTrackingIntegral)
                  20200554    00000004     mpu6050_angle.o (.bss.gZAngleDegrees)
                  20200558    00000004     mpu6050_angle.o (.bss.gZRateDps)
                  2020055c    00000002     main.o (.bss.gLineTrackingBaseSpeedRpm)
                  2020055e    00000002     main.o (.bss.gLineTrackingLastErr)
                  20200560    00000001     main.o (.bss.UART_serviceMotorStatus.motorAStatusReady)
                  20200561    00000001     main.o (.bss.UART_serviceMotorStatus.motorBStatusReady)
                  20200562    00000001     main.o (.bss.UART_serviceMotorStatus.motorCStatusReady)
                  20200563    00000001     main.o (.bss.UART_serviceMotorStatus.motorDStatusReady)
                  20200564    00000001     task_manager.o (.bss.gActiveTask)
                  20200565    00000001     mpu6050_angle.o (.bss.gDeviceId)
                  20200566    00000001     main.o (.bss.gGrayscaleStreamDivider)
                  20200567    00000001     main.o (.bss.gGrayscaleStreamEnabled)
                  20200568    00000001     main.o (.bss.gLineFilterReady)
                  20200569    00000001     main.o (.bss.gLineTrackingDebugDivider)
                  2020056a    00000001     main.o (.bss.gLineTrackingDebugEnabled)
                  2020056b    00000001     main.o (.bss.gLineTrackingEnabled)
                  2020056c    00000001     main.o (.bss.gMotorStatusReportOnce)
                  2020056d    00000001     main.o (.bss.gMotorStatusStreamEnabled)
                  2020056e    00000001     main.o (.bss.gMpu6050Ready)
                  2020056f    00000001     main.o (.bss.gMpu6050SampleDue)
                  20200570    00000001     main.o (.bss.gOledReady)
                  20200571    00000001     task_manager.o (.bss.gOledReady)
                  20200572    00000001     main.o (.bss.gOpenMvDebugEnabled)
                  20200573    00000001     main.o (.bss.gOpenMvDebugRxHead)
                  20200574    00000001     main.o (.bss.gOpenMvDebugRxOverflow)
                  20200575    00000001     main.o (.bss.gOpenMvDebugRxTail)
                  20200576    00000001     main.o (.bss.gOpenMvDisplayPending)
                  20200577    00000001     main.o (.bss.gOpenMvLastDisplayed)
                  20200578    00000001     main.o (.bss.gOpenMvLastDisplayedTask)
                  20200579    00000001     main.o (.bss.gOpenMvNumber)
                  2020057a    00000001     main.o (.bss.gOpenMvNumberValid)
                  2020057b    00000001     main.o (.bss.gOpenMvTask2NumberPending)
                  2020057c    00000001     main.o (.bss.gOpenMvTask3NumberPending)
                  2020057d    00000001     main.o (.bss.gOpenMvTurnPending)
                  2020057e    00000001     task_manager.o (.bss.gStatusButton.0)
                  2020057f    00000001     task_manager.o (.bss.gStatusButton.1)
                  20200580    00000001     task_manager.o (.bss.gStatusButton.2)
                  20200581    00000001     task_manager.o (.bss.gStatusPressPending)
                  20200582    00000001     task_manager.o (.bss.gStatusReleasePending)
                  20200583    00000001     task_manager.o (.bss.gTask1Endpoint)
                  20200584    00000001     task_manager.o (.bss.gTask1EndpointButton.0)
                  20200585    00000001     task_manager.o (.bss.gTask1EndpointButton.1)
                  20200586    00000001     task_manager.o (.bss.gTask1EndpointButton.2)
                  20200587    00000001     task_manager.o (.bss.gTaskButton.0)
                  20200588    00000001     task_manager.o (.bss.gTaskButton.1)
                  20200589    00000001     task_manager.o (.bss.gTaskButton.2)
                  2020058a    00000001     main.o (.bss.gUartCommandLength)
                  2020058b    00000001     main.o (.bss.gUartCommandReady)

.stack     0    20207e00    00000200     UNINITIALIZED
                  20207e00    00000004     libc.a : boot_cortex_m.c.obj (.stack)
                  20207e04    000001fc     --HOLE--

__llvm_prf_cnts 
*          0    20200000    00000000     UNINITIALIZED

__llvm_prf_bits 
*          0    20200000    00000000     UNINITIALIZED

MODULE SUMMARY

       Module                         code    ro data   rw data
       ------                         ----    -------   -------
    .\
       main.o                         29526   1920      1017   
       oled.o                         3786    105       0      
       task3_control.o                2044    789       0      
       task1_control.o                1604    597       0      
       ti_msp_dl_config.o             1352    73        376    
       mpu6050_angle.o                1504    0         13     
       task2_control.o                1218    75        0      
       motor_control.o                1120    0         0      
       angle_turn_control.o           920     0         0      
       task_manager.o                 600     0         14     
       car_control.o                  484     0         0      
       grayscale_sensor.o             416     0         0      
       startup_mspm0g350x_ticlang.o   6       192       0      
    +--+------------------------------+-------+---------+---------+
       Total:                         44580   3751      1420   
                                                               
    C:/ti/mspm0_sdk_2_11_00_07/source/ti/driverlib/lib/ticlang/m0p/mspm0g1x0x_g3x0x/driverlib.a
       dl_timer.o                     608     0         0      
       dl_i2c.o                       240     0         0      
       dl_uart.o                      138     0         0      
       dl_common.o                    10      0         0      
    +--+------------------------------+-------+---------+---------+
       Total:                         996     0         0      
                                                               
    C:\ti\ccs2100\ccs\tools\compiler\ti-cgt-armllvm_5.1.1.LTS\lib\armv6m-ti-none-eabi/c/libc.a
       memcpy16.S.obj                 154     0         0      
       memset16.S.obj                 98      0         0      
       autoinit.c.obj                 60      0         0      
       boot_cortex_m.c.obj            40      0         0      
       copy_zero_init.c.obj           16      0         0      
       exit.c.obj                     6       0         0      
       pre_init.c.obj                 4       0         0      
    +--+------------------------------+-------+---------+---------+
       Total:                         378     0         0      
                                                               
    C:\ti\ccs2100\ccs\tools\compiler\ti-cgt-armllvm_5.1.1.LTS\lib\armv6m-ti-none-eabi/c/libsysbm.a
       hostexit.c.obj                 4       0         0      
    +--+------------------------------+-------+---------+---------+
       Total:                         4       0         0      
                                                               
    C:\ti\ccs2100\ccs\tools\compiler\ti-cgt-armllvm_5.1.1.LTS\lib\armv6m-ti-none-eabi/libclang_rt.builtins.a
       addsf3.S.obj                   216     0         0      
       udivmoddi4.S.obj               162     0         0      
       comparesf2.S.obj               140     0         0      
       mulsf3.S.obj                   140     0         0      
       divsf3.S.obj                   130     0         0      
       aeabi_fcmp.S.obj               90      0         0      
       aeabi_idivmod.S.obj            86      0         0      
       floatdisf.S.obj                78      0         0      
       aeabi_uidivmod.S.obj           64      0         0      
       divmoddi4.c.obj                62      0         0      
       floatsisf.S.obj                60      0         0      
       muldsi3.S.obj                  58      0         0      
       fixsfsi.S.obj                  56      0         0      
       floatunsisf.S.obj              40      0         0      
       muldi3.S.obj                   36      0         0      
       ashldi3.S.obj                  30      0         0      
       aeabi_memset.S.obj             26      0         0      
       aeabi_ldivmod.S.obj            20      0         0      
       aeabi_memcpy.S.obj             8       0         0      
       aeabi_div0.c.obj               4       0         0      
    +--+------------------------------+-------+---------+---------+
       Total:                         1506    0         0      
                                                               
       Stack:                         0       0         512    
       Linker Generated:              0       20        0      
    +--+------------------------------+-------+---------+---------+
       Grand Total:                   47464   3771      1932   


LINKER GENERATED COPY TABLES

__TI_cinit_table @ 0000c84c records: 1, size/record: 8, table size: 8
	.bss: load addr=0000c840, load size=00000008 bytes, run addr=20200000, run size=0000058c bytes, compression=zero_init


LINKER GENERATED HANDLER TABLE

__TI_handler_table @ 0000c848 records: 1, size/record: 4, table size: 4
	index: 0, handler: __TI_zero_init


GLOBAL SYMBOLS: SORTED ALPHABETICALLY BY Name 

address   name                            
-------   ----                            
000080f7  ADC0_IRQHandler                 
000080f7  ADC1_IRQHandler                 
000080f7  AES_IRQHandler                  
0000b7cb  AngleTurnControl_cancel         
0000b6d5  AngleTurnControl_init           
0000ba29  AngleTurnControl_isActive       
0000a83d  AngleTurnControl_start          
00009245  AngleTurnControl_update         
0000ba3e  C$$EXIT                         
000080f7  CANFD0_IRQHandler               
0000b815  CarControl_coast                
0000b833  CarControl_emergencyStop        
0000ba2f  CarControl_getSpeedRpm          
0000ba3b  CarControl_getTurnInnerPercent  
0000b291  CarControl_init                 
00009bfd  CarControl_setMotion            
0000b72d  CarControl_stop                 
000080f7  DAC0_IRQHandler                 
0000ba0d  DL_Common_delayCycles           
0000ad35  DL_I2C_fillControllerTXFIFO     
0000b675  DL_I2C_flushControllerRXFIFO    
0000b34d  DL_I2C_flushControllerTXFIFO    
0000b7a5  DL_I2C_setClockConfig           
00009d35  DL_Timer_initFourCCPWMMode      
0000a041  DL_Timer_initTimerMode          
0000b891  DL_Timer_setCaptCompUpdateMethod
0000b8e5  DL_Timer_setCaptureCompareOutCtl
0000b979  DL_Timer_setCaptureCompareValue 
0000b8ad  DL_Timer_setClockConfig         
0000b03d  DL_UART_init                    
0000b965  DL_UART_setClockConfig          
0000b6a5  DL_UART_transmitDataBlocking    
000080f7  DMA_IRQHandler                  
000080f7  Default_Handler                 
000080f7  GROUP0_IRQHandler               
0000a945  GROUP1_IRQHandler               
0000b701  Grayscale_Sensor_Init           
000097d1  Grayscale_Sensor_ReadAll        
0000ba3f  HOSTexit                        
000080f7  HardFault_Handler               
000080f7  I2C0_IRQHandler                 
000080f7  I2C1_IRQHandler                 
0000b9b9  MPU6050_Angle_getDeviceId       
0000b9c5  MPU6050_Angle_getZDegrees       
0000b9d1  MPU6050_Angle_getZRateDps       
0000866d  MPU6050_Angle_initWithProgress  
0000b9dd  MPU6050_Angle_reset             
0000acd5  MPU6050_Angle_update            
0000b4f1  MotorControl_coast              
0000b611  MotorControl_handleEncoderEdge  
0000adf1  MotorControl_init               
0000b851  MotorControl_setTargetRpm       
0000a7b1  MotorControl_takeStatus         
000080f9  MotorControl_update             
000080f7  NMI_Handler                     
00007d25  OLED_Init                       
00008b5d  OLED_ShowCalibration            
000088e5  OLED_ShowTask                   
000083ed  OLED_ShowTask1Endpoint          
0000b389  OLED_ShowTask2Number            
0000b3c5  OLED_ShowTask2Turn              
0000b401  OLED_ShowTask3Number            
0000b43d  OLED_ShowTask3Turn              
000080f7  PendSV_Handler                  
000080f7  RTC_IRQHandler                  
0000ba43  Reset_Handler                   
000080f7  SPI0_IRQHandler                 
000080f7  SPI1_IRQHandler                 
000080f7  SVC_Handler                     
00009945  SYSCFG_DL_GPIO_init             
0000aea1  SYSCFG_DL_I2C_MPU6050_init      
0000aef5  SYSCFG_DL_I2C_OLED_init         
0000a579  SYSCFG_DL_PWM_MOTOR_AB_init     
0000a609  SYSCFG_DL_PWM_MOTOR_CD_init     
0000b151  SYSCFG_DL_SYSCTL_init           
0000b5a1  SYSCFG_DL_TIMER_PID_init        
0000aabd  SYSCFG_DL_UART_0_init           
0000ab2d  SYSCFG_DL_UART_OPENMV_init      
0000b191  SYSCFG_DL_init                  
0000a9c5  SYSCFG_DL_initPower             
000080f7  SysTick_Handler                 
000080f7  TIMA0_IRQHandler                
0000b0c9  TIMA1_IRQHandler                
000080f7  TIMG0_IRQHandler                
000080f7  TIMG12_IRQHandler               
000080f7  TIMG6_IRQHandler                
000080f7  TIMG7_IRQHandler                
000080f7  TIMG8_IRQHandler                
0000af9b  Task1Control_init               
0000ba17  Task1Control_isActive           
0000b2cf  Task1Control_reset              
00007349  Task1Control_update             
0000af49  Task2Control_init               
0000b1d1  Task2Control_reset              
000078f5  Task2Control_update             
0000b10d  Task3Control_init               
0000b643  Task3Control_reset              
000065ed  Task3Control_update             
0000b9f5  TaskManager_getActiveTask       
0000ba01  TaskManager_getTask1Endpoint    
0000a215  TaskManager_init                
0000b989  TaskManager_takeStatusPressed   
0000b999  TaskManager_takeStatusReleased  
00009ab1  TaskManager_update              
0000ac0d  UART0_IRQHandler                
0000a2e9  UART1_IRQHandler                
000080f7  UART2_IRQHandler                
000080f7  UART3_IRQHandler                
20208000  __STACK_END                     
00000200  __STACK_SIZE                    
00000000  __TI_ATRegion0_region_sz        
00000000  __TI_ATRegion0_src_addr         
00000000  __TI_ATRegion0_trg_addr         
00000000  __TI_ATRegion1_region_sz        
00000000  __TI_ATRegion1_src_addr         
00000000  __TI_ATRegion1_trg_addr         
00000000  __TI_ATRegion2_region_sz        
00000000  __TI_ATRegion2_src_addr         
00000000  __TI_ATRegion2_trg_addr         
0000c84c  __TI_CINIT_Base                 
0000c854  __TI_CINIT_Limit                
0000c854  __TI_CINIT_Warm                 
0000c848  __TI_Handler_Table_Base         
0000c84c  __TI_Handler_Table_Limit        
0000b479  __TI_auto_init_nobinit_nopinit  
ffffffff  __TI_pprof_out_hndl             
ffffffff  __TI_prof_data_size             
ffffffff  __TI_prof_data_start            
00000000  __TI_static_base__              
0000b9a9  __TI_zero_init                  
0000a147  __addsf3                        
0000b5d9  __aeabi_f2iz                    
0000a147  __aeabi_fadd                    
0000ad95  __aeabi_fcmpeq                  
0000adcb  __aeabi_fcmpge                  
0000addd  __aeabi_fcmpgt                  
0000adb9  __aeabi_fcmple                  
0000ada7  __aeabi_fcmplt                  
0000a70f  __aeabi_fcmpun                  
0000a8c1  __aeabi_fdiv                    
0000a725  __aeabi_fmul                    
0000a13d  __aeabi_fsub                    
0000b4b5  __aeabi_i2f                     
0000ae49  __aeabi_idiv                    
0000a43b  __aeabi_idiv0                   
0000ae49  __aeabi_idivmod                 
0000afed  __aeabi_l2f                     
0000a83b  __aeabi_ldiv0                   
0000b951  __aeabi_ldivmod                 
0000b871  __aeabi_llsl                    
0000b7f1  __aeabi_lmul                    
0000b8d7  __aeabi_memclr                  
0000b8d7  __aeabi_memclr4                 
0000b8d7  __aeabi_memclr8                 
0000ba21  __aeabi_memcpy                  
0000ba21  __aeabi_memcpy4                 
0000ba21  __aeabi_memcpy8                 
0000b8c9  __aeabi_memset                  
0000b8c9  __aeabi_memset4                 
0000b8c9  __aeabi_memset8                 
0000b77d  __aeabi_ui2f                    
0000b251  __aeabi_uidiv                   
0000b251  __aeabi_uidivmod                
0000b871  __ashldi3                       
ffffffff  __binit__                       
0000a699  __cmpsf2                        
0000b30d  __divmoddi4                     
0000a8c1  __divsf3                        
0000a699  __eqsf2                         
0000b5d9  __fixsfsi                       
0000afed  __floatdisf                     
0000b4b5  __floatsisf                     
0000b77d  __floatunsisf                   
0000a6d3  __gesf2                         
0000a6d3  __gtsf2                         
0000a699  __lesf2                         
0000a699  __ltsf2                         
UNDEFED   __mpu_init                      
0000b7f1  __muldi3                        
0000b52d  __muldsi3                       
0000a725  __mulsf3                        
0000a699  __nesf2                         
20207e00  __stack                         
20200000  __start___llvm_prf_bits         
20200000  __start___llvm_prf_cnts         
20200000  __stop___llvm_prf_bits          
20200000  __stop___llvm_prf_cnts          
0000a13d  __subsf3                        
0000a43d  __udivmoddi4                    
0000a70f  __unordsf2                      
0000b755  _c_int00_noargs                 
UNDEFED   _system_post_cinit              
0000ba47  _system_pre_init                
0000ba35  abort                           
ffffffff  binit                           
20200000  gPWM_MOTOR_CDBackup             
202000bc  gTIMER_PIDBackup                
00000000  interruptVectors                
000000c1  main                            
0000a4df  memcpy                          
0000ac71  memset                          


GLOBAL SYMBOLS: SORTED BY Symbol Address 

address   name                            
-------   ----                            
00000000  __TI_ATRegion0_region_sz        
00000000  __TI_ATRegion0_src_addr         
00000000  __TI_ATRegion0_trg_addr         
00000000  __TI_ATRegion1_region_sz        
00000000  __TI_ATRegion1_src_addr         
00000000  __TI_ATRegion1_trg_addr         
00000000  __TI_ATRegion2_region_sz        
00000000  __TI_ATRegion2_src_addr         
00000000  __TI_ATRegion2_trg_addr         
00000000  __TI_static_base__              
00000000  interruptVectors                
000000c1  main                            
00000200  __STACK_SIZE                    
000065ed  Task3Control_update             
00007349  Task1Control_update             
000078f5  Task2Control_update             
00007d25  OLED_Init                       
000080f7  ADC0_IRQHandler                 
000080f7  ADC1_IRQHandler                 
000080f7  AES_IRQHandler                  
000080f7  CANFD0_IRQHandler               
000080f7  DAC0_IRQHandler                 
000080f7  DMA_IRQHandler                  
000080f7  Default_Handler                 
000080f7  GROUP0_IRQHandler               
000080f7  HardFault_Handler               
000080f7  I2C0_IRQHandler                 
000080f7  I2C1_IRQHandler                 
000080f7  NMI_Handler                     
000080f7  PendSV_Handler                  
000080f7  RTC_IRQHandler                  
000080f7  SPI0_IRQHandler                 
000080f7  SPI1_IRQHandler                 
000080f7  SVC_Handler                     
000080f7  SysTick_Handler                 
000080f7  TIMA0_IRQHandler                
000080f7  TIMG0_IRQHandler                
000080f7  TIMG12_IRQHandler               
000080f7  TIMG6_IRQHandler                
000080f7  TIMG7_IRQHandler                
000080f7  TIMG8_IRQHandler                
000080f7  UART2_IRQHandler                
000080f7  UART3_IRQHandler                
000080f9  MotorControl_update             
000083ed  OLED_ShowTask1Endpoint          
0000866d  MPU6050_Angle_initWithProgress  
000088e5  OLED_ShowTask                   
00008b5d  OLED_ShowCalibration            
00009245  AngleTurnControl_update         
000097d1  Grayscale_Sensor_ReadAll        
00009945  SYSCFG_DL_GPIO_init             
00009ab1  TaskManager_update              
00009bfd  CarControl_setMotion            
00009d35  DL_Timer_initFourCCPWMMode      
0000a041  DL_Timer_initTimerMode          
0000a13d  __aeabi_fsub                    
0000a13d  __subsf3                        
0000a147  __addsf3                        
0000a147  __aeabi_fadd                    
0000a215  TaskManager_init                
0000a2e9  UART1_IRQHandler                
0000a43b  __aeabi_idiv0                   
0000a43d  __udivmoddi4                    
0000a4df  memcpy                          
0000a579  SYSCFG_DL_PWM_MOTOR_AB_init     
0000a609  SYSCFG_DL_PWM_MOTOR_CD_init     
0000a699  __cmpsf2                        
0000a699  __eqsf2                         
0000a699  __lesf2                         
0000a699  __ltsf2                         
0000a699  __nesf2                         
0000a6d3  __gesf2                         
0000a6d3  __gtsf2                         
0000a70f  __aeabi_fcmpun                  
0000a70f  __unordsf2                      
0000a725  __aeabi_fmul                    
0000a725  __mulsf3                        
0000a7b1  MotorControl_takeStatus         
0000a83b  __aeabi_ldiv0                   
0000a83d  AngleTurnControl_start          
0000a8c1  __aeabi_fdiv                    
0000a8c1  __divsf3                        
0000a945  GROUP1_IRQHandler               
0000a9c5  SYSCFG_DL_initPower             
0000aabd  SYSCFG_DL_UART_0_init           
0000ab2d  SYSCFG_DL_UART_OPENMV_init      
0000ac0d  UART0_IRQHandler                
0000ac71  memset                          
0000acd5  MPU6050_Angle_update            
0000ad35  DL_I2C_fillControllerTXFIFO     
0000ad95  __aeabi_fcmpeq                  
0000ada7  __aeabi_fcmplt                  
0000adb9  __aeabi_fcmple                  
0000adcb  __aeabi_fcmpge                  
0000addd  __aeabi_fcmpgt                  
0000adf1  MotorControl_init               
0000ae49  __aeabi_idiv                    
0000ae49  __aeabi_idivmod                 
0000aea1  SYSCFG_DL_I2C_MPU6050_init      
0000aef5  SYSCFG_DL_I2C_OLED_init         
0000af49  Task2Control_init               
0000af9b  Task1Control_init               
0000afed  __aeabi_l2f                     
0000afed  __floatdisf                     
0000b03d  DL_UART_init                    
0000b0c9  TIMA1_IRQHandler                
0000b10d  Task3Control_init               
0000b151  SYSCFG_DL_SYSCTL_init           
0000b191  SYSCFG_DL_init                  
0000b1d1  Task2Control_reset              
0000b251  __aeabi_uidiv                   
0000b251  __aeabi_uidivmod                
0000b291  CarControl_init                 
0000b2cf  Task1Control_reset              
0000b30d  __divmoddi4                     
0000b34d  DL_I2C_flushControllerTXFIFO    
0000b389  OLED_ShowTask2Number            
0000b3c5  OLED_ShowTask2Turn              
0000b401  OLED_ShowTask3Number            
0000b43d  OLED_ShowTask3Turn              
0000b479  __TI_auto_init_nobinit_nopinit  
0000b4b5  __aeabi_i2f                     
0000b4b5  __floatsisf                     
0000b4f1  MotorControl_coast              
0000b52d  __muldsi3                       
0000b5a1  SYSCFG_DL_TIMER_PID_init        
0000b5d9  __aeabi_f2iz                    
0000b5d9  __fixsfsi                       
0000b611  MotorControl_handleEncoderEdge  
0000b643  Task3Control_reset              
0000b675  DL_I2C_flushControllerRXFIFO    
0000b6a5  DL_UART_transmitDataBlocking    
0000b6d5  AngleTurnControl_init           
0000b701  Grayscale_Sensor_Init           
0000b72d  CarControl_stop                 
0000b755  _c_int00_noargs                 
0000b77d  __aeabi_ui2f                    
0000b77d  __floatunsisf                   
0000b7a5  DL_I2C_setClockConfig           
0000b7cb  AngleTurnControl_cancel         
0000b7f1  __aeabi_lmul                    
0000b7f1  __muldi3                        
0000b815  CarControl_coast                
0000b833  CarControl_emergencyStop        
0000b851  MotorControl_setTargetRpm       
0000b871  __aeabi_llsl                    
0000b871  __ashldi3                       
0000b891  DL_Timer_setCaptCompUpdateMethod
0000b8ad  DL_Timer_setClockConfig         
0000b8c9  __aeabi_memset                  
0000b8c9  __aeabi_memset4                 
0000b8c9  __aeabi_memset8                 
0000b8d7  __aeabi_memclr                  
0000b8d7  __aeabi_memclr4                 
0000b8d7  __aeabi_memclr8                 
0000b8e5  DL_Timer_setCaptureCompareOutCtl
0000b951  __aeabi_ldivmod                 
0000b965  DL_UART_setClockConfig          
0000b979  DL_Timer_setCaptureCompareValue 
0000b989  TaskManager_takeStatusPressed   
0000b999  TaskManager_takeStatusReleased  
0000b9a9  __TI_zero_init                  
0000b9b9  MPU6050_Angle_getDeviceId       
0000b9c5  MPU6050_Angle_getZDegrees       
0000b9d1  MPU6050_Angle_getZRateDps       
0000b9dd  MPU6050_Angle_reset             
0000b9f5  TaskManager_getActiveTask       
0000ba01  TaskManager_getTask1Endpoint    
0000ba0d  DL_Common_delayCycles           
0000ba17  Task1Control_isActive           
0000ba21  __aeabi_memcpy                  
0000ba21  __aeabi_memcpy4                 
0000ba21  __aeabi_memcpy8                 
0000ba29  AngleTurnControl_isActive       
0000ba2f  CarControl_getSpeedRpm          
0000ba35  abort                           
0000ba3b  CarControl_getTurnInnerPercent  
0000ba3e  C$$EXIT                         
0000ba3f  HOSTexit                        
0000ba43  Reset_Handler                   
0000ba47  _system_pre_init                
0000c848  __TI_Handler_Table_Base         
0000c84c  __TI_CINIT_Base                 
0000c84c  __TI_Handler_Table_Limit        
0000c854  __TI_CINIT_Limit                
0000c854  __TI_CINIT_Warm                 
20200000  __start___llvm_prf_bits         
20200000  __start___llvm_prf_cnts         
20200000  __stop___llvm_prf_bits          
20200000  __stop___llvm_prf_cnts          
20200000  gPWM_MOTOR_CDBackup             
202000bc  gTIMER_PIDBackup                
20207e00  __stack                         
20208000  __STACK_END                     
ffffffff  __TI_pprof_out_hndl             
ffffffff  __TI_prof_data_size             
ffffffff  __TI_prof_data_start            
ffffffff  __binit__                       
ffffffff  binit                           
UNDEFED   __mpu_init                      
UNDEFED   _system_post_cinit              

[201 symbols]
