******************************************************************************
            TI ARM Clang Linker PC v5.1.1                      
******************************************************************************
>> Linked Sat Aug  1 09:50:53 2026

OUTPUT FILE NAME:   <main.out>
ENTRY POINT SYMBOL: "_c_int00_noargs"  address: 0000a8cd


MEMORY CONFIGURATION

         name            origin    length      used     unused   attr    fill
----------------------  --------  ---------  --------  --------  ----  --------
  FLASH                 00000000   00020000  0000b9a8  00014658  R  X
  SRAM                  20200000   00008000  00000855  000077ab  RW X
  BCR_CONFIG            41c00000   000000ff  00000000  000000ff  R   
  BSL_CONFIG            41c00100   00000080  00000000  00000080  R   


SEGMENT ALLOCATION MAP

run origin  load origin   length   init length attrs members
----------  ----------- ---------- ----------- ----- -------
00000000    00000000    0000b9a8   0000b9a8    r-x
  00000000    00000000    000000c0   000000c0    r-- .intvecs
  000000c0    000000c0    0000abf0   0000abf0    r-x .text
  0000acb0    0000acb0    00000cc8   00000cc8    r-- .rodata
  0000b978    0000b978    00000030   00000030    r-- .cinit
20200000    20200000    00000655   00000000    rw-
  20200000    20200000    00000654   00000000    rw- .bss
  20200654    20200654    00000001   00000000    rw- .data
20207e00    20207e00    00000200   00000000    rw-
  20207e00    20207e00    00000200   00000000    rw- .stack


SECTION ALLOCATION MAP

 output                                  attributes/
section   page    origin      length       input sections
--------  ----  ----------  ----------   ----------------
.intvecs   0    00000000    000000c0     
                  00000000    000000c0     startup_mspm0g350x_ticlang.o (.intvecs)

.text      0    000000c0    0000abf0     
                  000000c0    000041f8     main.o (.text.Car_processUartCommand)
                  000042b8    000015a0     main.o (.text.main)
                  00005858    000005d4     main.o (.text.UART_reportMotorStatus)
                  00005e2c    000005c8     line_tracking.o (.text.LineTracking_update)
                  000063f4    00000348     main.o (.text.Car_setSingleMotorChassisRpm)
                  0000673c    000002c8     lap_task_control.o (.text.LapTaskControl_update)
                  00006a04    000002a8     motor_control.o (.text.MotorControl_update)
                  00006cac    00000244     main.o (.text.UART_reportGrayscale)
                  00006ef0    00000238     main.o (.text.UART_reportZAngle)
                  00007128    00000220     task_executor.o (.text.TaskExecutor_startSelected)
                  00007348    00000218     angle_turn_control.o (.text.AngleTurnControl_update)
                  00007560    0000020c     oled.o (.text.OLED_ShowStopwatch)
                  0000776c    00000208     mpu6050_angle.o (.text.MPU6050_Angle_initWithProgress)
                  00007974    000001e8     main.o (.text.Car_parseAngleTurnParameters)
                  00007b5c    000001d4     mpu6050_angle.o (.text.MPU6050_readRegisters)
                  00007d30    000001b0     straight_task_control.o (.text.StraightTaskControl_update)
                  00007ee0    00000194     oled.o (.text.OLED_writePacket)
                  00008074    00000180     oled.o (.text.OLED_ShowTaskResult)
                  000081f4    0000017c     grayscale_sensor.o (.text.Grayscale_Sensor_ReadAll)
                  00008370    0000016c     oled.o (.text.OLED_writeLargeString)
                  000084dc    00000158     task_executor.o (.text.TaskExecutor_update10ms)
                  00008634    00000154     straight_task_control.o (.text.StraightTaskControl_start)
                  00008788    0000014c     ti_msp_dl_config.o (.text.SYSCFG_DL_GPIO_init)
                  000088d4    00000138     car_control.o (.text.CarControl_setMotion)
                  00008a0c    00000124     main.o (.text.Car_parseOptionalSignedRpm)
                  00008b30    00000114     oled.o (.text.OLED_writeCentered)
                  00008c44    00000108     lap_task_control.o (.text.LapTaskControl_start)
                  00008d4c    00000104     driverlib.a : dl_timer.o (.text.DL_Timer_initFourCCPWMMode)
                  00008e50    00000104     mpu6050_angle.o (.text.MPU6050_writeRegister)
                  00008f54    00000100     main.o (.text.UART_sendInt32)
                  00009054    000000fc     driverlib.a : dl_timer.o (.text.DL_Timer_initTimerMode)
                  00009150    000000e8     oled.o (.text.OLED_Init)
                  00009238    000000d8     libclang_rt.builtins.a : addsf3.S.obj (.text)
                  00009310    000000a4     task_manager.o (.text.TaskManager_update10ms)
                  000093b4    000000a2     libclang_rt.builtins.a : udivmoddi4.S.obj (.text)
                  00009456    00000002     startup_mspm0g350x_ticlang.o (.text.Default_Handler)
                  00009458    000000a0     oled.o (.text.OLED_ShowTask)
                  000094f8    0000009a     libc.a : memcpy16.S.obj (.text:memcpy)
                  00009592    00000002     libclang_rt.builtins.a : aeabi_div0.c.obj (.text.__aeabi_idiv0)
                  00009594    00000094     main.o (.text.GROUP1_IRQHandler)
                  00009628    00000090     ti_msp_dl_config.o (.text.SYSCFG_DL_PWM_MOTOR_AB_init)
                  000096b8    00000090     ti_msp_dl_config.o (.text.SYSCFG_DL_PWM_MOTOR_CD_init)
                  00009748    0000008e     task_executor.o (.text.TaskExecutor_reset)
                  000097d6    00000002     libclang_rt.builtins.a : aeabi_div0.c.obj (.text.__aeabi_ldiv0)
                  000097d8    0000008c     task_manager.o (.text.TaskManager_init)
                  00009864    0000008c     libclang_rt.builtins.a : comparesf2.S.obj (.text)
                  000098f0    0000008c                            : mulsf3.S.obj (.text)
                  0000997c    0000008a     motor_control.o (.text.MotorControl_takeStatus)
                  00009a06    00000002     --HOLE-- [fill = 0]
                  00009a08    00000084     angle_turn_control.o (.text.AngleTurnControl_start)
                  00009a8c    00000084     main.o (.text.Car_parseUnsignedValue)
                  00009b10    00000082     libclang_rt.builtins.a : divsf3.S.obj (.text)
                  00009b92    00000002     --HOLE-- [fill = 0]
                  00009b94    0000007c     oled.o (.text.OLED_ShowMessage)
                  00009c10    0000007c     ti_msp_dl_config.o (.text.SYSCFG_DL_initPower)
                  00009c8c    0000007c     libc.a : copy_decompress_lzss.c.obj (.text:decompress:lzss)
                  00009d08    00000070     ti_msp_dl_config.o (.text.SYSCFG_DL_UART_0_init)
                  00009d78    0000006e     angle_turn_control.o (.text.AngleTurnControl_getCoastDistanceDegrees)
                  00009de6    00000002     --HOLE-- [fill = 0]
                  00009de8    00000064     main.o (.text.UART0_IRQHandler)
                  00009e4c    00000062     libc.a : memset16.S.obj (.text:memset)
                  00009eae    00000002     --HOLE-- [fill = 0]
                  00009eb0    00000060     mpu6050_angle.o (.text.MPU6050_Angle_update)
                  00009f10    00000060     ti_msp_dl_config.o (.text.SYSCFG_DL_UART_ESP32_init)
                  00009f70    0000005e     driverlib.a : dl_i2c.o (.text.DL_I2C_fillControllerTXFIFO)
                  00009fce    00000002     --HOLE-- [fill = 0]
                  00009fd0    0000005a     libclang_rt.builtins.a : aeabi_fcmp.S.obj (.text)
                  0000a02a    00000002     --HOLE-- [fill = 0]
                  0000a02c    00000058     motor_control.o (.text.MotorControl_init)
                  0000a084    00000058     task_executor.o (.text.TaskExecutor_init)
                  0000a0dc    00000056     libclang_rt.builtins.a : aeabi_idivmod.S.obj (.text)
                  0000a132    00000002     --HOLE-- [fill = 0]
                  0000a134    00000054     ti_msp_dl_config.o (.text.SYSCFG_DL_I2C_MPU6050_init)
                  0000a188    00000054     ti_msp_dl_config.o (.text.SYSCFG_DL_I2C_OLED_init)
                  0000a1dc    0000004e     lap_task_control.o (.text.LapTaskControl_init)
                  0000a22a    00000002     --HOLE-- [fill = 0]
                  0000a22c    0000004e     libclang_rt.builtins.a : floatdisf.S.obj (.text)
                  0000a27a    00000002     --HOLE-- [fill = 0]
                  0000a27c    00000048     driverlib.a : dl_uart.o (.text.DL_UART_init)
                  0000a2c4    00000048     main.o (.text.TIMA1_IRQHandler)
                  0000a30c    00000040     car_control.o (.text.CarControl_init)
                  0000a34c    00000040     ti_msp_dl_config.o (.text.SYSCFG_DL_SYSCTL_init)
                  0000a38c    00000040     ti_msp_dl_config.o (.text.SYSCFG_DL_init)
                  0000a3cc    00000040     main.o (.text.UART_sendString)
                  0000a40c    00000040     libclang_rt.builtins.a : aeabi_uidivmod.S.obj (.text)
                  0000a44c    0000003e                            : divmoddi4.c.obj (.text.__divmoddi4)
                  0000a48a    00000002     --HOLE-- [fill = 0]
                  0000a48c    0000003c     driverlib.a : dl_i2c.o (.text.DL_I2C_flushControllerTXFIFO)
                  0000a4c8    0000003c     libc.a : autoinit.c.obj (.text:__TI_auto_init_nobinit_nopinit)
                  0000a504    0000003c     libclang_rt.builtins.a : floatsisf.S.obj (.text)
                  0000a540    0000003a     lap_task_control.o (.text.LapTaskControl_reset)
                  0000a57a    0000003a     motor_control.o (.text.MotorControl_coast)
                  0000a5b4    0000003a     libclang_rt.builtins.a : muldsi3.S.obj (.text)
                  0000a5ee    00000038     angle_turn_control.o (.text.AngleTurnControl_enterCreep)
                  0000a626    00000002     --HOLE-- [fill = 0]
                  0000a628    00000038     ti_msp_dl_config.o (.text.SYSCFG_DL_TIMER_PID_init)
                  0000a660    00000038     straight_task_control.o (.text.StraightTaskControl_init)
                  0000a698    00000038     libclang_rt.builtins.a : fixsfsi.S.obj (.text)
                  0000a6d0    00000034     grayscale_sensor.o (.text.Grayscale_Sensor_Init)
                  0000a704    00000032     motor_control.o (.text.MotorControl_handleEncoderEdge)
                  0000a736    00000032     task_executor.o (.text.TaskExecutor_isRunning)
                  0000a768    00000030     driverlib.a : dl_i2c.o (.text.DL_I2C_flushControllerRXFIFO)
                  0000a798    00000030                 : dl_uart.o (.text.DL_UART_transmitDataBlocking)
                  0000a7c8    00000030     oled.o (.text.OLED_ShowCalibration)
                  0000a7f8    0000002c     angle_turn_control.o (.text.AngleTurnControl_init)
                  0000a824    0000002c     line_tracking.o (.text.LineTracking_init)
                  0000a850    0000002c     stopwatch.o (.text.Stopwatch_stop)
                  0000a87c    00000028     car_control.o (.text.CarControl_stop)
                  0000a8a4    00000028     stopwatch.o (.text.Stopwatch_getElapsedMs)
                  0000a8cc    00000028     libc.a : boot_cortex_m.c.obj (.text:_c_int00_noargs)
                  0000a8f4    00000028     libclang_rt.builtins.a : floatunsisf.S.obj (.text)
                  0000a91c    00000026     driverlib.a : dl_i2c.o (.text.DL_I2C_setClockConfig)
                  0000a942    00000026     straight_task_control.o (.text.StraightTaskControl_reset)
                  0000a968    00000024     angle_turn_control.o (.text.AngleTurnControl_cancel)
                  0000a98c    00000024     stopwatch.o (.text.Stopwatch_reset)
                  0000a9b0    00000024     stopwatch.o (.text.Stopwatch_start)
                  0000a9d4    00000024     libclang_rt.builtins.a : muldi3.S.obj (.text)
                  0000a9f8    0000001e     car_control.o (.text.CarControl_coast)
                  0000aa16    0000001e     car_control.o (.text.CarControl_emergencyStop)
                  0000aa34    0000001e     motor_control.o (.text.MotorControl_setTargetRpm)
                  0000aa52    00000002     --HOLE-- [fill = 0]
                  0000aa54    0000001e     libclang_rt.builtins.a : ashldi3.S.obj (.text)
                  0000aa72    00000002     --HOLE-- [fill = 0]
                  0000aa74    0000001c     driverlib.a : dl_timer.o (.text.DL_Timer_setCaptCompUpdateMethod)
                  0000aa90    0000001c                 : dl_timer.o (.text.DL_Timer_setClockConfig)
                  0000aaac    0000001c     task_manager.o (.text.TaskManager_select)
                  0000aac8    0000001c     task_manager.o (.text.TaskManager_selectNextSupported)
                  0000aae4    0000001a     libclang_rt.builtins.a : aeabi_memset.S.obj (.text)
                  0000aafe    00000002     --HOLE-- [fill = 0]
                  0000ab00    00000018     driverlib.a : dl_timer.o (.text.DL_Timer_setCaptureCompareOutCtl)
                  0000ab18    00000018     main.o (.text.OLED_showCalibrationProgress)
                  0000ab30    00000014     libclang_rt.builtins.a : aeabi_ldivmod.S.obj (.text)
                  0000ab44    00000014                            : aeabi_uldivmod.S.obj (.text)
                  0000ab58    00000012     driverlib.a : dl_uart.o (.text.DL_UART_setClockConfig)
                  0000ab6a    00000012     lap_task_control.o (.text.LapTaskControl_isRunning)
                  0000ab7c    00000012     libc.a : copy_decompress_none.c.obj (.text:decompress:none)
                  0000ab8e    00000002     --HOLE-- [fill = 0]
                  0000ab90    00000010     driverlib.a : dl_timer.o (.text.DL_Timer_setCaptureCompareValue)
                  0000aba0    00000010     line_tracking.o (.text.LineTracking_reset)
                  0000abb0    00000010     straight_task_control.o (.text.StraightTaskControl_isRunning)
                  0000abc0    00000010     system_time.o (.text.SystemTime_tick10ms)
                  0000abd0    00000010     task_manager.o (.text.TaskManager_takeChangePressed)
                  0000abe0    00000010     task_manager.o (.text.TaskManager_takeStartPressed)
                  0000abf0    00000010     libc.a : copy_zero_init.c.obj (.text:decompress:ZI)
                  0000ac00    0000000c     mpu6050_angle.o (.text.MPU6050_Angle_getDeviceId)
                  0000ac0c    0000000c     mpu6050_angle.o (.text.MPU6050_Angle_getZDegrees)
                  0000ac18    0000000c     mpu6050_angle.o (.text.MPU6050_Angle_getZRateDps)
                  0000ac24    0000000c     mpu6050_angle.o (.text.MPU6050_Angle_reset)
                  0000ac30    0000000c     system_time.o (.text.SystemTime_getMs)
                  0000ac3c    0000000c     task_manager.o (.text.TaskManager_getSelected)
                  0000ac48    0000000a     driverlib.a : dl_common.o (.text.DL_Common_delayCycles)
                  0000ac52    00000002     --HOLE-- [fill = 0]
                  0000ac54    00000008     libclang_rt.builtins.a : aeabi_memcpy.S.obj (.text)
                  0000ac5c    00000006     angle_turn_control.o (.text.AngleTurnControl_isActive)
                  0000ac62    00000006     car_control.o (.text.CarControl_getSpeedRpm)
                  0000ac68    00000006     line_tracking.o (.text.LineTracking_getActiveCount)
                  0000ac6e    00000006     line_tracking.o (.text.LineTracking_getSpeed)
                  0000ac74    00000006     task_executor.o (.text.TaskExecutor_getActiveTask)
                  0000ac7a    00000006     task_executor.o (.text.TaskExecutor_lastTaskFault)
                  0000ac80    00000006     libc.a : exit.c.obj (.text:abort)
                  0000ac86    00000004     car_control.o (.text.CarControl_getMotion)
                  0000ac8a    00000004     car_control.o (.text.CarControl_getTurnInnerPercent)
                  0000ac8e    00000004     libsysbm.a : hostexit.c.obj (.text.HOSTexit)
                  0000ac92    00000004     line_tracking.o (.text.LineTracking_isEnabled)
                  0000ac96    00000004     line_tracking.o (.text.LineTracking_setDebugEnabled)
                  0000ac9a    00000004     line_tracking.o (.text.LineTracking_setEnabled)
                  0000ac9e    00000004     line_tracking.o (.text.LineTracking_setSpeed)
                  0000aca2    00000004     startup_mspm0g350x_ticlang.o (.text.Reset_Handler)
                  0000aca6    00000004     libc.a : pre_init.c.obj (.text._system_pre_init)
                  0000acaa    00000006     --HOLE-- [fill = 0]

.cinit     0    0000b978    00000030     
                  0000b978    0000000c     (__TI_handler_table)
                  0000b984    00000008     (.cinit..bss.load) [load image, compression = zero_init]
                  0000b98c    00000005     (.cinit..data.load) [load image, compression = lzss]
                  0000b991    00000003     --HOLE-- [fill = 0]
                  0000b994    00000010     (__TI_cinit_table)
                  0000b9a4    00000004     --HOLE-- [fill = 0]

.rodata    0    0000acb0    00000cc8     
                  0000acb0    00000082     oled.o (.rodata.OLED_getGlyph.letters)
                  0000ad32    00000080     oled.o (.rodata.OLED_clearPages.zeroPage)
                  0000adb2    00000002     ti_msp_dl_config.o (.rodata.gI2C_MPU6050ClockConfig)
                  0000adb4    00000058     main.o (.rodata.gMotorAConfig)
                  0000ae0c    00000058     main.o (.rodata.gMotorBConfig)
                  0000ae64    00000058     main.o (.rodata.gMotorCConfig)
                  0000aebc    00000058     main.o (.rodata.gMotorDConfig)
                  0000af14    0000003c     main.o (.rodata.str1.13080826312907008127.1)
                  0000af50    00000039     main.o (.rodata.str1.17100691992556644108.1)
                  0000af89    00000036     main.o (.rodata.str1.12462885530404721960.1)
                  0000afbf    00000036     main.o (.rodata.str1.5635195992058134992.1)
                  0000aff5    00000035     main.o (.rodata.str1.269992495038567485.1)
                  0000b02a    00000034     main.o (.rodata.str1.288608917962107522.1)
                  0000b05e    00000033     main.o (.rodata.str1.7996925722583989644.1)
                  0000b091    00000032     oled.o (.rodata.OLED_getGlyph.digits)
                  0000b0c3    00000032     main.o (.rodata.str1.14402440632258215044.1)
                  0000b0f5    00000032     main.o (.rodata.str1.16617520904356106791.1)
                  0000b127    00000032     main.o (.rodata.str1.17367371817006806674.1)
                  0000b159    00000032     task_executor.o (.rodata.str1.5714534095577331432.1)
                  0000b18b    00000031     main.o (.rodata.str1.13959864503700487862.1)
                  0000b1bc    00000031     main.o (.rodata.str1.922313780387552641.1)
                  0000b1ed    00000030     main.o (.rodata.str1.10224226614597680209.1)
                  0000b21d    00000030     main.o (.rodata.str1.2123964117280943167.1)
                  0000b24d    0000002e     task_executor.o (.rodata.str1.13736124676361268097.1)
                  0000b27b    0000002e     main.o (.rodata.str1.6689794204546696417.1)
                  0000b2a9    0000002e     main.o (.rodata.str1.8154729771448623357.1)
                  0000b2d7    0000002d     main.o (.rodata.str1.14368423539242338079.1)
                  0000b304    0000002d     main.o (.rodata.str1.8428454045432808059.1)
                  0000b331    0000002b     main.o (.rodata.str1.2624144126699937905.1)
                  0000b35c    0000002b     main.o (.rodata.str1.8739739109796348711.1)
                  0000b387    0000002a     main.o (.rodata.str1.4551914367444790281.1)
                  0000b3b1    00000029     main.o (.rodata.str1.2182841224059738574.1)
                  0000b3da    00000029     main.o (.rodata.str1.4787932902692149498.1)
                  0000b403    00000028     main.o (.rodata.str1.13708788609136157861.1)
                  0000b42b    00000028     main.o (.rodata.str1.5353031162939221829.1)
                  0000b453    00000028     main.o (.rodata.str1.8096991282711418442.1)
                  0000b47b    00000027     main.o (.rodata.str1.13288086030101331538.1)
                  0000b4a2    00000027     main.o (.rodata.str1.16631870348416990953.1)
                  0000b4c9    00000027     main.o (.rodata.str1.17376258722486336754.1)
                  0000b4f0    00000027     main.o (.rodata.str1.18420373917905513025.1)
                  0000b517    00000026     main.o (.rodata.str1.5130420776781151933.1)
                  0000b53d    00000026     main.o (.rodata.str1.5789451164904352291.1)
                  0000b563    00000025     main.o (.rodata.str1.10753028060609409702.1)
                  0000b588    00000025     main.o (.rodata.str1.16856034117330037696.1)
                  0000b5ad    00000025     main.o (.rodata.str1.5266312244614669333.1)
                  0000b5d2    00000002     ti_msp_dl_config.o (.rodata.gI2C_OLEDClockConfig)
                  0000b5d4    00000024     main.o (.rodata..L__const.main.taskConfig)
                  0000b5f8    00000024     main.o (.rodata.str1.10720410773482754683.1)
                  0000b61c    00000024     main.o (.rodata.str1.13203255162302409502.1)
                  0000b640    00000024     main.o (.rodata.str1.16302215771116645891.1)
                  0000b664    00000023     main.o (.rodata.str1.9582546670787941090.1)
                  0000b687    00000001     --HOLE-- [fill = 0]
                  0000b688    00000020     main.o (.rodata.gAngleTurnConfig)
                  0000b6a8    00000020     straight_task_control.o (.rodata.str1.7716800775287680474.1)
                  0000b6c8    0000001d     lap_task_control.o (.rodata.str1.6200913312131411637.1)
                  0000b6e5    00000003     ti_msp_dl_config.o (.rodata.gPWM_MOTOR_ABClockConfig)
                  0000b6e8    0000001c     main.o (.rodata.gCarConfig)
                  0000b704    0000001c     main.o (.rodata.str1.15159059442110792349.1)
                  0000b720    0000001c     straight_task_control.o (.rodata.str1.446793766109262494.1)
                  0000b73c    00000019     oled.o (.rodata.OLED_Init.initCommands)
                  0000b755    00000019     straight_task_control.o (.rodata.str1.15453738824876254627.1)
                  0000b76e    00000018     straight_task_control.o (.rodata.str1.7040808863327155277.1)
                  0000b786    00000017     task_executor.o (.rodata.str1.1157049911250168747.1)
                  0000b79d    00000001     --HOLE-- [fill = 0]
                  0000b79e    00000016     task_profiles.o (.rodata.gLapTask2Profile)
                  0000b7b4    00000016     task_profiles.o (.rodata.gLapTask5Profile)
                  0000b7ca    00000016     task_profiles.o (.rodata.gLapTask6Profile)
                  0000b7e0    00000016     task_executor.o (.rodata.str1.240158867509335437.1)
                  0000b7f6    00000015     task_executor.o (.rodata.str1.4451878036297079469.1)
                  0000b80b    00000015     straight_task_control.o (.rodata.str1.5111848593538277940.1)
                  0000b820    00000014     ti_msp_dl_config.o (.rodata.gTIMER_PIDTimerConfig)
                  0000b834    00000014     lap_task_control.o (.rodata.str1.14284397962649984076.1)
                  0000b848    00000013     lap_task_control.o (.rodata.str1.2413759701585431130.1)
                  0000b85b    00000013     lap_task_control.o (.rodata.str1.5950128082404191651.1)
                  0000b86e    00000012     task_profiles.o (.rodata.gStraightTask4Profile)
                  0000b880    00000011     main.o (.rodata.str1.887240019932590441.1)
                  0000b891    00000011     task_executor.o (.rodata.str1.9183424055593610755.1)
                  0000b8a2    00000002     ti_msp_dl_config.o (.rodata.gUART_0ClockConfig)
                  0000b8a4    00000010     main.o (.rodata..Lswitch.table.Car_setSingleMotorChassisRpm.125)
                  0000b8b4    00000010     lap_task_control.o (.rodata.str1.4144015826523412668.1)
                  0000b8c4    0000000e     lap_task_control.o (.rodata.str1.15839785750238877193.1)
                  0000b8d2    00000002     ti_msp_dl_config.o (.rodata.gUART_ESP32ClockConfig)
                  0000b8d4    0000000c     main.o (.rodata..L__const.main.lineConfig)
                  0000b8e0    0000000b     main.o (.rodata.str1.11121730273200050387.1)
                  0000b8eb    0000000b     main.o (.rodata.str1.2597068879322958637.1)
                  0000b8f6    0000000a     ti_msp_dl_config.o (.rodata.gUART_0Config)
                  0000b900    0000000a     ti_msp_dl_config.o (.rodata.gUART_ESP32Config)
                  0000b90a    0000000a     line_tracking.o (.rodata.str1.11697046603888022051.1)
                  0000b914    0000000a     line_tracking.o (.rodata.str1.15307017852254737942.1)
                  0000b91e    00000009     line_tracking.o (.rodata.str1.5293172173144075206.1)
                  0000b927    00000001     --HOLE-- [fill = 0]
                  0000b928    00000008     main.o (.rodata.cst8)
                  0000b930    00000008     ti_msp_dl_config.o (.rodata.gPWM_MOTOR_ABConfig)
                  0000b938    00000008     ti_msp_dl_config.o (.rodata.gPWM_MOTOR_CDConfig)
                  0000b940    00000008     line_tracking.o (.rodata.str1.1693154617505176771.1)
                  0000b948    00000007     oled.o (.rodata.str1.525651829783989558.1)
                  0000b94f    00000006     oled.o (.rodata.str1.11378841450994995266.1)
                  0000b955    00000005     oled.o (.rodata.OLED_getGlyph.blank)
                  0000b95a    00000005     oled.o (.rodata.str1.10612175213412870912.1)
                  0000b95f    00000004     main.o (.rodata.str1.11777244287787065045.1)
                  0000b963    00000004     main.o (.rodata.str1.16709704744796600189.1)
                  0000b967    00000003     ti_msp_dl_config.o (.rodata.gPWM_MOTOR_CDClockConfig)
                  0000b96a    00000003     ti_msp_dl_config.o (.rodata.gTIMER_PIDClockConfig)
                  0000b96d    00000003     task_executor.o (.rodata.str1.14088811390205474603.1)
                  0000b970    00000003     line_tracking.o (.rodata.str1.9692937873140040306.1)
                  0000b973    00000005     --HOLE-- [fill = 0]

.init_array 
*          0    00000000    00000000     UNINITIALIZED

.binit     0    00000000    00000000     

.bss       0    20200000    00000654     UNINITIALIZED
                  20200000    000000bc     (.common:gPWM_MOTOR_CDBackup)
                  202000bc    000000bc     (.common:gTIMER_PIDBackup)
                  20200178    0000009c     main.o (.bss.gTaskExecutor)
                  20200214    00000088     main.o (.bss.gMotorA)
                  2020029c    00000088     main.o (.bss.gMotorB)
                  20200324    00000088     main.o (.bss.gMotorC)
                  202003ac    00000088     main.o (.bss.gMotorD)
                  20200434    00000081     oled.o (.bss.gOledPacket)
                  202004b5    00000080     oled.o (.bss.gOledRenderBuffer)
                  20200535    00000001     main.o (.bss.UART_serviceMotorStatus.motorAStatusReady)
                  20200536    00000001     main.o (.bss.UART_serviceMotorStatus.motorBStatusReady)
                  20200537    00000001     main.o (.bss.UART_serviceMotorStatus.motorCStatusReady)
                  20200538    0000003c     main.o (.bss.gLineTracking)
                  20200574    00000034     main.o (.bss.gAngleTurn)
                  202005a8    00000020     main.o (.bss.gCar)
                  202005c8    00000020     main.o (.bss.gUartCommand)
                  202005e8    00000010     main.o (.bss.UART_serviceMotorStatus.motorAStatus)
                  202005f8    00000010     main.o (.bss.UART_serviceMotorStatus.motorBStatus)
                  20200608    00000010     main.o (.bss.UART_serviceMotorStatus.motorCStatus)
                  20200618    00000010     main.o (.bss.UART_serviceMotorStatus.motorDStatus)
                  20200628    00000004     mpu6050_angle.o (.bss.gGyroZBiasRaw)
                  2020062c    00000004     stopwatch.o (.bss.gStartMs)
                  20200630    00000004     stopwatch.o (.bss.gStoppedElapsedMs)
                  20200634    00000004     system_time.o (.bss.gSystemTimeMs)
                  20200638    00000004     mpu6050_angle.o (.bss.gZAngleDegrees)
                  2020063c    00000004     mpu6050_angle.o (.bss.gZRateDps)
                  20200640    00000001     main.o (.bss.UART_serviceMotorStatus.motorDStatusReady)
                  20200641    00000001     task_manager.o (.bss.gChangeButton.0)
                  20200642    00000001     task_manager.o (.bss.gChangeButton.1)
                  20200643    00000001     task_manager.o (.bss.gChangeButton.2)
                  20200644    00000001     task_manager.o (.bss.gChangePending)
                  20200645    00000001     mpu6050_angle.o (.bss.gDeviceId)
                  20200646    00000001     main.o (.bss.gGrayscaleStreamDivider)
                  20200647    00000001     main.o (.bss.gGrayscaleStreamEnabled)
                  20200648    00000001     main.o (.bss.gMotorStatusReportOnce)
                  20200649    00000001     main.o (.bss.gMotorStatusStreamEnabled)
                  2020064a    00000001     main.o (.bss.gMpu6050Ready)
                  2020064b    00000001     main.o (.bss.gMpu6050SampleDue)
                  2020064c    00000001     main.o (.bss.gOledReady)
                  2020064d    00000001     stopwatch.o (.bss.gRunning)
                  2020064e    00000001     task_manager.o (.bss.gStartButton.0)
                  2020064f    00000001     task_manager.o (.bss.gStartButton.1)
                  20200650    00000001     task_manager.o (.bss.gStartButton.2)
                  20200651    00000001     task_manager.o (.bss.gStartPending)
                  20200652    00000001     main.o (.bss.gUartCommandLength)
                  20200653    00000001     main.o (.bss.gUartCommandReady)

.data      0    20200654    00000001     UNINITIALIZED
                  20200654    00000001     task_manager.o (.data.gSelectedTask)

.stack     0    20207e00    00000200     UNINITIALIZED
                  20207e00    00000004     libc.a : boot_cortex_m.c.obj (.stack)
                  20207e04    000001fc     --HOLE--

__llvm_prf_cnts 
*          0    20200000    00000000     UNINITIALIZED

__llvm_prf_bits 
*          0    20200000    00000000     UNINITIALIZED

MODULE SUMMARY

       Module                         code    ro data   rw data
       ------                         ----    -------   -------
    .\
       main.o                         27480   2282      953    
       oled.o                         2516    356       257    
       ti_msp_dl_config.o             1304    73        376    
       line_tracking.o                1568    40        0      
       mpu6050_angle.o                1392    0         13     
       task_executor.o                1180    182       0      
       lap_task_control.o             1130    117       0      
       motor_control.o                1044    0         0      
       straight_task_control.o        882     130       0      
       angle_turn_control.o           920     0         0      
       car_control.o                  490     0         0      
       grayscale_sensor.o             432     0         0      
       task_manager.o                 404     0         9      
       startup_mspm0g350x_ticlang.o   6       192       0      
       stopwatch.o                    156     0         9      
       task_profiles.o                0       84        0      
       system_time.o                  28      0         4      
    +--+------------------------------+-------+---------+---------+
       Total:                         40932   3456      1621   
                                                               
    C:/ti/mspm0_sdk_2_11_00_07/source/ti/driverlib/lib/ticlang/m0p/mspm0g1x0x_g3x0x/driverlib.a
       dl_timer.o                     608     0         0      
       dl_i2c.o                       240     0         0      
       dl_uart.o                      138     0         0      
       dl_common.o                    10      0         0      
    +--+------------------------------+-------+---------+---------+
       Total:                         996     0         0      
                                                               
    C:\ti\ccs2100\ccs\tools\compiler\ti-cgt-armllvm_5.1.1.LTS\lib\armv6m-ti-none-eabi/c/libc.a
       memcpy16.S.obj                 154     0         0      
       copy_decompress_lzss.c.obj     124     0         0      
       memset16.S.obj                 98      0         0      
       autoinit.c.obj                 60      0         0      
       boot_cortex_m.c.obj            40      0         0      
       copy_decompress_none.c.obj     18      0         0      
       copy_zero_init.c.obj           16      0         0      
       exit.c.obj                     6       0         0      
       pre_init.c.obj                 4       0         0      
    +--+------------------------------+-------+---------+---------+
       Total:                         520     0         0      
                                                               
    C:\ti\ccs2100\ccs\tools\compiler\ti-cgt-armllvm_5.1.1.LTS\lib\armv6m-ti-none-eabi/c/libsysbm.a
       hostexit.c.obj                 4       0         0      
    +--+------------------------------+-------+---------+---------+
       Total:                         4       0         0      
                                                               
    C:\ti\ccs2100\ccs\tools\compiler\ti-cgt-armllvm_5.1.1.LTS\lib\armv6m-ti-none-eabi/libclang_rt.builtins.a
       addsf3.S.obj                   216     0         0      
       udivmoddi4.S.obj               162     0         0      
       comparesf2.S.obj               140     0         0      
       mulsf3.S.obj                   140     0         0      
       divsf3.S.obj                   130     0         0      
       aeabi_fcmp.S.obj               90      0         0      
       aeabi_idivmod.S.obj            86      0         0      
       floatdisf.S.obj                78      0         0      
       aeabi_uidivmod.S.obj           64      0         0      
       divmoddi4.c.obj                62      0         0      
       floatsisf.S.obj                60      0         0      
       muldsi3.S.obj                  58      0         0      
       fixsfsi.S.obj                  56      0         0      
       floatunsisf.S.obj              40      0         0      
       muldi3.S.obj                   36      0         0      
       ashldi3.S.obj                  30      0         0      
       aeabi_memset.S.obj             26      0         0      
       aeabi_ldivmod.S.obj            20      0         0      
       aeabi_uldivmod.S.obj           20      0         0      
       aeabi_memcpy.S.obj             8       0         0      
       aeabi_div0.c.obj               4       0         0      
    +--+------------------------------+-------+---------+---------+
       Total:                         1526    0         0      
                                                               
       Stack:                         0       0         512    
       Linker Generated:              0       41        0      
    +--+------------------------------+-------+---------+---------+
       Grand Total:                   43978   3497      2133   


LINKER GENERATED COPY TABLES

__TI_cinit_table @ 0000b994 records: 2, size/record: 8, table size: 16
	.bss: load addr=0000b984, load size=00000008 bytes, run addr=20200000, run size=00000654 bytes, compression=zero_init
	.data: load addr=0000b98c, load size=00000005 bytes, run addr=20200654, run size=00000001 bytes, compression=lzss


LINKER GENERATED HANDLER TABLE

__TI_handler_table @ 0000b978 records: 3, size/record: 4, table size: 12
	index: 0, handler: __TI_decompress_lzss
	index: 1, handler: __TI_decompress_none
	index: 2, handler: __TI_zero_init


GLOBAL SYMBOLS: SORTED ALPHABETICALLY BY Name 

address   name                            
-------   ----                            
00009457  ADC0_IRQHandler                 
00009457  ADC1_IRQHandler                 
00009457  AES_IRQHandler                  
0000a969  AngleTurnControl_cancel         
0000a7f9  AngleTurnControl_init           
0000ac5d  AngleTurnControl_isActive       
00009a09  AngleTurnControl_start          
00007349  AngleTurnControl_update         
0000ac8e  C$$EXIT                         
00009457  CANFD0_IRQHandler               
0000a9f9  CarControl_coast                
0000aa17  CarControl_emergencyStop        
0000ac87  CarControl_getMotion            
0000ac63  CarControl_getSpeedRpm          
0000ac8b  CarControl_getTurnInnerPercent  
0000a30d  CarControl_init                 
000088d5  CarControl_setMotion            
0000a87d  CarControl_stop                 
00009457  DAC0_IRQHandler                 
0000ac49  DL_Common_delayCycles           
00009f71  DL_I2C_fillControllerTXFIFO     
0000a769  DL_I2C_flushControllerRXFIFO    
0000a48d  DL_I2C_flushControllerTXFIFO    
0000a91d  DL_I2C_setClockConfig           
00008d4d  DL_Timer_initFourCCPWMMode      
00009055  DL_Timer_initTimerMode          
0000aa75  DL_Timer_setCaptCompUpdateMethod
0000ab01  DL_Timer_setCaptureCompareOutCtl
0000ab91  DL_Timer_setCaptureCompareValue 
0000aa91  DL_Timer_setClockConfig         
0000a27d  DL_UART_init                    
0000ab59  DL_UART_setClockConfig          
0000a799  DL_UART_transmitDataBlocking    
00009457  DMA_IRQHandler                  
00009457  Default_Handler                 
00009457  GROUP0_IRQHandler               
00009595  GROUP1_IRQHandler               
0000a6d1  Grayscale_Sensor_Init           
000081f5  Grayscale_Sensor_ReadAll        
0000ac8f  HOSTexit                        
00009457  HardFault_Handler               
00009457  I2C0_IRQHandler                 
00009457  I2C1_IRQHandler                 
0000a1dd  LapTaskControl_init             
0000ab6b  LapTaskControl_isRunning        
0000a541  LapTaskControl_reset            
00008c45  LapTaskControl_start            
0000673d  LapTaskControl_update           
0000ac69  LineTracking_getActiveCount     
0000ac6f  LineTracking_getSpeed           
0000a825  LineTracking_init               
0000ac93  LineTracking_isEnabled          
0000aba1  LineTracking_reset              
0000ac97  LineTracking_setDebugEnabled    
0000ac9b  LineTracking_setEnabled         
0000ac9f  LineTracking_setSpeed           
00005e2d  LineTracking_update             
0000ac01  MPU6050_Angle_getDeviceId       
0000ac0d  MPU6050_Angle_getZDegrees       
0000ac19  MPU6050_Angle_getZRateDps       
0000776d  MPU6050_Angle_initWithProgress  
0000ac25  MPU6050_Angle_reset             
00009eb1  MPU6050_Angle_update            
0000a57b  MotorControl_coast              
0000a705  MotorControl_handleEncoderEdge  
0000a02d  MotorControl_init               
0000aa35  MotorControl_setTargetRpm       
0000997d  MotorControl_takeStatus         
00006a05  MotorControl_update             
00009457  NMI_Handler                     
00009151  OLED_Init                       
0000a7c9  OLED_ShowCalibration            
00009b95  OLED_ShowMessage                
00007561  OLED_ShowStopwatch              
00009459  OLED_ShowTask                   
00008075  OLED_ShowTaskResult             
00009457  PendSV_Handler                  
00009457  RTC_IRQHandler                  
0000aca3  Reset_Handler                   
00009457  SPI0_IRQHandler                 
00009457  SPI1_IRQHandler                 
00009457  SVC_Handler                     
00008789  SYSCFG_DL_GPIO_init             
0000a135  SYSCFG_DL_I2C_MPU6050_init      
0000a189  SYSCFG_DL_I2C_OLED_init         
00009629  SYSCFG_DL_PWM_MOTOR_AB_init     
000096b9  SYSCFG_DL_PWM_MOTOR_CD_init     
0000a34d  SYSCFG_DL_SYSCTL_init           
0000a629  SYSCFG_DL_TIMER_PID_init        
00009d09  SYSCFG_DL_UART_0_init           
00009f11  SYSCFG_DL_UART_ESP32_init       
0000a38d  SYSCFG_DL_init                  
00009c11  SYSCFG_DL_initPower             
0000a8a5  Stopwatch_getElapsedMs          
0000a98d  Stopwatch_reset                 
0000a9b1  Stopwatch_start                 
0000a851  Stopwatch_stop                  
0000a661  StraightTaskControl_init        
0000abb1  StraightTaskControl_isRunning   
0000a943  StraightTaskControl_reset       
00008635  StraightTaskControl_start       
00007d31  StraightTaskControl_update      
00009457  SysTick_Handler                 
0000ac31  SystemTime_getMs                
0000abc1  SystemTime_tick10ms             
00009457  TIMA0_IRQHandler                
0000a2c5  TIMA1_IRQHandler                
00009457  TIMG0_IRQHandler                
00009457  TIMG12_IRQHandler               
00009457  TIMG6_IRQHandler                
00009457  TIMG7_IRQHandler                
00009457  TIMG8_IRQHandler                
0000ac75  TaskExecutor_getActiveTask      
0000a085  TaskExecutor_init               
0000a737  TaskExecutor_isRunning          
0000ac7b  TaskExecutor_lastTaskFault      
00009749  TaskExecutor_reset              
00007129  TaskExecutor_startSelected      
000084dd  TaskExecutor_update10ms         
0000ac3d  TaskManager_getSelected         
000097d9  TaskManager_init                
0000aaad  TaskManager_select              
0000aac9  TaskManager_selectNextSupported 
0000abd1  TaskManager_takeChangePressed   
0000abe1  TaskManager_takeStartPressed    
00009311  TaskManager_update10ms          
00009de9  UART0_IRQHandler                
00009457  UART1_IRQHandler                
00009457  UART2_IRQHandler                
00009457  UART3_IRQHandler                
20208000  __STACK_END                     
00000200  __STACK_SIZE                    
00000000  __TI_ATRegion0_region_sz        
00000000  __TI_ATRegion0_src_addr         
00000000  __TI_ATRegion0_trg_addr         
00000000  __TI_ATRegion1_region_sz        
00000000  __TI_ATRegion1_src_addr         
00000000  __TI_ATRegion1_trg_addr         
00000000  __TI_ATRegion2_region_sz        
00000000  __TI_ATRegion2_src_addr         
00000000  __TI_ATRegion2_trg_addr         
0000b994  __TI_CINIT_Base                 
0000b9a4  __TI_CINIT_Limit                
0000b9a4  __TI_CINIT_Warm                 
0000b978  __TI_Handler_Table_Base         
0000b984  __TI_Handler_Table_Limit        
0000a4c9  __TI_auto_init_nobinit_nopinit  
00009c8d  __TI_decompress_lzss            
0000ab7d  __TI_decompress_none            
ffffffff  __TI_pprof_out_hndl             
ffffffff  __TI_prof_data_size             
ffffffff  __TI_prof_data_start            
00000000  __TI_static_base__              
0000abf1  __TI_zero_init                  
00009243  __addsf3                        
0000a699  __aeabi_f2iz                    
00009243  __aeabi_fadd                    
00009fd1  __aeabi_fcmpeq                  
0000a007  __aeabi_fcmpge                  
0000a019  __aeabi_fcmpgt                  
00009ff5  __aeabi_fcmple                  
00009fe3  __aeabi_fcmplt                  
000098db  __aeabi_fcmpun                  
00009b11  __aeabi_fdiv                    
000098f1  __aeabi_fmul                    
00009239  __aeabi_fsub                    
0000a505  __aeabi_i2f                     
0000a0dd  __aeabi_idiv                    
00009593  __aeabi_idiv0                   
0000a0dd  __aeabi_idivmod                 
0000a22d  __aeabi_l2f                     
000097d7  __aeabi_ldiv0                   
0000ab31  __aeabi_ldivmod                 
0000aa55  __aeabi_llsl                    
0000a9d5  __aeabi_lmul                    
0000aaf3  __aeabi_memclr                  
0000aaf3  __aeabi_memclr4                 
0000aaf3  __aeabi_memclr8                 
0000ac55  __aeabi_memcpy                  
0000ac55  __aeabi_memcpy4                 
0000ac55  __aeabi_memcpy8                 
0000aae5  __aeabi_memset                  
0000aae5  __aeabi_memset4                 
0000aae5  __aeabi_memset8                 
0000a8f5  __aeabi_ui2f                    
0000a40d  __aeabi_uidiv                   
0000a40d  __aeabi_uidivmod                
0000ab45  __aeabi_uldivmod                
0000aa55  __ashldi3                       
ffffffff  __binit__                       
00009865  __cmpsf2                        
0000a44d  __divmoddi4                     
00009b11  __divsf3                        
00009865  __eqsf2                         
0000a699  __fixsfsi                       
0000a22d  __floatdisf                     
0000a505  __floatsisf                     
0000a8f5  __floatunsisf                   
0000989f  __gesf2                         
0000989f  __gtsf2                         
00009865  __lesf2                         
00009865  __ltsf2                         
UNDEFED   __mpu_init                      
0000a9d5  __muldi3                        
0000a5b5  __muldsi3                       
000098f1  __mulsf3                        
00009865  __nesf2                         
20207e00  __stack                         
20200000  __start___llvm_prf_bits         
20200000  __start___llvm_prf_cnts         
20200000  __stop___llvm_prf_bits          
20200000  __stop___llvm_prf_cnts          
00009239  __subsf3                        
000093b5  __udivmoddi4                    
000098db  __unordsf2                      
0000a8cd  _c_int00_noargs                 
UNDEFED   _system_post_cinit              
0000aca7  _system_pre_init                
0000ac81  abort                           
ffffffff  binit                           
0000b79e  gLapTask2Profile                
0000b7b4  gLapTask5Profile                
0000b7ca  gLapTask6Profile                
20200000  gPWM_MOTOR_CDBackup             
0000b86e  gStraightTask4Profile           
202000bc  gTIMER_PIDBackup                
00000000  interruptVectors                
000042b9  main                            
000094f9  memcpy                          
00009e4d  memset                          


GLOBAL SYMBOLS: SORTED BY Symbol Address 

address   name                            
-------   ----                            
00000000  __TI_ATRegion0_region_sz        
00000000  __TI_ATRegion0_src_addr         
00000000  __TI_ATRegion0_trg_addr         
00000000  __TI_ATRegion1_region_sz        
00000000  __TI_ATRegion1_src_addr         
00000000  __TI_ATRegion1_trg_addr         
00000000  __TI_ATRegion2_region_sz        
00000000  __TI_ATRegion2_src_addr         
00000000  __TI_ATRegion2_trg_addr         
00000000  __TI_static_base__              
00000000  interruptVectors                
00000200  __STACK_SIZE                    
000042b9  main                            
00005e2d  LineTracking_update             
0000673d  LapTaskControl_update           
00006a05  MotorControl_update             
00007129  TaskExecutor_startSelected      
00007349  AngleTurnControl_update         
00007561  OLED_ShowStopwatch              
0000776d  MPU6050_Angle_initWithProgress  
00007d31  StraightTaskControl_update      
00008075  OLED_ShowTaskResult             
000081f5  Grayscale_Sensor_ReadAll        
000084dd  TaskExecutor_update10ms         
00008635  StraightTaskControl_start       
00008789  SYSCFG_DL_GPIO_init             
000088d5  CarControl_setMotion            
00008c45  LapTaskControl_start            
00008d4d  DL_Timer_initFourCCPWMMode      
00009055  DL_Timer_initTimerMode          
00009151  OLED_Init                       
00009239  __aeabi_fsub                    
00009239  __subsf3                        
00009243  __addsf3                        
00009243  __aeabi_fadd                    
00009311  TaskManager_update10ms          
000093b5  __udivmoddi4                    
00009457  ADC0_IRQHandler                 
00009457  ADC1_IRQHandler                 
00009457  AES_IRQHandler                  
00009457  CANFD0_IRQHandler               
00009457  DAC0_IRQHandler                 
00009457  DMA_IRQHandler                  
00009457  Default_Handler                 
00009457  GROUP0_IRQHandler               
00009457  HardFault_Handler               
00009457  I2C0_IRQHandler                 
00009457  I2C1_IRQHandler                 
00009457  NMI_Handler                     
00009457  PendSV_Handler                  
00009457  RTC_IRQHandler                  
00009457  SPI0_IRQHandler                 
00009457  SPI1_IRQHandler                 
00009457  SVC_Handler                     
00009457  SysTick_Handler                 
00009457  TIMA0_IRQHandler                
00009457  TIMG0_IRQHandler                
00009457  TIMG12_IRQHandler               
00009457  TIMG6_IRQHandler                
00009457  TIMG7_IRQHandler                
00009457  TIMG8_IRQHandler                
00009457  UART1_IRQHandler                
00009457  UART2_IRQHandler                
00009457  UART3_IRQHandler                
00009459  OLED_ShowTask                   
000094f9  memcpy                          
00009593  __aeabi_idiv0                   
00009595  GROUP1_IRQHandler               
00009629  SYSCFG_DL_PWM_MOTOR_AB_init     
000096b9  SYSCFG_DL_PWM_MOTOR_CD_init     
00009749  TaskExecutor_reset              
000097d7  __aeabi_ldiv0                   
000097d9  TaskManager_init                
00009865  __cmpsf2                        
00009865  __eqsf2                         
00009865  __lesf2                         
00009865  __ltsf2                         
00009865  __nesf2                         
0000989f  __gesf2                         
0000989f  __gtsf2                         
000098db  __aeabi_fcmpun                  
000098db  __unordsf2                      
000098f1  __aeabi_fmul                    
000098f1  __mulsf3                        
0000997d  MotorControl_takeStatus         
00009a09  AngleTurnControl_start          
00009b11  __aeabi_fdiv                    
00009b11  __divsf3                        
00009b95  OLED_ShowMessage                
00009c11  SYSCFG_DL_initPower             
00009c8d  __TI_decompress_lzss            
00009d09  SYSCFG_DL_UART_0_init           
00009de9  UART0_IRQHandler                
00009e4d  memset                          
00009eb1  MPU6050_Angle_update            
00009f11  SYSCFG_DL_UART_ESP32_init       
00009f71  DL_I2C_fillControllerTXFIFO     
00009fd1  __aeabi_fcmpeq                  
00009fe3  __aeabi_fcmplt                  
00009ff5  __aeabi_fcmple                  
0000a007  __aeabi_fcmpge                  
0000a019  __aeabi_fcmpgt                  
0000a02d  MotorControl_init               
0000a085  TaskExecutor_init               
0000a0dd  __aeabi_idiv                    
0000a0dd  __aeabi_idivmod                 
0000a135  SYSCFG_DL_I2C_MPU6050_init      
0000a189  SYSCFG_DL_I2C_OLED_init         
0000a1dd  LapTaskControl_init             
0000a22d  __aeabi_l2f                     
0000a22d  __floatdisf                     
0000a27d  DL_UART_init                    
0000a2c5  TIMA1_IRQHandler                
0000a30d  CarControl_init                 
0000a34d  SYSCFG_DL_SYSCTL_init           
0000a38d  SYSCFG_DL_init                  
0000a40d  __aeabi_uidiv                   
0000a40d  __aeabi_uidivmod                
0000a44d  __divmoddi4                     
0000a48d  DL_I2C_flushControllerTXFIFO    
0000a4c9  __TI_auto_init_nobinit_nopinit  
0000a505  __aeabi_i2f                     
0000a505  __floatsisf                     
0000a541  LapTaskControl_reset            
0000a57b  MotorControl_coast              
0000a5b5  __muldsi3                       
0000a629  SYSCFG_DL_TIMER_PID_init        
0000a661  StraightTaskControl_init        
0000a699  __aeabi_f2iz                    
0000a699  __fixsfsi                       
0000a6d1  Grayscale_Sensor_Init           
0000a705  MotorControl_handleEncoderEdge  
0000a737  TaskExecutor_isRunning          
0000a769  DL_I2C_flushControllerRXFIFO    
0000a799  DL_UART_transmitDataBlocking    
0000a7c9  OLED_ShowCalibration            
0000a7f9  AngleTurnControl_init           
0000a825  LineTracking_init               
0000a851  Stopwatch_stop                  
0000a87d  CarControl_stop                 
0000a8a5  Stopwatch_getElapsedMs          
0000a8cd  _c_int00_noargs                 
0000a8f5  __aeabi_ui2f                    
0000a8f5  __floatunsisf                   
0000a91d  DL_I2C_setClockConfig           
0000a943  StraightTaskControl_reset       
0000a969  AngleTurnControl_cancel         
0000a98d  Stopwatch_reset                 
0000a9b1  Stopwatch_start                 
0000a9d5  __aeabi_lmul                    
0000a9d5  __muldi3                        
0000a9f9  CarControl_coast                
0000aa17  CarControl_emergencyStop        
0000aa35  MotorControl_setTargetRpm       
0000aa55  __aeabi_llsl                    
0000aa55  __ashldi3                       
0000aa75  DL_Timer_setCaptCompUpdateMethod
0000aa91  DL_Timer_setClockConfig         
0000aaad  TaskManager_select              
0000aac9  TaskManager_selectNextSupported 
0000aae5  __aeabi_memset                  
0000aae5  __aeabi_memset4                 
0000aae5  __aeabi_memset8                 
0000aaf3  __aeabi_memclr                  
0000aaf3  __aeabi_memclr4                 
0000aaf3  __aeabi_memclr8                 
0000ab01  DL_Timer_setCaptureCompareOutCtl
0000ab31  __aeabi_ldivmod                 
0000ab45  __aeabi_uldivmod                
0000ab59  DL_UART_setClockConfig          
0000ab6b  LapTaskControl_isRunning        
0000ab7d  __TI_decompress_none            
0000ab91  DL_Timer_setCaptureCompareValue 
0000aba1  LineTracking_reset              
0000abb1  StraightTaskControl_isRunning   
0000abc1  SystemTime_tick10ms             
0000abd1  TaskManager_takeChangePressed   
0000abe1  TaskManager_takeStartPressed    
0000abf1  __TI_zero_init                  
0000ac01  MPU6050_Angle_getDeviceId       
0000ac0d  MPU6050_Angle_getZDegrees       
0000ac19  MPU6050_Angle_getZRateDps       
0000ac25  MPU6050_Angle_reset             
0000ac31  SystemTime_getMs                
0000ac3d  TaskManager_getSelected         
0000ac49  DL_Common_delayCycles           
0000ac55  __aeabi_memcpy                  
0000ac55  __aeabi_memcpy4                 
0000ac55  __aeabi_memcpy8                 
0000ac5d  AngleTurnControl_isActive       
0000ac63  CarControl_getSpeedRpm          
0000ac69  LineTracking_getActiveCount     
0000ac6f  LineTracking_getSpeed           
0000ac75  TaskExecutor_getActiveTask      
0000ac7b  TaskExecutor_lastTaskFault      
0000ac81  abort                           
0000ac87  CarControl_getMotion            
0000ac8b  CarControl_getTurnInnerPercent  
0000ac8e  C$$EXIT                         
0000ac8f  HOSTexit                        
0000ac93  LineTracking_isEnabled          
0000ac97  LineTracking_setDebugEnabled    
0000ac9b  LineTracking_setEnabled         
0000ac9f  LineTracking_setSpeed           
0000aca3  Reset_Handler                   
0000aca7  _system_pre_init                
0000b79e  gLapTask2Profile                
0000b7b4  gLapTask5Profile                
0000b7ca  gLapTask6Profile                
0000b86e  gStraightTask4Profile           
0000b978  __TI_Handler_Table_Base         
0000b984  __TI_Handler_Table_Limit        
0000b994  __TI_CINIT_Base                 
0000b9a4  __TI_CINIT_Limit                
0000b9a4  __TI_CINIT_Warm                 
20200000  __start___llvm_prf_bits         
20200000  __start___llvm_prf_cnts         
20200000  __stop___llvm_prf_bits          
20200000  __stop___llvm_prf_cnts          
20200000  gPWM_MOTOR_CDBackup             
202000bc  gTIMER_PIDBackup                
20207e00  __stack                         
20208000  __STACK_END                     
ffffffff  __TI_pprof_out_hndl             
ffffffff  __TI_prof_data_size             
ffffffff  __TI_prof_data_start            
ffffffff  __binit__                       
ffffffff  binit                           
UNDEFED   __mpu_init                      
UNDEFED   _system_post_cinit              

[230 symbols]
