******************************************************************************
            TI ARM Clang Linker PC v5.1.1                      
******************************************************************************
>> Linked Thu Jul 30 16:47:52 2026

OUTPUT FILE NAME:   <main.out>
ENTRY POINT SYMBOL: "_c_int00_noargs"  address: 0000b2d9


MEMORY CONFIGURATION

         name            origin    length      used     unused   attr    fill
----------------------  --------  ---------  --------  --------  ----  --------
  FLASH                 00000000   00020000  0000c150  00013eb0  R  X
  SRAM                  20200000   00008000  00000878  00007788  RW X
  BCR_CONFIG            41c00000   000000ff  00000000  000000ff  R   
  BSL_CONFIG            41c00100   00000080  00000000  00000080  R   


SEGMENT ALLOCATION MAP

run origin  load origin   length   init length attrs members
----------  ----------- ---------- ----------- ----- -------
00000000    00000000    0000c150   0000c150    r-x
  00000000    00000000    000000c0   000000c0    r-- .intvecs
  000000c0    000000c0    0000b5c8   0000b5c8    r-x .text
  0000b688    0000b688    00000a98   00000a98    r-- .rodata
  0000c120    0000c120    00000030   00000030    r-- .cinit
20200000    20200000    00000679   00000000    rw-
  20200000    20200000    0000065f   00000000    rw- .bss
  20200660    20200660    00000019   00000000    rw- .data
20207e00    20207e00    00000200   00000000    rw-
  20207e00    20207e00    00000200   00000000    rw- .stack


SECTION ALLOCATION MAP

 output                                  attributes/
section   page    origin      length       input sections
--------  ----  ----------  ----------   ----------------
.intvecs   0    00000000    000000c0     
                  00000000    000000c0     startup_mspm0g350x_ticlang.o (.intvecs)

.text      0    000000c0    0000b5c8     
                  000000c0    00003f68     main.o (.text.Car_processUartCommand)
                  00004028    00001914     main.o (.text.main)
                  0000593c    000005d4     main.o (.text.UART_reportMotorStatus)
                  00005f10    0000056c     oled.o (.text.OLED_ShowStopwatch)
                  0000647c    0000055c     line_tracking.o (.text.LineTracking_update)
                  000069d8    00000438     main.o (.text.UART_sendVofaMotorChannels)
                  00006e10    000003d2     oled.o (.text.OLED_Init)
                  000071e2    00000002     startup_mspm0g350x_ticlang.o (.text.Default_Handler)
                  000071e4    00000348     main.o (.text.Car_setSingleMotorChassisRpm)
                  0000752c    0000030c     motor_control.o (.text.MotorControl_update)
                  00007838    000002c8     lap_task_control.o (.text.LapTaskControl_update)
                  00007b00    00000278     mpu6050_angle.o (.text.MPU6050_Angle_initWithProgress)
                  00007d78    00000274     oled.o (.text.OLED_ShowTask)
                  00007fec    0000026c     oled.o (.text.OLED_ShowCalibration)
                  00008258    00000244     main.o (.text.UART_reportGrayscale)
                  0000849c    00000238     main.o (.text.UART_reportZAngle)
                  000086d4    000001ec     task_executor.o (.text.TaskExecutor_update)
                  000088c0    000001e8     main.o (.text.Car_parseAngleTurnParameters)
                  00008aa8    000001d4     mpu6050_angle.o (.text.MPU6050_readRegisters)
                  00008c7c    000001ac     oled.o (.text.OLED_writeString)
                  00008e28    00000180     grayscale_sensor.o (.text.Grayscale_Sensor_ReadAll)
                  00008fa8    00000160     ti_msp_dl_config.o (.text.SYSCFG_DL_GPIO_init)
                  00009108    00000160     straight_task_control.o (.text.StraightTaskControl_update)
                  00009268    0000013c     car_control.o (.text.CarControl_setMotion)
                  000093a4    00000124     main.o (.text.Car_parseOptionalSignedRpm)
                  000094c8    00000124     straight_task_control.o (.text.StraightTaskControl_start)
                  000095ec    00000118     task_manager.o (.text.TaskManager_update)
                  00009704    00000108     lap_task_control.o (.text.LapTaskControl_start)
                  0000980c    00000104     driverlib.a : dl_timer.o (.text.DL_Timer_initFourCCPWMMode)
                  00009910    00000104     mpu6050_angle.o (.text.MPU6050_writeRegister)
                  00009a14    00000104     oled.o (.text.OLED_writeByte)
                  00009b18    00000100     main.o (.text.UART_sendInt32)
                  00009c18    000000fc     driverlib.a : dl_timer.o (.text.DL_Timer_initTimerMode)
                  00009d14    000000e8     angle_turn_control.o (.text.AngleTurnControl_update)
                  00009dfc    000000d8     libclang_rt.builtins.a : addsf3.S.obj (.text)
                  00009ed4    000000d4     task_manager.o (.text.TaskManager_init)
                  00009fa8    000000a2     line_tracking.o (.text.LineTracking_readActiveCount)
                  0000a04a    00000002     libclang_rt.builtins.a : aeabi_div0.c.obj (.text.__aeabi_idiv0)
                  0000a04c    000000a2                            : udivmoddi4.S.obj (.text)
                  0000a0ee    0000009a     libc.a : memcpy16.S.obj (.text:memcpy)
                  0000a188    00000090     ti_msp_dl_config.o (.text.SYSCFG_DL_PWM_MOTOR_AB_init)
                  0000a218    00000090     ti_msp_dl_config.o (.text.SYSCFG_DL_PWM_MOTOR_CD_init)
                  0000a2a8    0000008c     angle_turn_control.o (.text.AngleTurnControl_start)
                  0000a334    0000008c     libclang_rt.builtins.a : comparesf2.S.obj (.text)
                  0000a3c0    0000008c                            : mulsf3.S.obj (.text)
                  0000a44c    0000008a     motor_control.o (.text.MotorControl_takeStatus)
                  0000a4d6    00000002     libclang_rt.builtins.a : aeabi_div0.c.obj (.text.__aeabi_ldiv0)
                  0000a4d8    00000088     ti_msp_dl_config.o (.text.SYSCFG_DL_initPower)
                  0000a560    00000084     main.o (.text.Car_parseUnsignedValue)
                  0000a5e4    00000082     libclang_rt.builtins.a : divsf3.S.obj (.text)
                  0000a666    00000002     --HOLE-- [fill = 0]
                  0000a668    0000007c     libc.a : copy_decompress_lzss.c.obj (.text:decompress:lzss)
                  0000a6e4    00000074     main.o (.text.GROUP1_IRQHandler)
                  0000a758    00000070     ti_msp_dl_config.o (.text.SYSCFG_DL_UART_0_init)
                  0000a7c8    00000070     ti_msp_dl_config.o (.text.SYSCFG_DL_UART_1_init)
                  0000a838    00000070     ti_msp_dl_config.o (.text.SYSCFG_DL_UART_OPENMV_init)
                  0000a8a8    00000070     task_executor.o (.text.TaskExecutor_init)
                  0000a918    00000064     main.o (.text.UART0_IRQHandler)
                  0000a97c    00000062     libc.a : memset16.S.obj (.text:memset)
                  0000a9de    00000002     --HOLE-- [fill = 0]
                  0000a9e0    00000060     mpu6050_angle.o (.text.MPU6050_Angle_update)
                  0000aa40    0000005e     driverlib.a : dl_i2c.o (.text.DL_I2C_fillControllerTXFIFO)
                  0000aa9e    00000002     --HOLE-- [fill = 0]
                  0000aaa0    0000005a     libclang_rt.builtins.a : aeabi_fcmp.S.obj (.text)
                  0000aafa    00000002     --HOLE-- [fill = 0]
                  0000aafc    00000058     motor_control.o (.text.MotorControl_init)
                  0000ab54    00000058     main.o (.text.TIMA1_IRQHandler)
                  0000abac    00000058     main.o (.text.UART1_IRQHandler)
                  0000ac04    00000056     libclang_rt.builtins.a : aeabi_idivmod.S.obj (.text)
                  0000ac5a    00000002     --HOLE-- [fill = 0]
                  0000ac5c    00000054     ti_msp_dl_config.o (.text.SYSCFG_DL_I2C_MPU6050_init)
                  0000acb0    00000054     ti_msp_dl_config.o (.text.SYSCFG_DL_I2C_OLED_init)
                  0000ad04    00000050     ti_msp_dl_config.o (.text.SYSCFG_DL_init)
                  0000ad54    0000004e     libclang_rt.builtins.a : floatdisf.S.obj (.text)
                  0000ada2    00000002     --HOLE-- [fill = 0]
                  0000ada4    0000004c     main.o (.text.UART3_IRQHandler)
                  0000adf0    00000048     driverlib.a : dl_uart.o (.text.DL_UART_init)
                  0000ae38    00000044     lap_task_control.o (.text.LapTaskControl_init)
                  0000ae7c    00000042     car_control.o (.text.CarControl_init)
                  0000aebe    00000002     --HOLE-- [fill = 0]
                  0000aec0    00000040     ti_msp_dl_config.o (.text.SYSCFG_DL_SYSCTL_init)
                  0000af00    00000040     main.o (.text.UART_sendString)
                  0000af40    00000040     libclang_rt.builtins.a : aeabi_uidivmod.S.obj (.text)
                  0000af80    0000003e                            : divmoddi4.c.obj (.text.__divmoddi4)
                  0000afbe    00000002     --HOLE-- [fill = 0]
                  0000afc0    0000003c     driverlib.a : dl_i2c.o (.text.DL_I2C_flushControllerTXFIFO)
                  0000affc    0000003c     libc.a : autoinit.c.obj (.text:__TI_auto_init_nobinit_nopinit)
                  0000b038    0000003c     libclang_rt.builtins.a : floatsisf.S.obj (.text)
                  0000b074    0000003a     lap_task_control.o (.text.LapTaskControl_reset)
                  0000b0ae    0000003a     motor_control.o (.text.MotorControl_coast)
                  0000b0e8    0000003a     libclang_rt.builtins.a : muldsi3.S.obj (.text)
                  0000b122    00000002     --HOLE-- [fill = 0]
                  0000b124    00000038     ti_msp_dl_config.o (.text.SYSCFG_DL_TIMER_PID_init)
                  0000b15c    00000038     libclang_rt.builtins.a : fixsfsi.S.obj (.text)
                  0000b194    00000032     motor_control.o (.text.MotorControl_handleEncoderEdge)
                  0000b1c6    00000002     --HOLE-- [fill = 0]
                  0000b1c8    00000030     driverlib.a : dl_i2c.o (.text.DL_I2C_flushControllerRXFIFO)
                  0000b1f8    00000030                 : dl_uart.o (.text.DL_UART_transmitDataBlocking)
                  0000b228    00000030     stopwatch.o (.text.Stopwatch_getCurrentMs)
                  0000b258    0000002c     angle_turn_control.o (.text.AngleTurnControl_init)
                  0000b284    0000002c     grayscale_sensor.o (.text.Grayscale_Sensor_Init)
                  0000b2b0    00000028     car_control.o (.text.CarControl_stop)
                  0000b2d8    00000028     libc.a : boot_cortex_m.c.obj (.text:_c_int00_noargs)
                  0000b300    00000028     libclang_rt.builtins.a : floatunsisf.S.obj (.text)
                  0000b328    00000026     driverlib.a : dl_i2c.o (.text.DL_I2C_setClockConfig)
                  0000b34e    00000024     angle_turn_control.o (.text.AngleTurnControl_cancel)
                  0000b372    00000024     straight_task_control.o (.text.StraightTaskControl_init)
                  0000b396    00000002     --HOLE-- [fill = 0]
                  0000b398    00000024     libclang_rt.builtins.a : muldi3.S.obj (.text)
                  0000b3bc    00000022     task_executor.o (.text.TaskExecutor_isRunning)
                  0000b3de    00000002     --HOLE-- [fill = 0]
                  0000b3e0    00000020     stopwatch.o (.text.Stopwatch_start)
                  0000b400    0000001e     car_control.o (.text.CarControl_coast)
                  0000b41e    0000001e     car_control.o (.text.CarControl_emergencyStop)
                  0000b43c    0000001e     line_tracking.o (.text.LineTracking_init)
                  0000b45a    0000001e     motor_control.o (.text.MotorControl_setTargetRpm)
                  0000b478    0000001e     libclang_rt.builtins.a : ashldi3.S.obj (.text)
                  0000b496    00000002     --HOLE-- [fill = 0]
                  0000b498    0000001c     driverlib.a : dl_timer.o (.text.DL_Timer_setCaptCompUpdateMethod)
                  0000b4b4    0000001c                 : dl_timer.o (.text.DL_Timer_setClockConfig)
                  0000b4d0    0000001a     straight_task_control.o (.text.StraightTaskControl_reset)
                  0000b4ea    0000001a     task_executor.o (.text.TaskExecutor_reset)
                  0000b504    0000001a     libclang_rt.builtins.a : aeabi_memset.S.obj (.text)
                  0000b51e    00000002     --HOLE-- [fill = 0]
                  0000b520    00000018     driverlib.a : dl_timer.o (.text.DL_Timer_setCaptureCompareOutCtl)
                  0000b538    00000018     main.o (.text.OLED_showCalibrationProgress)
                  0000b550    00000014     libclang_rt.builtins.a : aeabi_ldivmod.S.obj (.text)
                  0000b564    00000014                            : aeabi_uldivmod.S.obj (.text)
                  0000b578    00000012     driverlib.a : dl_uart.o (.text.DL_UART_setClockConfig)
                  0000b58a    00000012     lap_task_control.o (.text.LapTaskControl_isRunning)
                  0000b59c    00000012     libc.a : copy_decompress_none.c.obj (.text:decompress:none)
                  0000b5ae    00000002     --HOLE-- [fill = 0]
                  0000b5b0    00000010     driverlib.a : dl_timer.o (.text.DL_Timer_setCaptureCompareValue)
                  0000b5c0    00000010     line_tracking.o (.text.LineTracking_reset)
                  0000b5d0    00000010     straight_task_control.o (.text.StraightTaskControl_isRunning)
                  0000b5e0    00000010     task_manager.o (.text.TaskManager_taskStartPressed)
                  0000b5f0    00000010     libc.a : copy_zero_init.c.obj (.text:decompress:ZI)
                  0000b600    0000000c     mpu6050_angle.o (.text.MPU6050_Angle_getDeviceId)
                  0000b60c    0000000c     mpu6050_angle.o (.text.MPU6050_Angle_getZDegrees)
                  0000b618    0000000c     mpu6050_angle.o (.text.MPU6050_Angle_reset)
                  0000b624    0000000c     task_manager.o (.text.TaskManager_getActiveTask)
                  0000b630    0000000a     driverlib.a : dl_common.o (.text.DL_Common_delayCycles)
                  0000b63a    00000002     --HOLE-- [fill = 0]
                  0000b63c    00000008     libclang_rt.builtins.a : aeabi_memcpy.S.obj (.text)
                  0000b644    00000006     angle_turn_control.o (.text.AngleTurnControl_isActive)
                  0000b64a    00000006     car_control.o (.text.CarControl_getSpeedRpm)
                  0000b650    00000006     car_control.o (.text.CarControl_getTurnInnerPercent)
                  0000b656    00000006     line_tracking.o (.text.LineTracking_getSpeed)
                  0000b65c    00000006     libc.a : exit.c.obj (.text:abort)
                  0000b662    00000004     car_control.o (.text.CarControl_getMotion)
                  0000b666    00000004     libsysbm.a : hostexit.c.obj (.text.HOSTexit)
                  0000b66a    00000004     line_tracking.o (.text.LineTracking_isEnabled)
                  0000b66e    00000004     line_tracking.o (.text.LineTracking_setDebugEnabled)
                  0000b672    00000004     line_tracking.o (.text.LineTracking_setEnabled)
                  0000b676    00000004     line_tracking.o (.text.LineTracking_setSpeed)
                  0000b67a    00000004     startup_mspm0g350x_ticlang.o (.text.Reset_Handler)
                  0000b67e    00000004     libc.a : pre_init.c.obj (.text._system_pre_init)
                  0000b682    00000006     --HOLE-- [fill = 0]

.cinit     0    0000c120    00000030     
                  0000c120    0000000c     (__TI_handler_table)
                  0000c12c    00000008     (.cinit..bss.load) [load image, compression = zero_init]
                  0000c134    00000008     (.cinit..data.load) [load image, compression = lzss]
                  0000c13c    00000010     (__TI_cinit_table)
                  0000c14c    00000004     --HOLE-- [fill = 0]

.rodata    0    0000b688    00000a98     
                  0000b688    00000050     main.o (.rodata.gMotorAConfig)
                  0000b6d8    00000050     main.o (.rodata.gMotorBConfig)
                  0000b728    00000050     main.o (.rodata.gMotorCConfig)
                  0000b778    00000050     main.o (.rodata.gMotorDConfig)
                  0000b7c8    00000039     main.o (.rodata.str1.17100691992556644108.1)
                  0000b801    00000036     main.o (.rodata.str1.1499083853040407199.1)
                  0000b837    00000036     main.o (.rodata.str1.7190843550371250464.1)
                  0000b86d    00000035     main.o (.rodata.str1.8739739109796348711.1)
                  0000b8a2    00000035     main.o (.rodata.str1.9582546670787941090.1)
                  0000b8d7    00000034     main.o (.rodata.str1.288608917962107522.1)
                  0000b90b    00000032     main.o (.rodata.str1.14402440632258215044.1)
                  0000b93d    00000031     main.o (.rodata.str1.18420373917905513025.1)
                  0000b96e    00000031     main.o (.rodata.str1.489408286258209761.1)
                  0000b99f    0000002f     main.o (.rodata.str1.2117079376983516436.1)
                  0000b9ce    0000002f     main.o (.rodata.str1.5635195992058134992.1)
                  0000b9fd    0000002e     main.o (.rodata.str1.2256192789054937243.1)
                  0000ba2b    0000002e     main.o (.rodata.str1.8154729771448623357.1)
                  0000ba59    0000002d     main.o (.rodata.str1.2563708670032483588.1)
                  0000ba86    0000002b     main.o (.rodata.str1.5456361711443481037.1)
                  0000bab1    00000029     main.o (.rodata.str1.10224226614597680209.1)
                  0000bada    00000029     main.o (.rodata.str1.3306105329219470413.1)
                  0000bb03    00000028     main.o (.rodata.str1.11777244287787065045.1)
                  0000bb2b    00000028     main.o (.rodata.str1.1311392489248731986.1)
                  0000bb53    00000028     main.o (.rodata.str1.13959864503700487862.1)
                  0000bb7b    00000028     main.o (.rodata.str1.5130420776781151933.1)
                  0000bba3    00000028     main.o (.rodata.str1.922313780387552641.1)
                  0000bbcb    00000027     main.o (.rodata.str1.10313062130652730376.1)
                  0000bbf2    00000027     main.o (.rodata.str1.13782249893155712474.1)
                  0000bc19    00000027     main.o (.rodata.str1.6891813955777630061.1)
                  0000bc40    00000027     main.o (.rodata.str1.9060162316564048117.1)
                  0000bc67    00000026     main.o (.rodata.str1.2182841224059738574.1)
                  0000bc8d    00000026     main.o (.rodata.str1.6689794204546696417.1)
                  0000bcb3    00000026     main.o (.rodata.str1.8320541211001259012.1)
                  0000bcd9    00000025     main.o (.rodata.str1.11639152155638730617.1)
                  0000bcfe    00000025     main.o (.rodata.str1.3292798375424520613.1)
                  0000bd23    00000025     straight_task_control.o (.rodata.str1.446793766109262494.1)
                  0000bd48    00000025     main.o (.rodata.str1.5630281060179367396.1)
                  0000bd6d    00000025     lap_task_control.o (.rodata.str1.6200913312131411637.1)
                  0000bd92    00000024     main.o (.rodata.str1.10992214574315303902.1)
                  0000bdb6    00000024     main.o (.rodata.str1.3530083166107438000.1)
                  0000bdda    00000024     main.o (.rodata.str1.6976963560179378225.1)
                  0000bdfe    00000023     main.o (.rodata.str1.13455639105384664542.1)
                  0000be21    00000022     task_executor.o (.rodata.str1.240158867509335437.1)
                  0000be43    00000021     lap_task_control.o (.rodata.str1.2413759701585431130.1)
                  0000be64    00000020     main.o (.rodata.gAngleTurnConfig)
                  0000be84    0000001f     straight_task_control.o (.rodata.str1.7040808863327155277.1)
                  0000bea3    0000001e     task_executor.o (.rodata.str1.13736124676361268097.1)
                  0000bec1    0000001e     straight_task_control.o (.rodata.str1.5111848593538277940.1)
                  0000bedf    00000001     --HOLE-- [fill = 0]
                  0000bee0    0000001c     main.o (.rodata.gCarConfig)
                  0000befc    00000019     lap_task_control.o (.rodata.str1.14284397962649984076.1)
                  0000bf15    00000017     task_executor.o (.rodata.str1.1157049911250168747.1)
                  0000bf2c    00000016     task_profiles.o (.rodata.gLapTask2Profile)
                  0000bf42    00000016     task_profiles.o (.rodata.gLapTask5Profile)
                  0000bf58    00000016     task_profiles.o (.rodata.gLapTask6Profile)
                  0000bf6e    00000015     straight_task_control.o (.rodata.str1.7716800775287680474.1)
                  0000bf83    00000001     --HOLE-- [fill = 0]
                  0000bf84    00000014     ti_msp_dl_config.o (.rodata.gTIMER_PIDTimerConfig)
                  0000bf98    00000013     main.o (.rodata.str1.17770841602246103764.1)
                  0000bfab    00000013     lap_task_control.o (.rodata.str1.5950128082404191651.1)
                  0000bfbe    00000012     main.o (.rodata.str1.8428454045432808059.1)
                  0000bfd0    00000011     main.o (.rodata.str1.887240019932590441.1)
                  0000bfe1    00000003     ti_msp_dl_config.o (.rodata.gPWM_MOTOR_ABClockConfig)
                  0000bfe4    00000010     main.o (.rodata..Lswitch.table.Car_setSingleMotorChassisRpm.122)
                  0000bff4    00000010     task_profiles.o (.rodata.gStraightTask4Profile)
                  0000c004    00000010     lap_task_control.o (.rodata.str1.4144015826523412668.1)
                  0000c014    0000000e     main.o (.rodata.str1.15159059442110792349.1)
                  0000c022    0000000e     lap_task_control.o (.rodata.str1.15839785750238877193.1)
                  0000c030    0000000c     main.o (.rodata..L__const.main.lineTrackingConfig)
                  0000c03c    0000000b     main.o (.rodata.str1.13030671760666898970.1)
                  0000c047    0000000b     main.o (.rodata.str1.39260288392874984.1)
                  0000c052    0000000a     ti_msp_dl_config.o (.rodata.gUART_0Config)
                  0000c05c    0000000a     ti_msp_dl_config.o (.rodata.gUART_1Config)
                  0000c066    0000000a     ti_msp_dl_config.o (.rodata.gUART_OPENMVConfig)
                  0000c070    00000008     main.o (.rodata.cst8)
                  0000c078    00000008     ti_msp_dl_config.o (.rodata.gPWM_MOTOR_ABConfig)
                  0000c080    00000008     ti_msp_dl_config.o (.rodata.gPWM_MOTOR_CDConfig)
                  0000c088    00000006     line_tracking.o (.rodata.str1.11697046603888022051.1)
                  0000c08e    00000005     oled.o (.rodata.OLED_getGlyph.A)
                  0000c093    00000005     oled.o (.rodata.OLED_getGlyph.C)
                  0000c098    00000005     oled.o (.rodata.OLED_getGlyph.D)
                  0000c09d    00000005     oled.o (.rodata.OLED_getGlyph.E)
                  0000c0a2    00000005     oled.o (.rodata.OLED_getGlyph.K)
                  0000c0a7    00000005     oled.o (.rodata.OLED_getGlyph.L)
                  0000c0ac    00000005     oled.o (.rodata.OLED_getGlyph.N)
                  0000c0b1    00000005     oled.o (.rodata.OLED_getGlyph.O)
                  0000c0b6    00000005     oled.o (.rodata.OLED_getGlyph.R)
                  0000c0bb    00000005     oled.o (.rodata.OLED_getGlyph.S)
                  0000c0c0    00000005     oled.o (.rodata.OLED_getGlyph.T)
                  0000c0c5    00000005     oled.o (.rodata.OLED_getGlyph.U)
                  0000c0ca    00000005     oled.o (.rodata.OLED_getGlyph.eight)
                  0000c0cf    00000005     oled.o (.rodata.OLED_getGlyph.five)
                  0000c0d4    00000005     oled.o (.rodata.OLED_getGlyph.four)
                  0000c0d9    00000005     oled.o (.rodata.OLED_getGlyph.nine)
                  0000c0de    00000005     oled.o (.rodata.OLED_getGlyph.one)
                  0000c0e3    00000005     oled.o (.rodata.OLED_getGlyph.seven)
                  0000c0e8    00000005     oled.o (.rodata.OLED_getGlyph.six)
                  0000c0ed    00000005     oled.o (.rodata.OLED_getGlyph.space)
                  0000c0f2    00000005     oled.o (.rodata.OLED_getGlyph.three)
                  0000c0f7    00000005     oled.o (.rodata.OLED_getGlyph.two)
                  0000c0fc    00000005     oled.o (.rodata.OLED_getGlyph.zero)
                  0000c101    00000004     main.o (.rodata.str1.10720410773482754683.1)
                  0000c105    00000004     main.o (.rodata.str1.2624144126699937905.1)
                  0000c109    00000003     ti_msp_dl_config.o (.rodata.gPWM_MOTOR_CDClockConfig)
                  0000c10c    00000003     ti_msp_dl_config.o (.rodata.gTIMER_PIDClockConfig)
                  0000c10f    00000003     line_tracking.o (.rodata.str1.1693154617505176771.1)
                  0000c112    00000002     ti_msp_dl_config.o (.rodata.gI2C_MPU6050ClockConfig)
                  0000c114    00000002     ti_msp_dl_config.o (.rodata.gI2C_OLEDClockConfig)
                  0000c116    00000002     ti_msp_dl_config.o (.rodata.gUART_0ClockConfig)
                  0000c118    00000002     ti_msp_dl_config.o (.rodata.gUART_1ClockConfig)
                  0000c11a    00000002     ti_msp_dl_config.o (.rodata.gUART_OPENMVClockConfig)
                  0000c11c    00000002     line_tracking.o (.rodata.str1.5293172173144075206.1)
                  0000c11e    00000002     --HOLE-- [fill = 0]

.init_array 
*          0    00000000    00000000     UNINITIALIZED

.binit     0    00000000    00000000     

.bss       0    20200000    0000065f     UNINITIALIZED
                  20200000    000000bc     (.common:gPWM_MOTOR_CDBackup)
                  202000bc    000000bc     (.common:gTIMER_PIDBackup)
                  20200178    00000098     main.o (.bss.gTaskExecutor)
                  20200210    00000080     main.o (.bss.gUart3ForwardRxBuffer)
                  20200290    00000080     main.o (.bss.gUartCommand)
                  20200310    00000078     main.o (.bss.gMotorA)
                  20200388    00000078     main.o (.bss.gMotorB)
                  20200400    00000078     main.o (.bss.gMotorC)
                  20200478    00000078     main.o (.bss.gMotorD)
                  202004f0    00000040     main.o (.bss.gOpenMvDebugRxBuffer)
                  20200530    00000038     main.o (.bss.gLineTracking)
                  20200568    00000034     main.o (.bss.gAngleTurn)
                  2020059c    00000030     (.common:gUART_1Backup)
                  202005cc    00000024     main.o (.bss.gCar)
                  202005f0    00000010     main.o (.bss.UART_serviceMotorStatus.motorAStatus)
                  20200600    00000010     main.o (.bss.UART_serviceMotorStatus.motorBStatus)
                  20200610    00000010     main.o (.bss.UART_serviceMotorStatus.motorCStatus)
                  20200620    00000010     main.o (.bss.UART_serviceMotorStatus.motorDStatus)
                  20200630    00000004     mpu6050_angle.o (.bss.gGyroZBiasRaw)
                  20200634    00000004     mpu6050_angle.o (.bss.gZAngleDegrees)
                  20200638    00000004     mpu6050_angle.o (.bss.gZRateDps)
                  2020063c    00000001     main.o (.bss.UART_serviceMotorStatus.motorAStatusReady)
                  2020063d    00000001     main.o (.bss.UART_serviceMotorStatus.motorBStatusReady)
                  2020063e    00000001     main.o (.bss.UART_serviceMotorStatus.motorCStatusReady)
                  2020063f    00000001     main.o (.bss.UART_serviceMotorStatus.motorDStatusReady)
                  20200640    00000001     task_manager.o (.bss.gActiveTask)
                  20200641    00000001     mpu6050_angle.o (.bss.gDeviceId)
                  20200642    00000001     main.o (.bss.gGrayscaleStreamDivider)
                  20200643    00000001     main.o (.bss.gGrayscaleStreamEnabled)
                  20200644    00000001     main.o (.bss.gMotorStatusReportOnce)
                  20200645    00000001     main.o (.bss.gMotorStatusStreamEnabled)
                  20200646    00000001     main.o (.bss.gMpu6050Ready)
                  20200647    00000001     main.o (.bss.gMpu6050SampleDue)
                  20200648    00000001     main.o (.bss.gOledReady)
                  20200649    00000001     task_manager.o (.bss.gOledReady)
                  2020064a    00000001     main.o (.bss.gOpenMvDebugEnabled)
                  2020064b    00000001     main.o (.bss.gOpenMvDebugRxHead)
                  2020064c    00000001     main.o (.bss.gOpenMvDebugRxOverflow)
                  2020064d    00000001     main.o (.bss.gOpenMvDebugRxTail)
                  2020064e    00000001     task_manager.o (.bss.gStatusButton.0)
                  2020064f    00000001     task_manager.o (.bss.gStatusButton.1)
                  20200650    00000001     task_manager.o (.bss.gStatusButton.2)
                  20200651    00000001     task_manager.o (.bss.gStatusPressPending)
                  20200652    00000001     task_manager.o (.bss.gStatusReleasePending)
                  20200653    00000001     task_manager.o (.bss.gTaskButton.0)
                  20200654    00000001     task_manager.o (.bss.gTaskButton.1)
                  20200655    00000001     task_manager.o (.bss.gTaskButton.2)
                  20200656    00000001     task_manager.o (.bss.gTaskStartButton.0)
                  20200657    00000001     task_manager.o (.bss.gTaskStartButton.1)
                  20200658    00000001     task_manager.o (.bss.gTaskStartButton.2)
                  20200659    00000001     task_manager.o (.bss.gTaskStartPressPending)
                  2020065a    00000001     main.o (.bss.gUart3ForwardRxHead)
                  2020065b    00000001     main.o (.bss.gUart3ForwardRxOverflow)
                  2020065c    00000001     main.o (.bss.gUart3ForwardRxTail)
                  2020065d    00000001     main.o (.bss.gUartCommandLength)
                  2020065e    00000001     main.o (.bss.gUartCommandReady)

.data      0    20200660    00000019     UNINITIALIZED
                  20200660    00000008     stopwatch.o (.data.startSystick)
                  20200668    00000008     stopwatch.o (.data.stopSystick)
                  20200670    00000008     main.o (.data.systick_ms)
                  20200678    00000001     stopwatch.o (.data.isEnabled)

.stack     0    20207e00    00000200     UNINITIALIZED
                  20207e00    00000004     libc.a : boot_cortex_m.c.obj (.stack)
                  20207e04    000001fc     --HOLE--

__llvm_prf_cnts 
*          0    20200000    00000000     UNINITIALIZED

__llvm_prf_bits 
*          0    20200000    00000000     UNINITIALIZED

MODULE SUMMARY

       Module                         code    ro data   rw data
       ------                         ----    -------   -------
    .\
       main.o                         28936   2065      1188   
       oled.o                         4302    115       0      
       ti_msp_dl_config.o             1480    85        424    
       line_tracking.o                1602    11        0      
       mpu6050_angle.o                1492    0         13     
       lap_task_control.o             1120    144       0      
       motor_control.o                1144    0         0      
       straight_task_control.o        722     119       0      
       task_executor.o                664     87        0      
       task_manager.o                 520     0         14     
       car_control.o                  498     0         0      
       angle_turn_control.o           458     0         0      
       grayscale_sensor.o             428     0         0      
       startup_mspm0g350x_ticlang.o   6       192       0      
       stopwatch.o                    80      0         17     
       task_profiles.o                0       82        0      
    +--+------------------------------+-------+---------+---------+
       Total:                         43452   2900      1656   
                                                               
    E:/ti/ccs2100/mspm0_sdk_2_11_00_07/source/ti/driverlib/lib/ticlang/m0p/mspm0g1x0x_g3x0x/driverlib.a
       dl_timer.o                     608     0         0      
       dl_i2c.o                       240     0         0      
       dl_uart.o                      138     0         0      
       dl_common.o                    10      0         0      
    +--+------------------------------+-------+---------+---------+
       Total:                         996     0         0      
                                                               
    E:\ti\ccs2100\ccs\tools\compiler\ti-cgt-armllvm_5.1.1.LTS\lib\armv6m-ti-none-eabi/c/libc.a
       memcpy16.S.obj                 154     0         0      
       copy_decompress_lzss.c.obj     124     0         0      
       memset16.S.obj                 98      0         0      
       autoinit.c.obj                 60      0         0      
       boot_cortex_m.c.obj            40      0         0      
       copy_decompress_none.c.obj     18      0         0      
       copy_zero_init.c.obj           16      0         0      
       exit.c.obj                     6       0         0      
       pre_init.c.obj                 4       0         0      
    +--+------------------------------+-------+---------+---------+
       Total:                         520     0         0      
                                                               
    E:\ti\ccs2100\ccs\tools\compiler\ti-cgt-armllvm_5.1.1.LTS\lib\armv6m-ti-none-eabi/c/libsysbm.a
       hostexit.c.obj                 4       0         0      
    +--+------------------------------+-------+---------+---------+
       Total:                         4       0         0      
                                                               
    E:\ti\ccs2100\ccs\tools\compiler\ti-cgt-armllvm_5.1.1.LTS\lib\armv6m-ti-none-eabi/libclang_rt.builtins.a
       addsf3.S.obj                   216     0         0      
       udivmoddi4.S.obj               162     0         0      
       comparesf2.S.obj               140     0         0      
       mulsf3.S.obj                   140     0         0      
       divsf3.S.obj                   130     0         0      
       aeabi_fcmp.S.obj               90      0         0      
       aeabi_idivmod.S.obj            86      0         0      
       floatdisf.S.obj                78      0         0      
       aeabi_uidivmod.S.obj           64      0         0      
       divmoddi4.c.obj                62      0         0      
       floatsisf.S.obj                60      0         0      
       muldsi3.S.obj                  58      0         0      
       fixsfsi.S.obj                  56      0         0      
       floatunsisf.S.obj              40      0         0      
       muldi3.S.obj                   36      0         0      
       ashldi3.S.obj                  30      0         0      
       aeabi_memset.S.obj             26      0         0      
       aeabi_ldivmod.S.obj            20      0         0      
       aeabi_uldivmod.S.obj           20      0         0      
       aeabi_memcpy.S.obj             8       0         0      
       aeabi_div0.c.obj               4       0         0      
    +--+------------------------------+-------+---------+---------+
       Total:                         1526    0         0      
                                                               
       Stack:                         0       0         512    
       Linker Generated:              0       44        0      
    +--+------------------------------+-------+---------+---------+
       Grand Total:                   46498   2944      2168   


LINKER GENERATED COPY TABLES

__TI_cinit_table @ 0000c13c records: 2, size/record: 8, table size: 16
	.bss: load addr=0000c12c, load size=00000008 bytes, run addr=20200000, run size=0000065f bytes, compression=zero_init
	.data: load addr=0000c134, load size=00000008 bytes, run addr=20200660, run size=00000019 bytes, compression=lzss


LINKER GENERATED HANDLER TABLE

__TI_handler_table @ 0000c120 records: 3, size/record: 4, table size: 12
	index: 0, handler: __TI_decompress_lzss
	index: 1, handler: __TI_decompress_none
	index: 2, handler: __TI_zero_init


GLOBAL SYMBOLS: SORTED ALPHABETICALLY BY Name 

address   name                            
-------   ----                            
000071e3  ADC0_IRQHandler                 
000071e3  ADC1_IRQHandler                 
000071e3  AES_IRQHandler                  
0000b34f  AngleTurnControl_cancel         
0000b259  AngleTurnControl_init           
0000b645  AngleTurnControl_isActive       
0000a2a9  AngleTurnControl_start          
00009d15  AngleTurnControl_update         
0000b666  C$$EXIT                         
000071e3  CANFD0_IRQHandler               
0000b401  CarControl_coast                
0000b41f  CarControl_emergencyStop        
0000b663  CarControl_getMotion            
0000b64b  CarControl_getSpeedRpm          
0000b651  CarControl_getTurnInnerPercent  
0000ae7d  CarControl_init                 
00009269  CarControl_setMotion            
0000b2b1  CarControl_stop                 
000071e3  DAC0_IRQHandler                 
0000b631  DL_Common_delayCycles           
0000aa41  DL_I2C_fillControllerTXFIFO     
0000b1c9  DL_I2C_flushControllerRXFIFO    
0000afc1  DL_I2C_flushControllerTXFIFO    
0000b329  DL_I2C_setClockConfig           
0000980d  DL_Timer_initFourCCPWMMode      
00009c19  DL_Timer_initTimerMode          
0000b499  DL_Timer_setCaptCompUpdateMethod
0000b521  DL_Timer_setCaptureCompareOutCtl
0000b5b1  DL_Timer_setCaptureCompareValue 
0000b4b5  DL_Timer_setClockConfig         
0000adf1  DL_UART_init                    
0000b579  DL_UART_setClockConfig          
0000b1f9  DL_UART_transmitDataBlocking    
000071e3  DMA_IRQHandler                  
000071e3  Default_Handler                 
000071e3  GROUP0_IRQHandler               
0000a6e5  GROUP1_IRQHandler               
0000b285  Grayscale_Sensor_Init           
00008e29  Grayscale_Sensor_ReadAll        
0000b667  HOSTexit                        
000071e3  HardFault_Handler               
000071e3  I2C0_IRQHandler                 
000071e3  I2C1_IRQHandler                 
0000ae39  LapTaskControl_init             
0000b58b  LapTaskControl_isRunning        
0000b075  LapTaskControl_reset            
00009705  LapTaskControl_start            
00007839  LapTaskControl_update           
0000b657  LineTracking_getSpeed           
0000b43d  LineTracking_init               
0000b66b  LineTracking_isEnabled          
00009fa9  LineTracking_readActiveCount    
0000b5c1  LineTracking_reset              
0000b66f  LineTracking_setDebugEnabled    
0000b673  LineTracking_setEnabled         
0000b677  LineTracking_setSpeed           
0000647d  LineTracking_update             
0000b601  MPU6050_Angle_getDeviceId       
0000b60d  MPU6050_Angle_getZDegrees       
00007b01  MPU6050_Angle_initWithProgress  
0000b619  MPU6050_Angle_reset             
0000a9e1  MPU6050_Angle_update            
0000b0af  MotorControl_coast              
0000b195  MotorControl_handleEncoderEdge  
0000aafd  MotorControl_init               
0000b45b  MotorControl_setTargetRpm       
0000a44d  MotorControl_takeStatus         
0000752d  MotorControl_update             
000071e3  NMI_Handler                     
00006e11  OLED_Init                       
00007fed  OLED_ShowCalibration            
00005f11  OLED_ShowStopwatch              
00007d79  OLED_ShowTask                   
000071e3  PendSV_Handler                  
000071e3  RTC_IRQHandler                  
0000b67b  Reset_Handler                   
000071e3  SPI0_IRQHandler                 
000071e3  SPI1_IRQHandler                 
000071e3  SVC_Handler                     
00008fa9  SYSCFG_DL_GPIO_init             
0000ac5d  SYSCFG_DL_I2C_MPU6050_init      
0000acb1  SYSCFG_DL_I2C_OLED_init         
0000a189  SYSCFG_DL_PWM_MOTOR_AB_init     
0000a219  SYSCFG_DL_PWM_MOTOR_CD_init     
0000aec1  SYSCFG_DL_SYSCTL_init           
0000b125  SYSCFG_DL_TIMER_PID_init        
0000a759  SYSCFG_DL_UART_0_init           
0000a7c9  SYSCFG_DL_UART_1_init           
0000a839  SYSCFG_DL_UART_OPENMV_init      
0000ad05  SYSCFG_DL_init                  
0000a4d9  SYSCFG_DL_initPower             
0000b229  Stopwatch_getCurrentMs          
0000b3e1  Stopwatch_start                 
0000b373  StraightTaskControl_init        
0000b5d1  StraightTaskControl_isRunning   
0000b4d1  StraightTaskControl_reset       
000094c9  StraightTaskControl_start       
00009109  StraightTaskControl_update      
000071e3  SysTick_Handler                 
000071e3  TIMA0_IRQHandler                
0000ab55  TIMA1_IRQHandler                
000071e3  TIMG0_IRQHandler                
000071e3  TIMG12_IRQHandler               
000071e3  TIMG6_IRQHandler                
000071e3  TIMG7_IRQHandler                
000071e3  TIMG8_IRQHandler                
0000a8a9  TaskExecutor_init               
0000b3bd  TaskExecutor_isRunning          
0000b4eb  TaskExecutor_reset              
000086d5  TaskExecutor_update             
0000b625  TaskManager_getActiveTask       
00009ed5  TaskManager_init                
0000b5e1  TaskManager_taskStartPressed    
000095ed  TaskManager_update              
0000a919  UART0_IRQHandler                
0000abad  UART1_IRQHandler                
000071e3  UART2_IRQHandler                
0000ada5  UART3_IRQHandler                
20208000  __STACK_END                     
00000200  __STACK_SIZE                    
00000000  __TI_ATRegion0_region_sz        
00000000  __TI_ATRegion0_src_addr         
00000000  __TI_ATRegion0_trg_addr         
00000000  __TI_ATRegion1_region_sz        
00000000  __TI_ATRegion1_src_addr         
00000000  __TI_ATRegion1_trg_addr         
00000000  __TI_ATRegion2_region_sz        
00000000  __TI_ATRegion2_src_addr         
00000000  __TI_ATRegion2_trg_addr         
0000c13c  __TI_CINIT_Base                 
0000c14c  __TI_CINIT_Limit                
0000c14c  __TI_CINIT_Warm                 
0000c120  __TI_Handler_Table_Base         
0000c12c  __TI_Handler_Table_Limit        
0000affd  __TI_auto_init_nobinit_nopinit  
0000a669  __TI_decompress_lzss            
0000b59d  __TI_decompress_none            
ffffffff  __TI_pprof_out_hndl             
ffffffff  __TI_prof_data_size             
ffffffff  __TI_prof_data_start            
00000000  __TI_static_base__              
0000b5f1  __TI_zero_init                  
00009e07  __addsf3                        
0000b15d  __aeabi_f2iz                    
00009e07  __aeabi_fadd                    
0000aaa1  __aeabi_fcmpeq                  
0000aad7  __aeabi_fcmpge                  
0000aae9  __aeabi_fcmpgt                  
0000aac5  __aeabi_fcmple                  
0000aab3  __aeabi_fcmplt                  
0000a3ab  __aeabi_fcmpun                  
0000a5e5  __aeabi_fdiv                    
0000a3c1  __aeabi_fmul                    
00009dfd  __aeabi_fsub                    
0000b039  __aeabi_i2f                     
0000ac05  __aeabi_idiv                    
0000a04b  __aeabi_idiv0                   
0000ac05  __aeabi_idivmod                 
0000ad55  __aeabi_l2f                     
0000a4d7  __aeabi_ldiv0                   
0000b551  __aeabi_ldivmod                 
0000b479  __aeabi_llsl                    
0000b399  __aeabi_lmul                    
0000b513  __aeabi_memclr                  
0000b513  __aeabi_memclr4                 
0000b513  __aeabi_memclr8                 
0000b63d  __aeabi_memcpy                  
0000b63d  __aeabi_memcpy4                 
0000b63d  __aeabi_memcpy8                 
0000b505  __aeabi_memset                  
0000b505  __aeabi_memset4                 
0000b505  __aeabi_memset8                 
0000b301  __aeabi_ui2f                    
0000af41  __aeabi_uidiv                   
0000af41  __aeabi_uidivmod                
0000b565  __aeabi_uldivmod                
0000b479  __ashldi3                       
ffffffff  __binit__                       
0000a335  __cmpsf2                        
0000af81  __divmoddi4                     
0000a5e5  __divsf3                        
0000a335  __eqsf2                         
0000b15d  __fixsfsi                       
0000ad55  __floatdisf                     
0000b039  __floatsisf                     
0000b301  __floatunsisf                   
0000a36f  __gesf2                         
0000a36f  __gtsf2                         
0000a335  __lesf2                         
0000a335  __ltsf2                         
UNDEFED   __mpu_init                      
0000b399  __muldi3                        
0000b0e9  __muldsi3                       
0000a3c1  __mulsf3                        
0000a335  __nesf2                         
20207e00  __stack                         
20200000  __start___llvm_prf_bits         
20200000  __start___llvm_prf_cnts         
20200000  __stop___llvm_prf_bits          
20200000  __stop___llvm_prf_cnts          
00009dfd  __subsf3                        
0000a04d  __udivmoddi4                    
0000a3ab  __unordsf2                      
0000b2d9  _c_int00_noargs                 
UNDEFED   _system_post_cinit              
0000b67f  _system_pre_init                
0000b65d  abort                           
ffffffff  binit                           
0000bf2c  gLapTask2Profile                
0000bf42  gLapTask5Profile                
0000bf58  gLapTask6Profile                
20200000  gPWM_MOTOR_CDBackup             
0000bff4  gStraightTask4Profile           
202000bc  gTIMER_PIDBackup                
2020059c  gUART_1Backup                   
00000000  interruptVectors                
00004029  main                            
0000a0ef  memcpy                          
0000a97d  memset                          
20200670  systick_ms                      


GLOBAL SYMBOLS: SORTED BY Symbol Address 

address   name                            
-------   ----                            
00000000  __TI_ATRegion0_region_sz        
00000000  __TI_ATRegion0_src_addr         
00000000  __TI_ATRegion0_trg_addr         
00000000  __TI_ATRegion1_region_sz        
00000000  __TI_ATRegion1_src_addr         
00000000  __TI_ATRegion1_trg_addr         
00000000  __TI_ATRegion2_region_sz        
00000000  __TI_ATRegion2_src_addr         
00000000  __TI_ATRegion2_trg_addr         
00000000  __TI_static_base__              
00000000  interruptVectors                
00000200  __STACK_SIZE                    
00004029  main                            
00005f11  OLED_ShowStopwatch              
0000647d  LineTracking_update             
00006e11  OLED_Init                       
000071e3  ADC0_IRQHandler                 
000071e3  ADC1_IRQHandler                 
000071e3  AES_IRQHandler                  
000071e3  CANFD0_IRQHandler               
000071e3  DAC0_IRQHandler                 
000071e3  DMA_IRQHandler                  
000071e3  Default_Handler                 
000071e3  GROUP0_IRQHandler               
000071e3  HardFault_Handler               
000071e3  I2C0_IRQHandler                 
000071e3  I2C1_IRQHandler                 
000071e3  NMI_Handler                     
000071e3  PendSV_Handler                  
000071e3  RTC_IRQHandler                  
000071e3  SPI0_IRQHandler                 
000071e3  SPI1_IRQHandler                 
000071e3  SVC_Handler                     
000071e3  SysTick_Handler                 
000071e3  TIMA0_IRQHandler                
000071e3  TIMG0_IRQHandler                
000071e3  TIMG12_IRQHandler               
000071e3  TIMG6_IRQHandler                
000071e3  TIMG7_IRQHandler                
000071e3  TIMG8_IRQHandler                
000071e3  UART2_IRQHandler                
0000752d  MotorControl_update             
00007839  LapTaskControl_update           
00007b01  MPU6050_Angle_initWithProgress  
00007d79  OLED_ShowTask                   
00007fed  OLED_ShowCalibration            
000086d5  TaskExecutor_update             
00008e29  Grayscale_Sensor_ReadAll        
00008fa9  SYSCFG_DL_GPIO_init             
00009109  StraightTaskControl_update      
00009269  CarControl_setMotion            
000094c9  StraightTaskControl_start       
000095ed  TaskManager_update              
00009705  LapTaskControl_start            
0000980d  DL_Timer_initFourCCPWMMode      
00009c19  DL_Timer_initTimerMode          
00009d15  AngleTurnControl_update         
00009dfd  __aeabi_fsub                    
00009dfd  __subsf3                        
00009e07  __addsf3                        
00009e07  __aeabi_fadd                    
00009ed5  TaskManager_init                
00009fa9  LineTracking_readActiveCount    
0000a04b  __aeabi_idiv0                   
0000a04d  __udivmoddi4                    
0000a0ef  memcpy                          
0000a189  SYSCFG_DL_PWM_MOTOR_AB_init     
0000a219  SYSCFG_DL_PWM_MOTOR_CD_init     
0000a2a9  AngleTurnControl_start          
0000a335  __cmpsf2                        
0000a335  __eqsf2                         
0000a335  __lesf2                         
0000a335  __ltsf2                         
0000a335  __nesf2                         
0000a36f  __gesf2                         
0000a36f  __gtsf2                         
0000a3ab  __aeabi_fcmpun                  
0000a3ab  __unordsf2                      
0000a3c1  __aeabi_fmul                    
0000a3c1  __mulsf3                        
0000a44d  MotorControl_takeStatus         
0000a4d7  __aeabi_ldiv0                   
0000a4d9  SYSCFG_DL_initPower             
0000a5e5  __aeabi_fdiv                    
0000a5e5  __divsf3                        
0000a669  __TI_decompress_lzss            
0000a6e5  GROUP1_IRQHandler               
0000a759  SYSCFG_DL_UART_0_init           
0000a7c9  SYSCFG_DL_UART_1_init           
0000a839  SYSCFG_DL_UART_OPENMV_init      
0000a8a9  TaskExecutor_init               
0000a919  UART0_IRQHandler                
0000a97d  memset                          
0000a9e1  MPU6050_Angle_update            
0000aa41  DL_I2C_fillControllerTXFIFO     
0000aaa1  __aeabi_fcmpeq                  
0000aab3  __aeabi_fcmplt                  
0000aac5  __aeabi_fcmple                  
0000aad7  __aeabi_fcmpge                  
0000aae9  __aeabi_fcmpgt                  
0000aafd  MotorControl_init               
0000ab55  TIMA1_IRQHandler                
0000abad  UART1_IRQHandler                
0000ac05  __aeabi_idiv                    
0000ac05  __aeabi_idivmod                 
0000ac5d  SYSCFG_DL_I2C_MPU6050_init      
0000acb1  SYSCFG_DL_I2C_OLED_init         
0000ad05  SYSCFG_DL_init                  
0000ad55  __aeabi_l2f                     
0000ad55  __floatdisf                     
0000ada5  UART3_IRQHandler                
0000adf1  DL_UART_init                    
0000ae39  LapTaskControl_init             
0000ae7d  CarControl_init                 
0000aec1  SYSCFG_DL_SYSCTL_init           
0000af41  __aeabi_uidiv                   
0000af41  __aeabi_uidivmod                
0000af81  __divmoddi4                     
0000afc1  DL_I2C_flushControllerTXFIFO    
0000affd  __TI_auto_init_nobinit_nopinit  
0000b039  __aeabi_i2f                     
0000b039  __floatsisf                     
0000b075  LapTaskControl_reset            
0000b0af  MotorControl_coast              
0000b0e9  __muldsi3                       
0000b125  SYSCFG_DL_TIMER_PID_init        
0000b15d  __aeabi_f2iz                    
0000b15d  __fixsfsi                       
0000b195  MotorControl_handleEncoderEdge  
0000b1c9  DL_I2C_flushControllerRXFIFO    
0000b1f9  DL_UART_transmitDataBlocking    
0000b229  Stopwatch_getCurrentMs          
0000b259  AngleTurnControl_init           
0000b285  Grayscale_Sensor_Init           
0000b2b1  CarControl_stop                 
0000b2d9  _c_int00_noargs                 
0000b301  __aeabi_ui2f                    
0000b301  __floatunsisf                   
0000b329  DL_I2C_setClockConfig           
0000b34f  AngleTurnControl_cancel         
0000b373  StraightTaskControl_init        
0000b399  __aeabi_lmul                    
0000b399  __muldi3                        
0000b3bd  TaskExecutor_isRunning          
0000b3e1  Stopwatch_start                 
0000b401  CarControl_coast                
0000b41f  CarControl_emergencyStop        
0000b43d  LineTracking_init               
0000b45b  MotorControl_setTargetRpm       
0000b479  __aeabi_llsl                    
0000b479  __ashldi3                       
0000b499  DL_Timer_setCaptCompUpdateMethod
0000b4b5  DL_Timer_setClockConfig         
0000b4d1  StraightTaskControl_reset       
0000b4eb  TaskExecutor_reset              
0000b505  __aeabi_memset                  
0000b505  __aeabi_memset4                 
0000b505  __aeabi_memset8                 
0000b513  __aeabi_memclr                  
0000b513  __aeabi_memclr4                 
0000b513  __aeabi_memclr8                 
0000b521  DL_Timer_setCaptureCompareOutCtl
0000b551  __aeabi_ldivmod                 
0000b565  __aeabi_uldivmod                
0000b579  DL_UART_setClockConfig          
0000b58b  LapTaskControl_isRunning        
0000b59d  __TI_decompress_none            
0000b5b1  DL_Timer_setCaptureCompareValue 
0000b5c1  LineTracking_reset              
0000b5d1  StraightTaskControl_isRunning   
0000b5e1  TaskManager_taskStartPressed    
0000b5f1  __TI_zero_init                  
0000b601  MPU6050_Angle_getDeviceId       
0000b60d  MPU6050_Angle_getZDegrees       
0000b619  MPU6050_Angle_reset             
0000b625  TaskManager_getActiveTask       
0000b631  DL_Common_delayCycles           
0000b63d  __aeabi_memcpy                  
0000b63d  __aeabi_memcpy4                 
0000b63d  __aeabi_memcpy8                 
0000b645  AngleTurnControl_isActive       
0000b64b  CarControl_getSpeedRpm          
0000b651  CarControl_getTurnInnerPercent  
0000b657  LineTracking_getSpeed           
0000b65d  abort                           
0000b663  CarControl_getMotion            
0000b666  C$$EXIT                         
0000b667  HOSTexit                        
0000b66b  LineTracking_isEnabled          
0000b66f  LineTracking_setDebugEnabled    
0000b673  LineTracking_setEnabled         
0000b677  LineTracking_setSpeed           
0000b67b  Reset_Handler                   
0000b67f  _system_pre_init                
0000bf2c  gLapTask2Profile                
0000bf42  gLapTask5Profile                
0000bf58  gLapTask6Profile                
0000bff4  gStraightTask4Profile           
0000c120  __TI_Handler_Table_Base         
0000c12c  __TI_Handler_Table_Limit        
0000c13c  __TI_CINIT_Base                 
0000c14c  __TI_CINIT_Limit                
0000c14c  __TI_CINIT_Warm                 
20200000  __start___llvm_prf_bits         
20200000  __start___llvm_prf_cnts         
20200000  __stop___llvm_prf_bits          
20200000  __stop___llvm_prf_cnts          
20200000  gPWM_MOTOR_CDBackup             
202000bc  gTIMER_PIDBackup                
2020059c  gUART_1Backup                   
20200670  systick_ms                      
20207e00  __stack                         
20208000  __STACK_END                     
ffffffff  __TI_pprof_out_hndl             
ffffffff  __TI_prof_data_size             
ffffffff  __TI_prof_data_start            
ffffffff  __binit__                       
ffffffff  binit                           
UNDEFED   __mpu_init                      
UNDEFED   _system_post_cinit              

[220 symbols]
