******************************************************************************
            TI ARM Clang Linker PC v5.1.1                      
******************************************************************************
>> Linked Sun Jul 19 17:54:41 2026

OUTPUT FILE NAME:   <main.out>
ENTRY POINT SYMBOL: "_c_int00_noargs"  address: 000019a1


MEMORY CONFIGURATION

         name            origin    length      used     unused   attr    fill
----------------------  --------  ---------  --------  --------  ----  --------
  FLASH                 00000000   00020000  00001c48  0001e3b8  R  X
  SRAM                  20200000   00008000  00000484  00007b7c  RW X
  BCR_CONFIG            41c00000   000000ff  00000000  000000ff  R   
  BSL_CONFIG            41c00100   00000080  00000000  00000080  R   


SEGMENT ALLOCATION MAP

run origin  load origin   length   init length attrs members
----------  ----------- ---------- ----------- ----- -------
00000000    00000000    00001c48   00001c48    r-x
  00000000    00000000    000000c0   000000c0    r-- .intvecs
  000000c0    000000c0    00001a98   00001a98    r-x .text
  00001b58    00001b58    000000d8   000000d8    r-- .rodata
  00001c30    00001c30    00000018   00000018    r-- .cinit
20200000    20200000    00000284   00000000    rw-
  20200000    20200000    00000284   00000000    rw- .bss
20207e00    20207e00    00000200   00000000    rw-
  20207e00    20207e00    00000200   00000000    rw- .stack


SECTION ALLOCATION MAP

 output                                  attributes/
section   page    origin      length       input sections
--------  ----  ----------  ----------   ----------------
.intvecs   0    00000000    000000c0     
                  00000000    000000c0     startup_mspm0g350x_ticlang.o (.intvecs)

.text      0    000000c0    00001a98     
                  000000c0    000005d4     main.o (.text.UART_reportMotorStatus)
                  00000694    000002d8     motor_control.o (.text.MotorControl_update)
                  0000096c    000001b0     main.o (.text.UART0_IRQHandler)
                  00000b1c    00000104     driverlib.a : dl_timer.o (.text.DL_Timer_initFourCCPWMMode)
                  00000c20    000000fc                 : dl_timer.o (.text.DL_Timer_initTimerMode)
                  00000d1c    000000ec     main.o (.text.main)
                  00000e08    000000d8     libclang_rt.builtins.a : addsf3.S.obj (.text)
                  00000ee0    000000c8     ti_msp_dl_config.o (.text.SYSCFG_DL_GPIO_init)
                  00000fa8    000000a2     libclang_rt.builtins.a : udivmoddi4.S.obj (.text)
                  0000104a    0000009a     libc.a : memcpy16.S.obj (.text:memcpy)
                  000010e4    00000090     ti_msp_dl_config.o (.text.SYSCFG_DL_PWM_MOTOR_AB_init)
                  00001174    00000090     ti_msp_dl_config.o (.text.SYSCFG_DL_PWM_MOTOR_CD_init)
                  00001204    0000008c     libclang_rt.builtins.a : comparesf2.S.obj (.text)
                  00001290    0000008c                            : mulsf3.S.obj (.text)
                  0000131c    0000008a     motor_control.o (.text.MotorControl_takeStatus)
                  000013a6    00000002     startup_mspm0g350x_ticlang.o (.text.Default_Handler)
                  000013a8    00000082     libclang_rt.builtins.a : divsf3.S.obj (.text)
                  0000142a    00000002                            : aeabi_div0.c.obj (.text.__aeabi_idiv0)
                  0000142c    00000070     ti_msp_dl_config.o (.text.SYSCFG_DL_UART_0_init)
                  0000149c    00000070     ti_msp_dl_config.o (.text.SYSCFG_DL_initPower)
                  0000150c    00000062     libc.a : memset16.S.obj (.text:memset)
                  0000156e    00000002     libclang_rt.builtins.a : aeabi_div0.c.obj (.text.__aeabi_ldiv0)
                  00001570    00000060     ti_msp_dl_config.o (.text.SYSCFG_DL_UART_1_init)
                  000015d0    0000005a     libclang_rt.builtins.a : aeabi_fcmp.S.obj (.text)
                  0000162a    00000002     --HOLE-- [fill = 0]
                  0000162c    00000058     motor_control.o (.text.MotorControl_init)
                  00001684    00000048     driverlib.a : dl_uart.o (.text.DL_UART_init)
                  000016cc    00000040     ti_msp_dl_config.o (.text.SYSCFG_DL_SYSCTL_init)
                  0000170c    00000040     libclang_rt.builtins.a : aeabi_uidivmod.S.obj (.text)
                  0000174c    0000003e                            : divmoddi4.c.obj (.text.__divmoddi4)
                  0000178a    00000002     --HOLE-- [fill = 0]
                  0000178c    0000003c     ti_msp_dl_config.o (.text.SYSCFG_DL_init)
                  000017c8    0000003c     libc.a : autoinit.c.obj (.text:__TI_auto_init_nobinit_nopinit)
                  00001804    0000003a     libclang_rt.builtins.a : muldsi3.S.obj (.text)
                  0000183e    00000002     --HOLE-- [fill = 0]
                  00001840    00000038     main.o (.text.GROUP1_IRQHandler)
                  00001878    00000038     ti_msp_dl_config.o (.text.SYSCFG_DL_TIMER_PID_init)
                  000018b0    00000038     libclang_rt.builtins.a : fixsfsi.S.obj (.text)
                  000018e8    00000030     driverlib.a : dl_uart.o (.text.DL_UART_transmitDataBlocking)
                  00001918    00000030     motor_control.o (.text.MotorControl_handleEncoderEdge)
                  00001948    00000030     ti_msp_dl_config.o (.text.SYSCFG_DL_I2C_0_init)
                  00001978    00000028     main.o (.text.TIMA1_IRQHandler)
                  000019a0    00000028     libc.a : boot_cortex_m.c.obj (.text:_c_int00_noargs)
                  000019c8    00000028     libclang_rt.builtins.a : floatunsisf.S.obj (.text)
                  000019f0    00000026     driverlib.a : dl_i2c.o (.text.DL_I2C_setClockConfig)
                  00001a16    00000002     --HOLE-- [fill = 0]
                  00001a18    00000024     libclang_rt.builtins.a : muldi3.S.obj (.text)
                  00001a3c    0000001e                            : ashldi3.S.obj (.text)
                  00001a5a    00000002     --HOLE-- [fill = 0]
                  00001a5c    0000001c     driverlib.a : dl_timer.o (.text.DL_Timer_setCaptCompUpdateMethod)
                  00001a78    0000001c                 : dl_timer.o (.text.DL_Timer_setClockConfig)
                  00001a94    0000001a     libclang_rt.builtins.a : aeabi_memset.S.obj (.text)
                  00001aae    00000002     --HOLE-- [fill = 0]
                  00001ab0    00000018     driverlib.a : dl_timer.o (.text.DL_Timer_setCaptureCompareOutCtl)
                  00001ac8    00000018     motor_control.o (.text.MotorControl_setTargetRpm)
                  00001ae0    00000016     libc.a : copy_zero_init.c.obj (.text:decompress:ZI:__TI_zero_init_nomemset)
                  00001af6    00000002     --HOLE-- [fill = 0]
                  00001af8    00000014     libclang_rt.builtins.a : aeabi_ldivmod.S.obj (.text)
                  00001b0c    00000012     driverlib.a : dl_uart.o (.text.DL_UART_setClockConfig)
                  00001b1e    00000002     --HOLE-- [fill = 0]
                  00001b20    00000010                 : dl_timer.o (.text.DL_Timer_setCaptureCompareValue)
                  00001b30    0000000a                 : dl_common.o (.text.DL_Common_delayCycles)
                  00001b3a    00000002     --HOLE-- [fill = 0]
                  00001b3c    00000008     libclang_rt.builtins.a : aeabi_memcpy.S.obj (.text)
                  00001b44    00000006     libc.a : exit.c.obj (.text:abort)
                  00001b4a    00000004     libsysbm.a : hostexit.c.obj (.text.HOSTexit)
                  00001b4e    00000004     startup_mspm0g350x_ticlang.o (.text.Reset_Handler)
                  00001b52    00000004     libc.a : pre_init.c.obj (.text._system_pre_init)
                  00001b56    00000002     --HOLE-- [fill = 0]

.cinit     0    00001c30    00000018     
                  00001c30    00000008     (.cinit..bss.load) [load image, compression = zero_init]
                  00001c38    00000004     (__TI_handler_table)
                  00001c3c    00000008     (__TI_cinit_table)
                  00001c44    00000004     --HOLE-- [fill = 0]

.rodata    0    00001b58    000000d8     
                  00001b58    00000048     main.o (.rodata.gMotorAConfig)
                  00001ba0    00000048     main.o (.rodata.gMotorBConfig)
                  00001be8    00000014     ti_msp_dl_config.o (.rodata.gTIMER_PIDTimerConfig)
                  00001bfc    0000000a     ti_msp_dl_config.o (.rodata.gUART_0Config)
                  00001c06    0000000a     ti_msp_dl_config.o (.rodata.gUART_1Config)
                  00001c10    00000008     ti_msp_dl_config.o (.rodata.gPWM_MOTOR_ABConfig)
                  00001c18    00000008     ti_msp_dl_config.o (.rodata.gPWM_MOTOR_CDConfig)
                  00001c20    00000003     ti_msp_dl_config.o (.rodata.gPWM_MOTOR_ABClockConfig)
                  00001c23    00000003     ti_msp_dl_config.o (.rodata.gPWM_MOTOR_CDClockConfig)
                  00001c26    00000003     ti_msp_dl_config.o (.rodata.gTIMER_PIDClockConfig)
                  00001c29    00000002     ti_msp_dl_config.o (.rodata.gI2C_0ClockConfig)
                  00001c2b    00000002     ti_msp_dl_config.o (.rodata.gUART_0ClockConfig)
                  00001c2d    00000002     ti_msp_dl_config.o (.rodata.gUART_1ClockConfig)
                  00001c2f    00000001     --HOLE-- [fill = 0]

.init_array 
*          0    00000000    00000000     UNINITIALIZED

.binit     0    00000000    00000000     

.bss       0    20200000    00000284     UNINITIALIZED
                  20200000    000000bc     (.common:gPWM_MOTOR_CDBackup)
                  202000bc    000000bc     (.common:gTIMER_PIDBackup)
                  20200178    00000070     main.o (.bss.gMotorA)
                  202001e8    00000070     main.o (.bss.gMotorB)
                  20200258    00000010     main.o (.bss.main.motorAStatus)
                  20200268    00000010     main.o (.bss.main.motorBStatus)
                  20200278    00000004     main.o (.bss.gRxTargets)
                  2020027c    00000002     main.o (.bss.gRxValue)
                  2020027e    00000001     main.o (.bss.gRxDigitCount)
                  2020027f    00000001     main.o (.bss.gRxInvalid)
                  20200280    00000001     main.o (.bss.gRxMotorIndex)
                  20200281    00000001     main.o (.bss.gRxNegative)
                  20200282    00000001     main.o (.bss.main.motorAStatusReady)
                  20200283    00000001     main.o (.bss.main.motorBStatusReady)

.stack     0    20207e00    00000200     UNINITIALIZED
                  20207e00    00000004     libc.a : boot_cortex_m.c.obj (.stack)
                  20207e04    000001fc     --HOLE--

__llvm_prf_cnts 
*          0    20200000    00000000     UNINITIALIZED

__llvm_prf_bits 
*          0    20200000    00000000     UNINITIALIZED

MODULE SUMMARY

       Module                         code   ro data   rw data
       ------                         ----   -------   -------
    .\
       main.o                         2256   144       268    
       ti_msp_dl_config.o             1036   71        376    
       motor_control.o                1026   0         0      
       startup_mspm0g350x_ticlang.o   6      192       0      
    +--+------------------------------+------+---------+---------+
       Total:                         4324   407       644    
                                                              
    C:/ti/mspm0_sdk_2_11_00_07/source/ti/driverlib/lib/ticlang/m0p/mspm0g1x0x_g3x0x/driverlib.a
       dl_timer.o                     608    0         0      
       dl_uart.o                      138    0         0      
       dl_i2c.o                       38     0         0      
       dl_common.o                    10     0         0      
    +--+------------------------------+------+---------+---------+
       Total:                         794    0         0      
                                                              
    C:\ti\ccs2100\ccs\tools\compiler\ti-cgt-armllvm_5.1.1.LTS\lib\armv6m-ti-none-eabi/c/libc.a
       memcpy16.S.obj                 154    0         0      
       memset16.S.obj                 98     0         0      
       autoinit.c.obj                 60     0         0      
       boot_cortex_m.c.obj            40     0         0      
       copy_zero_init.c.obj           22     0         0      
       exit.c.obj                     6      0         0      
       pre_init.c.obj                 4      0         0      
    +--+------------------------------+------+---------+---------+
       Total:                         384    0         0      
                                                              
    C:\ti\ccs2100\ccs\tools\compiler\ti-cgt-armllvm_5.1.1.LTS\lib\armv6m-ti-none-eabi/c/libsysbm.a
       hostexit.c.obj                 4      0         0      
    +--+------------------------------+------+---------+---------+
       Total:                         4      0         0      
                                                              
    C:\ti\ccs2100\ccs\tools\compiler\ti-cgt-armllvm_5.1.1.LTS\lib\armv6m-ti-none-eabi/libclang_rt.builtins.a
       addsf3.S.obj                   216    0         0      
       udivmoddi4.S.obj               162    0         0      
       comparesf2.S.obj               140    0         0      
       mulsf3.S.obj                   140    0         0      
       divsf3.S.obj                   130    0         0      
       aeabi_fcmp.S.obj               90     0         0      
       aeabi_uidivmod.S.obj           64     0         0      
       divmoddi4.c.obj                62     0         0      
       muldsi3.S.obj                  58     0         0      
       fixsfsi.S.obj                  56     0         0      
       floatunsisf.S.obj              40     0         0      
       muldi3.S.obj                   36     0         0      
       ashldi3.S.obj                  30     0         0      
       aeabi_memset.S.obj             26     0         0      
       aeabi_ldivmod.S.obj            20     0         0      
       aeabi_memcpy.S.obj             8      0         0      
       aeabi_div0.c.obj               4      0         0      
    +--+------------------------------+------+---------+---------+
       Total:                         1282   0         0      
                                                              
       Stack:                         0      0         512    
       Linker Generated:              0      20        0      
    +--+------------------------------+------+---------+---------+
       Grand Total:                   6788   427       1156   


LINKER GENERATED COPY TABLES

__TI_cinit_table @ 00001c3c records: 1, size/record: 8, table size: 8
	.bss: load addr=00001c30, load size=00000008 bytes, run addr=20200000, run size=00000284 bytes, compression=zero_init


LINKER GENERATED HANDLER TABLE

__TI_handler_table @ 00001c38 records: 1, size/record: 4, table size: 4
	index: 0, handler: __TI_zero_init


GLOBAL SYMBOLS: SORTED ALPHABETICALLY BY Name 

address   name                            
-------   ----                            
000013a7  ADC0_IRQHandler                 
000013a7  ADC1_IRQHandler                 
000013a7  AES_IRQHandler                  
00001b4a  C$$EXIT                         
000013a7  CANFD0_IRQHandler               
000013a7  DAC0_IRQHandler                 
00001b31  DL_Common_delayCycles           
000019f1  DL_I2C_setClockConfig           
00000b1d  DL_Timer_initFourCCPWMMode      
00000c21  DL_Timer_initTimerMode          
00001a5d  DL_Timer_setCaptCompUpdateMethod
00001ab1  DL_Timer_setCaptureCompareOutCtl
00001b21  DL_Timer_setCaptureCompareValue 
00001a79  DL_Timer_setClockConfig         
00001685  DL_UART_init                    
00001b0d  DL_UART_setClockConfig          
000018e9  DL_UART_transmitDataBlocking    
000013a7  DMA_IRQHandler                  
000013a7  Default_Handler                 
000013a7  GROUP0_IRQHandler               
00001841  GROUP1_IRQHandler               
00001b4b  HOSTexit                        
000013a7  HardFault_Handler               
000013a7  I2C0_IRQHandler                 
000013a7  I2C1_IRQHandler                 
00001919  MotorControl_handleEncoderEdge  
0000162d  MotorControl_init               
00001ac9  MotorControl_setTargetRpm       
0000131d  MotorControl_takeStatus         
00000695  MotorControl_update             
000013a7  NMI_Handler                     
000013a7  PendSV_Handler                  
000013a7  RTC_IRQHandler                  
00001b4f  Reset_Handler                   
000013a7  SPI0_IRQHandler                 
000013a7  SPI1_IRQHandler                 
000013a7  SVC_Handler                     
00000ee1  SYSCFG_DL_GPIO_init             
00001949  SYSCFG_DL_I2C_0_init            
000010e5  SYSCFG_DL_PWM_MOTOR_AB_init     
00001175  SYSCFG_DL_PWM_MOTOR_CD_init     
000016cd  SYSCFG_DL_SYSCTL_init           
00001879  SYSCFG_DL_TIMER_PID_init        
0000142d  SYSCFG_DL_UART_0_init           
00001571  SYSCFG_DL_UART_1_init           
0000178d  SYSCFG_DL_init                  
0000149d  SYSCFG_DL_initPower             
000013a7  SysTick_Handler                 
000013a7  TIMA0_IRQHandler                
00001979  TIMA1_IRQHandler                
000013a7  TIMG0_IRQHandler                
000013a7  TIMG12_IRQHandler               
000013a7  TIMG6_IRQHandler                
000013a7  TIMG7_IRQHandler                
000013a7  TIMG8_IRQHandler                
0000096d  UART0_IRQHandler                
000013a7  UART1_IRQHandler                
000013a7  UART2_IRQHandler                
000013a7  UART3_IRQHandler                
20208000  __STACK_END                     
00000200  __STACK_SIZE                    
00000000  __TI_ATRegion0_region_sz        
00000000  __TI_ATRegion0_src_addr         
00000000  __TI_ATRegion0_trg_addr         
00000000  __TI_ATRegion1_region_sz        
00000000  __TI_ATRegion1_src_addr         
00000000  __TI_ATRegion1_trg_addr         
00000000  __TI_ATRegion2_region_sz        
00000000  __TI_ATRegion2_src_addr         
00000000  __TI_ATRegion2_trg_addr         
00001c3c  __TI_CINIT_Base                 
00001c44  __TI_CINIT_Limit                
00001c44  __TI_CINIT_Warm                 
00001c38  __TI_Handler_Table_Base         
00001c3c  __TI_Handler_Table_Limit        
000017c9  __TI_auto_init_nobinit_nopinit  
ffffffff  __TI_pprof_out_hndl             
ffffffff  __TI_prof_data_size             
ffffffff  __TI_prof_data_start            
00000000  __TI_static_base__              
00001ae1  __TI_zero_init_nomemset         
00000e13  __addsf3                        
000018b1  __aeabi_f2iz                    
00000e13  __aeabi_fadd                    
000015d1  __aeabi_fcmpeq                  
00001607  __aeabi_fcmpge                  
00001619  __aeabi_fcmpgt                  
000015f5  __aeabi_fcmple                  
000015e3  __aeabi_fcmplt                  
0000127b  __aeabi_fcmpun                  
000013a9  __aeabi_fdiv                    
00001291  __aeabi_fmul                    
00000e09  __aeabi_fsub                    
0000142b  __aeabi_idiv0                   
0000156f  __aeabi_ldiv0                   
00001af9  __aeabi_ldivmod                 
00001a3d  __aeabi_llsl                    
00001a19  __aeabi_lmul                    
00001aa3  __aeabi_memclr                  
00001aa3  __aeabi_memclr4                 
00001aa3  __aeabi_memclr8                 
00001b3d  __aeabi_memcpy                  
00001b3d  __aeabi_memcpy4                 
00001b3d  __aeabi_memcpy8                 
00001a95  __aeabi_memset                  
00001a95  __aeabi_memset4                 
00001a95  __aeabi_memset8                 
000019c9  __aeabi_ui2f                    
0000170d  __aeabi_uidiv                   
0000170d  __aeabi_uidivmod                
00001a3d  __ashldi3                       
ffffffff  __binit__                       
00001205  __cmpsf2                        
0000174d  __divmoddi4                     
000013a9  __divsf3                        
00001205  __eqsf2                         
000018b1  __fixsfsi                       
000019c9  __floatunsisf                   
0000123f  __gesf2                         
0000123f  __gtsf2                         
00001205  __lesf2                         
00001205  __ltsf2                         
UNDEFED   __mpu_init                      
00001a19  __muldi3                        
00001805  __muldsi3                       
00001291  __mulsf3                        
00001205  __nesf2                         
20207e00  __stack                         
20200000  __start___llvm_prf_bits         
20200000  __start___llvm_prf_cnts         
20200000  __stop___llvm_prf_bits          
20200000  __stop___llvm_prf_cnts          
00000e09  __subsf3                        
00000fa9  __udivmoddi4                    
0000127b  __unordsf2                      
000019a1  _c_int00_noargs                 
UNDEFED   _system_post_cinit              
00001b53  _system_pre_init                
00001b45  abort                           
ffffffff  binit                           
20200000  gPWM_MOTOR_CDBackup             
202000bc  gTIMER_PIDBackup                
00000000  interruptVectors                
00000d1d  main                            
0000104b  memcpy                          
0000150d  memset                          


GLOBAL SYMBOLS: SORTED BY Symbol Address 

address   name                            
-------   ----                            
00000000  __TI_ATRegion0_region_sz        
00000000  __TI_ATRegion0_src_addr         
00000000  __TI_ATRegion0_trg_addr         
00000000  __TI_ATRegion1_region_sz        
00000000  __TI_ATRegion1_src_addr         
00000000  __TI_ATRegion1_trg_addr         
00000000  __TI_ATRegion2_region_sz        
00000000  __TI_ATRegion2_src_addr         
00000000  __TI_ATRegion2_trg_addr         
00000000  __TI_static_base__              
00000000  interruptVectors                
00000200  __STACK_SIZE                    
00000695  MotorControl_update             
0000096d  UART0_IRQHandler                
00000b1d  DL_Timer_initFourCCPWMMode      
00000c21  DL_Timer_initTimerMode          
00000d1d  main                            
00000e09  __aeabi_fsub                    
00000e09  __subsf3                        
00000e13  __addsf3                        
00000e13  __aeabi_fadd                    
00000ee1  SYSCFG_DL_GPIO_init             
00000fa9  __udivmoddi4                    
0000104b  memcpy                          
000010e5  SYSCFG_DL_PWM_MOTOR_AB_init     
00001175  SYSCFG_DL_PWM_MOTOR_CD_init     
00001205  __cmpsf2                        
00001205  __eqsf2                         
00001205  __lesf2                         
00001205  __ltsf2                         
00001205  __nesf2                         
0000123f  __gesf2                         
0000123f  __gtsf2                         
0000127b  __aeabi_fcmpun                  
0000127b  __unordsf2                      
00001291  __aeabi_fmul                    
00001291  __mulsf3                        
0000131d  MotorControl_takeStatus         
000013a7  ADC0_IRQHandler                 
000013a7  ADC1_IRQHandler                 
000013a7  AES_IRQHandler                  
000013a7  CANFD0_IRQHandler               
000013a7  DAC0_IRQHandler                 
000013a7  DMA_IRQHandler                  
000013a7  Default_Handler                 
000013a7  GROUP0_IRQHandler               
000013a7  HardFault_Handler               
000013a7  I2C0_IRQHandler                 
000013a7  I2C1_IRQHandler                 
000013a7  NMI_Handler                     
000013a7  PendSV_Handler                  
000013a7  RTC_IRQHandler                  
000013a7  SPI0_IRQHandler                 
000013a7  SPI1_IRQHandler                 
000013a7  SVC_Handler                     
000013a7  SysTick_Handler                 
000013a7  TIMA0_IRQHandler                
000013a7  TIMG0_IRQHandler                
000013a7  TIMG12_IRQHandler               
000013a7  TIMG6_IRQHandler                
000013a7  TIMG7_IRQHandler                
000013a7  TIMG8_IRQHandler                
000013a7  UART1_IRQHandler                
000013a7  UART2_IRQHandler                
000013a7  UART3_IRQHandler                
000013a9  __aeabi_fdiv                    
000013a9  __divsf3                        
0000142b  __aeabi_idiv0                   
0000142d  SYSCFG_DL_UART_0_init           
0000149d  SYSCFG_DL_initPower             
0000150d  memset                          
0000156f  __aeabi_ldiv0                   
00001571  SYSCFG_DL_UART_1_init           
000015d1  __aeabi_fcmpeq                  
000015e3  __aeabi_fcmplt                  
000015f5  __aeabi_fcmple                  
00001607  __aeabi_fcmpge                  
00001619  __aeabi_fcmpgt                  
0000162d  MotorControl_init               
00001685  DL_UART_init                    
000016cd  SYSCFG_DL_SYSCTL_init           
0000170d  __aeabi_uidiv                   
0000170d  __aeabi_uidivmod                
0000174d  __divmoddi4                     
0000178d  SYSCFG_DL_init                  
000017c9  __TI_auto_init_nobinit_nopinit  
00001805  __muldsi3                       
00001841  GROUP1_IRQHandler               
00001879  SYSCFG_DL_TIMER_PID_init        
000018b1  __aeabi_f2iz                    
000018b1  __fixsfsi                       
000018e9  DL_UART_transmitDataBlocking    
00001919  MotorControl_handleEncoderEdge  
00001949  SYSCFG_DL_I2C_0_init            
00001979  TIMA1_IRQHandler                
000019a1  _c_int00_noargs                 
000019c9  __aeabi_ui2f                    
000019c9  __floatunsisf                   
000019f1  DL_I2C_setClockConfig           
00001a19  __aeabi_lmul                    
00001a19  __muldi3                        
00001a3d  __aeabi_llsl                    
00001a3d  __ashldi3                       
00001a5d  DL_Timer_setCaptCompUpdateMethod
00001a79  DL_Timer_setClockConfig         
00001a95  __aeabi_memset                  
00001a95  __aeabi_memset4                 
00001a95  __aeabi_memset8                 
00001aa3  __aeabi_memclr                  
00001aa3  __aeabi_memclr4                 
00001aa3  __aeabi_memclr8                 
00001ab1  DL_Timer_setCaptureCompareOutCtl
00001ac9  MotorControl_setTargetRpm       
00001ae1  __TI_zero_init_nomemset         
00001af9  __aeabi_ldivmod                 
00001b0d  DL_UART_setClockConfig          
00001b21  DL_Timer_setCaptureCompareValue 
00001b31  DL_Common_delayCycles           
00001b3d  __aeabi_memcpy                  
00001b3d  __aeabi_memcpy4                 
00001b3d  __aeabi_memcpy8                 
00001b45  abort                           
00001b4a  C$$EXIT                         
00001b4b  HOSTexit                        
00001b4f  Reset_Handler                   
00001b53  _system_pre_init                
00001c38  __TI_Handler_Table_Base         
00001c3c  __TI_CINIT_Base                 
00001c3c  __TI_Handler_Table_Limit        
00001c44  __TI_CINIT_Limit                
00001c44  __TI_CINIT_Warm                 
20200000  __start___llvm_prf_bits         
20200000  __start___llvm_prf_cnts         
20200000  __stop___llvm_prf_bits          
20200000  __stop___llvm_prf_cnts          
20200000  gPWM_MOTOR_CDBackup             
202000bc  gTIMER_PIDBackup                
20207e00  __stack                         
20208000  __STACK_END                     
ffffffff  __TI_pprof_out_hndl             
ffffffff  __TI_prof_data_size             
ffffffff  __TI_prof_data_start            
ffffffff  __binit__                       
ffffffff  binit                           
UNDEFED   __mpu_init                      
UNDEFED   _system_post_cinit              

[146 symbols]
