******************************************************************************
            TI ARM Clang Linker PC v5.1.1                      
******************************************************************************
>> Linked Thu Jul 23 13:16:15 2026

OUTPUT FILE NAME:   <main.out>
ENTRY POINT SYMBOL: "_c_int00_noargs"  address: 000089c1


MEMORY CONFIGURATION

         name            origin    length      used     unused   attr    fill
----------------------  --------  ---------  --------  --------  ----  --------
  FLASH                 00000000   00020000  000092f0  00016d10  R  X
  SRAM                  20200000   00008000  00000649  000079b7  RW X
  BCR_CONFIG            41c00000   000000ff  00000000  000000ff  R   
  BSL_CONFIG            41c00100   00000080  00000000  00000080  R   


SEGMENT ALLOCATION MAP

run origin  load origin   length   init length attrs members
----------  ----------- ---------- ----------- ----- -------
00000000    00000000    000092f0   000092f0    r-x
  00000000    00000000    000000c0   000000c0    r-- .intvecs
  000000c0    000000c0    00008b38   00008b38    r-x .text
  00008bf8    00008bf8    000006e0   000006e0    r-- .rodata
  000092d8    000092d8    00000018   00000018    r-- .cinit
20200000    20200000    00000449   00000000    rw-
  20200000    20200000    00000449   00000000    rw- .bss
20207e00    20207e00    00000200   00000000    rw-
  20207e00    20207e00    00000200   00000000    rw- .stack


SECTION ALLOCATION MAP

 output                                  attributes/
section   page    origin      length       input sections
--------  ----  ----------  ----------   ----------------
.intvecs   0    00000000    000000c0     
                  00000000    000000c0     startup_mspm0g350x_ticlang.o (.intvecs)

.text      0    000000c0    00008b38     
                  000000c0    00005de0     main.o (.text.main)
                  00005ea0    000005d4     main.o (.text.UART_reportMotorStatus)
                  00006474    000002f8     motor_control.o (.text.MotorControl_update)
                  0000676c    000002b4     mpu6050_angle.o (.text.MPU6050_Angle_init)
                  00006a20    00000244     main.o (.text.UART_reportGrayscale)
                  00006c64    00000238     main.o (.text.UART_reportZAngle)
                  00006e9c    00000218     angle_turn_control.o (.text.AngleTurnControl_update)
                  000070b4    000001d4     mpu6050_angle.o (.text.MPU6050_readRegisters)
                  00007288    00000174     grayscale_sensor.o (.text.Grayscale_Sensor_ReadAll)
                  000073fc    00000154     ti_msp_dl_config.o (.text.SYSCFG_DL_GPIO_init)
                  00007550    00000138     car_control.o (.text.CarControl_setMotion)
                  00007688    00000104     driverlib.a : dl_timer.o (.text.DL_Timer_initFourCCPWMMode)
                  0000778c    00000104     mpu6050_angle.o (.text.MPU6050_writeRegister)
                  00007890    000000fc     driverlib.a : dl_timer.o (.text.DL_Timer_initTimerMode)
                  0000798c    000000d8     libclang_rt.builtins.a : addsf3.S.obj (.text)
                  00007a64    000000a2                            : udivmoddi4.S.obj (.text)
                  00007b06    0000009a     libc.a : memcpy16.S.obj (.text:memcpy)
                  00007ba0    00000090     ti_msp_dl_config.o (.text.SYSCFG_DL_PWM_MOTOR_AB_init)
                  00007c30    00000090     ti_msp_dl_config.o (.text.SYSCFG_DL_PWM_MOTOR_CD_init)
                  00007cc0    0000008c     libclang_rt.builtins.a : comparesf2.S.obj (.text)
                  00007d4c    0000008c                            : mulsf3.S.obj (.text)
                  00007dd8    0000008a     motor_control.o (.text.MotorControl_takeStatus)
                  00007e62    00000002     startup_mspm0g350x_ticlang.o (.text.Default_Handler)
                  00007e64    00000084     angle_turn_control.o (.text.AngleTurnControl_start)
                  00007ee8    00000082     libclang_rt.builtins.a : divsf3.S.obj (.text)
                  00007f6a    00000002                            : aeabi_div0.c.obj (.text.__aeabi_idiv0)
                  00007f6c    00000080     main.o (.text.GROUP1_IRQHandler)
                  00007fec    0000007c     ti_msp_dl_config.o (.text.SYSCFG_DL_initPower)
                  00008068    00000070     ti_msp_dl_config.o (.text.SYSCFG_DL_UART_0_init)
                  000080d8    0000006e     angle_turn_control.o (.text.AngleTurnControl_getCoastDistanceDegrees)
                  00008146    00000002     libclang_rt.builtins.a : aeabi_div0.c.obj (.text.__aeabi_ldiv0)
                  00008148    00000064     main.o (.text.UART0_IRQHandler)
                  000081ac    00000062     libc.a : memset16.S.obj (.text:memset)
                  0000820e    00000002     --HOLE-- [fill = 0]
                  00008210    00000060     mpu6050_angle.o (.text.MPU6050_Angle_update)
                  00008270    00000060     ti_msp_dl_config.o (.text.SYSCFG_DL_UART_1_init)
                  000082d0    0000005e     driverlib.a : dl_i2c.o (.text.DL_I2C_fillControllerTXFIFO)
                  0000832e    00000002     --HOLE-- [fill = 0]
                  00008330    0000005a     libclang_rt.builtins.a : aeabi_fcmp.S.obj (.text)
                  0000838a    00000002     --HOLE-- [fill = 0]
                  0000838c    00000058     motor_control.o (.text.MotorControl_init)
                  000083e4    00000056     libclang_rt.builtins.a : aeabi_idivmod.S.obj (.text)
                  0000843a    00000002     --HOLE-- [fill = 0]
                  0000843c    00000054     ti_msp_dl_config.o (.text.SYSCFG_DL_I2C_MPU6050_init)
                  00008490    0000004e     libclang_rt.builtins.a : floatdisf.S.obj (.text)
                  000084de    00000002     --HOLE-- [fill = 0]
                  000084e0    00000048     driverlib.a : dl_uart.o (.text.DL_UART_init)
                  00008528    00000044     main.o (.text.TIMA1_IRQHandler)
                  0000856c    00000040     ti_msp_dl_config.o (.text.SYSCFG_DL_SYSCTL_init)
                  000085ac    00000040     ti_msp_dl_config.o (.text.SYSCFG_DL_init)
                  000085ec    00000040     libclang_rt.builtins.a : aeabi_uidivmod.S.obj (.text)
                  0000862c    0000003e     car_control.o (.text.CarControl_init)
                  0000866a    0000003e     libclang_rt.builtins.a : divmoddi4.c.obj (.text.__divmoddi4)
                  000086a8    0000003c     driverlib.a : dl_i2c.o (.text.DL_I2C_flushControllerTXFIFO)
                  000086e4    0000003c     libc.a : autoinit.c.obj (.text:__TI_auto_init_nobinit_nopinit)
                  00008720    0000003c     libclang_rt.builtins.a : floatsisf.S.obj (.text)
                  0000875c    0000003a     motor_control.o (.text.MotorControl_coast)
                  00008796    00000002     --HOLE-- [fill = 0]
                  00008798    0000003a     libclang_rt.builtins.a : muldsi3.S.obj (.text)
                  000087d2    00000038     angle_turn_control.o (.text.AngleTurnControl_enterCreep)
                  0000880a    00000002     --HOLE-- [fill = 0]
                  0000880c    00000038     ti_msp_dl_config.o (.text.SYSCFG_DL_TIMER_PID_init)
                  00008844    00000038     libclang_rt.builtins.a : fixsfsi.S.obj (.text)
                  0000887c    00000032     motor_control.o (.text.MotorControl_handleEncoderEdge)
                  000088ae    00000002     --HOLE-- [fill = 0]
                  000088b0    00000030     driverlib.a : dl_i2c.o (.text.DL_I2C_flushControllerRXFIFO)
                  000088e0    00000030                 : dl_uart.o (.text.DL_UART_transmitDataBlocking)
                  00008910    00000030     ti_msp_dl_config.o (.text.SYSCFG_DL_I2C_OLED_init)
                  00008940    0000002c     angle_turn_control.o (.text.AngleTurnControl_init)
                  0000896c    0000002c     grayscale_sensor.o (.text.Grayscale_Sensor_Init)
                  00008998    00000028     car_control.o (.text.CarControl_stop)
                  000089c0    00000028     libc.a : boot_cortex_m.c.obj (.text:_c_int00_noargs)
                  000089e8    00000028     libclang_rt.builtins.a : floatunsisf.S.obj (.text)
                  00008a10    00000026     driverlib.a : dl_i2c.o (.text.DL_I2C_setClockConfig)
                  00008a36    00000024     angle_turn_control.o (.text.AngleTurnControl_cancel)
                  00008a5a    00000002     --HOLE-- [fill = 0]
                  00008a5c    00000024     libclang_rt.builtins.a : muldi3.S.obj (.text)
                  00008a80    0000001e     car_control.o (.text.CarControl_coast)
                  00008a9e    0000001e     motor_control.o (.text.MotorControl_setTargetRpm)
                  00008abc    0000001e     libclang_rt.builtins.a : ashldi3.S.obj (.text)
                  00008ada    00000002     --HOLE-- [fill = 0]
                  00008adc    0000001c     driverlib.a : dl_timer.o (.text.DL_Timer_setCaptCompUpdateMethod)
                  00008af8    0000001c                 : dl_timer.o (.text.DL_Timer_setClockConfig)
                  00008b14    0000001a     libclang_rt.builtins.a : aeabi_memset.S.obj (.text)
                  00008b2e    00000002     --HOLE-- [fill = 0]
                  00008b30    00000018     driverlib.a : dl_timer.o (.text.DL_Timer_setCaptureCompareOutCtl)
                  00008b48    00000014     libclang_rt.builtins.a : aeabi_ldivmod.S.obj (.text)
                  00008b5c    00000012     driverlib.a : dl_uart.o (.text.DL_UART_setClockConfig)
                  00008b6e    00000002     --HOLE-- [fill = 0]
                  00008b70    00000010                 : dl_timer.o (.text.DL_Timer_setCaptureCompareValue)
                  00008b80    00000010     libc.a : copy_zero_init.c.obj (.text:decompress:ZI)
                  00008b90    0000000c     mpu6050_angle.o (.text.MPU6050_Angle_getDeviceId)
                  00008b9c    0000000c     mpu6050_angle.o (.text.MPU6050_Angle_getZDegrees)
                  00008ba8    0000000c     mpu6050_angle.o (.text.MPU6050_Angle_getZRateDps)
                  00008bb4    0000000c     mpu6050_angle.o (.text.MPU6050_Angle_reset)
                  00008bc0    0000000a     driverlib.a : dl_common.o (.text.DL_Common_delayCycles)
                  00008bca    00000002     --HOLE-- [fill = 0]
                  00008bcc    00000008     libclang_rt.builtins.a : aeabi_memcpy.S.obj (.text)
                  00008bd4    00000006     angle_turn_control.o (.text.AngleTurnControl_isActive)
                  00008bda    00000006     car_control.o (.text.CarControl_getSpeedRpm)
                  00008be0    00000006     libc.a : exit.c.obj (.text:abort)
                  00008be6    00000004     car_control.o (.text.CarControl_getTurnInnerPercent)
                  00008bea    00000004     libsysbm.a : hostexit.c.obj (.text.HOSTexit)
                  00008bee    00000004     startup_mspm0g350x_ticlang.o (.text.Reset_Handler)
                  00008bf2    00000004     libc.a : pre_init.c.obj (.text._system_pre_init)
                  00008bf6    00000002     --HOLE-- [fill = 0]

.cinit     0    000092d8    00000018     
                  000092d8    00000008     (.cinit..bss.load) [load image, compression = zero_init]
                  000092e0    00000004     (__TI_handler_table)
                  000092e4    00000008     (__TI_cinit_table)
                  000092ec    00000004     --HOLE-- [fill = 0]

.rodata    0    00008bf8    000006e0     
                  00008bf8    00000050     main.o (.rodata.gMotorAConfig)
                  00008c48    00000050     main.o (.rodata.gMotorBConfig)
                  00008c98    00000050     main.o (.rodata.gMotorCConfig)
                  00008ce8    00000050     main.o (.rodata.gMotorDConfig)
                  00008d38    00000039     main.o (.rodata.str1.15159059442110792349.1)
                  00008d71    00000036     main.o (.rodata.str1.489408286258209761.1)
                  00008da7    00000036     main.o (.rodata.str1.729616968063973023.1)
                  00008ddd    00000032     main.o (.rodata.str1.16265332423659789559.1)
                  00008e0f    00000032     main.o (.rodata.str1.2846389346932560359.1)
                  00008e41    00000031     main.o (.rodata.str1.10992214574315303902.1)
                  00008e72    00000031     main.o (.rodata.str1.5630281060179367396.1)
                  00008ea3    0000002e     main.o (.rodata.str1.14032527501195285070.1)
                  00008ed1    0000002d     main.o (.rodata.str1.11321157723316767883.1)
                  00008efe    0000002d     main.o (.rodata.str1.2182841224059738574.1)
                  00008f2b    0000002b     main.o (.rodata.str1.11639152155638730617.1)
                  00008f56    0000002a     main.o (.rodata.str1.4237830143243313753.1)
                  00008f80    00000029     main.o (.rodata.str1.403738606202455663.1)
                  00008fa9    00000029     main.o (.rodata.str1.9060162316564048117.1)
                  00008fd2    00000028     main.o (.rodata.str1.10635229749459437609.1)
                  00008ffa    00000028     main.o (.rodata.str1.16856034117330037696.1)
                  00009022    00000028     main.o (.rodata.str1.5266312244614669333.1)
                  0000904a    00000027     main.o (.rodata.str1.10313062130652730376.1)
                  00009071    00000027     main.o (.rodata.str1.12462885530404721960.1)
                  00009098    00000027     main.o (.rodata.str1.14079361385603432444.1)
                  000090bf    00000027     main.o (.rodata.str1.2763581881760962609.1)
                  000090e6    00000026     main.o (.rodata.str1.13510909575694371129.1)
                  0000910c    00000026     main.o (.rodata.str1.18420373917905513025.1)
                  00009132    00000025     main.o (.rodata.str1.2597068879322958637.1)
                  00009157    00000025     main.o (.rodata.str1.4787932902692149498.1)
                  0000917c    00000025     main.o (.rodata.str1.5789451164904352291.1)
                  000091a1    00000024     main.o (.rodata.str1.11702106008850790973.1)
                  000091c5    00000024     main.o (.rodata.str1.5353031162939221829.1)
                  000091e9    00000023     main.o (.rodata.str1.3306105329219470413.1)
                  0000920c    00000020     main.o (.rodata.gAngleTurnConfig)
                  0000922c    0000001c     main.o (.rodata.gCarConfig)
                  00009248    00000014     ti_msp_dl_config.o (.rodata.gTIMER_PIDTimerConfig)
                  0000925c    00000011     main.o (.rodata.str1.887240019932590441.1)
                  0000926d    00000003     ti_msp_dl_config.o (.rodata.gPWM_MOTOR_ABClockConfig)
                  00009270    00000010     main.o (.rodata..Lswitch.table.main.108)
                  00009280    0000000b     main.o (.rodata.str1.39260288392874984.1)
                  0000928b    0000000b     main.o (.rodata.str1.6554448696319176064.1)
                  00009296    0000000a     ti_msp_dl_config.o (.rodata.gUART_0Config)
                  000092a0    0000000a     ti_msp_dl_config.o (.rodata.gUART_1Config)
                  000092aa    00000008     main.o (.rodata.cst8)
                  000092b2    00000002     ti_msp_dl_config.o (.rodata.gI2C_MPU6050ClockConfig)
                  000092b4    00000008     ti_msp_dl_config.o (.rodata.gPWM_MOTOR_ABConfig)
                  000092bc    00000008     ti_msp_dl_config.o (.rodata.gPWM_MOTOR_CDConfig)
                  000092c4    00000004     main.o (.rodata.str1.11822182024223342093.1)
                  000092c8    00000004     main.o (.rodata.str1.2624144126699937905.1)
                  000092cc    00000003     ti_msp_dl_config.o (.rodata.gPWM_MOTOR_CDClockConfig)
                  000092cf    00000003     ti_msp_dl_config.o (.rodata.gTIMER_PIDClockConfig)
                  000092d2    00000002     ti_msp_dl_config.o (.rodata.gI2C_OLEDClockConfig)
                  000092d4    00000002     ti_msp_dl_config.o (.rodata.gUART_0ClockConfig)
                  000092d6    00000002     ti_msp_dl_config.o (.rodata.gUART_1ClockConfig)

.init_array 
*          0    00000000    00000000     UNINITIALIZED

.binit     0    00000000    00000000     

.bss       0    20200000    00000449     UNINITIALIZED
                  20200000    000000bc     (.common:gPWM_MOTOR_CDBackup)
                  202000bc    000000bc     (.common:gTIMER_PIDBackup)
                  20200178    00000078     main.o (.bss.gMotorA)
                  202001f0    00000078     main.o (.bss.gMotorB)
                  20200268    00000078     main.o (.bss.gMotorC)
                  202002e0    00000078     main.o (.bss.gMotorD)
                  20200358    00000034     main.o (.bss.gAngleTurn)
                  2020038c    00000020     main.o (.bss.gCar)
                  202003ac    00000020     main.o (.bss.gUartCommand)
                  202003cc    00000010     main.o (.bss.UART_serviceMotorStatus.motorAStatus)
                  202003dc    00000010     main.o (.bss.UART_serviceMotorStatus.motorBStatus)
                  202003ec    00000010     main.o (.bss.UART_serviceMotorStatus.motorCStatus)
                  202003fc    00000010     main.o (.bss.UART_serviceMotorStatus.motorDStatus)
                  2020040c    00000004     mpu6050_angle.o (.bss.gGyroZBiasRaw)
                  20200410    00000008     main.o (.bss.gLineFilteredValues)
                  20200418    00000008     main.o (.bss.gLinePendingCount)
                  20200420    00000008     main.o (.bss.gLinePendingValues)
                  20200428    00000004     main.o (.bss.gLineTrackingIntegral)
                  2020042c    00000004     mpu6050_angle.o (.bss.gZAngleDegrees)
                  20200430    00000004     mpu6050_angle.o (.bss.gZRateDps)
                  20200434    00000002     main.o (.bss.gLineTrackingBaseSpeedRpm)
                  20200436    00000002     main.o (.bss.gLineTrackingLastErr)
                  20200438    00000001     main.o (.bss.UART_serviceMotorStatus.motorAStatusReady)
                  20200439    00000001     main.o (.bss.UART_serviceMotorStatus.motorBStatusReady)
                  2020043a    00000001     main.o (.bss.UART_serviceMotorStatus.motorCStatusReady)
                  2020043b    00000001     main.o (.bss.UART_serviceMotorStatus.motorDStatusReady)
                  2020043c    00000001     mpu6050_angle.o (.bss.gDeviceId)
                  2020043d    00000001     main.o (.bss.gGrayscaleStreamDivider)
                  2020043e    00000001     main.o (.bss.gGrayscaleStreamEnabled)
                  2020043f    00000001     main.o (.bss.gLineFilterReady)
                  20200440    00000001     main.o (.bss.gLineTrackingDebugDivider)
                  20200441    00000001     main.o (.bss.gLineTrackingDebugEnabled)
                  20200442    00000001     main.o (.bss.gLineTrackingEnabled)
                  20200443    00000001     main.o (.bss.gMotorStatusReportOnce)
                  20200444    00000001     main.o (.bss.gMotorStatusStreamEnabled)
                  20200445    00000001     main.o (.bss.gMpu6050Ready)
                  20200446    00000001     main.o (.bss.gMpu6050SampleDue)
                  20200447    00000001     main.o (.bss.gUartCommandLength)
                  20200448    00000001     main.o (.bss.gUartCommandReady)

.stack     0    20207e00    00000200     UNINITIALIZED
                  20207e00    00000004     libc.a : boot_cortex_m.c.obj (.stack)
                  20207e04    000001fc     --HOLE--

__llvm_prf_cnts 
*          0    20200000    00000000     UNINITIALIZED

__llvm_prf_bits 
*          0    20200000    00000000     UNINITIALIZED

MODULE SUMMARY

       Module                         code    ro data   rw data
       ------                         ----    -------   -------
    .\
       main.o                         26968   1687      708    
       ti_msp_dl_config.o             1276    73        376    
       mpu6050_angle.o                1564    0         13     
       motor_control.o                1124    0         0      
       angle_turn_control.o           920     0         0      
       car_control.o                  454     0         0      
       grayscale_sensor.o             416     0         0      
       startup_mspm0g350x_ticlang.o   6       192       0      
    +--+------------------------------+-------+---------+---------+
       Total:                         32728   1952      1097   
                                                               
    C:/ti/mspm0_sdk_2_11_00_07/source/ti/driverlib/lib/ticlang/m0p/mspm0g1x0x_g3x0x/driverlib.a
       dl_timer.o                     608     0         0      
       dl_i2c.o                       240     0         0      
       dl_uart.o                      138     0         0      
       dl_common.o                    10      0         0      
    +--+------------------------------+-------+---------+---------+
       Total:                         996     0         0      
                                                               
    C:\ti\ccs2100\ccs\tools\compiler\ti-cgt-armllvm_5.1.1.LTS\lib\armv6m-ti-none-eabi/c/libc.a
       memcpy16.S.obj                 154     0         0      
       memset16.S.obj                 98      0         0      
       autoinit.c.obj                 60      0         0      
       boot_cortex_m.c.obj            40      0         0      
       copy_zero_init.c.obj           16      0         0      
       exit.c.obj                     6       0         0      
       pre_init.c.obj                 4       0         0      
    +--+------------------------------+-------+---------+---------+
       Total:                         378     0         0      
                                                               
    C:\ti\ccs2100\ccs\tools\compiler\ti-cgt-armllvm_5.1.1.LTS\lib\armv6m-ti-none-eabi/c/libsysbm.a
       hostexit.c.obj                 4       0         0      
    +--+------------------------------+-------+---------+---------+
       Total:                         4       0         0      
                                                               
    C:\ti\ccs2100\ccs\tools\compiler\ti-cgt-armllvm_5.1.1.LTS\lib\armv6m-ti-none-eabi/libclang_rt.builtins.a
       addsf3.S.obj                   216     0         0      
       udivmoddi4.S.obj               162     0         0      
       comparesf2.S.obj               140     0         0      
       mulsf3.S.obj                   140     0         0      
       divsf3.S.obj                   130     0         0      
       aeabi_fcmp.S.obj               90      0         0      
       aeabi_idivmod.S.obj            86      0         0      
       floatdisf.S.obj                78      0         0      
       aeabi_uidivmod.S.obj           64      0         0      
       divmoddi4.c.obj                62      0         0      
       floatsisf.S.obj                60      0         0      
       muldsi3.S.obj                  58      0         0      
       fixsfsi.S.obj                  56      0         0      
       floatunsisf.S.obj              40      0         0      
       muldi3.S.obj                   36      0         0      
       ashldi3.S.obj                  30      0         0      
       aeabi_memset.S.obj             26      0         0      
       aeabi_ldivmod.S.obj            20      0         0      
       aeabi_memcpy.S.obj             8       0         0      
       aeabi_div0.c.obj               4       0         0      
    +--+------------------------------+-------+---------+---------+
       Total:                         1506    0         0      
                                                               
       Stack:                         0       0         512    
       Linker Generated:              0       20        0      
    +--+------------------------------+-------+---------+---------+
       Grand Total:                   35612   1972      1609   


LINKER GENERATED COPY TABLES

__TI_cinit_table @ 000092e4 records: 1, size/record: 8, table size: 8
	.bss: load addr=000092d8, load size=00000008 bytes, run addr=20200000, run size=00000449 bytes, compression=zero_init


LINKER GENERATED HANDLER TABLE

__TI_handler_table @ 000092e0 records: 1, size/record: 4, table size: 4
	index: 0, handler: __TI_zero_init


GLOBAL SYMBOLS: SORTED ALPHABETICALLY BY Name 

address   name                            
-------   ----                            
00007e63  ADC0_IRQHandler                 
00007e63  ADC1_IRQHandler                 
00007e63  AES_IRQHandler                  
00008a37  AngleTurnControl_cancel         
00008941  AngleTurnControl_init           
00008bd5  AngleTurnControl_isActive       
00007e65  AngleTurnControl_start          
00006e9d  AngleTurnControl_update         
00008bea  C$$EXIT                         
00007e63  CANFD0_IRQHandler               
00008a81  CarControl_coast                
00008bdb  CarControl_getSpeedRpm          
00008be7  CarControl_getTurnInnerPercent  
0000862d  CarControl_init                 
00007551  CarControl_setMotion            
00008999  CarControl_stop                 
00007e63  DAC0_IRQHandler                 
00008bc1  DL_Common_delayCycles           
000082d1  DL_I2C_fillControllerTXFIFO     
000088b1  DL_I2C_flushControllerRXFIFO    
000086a9  DL_I2C_flushControllerTXFIFO    
00008a11  DL_I2C_setClockConfig           
00007689  DL_Timer_initFourCCPWMMode      
00007891  DL_Timer_initTimerMode          
00008add  DL_Timer_setCaptCompUpdateMethod
00008b31  DL_Timer_setCaptureCompareOutCtl
00008b71  DL_Timer_setCaptureCompareValue 
00008af9  DL_Timer_setClockConfig         
000084e1  DL_UART_init                    
00008b5d  DL_UART_setClockConfig          
000088e1  DL_UART_transmitDataBlocking    
00007e63  DMA_IRQHandler                  
00007e63  Default_Handler                 
00007e63  GROUP0_IRQHandler               
00007f6d  GROUP1_IRQHandler               
0000896d  Grayscale_Sensor_Init           
00007289  Grayscale_Sensor_ReadAll        
00008beb  HOSTexit                        
00007e63  HardFault_Handler               
00007e63  I2C0_IRQHandler                 
00007e63  I2C1_IRQHandler                 
00008b91  MPU6050_Angle_getDeviceId       
00008b9d  MPU6050_Angle_getZDegrees       
00008ba9  MPU6050_Angle_getZRateDps       
0000676d  MPU6050_Angle_init              
00008bb5  MPU6050_Angle_reset             
00008211  MPU6050_Angle_update            
0000875d  MotorControl_coast              
0000887d  MotorControl_handleEncoderEdge  
0000838d  MotorControl_init               
00008a9f  MotorControl_setTargetRpm       
00007dd9  MotorControl_takeStatus         
00006475  MotorControl_update             
00007e63  NMI_Handler                     
00007e63  PendSV_Handler                  
00007e63  RTC_IRQHandler                  
00008bef  Reset_Handler                   
00007e63  SPI0_IRQHandler                 
00007e63  SPI1_IRQHandler                 
00007e63  SVC_Handler                     
000073fd  SYSCFG_DL_GPIO_init             
0000843d  SYSCFG_DL_I2C_MPU6050_init      
00008911  SYSCFG_DL_I2C_OLED_init         
00007ba1  SYSCFG_DL_PWM_MOTOR_AB_init     
00007c31  SYSCFG_DL_PWM_MOTOR_CD_init     
0000856d  SYSCFG_DL_SYSCTL_init           
0000880d  SYSCFG_DL_TIMER_PID_init        
00008069  SYSCFG_DL_UART_0_init           
00008271  SYSCFG_DL_UART_1_init           
000085ad  SYSCFG_DL_init                  
00007fed  SYSCFG_DL_initPower             
00007e63  SysTick_Handler                 
00007e63  TIMA0_IRQHandler                
00008529  TIMA1_IRQHandler                
00007e63  TIMG0_IRQHandler                
00007e63  TIMG12_IRQHandler               
00007e63  TIMG6_IRQHandler                
00007e63  TIMG7_IRQHandler                
00007e63  TIMG8_IRQHandler                
00008149  UART0_IRQHandler                
00007e63  UART1_IRQHandler                
00007e63  UART2_IRQHandler                
00007e63  UART3_IRQHandler                
20208000  __STACK_END                     
00000200  __STACK_SIZE                    
00000000  __TI_ATRegion0_region_sz        
00000000  __TI_ATRegion0_src_addr         
00000000  __TI_ATRegion0_trg_addr         
00000000  __TI_ATRegion1_region_sz        
00000000  __TI_ATRegion1_src_addr         
00000000  __TI_ATRegion1_trg_addr         
00000000  __TI_ATRegion2_region_sz        
00000000  __TI_ATRegion2_src_addr         
00000000  __TI_ATRegion2_trg_addr         
000092e4  __TI_CINIT_Base                 
000092ec  __TI_CINIT_Limit                
000092ec  __TI_CINIT_Warm                 
000092e0  __TI_Handler_Table_Base         
000092e4  __TI_Handler_Table_Limit        
000086e5  __TI_auto_init_nobinit_nopinit  
ffffffff  __TI_pprof_out_hndl             
ffffffff  __TI_prof_data_size             
ffffffff  __TI_prof_data_start            
00000000  __TI_static_base__              
00008b81  __TI_zero_init                  
00007997  __addsf3                        
00008845  __aeabi_f2iz                    
00007997  __aeabi_fadd                    
00008331  __aeabi_fcmpeq                  
00008367  __aeabi_fcmpge                  
00008379  __aeabi_fcmpgt                  
00008355  __aeabi_fcmple                  
00008343  __aeabi_fcmplt                  
00007d37  __aeabi_fcmpun                  
00007ee9  __aeabi_fdiv                    
00007d4d  __aeabi_fmul                    
0000798d  __aeabi_fsub                    
00008721  __aeabi_i2f                     
000083e5  __aeabi_idiv                    
00007f6b  __aeabi_idiv0                   
000083e5  __aeabi_idivmod                 
00008491  __aeabi_l2f                     
00008147  __aeabi_ldiv0                   
00008b49  __aeabi_ldivmod                 
00008abd  __aeabi_llsl                    
00008a5d  __aeabi_lmul                    
00008b23  __aeabi_memclr                  
00008b23  __aeabi_memclr4                 
00008b23  __aeabi_memclr8                 
00008bcd  __aeabi_memcpy                  
00008bcd  __aeabi_memcpy4                 
00008bcd  __aeabi_memcpy8                 
00008b15  __aeabi_memset                  
00008b15  __aeabi_memset4                 
00008b15  __aeabi_memset8                 
000089e9  __aeabi_ui2f                    
000085ed  __aeabi_uidiv                   
000085ed  __aeabi_uidivmod                
00008abd  __ashldi3                       
ffffffff  __binit__                       
00007cc1  __cmpsf2                        
0000866b  __divmoddi4                     
00007ee9  __divsf3                        
00007cc1  __eqsf2                         
00008845  __fixsfsi                       
00008491  __floatdisf                     
00008721  __floatsisf                     
000089e9  __floatunsisf                   
00007cfb  __gesf2                         
00007cfb  __gtsf2                         
00007cc1  __lesf2                         
00007cc1  __ltsf2                         
UNDEFED   __mpu_init                      
00008a5d  __muldi3                        
00008799  __muldsi3                       
00007d4d  __mulsf3                        
00007cc1  __nesf2                         
20207e00  __stack                         
20200000  __start___llvm_prf_bits         
20200000  __start___llvm_prf_cnts         
20200000  __stop___llvm_prf_bits          
20200000  __stop___llvm_prf_cnts          
0000798d  __subsf3                        
00007a65  __udivmoddi4                    
00007d37  __unordsf2                      
000089c1  _c_int00_noargs                 
UNDEFED   _system_post_cinit              
00008bf3  _system_pre_init                
00008be1  abort                           
ffffffff  binit                           
20200000  gPWM_MOTOR_CDBackup             
202000bc  gTIMER_PIDBackup                
00000000  interruptVectors                
000000c1  main                            
00007b07  memcpy                          
000081ad  memset                          


GLOBAL SYMBOLS: SORTED BY Symbol Address 

address   name                            
-------   ----                            
00000000  __TI_ATRegion0_region_sz        
00000000  __TI_ATRegion0_src_addr         
00000000  __TI_ATRegion0_trg_addr         
00000000  __TI_ATRegion1_region_sz        
00000000  __TI_ATRegion1_src_addr         
00000000  __TI_ATRegion1_trg_addr         
00000000  __TI_ATRegion2_region_sz        
00000000  __TI_ATRegion2_src_addr         
00000000  __TI_ATRegion2_trg_addr         
00000000  __TI_static_base__              
00000000  interruptVectors                
000000c1  main                            
00000200  __STACK_SIZE                    
00006475  MotorControl_update             
0000676d  MPU6050_Angle_init              
00006e9d  AngleTurnControl_update         
00007289  Grayscale_Sensor_ReadAll        
000073fd  SYSCFG_DL_GPIO_init             
00007551  CarControl_setMotion            
00007689  DL_Timer_initFourCCPWMMode      
00007891  DL_Timer_initTimerMode          
0000798d  __aeabi_fsub                    
0000798d  __subsf3                        
00007997  __addsf3                        
00007997  __aeabi_fadd                    
00007a65  __udivmoddi4                    
00007b07  memcpy                          
00007ba1  SYSCFG_DL_PWM_MOTOR_AB_init     
00007c31  SYSCFG_DL_PWM_MOTOR_CD_init     
00007cc1  __cmpsf2                        
00007cc1  __eqsf2                         
00007cc1  __lesf2                         
00007cc1  __ltsf2                         
00007cc1  __nesf2                         
00007cfb  __gesf2                         
00007cfb  __gtsf2                         
00007d37  __aeabi_fcmpun                  
00007d37  __unordsf2                      
00007d4d  __aeabi_fmul                    
00007d4d  __mulsf3                        
00007dd9  MotorControl_takeStatus         
00007e63  ADC0_IRQHandler                 
00007e63  ADC1_IRQHandler                 
00007e63  AES_IRQHandler                  
00007e63  CANFD0_IRQHandler               
00007e63  DAC0_IRQHandler                 
00007e63  DMA_IRQHandler                  
00007e63  Default_Handler                 
00007e63  GROUP0_IRQHandler               
00007e63  HardFault_Handler               
00007e63  I2C0_IRQHandler                 
00007e63  I2C1_IRQHandler                 
00007e63  NMI_Handler                     
00007e63  PendSV_Handler                  
00007e63  RTC_IRQHandler                  
00007e63  SPI0_IRQHandler                 
00007e63  SPI1_IRQHandler                 
00007e63  SVC_Handler                     
00007e63  SysTick_Handler                 
00007e63  TIMA0_IRQHandler                
00007e63  TIMG0_IRQHandler                
00007e63  TIMG12_IRQHandler               
00007e63  TIMG6_IRQHandler                
00007e63  TIMG7_IRQHandler                
00007e63  TIMG8_IRQHandler                
00007e63  UART1_IRQHandler                
00007e63  UART2_IRQHandler                
00007e63  UART3_IRQHandler                
00007e65  AngleTurnControl_start          
00007ee9  __aeabi_fdiv                    
00007ee9  __divsf3                        
00007f6b  __aeabi_idiv0                   
00007f6d  GROUP1_IRQHandler               
00007fed  SYSCFG_DL_initPower             
00008069  SYSCFG_DL_UART_0_init           
00008147  __aeabi_ldiv0                   
00008149  UART0_IRQHandler                
000081ad  memset                          
00008211  MPU6050_Angle_update            
00008271  SYSCFG_DL_UART_1_init           
000082d1  DL_I2C_fillControllerTXFIFO     
00008331  __aeabi_fcmpeq                  
00008343  __aeabi_fcmplt                  
00008355  __aeabi_fcmple                  
00008367  __aeabi_fcmpge                  
00008379  __aeabi_fcmpgt                  
0000838d  MotorControl_init               
000083e5  __aeabi_idiv                    
000083e5  __aeabi_idivmod                 
0000843d  SYSCFG_DL_I2C_MPU6050_init      
00008491  __aeabi_l2f                     
00008491  __floatdisf                     
000084e1  DL_UART_init                    
00008529  TIMA1_IRQHandler                
0000856d  SYSCFG_DL_SYSCTL_init           
000085ad  SYSCFG_DL_init                  
000085ed  __aeabi_uidiv                   
000085ed  __aeabi_uidivmod                
0000862d  CarControl_init                 
0000866b  __divmoddi4                     
000086a9  DL_I2C_flushControllerTXFIFO    
000086e5  __TI_auto_init_nobinit_nopinit  
00008721  __aeabi_i2f                     
00008721  __floatsisf                     
0000875d  MotorControl_coast              
00008799  __muldsi3                       
0000880d  SYSCFG_DL_TIMER_PID_init        
00008845  __aeabi_f2iz                    
00008845  __fixsfsi                       
0000887d  MotorControl_handleEncoderEdge  
000088b1  DL_I2C_flushControllerRXFIFO    
000088e1  DL_UART_transmitDataBlocking    
00008911  SYSCFG_DL_I2C_OLED_init         
00008941  AngleTurnControl_init           
0000896d  Grayscale_Sensor_Init           
00008999  CarControl_stop                 
000089c1  _c_int00_noargs                 
000089e9  __aeabi_ui2f                    
000089e9  __floatunsisf                   
00008a11  DL_I2C_setClockConfig           
00008a37  AngleTurnControl_cancel         
00008a5d  __aeabi_lmul                    
00008a5d  __muldi3                        
00008a81  CarControl_coast                
00008a9f  MotorControl_setTargetRpm       
00008abd  __aeabi_llsl                    
00008abd  __ashldi3                       
00008add  DL_Timer_setCaptCompUpdateMethod
00008af9  DL_Timer_setClockConfig         
00008b15  __aeabi_memset                  
00008b15  __aeabi_memset4                 
00008b15  __aeabi_memset8                 
00008b23  __aeabi_memclr                  
00008b23  __aeabi_memclr4                 
00008b23  __aeabi_memclr8                 
00008b31  DL_Timer_setCaptureCompareOutCtl
00008b49  __aeabi_ldivmod                 
00008b5d  DL_UART_setClockConfig          
00008b71  DL_Timer_setCaptureCompareValue 
00008b81  __TI_zero_init                  
00008b91  MPU6050_Angle_getDeviceId       
00008b9d  MPU6050_Angle_getZDegrees       
00008ba9  MPU6050_Angle_getZRateDps       
00008bb5  MPU6050_Angle_reset             
00008bc1  DL_Common_delayCycles           
00008bcd  __aeabi_memcpy                  
00008bcd  __aeabi_memcpy4                 
00008bcd  __aeabi_memcpy8                 
00008bd5  AngleTurnControl_isActive       
00008bdb  CarControl_getSpeedRpm          
00008be1  abort                           
00008be7  CarControl_getTurnInnerPercent  
00008bea  C$$EXIT                         
00008beb  HOSTexit                        
00008bef  Reset_Handler                   
00008bf3  _system_pre_init                
000092e0  __TI_Handler_Table_Base         
000092e4  __TI_CINIT_Base                 
000092e4  __TI_Handler_Table_Limit        
000092ec  __TI_CINIT_Limit                
000092ec  __TI_CINIT_Warm                 
20200000  __start___llvm_prf_bits         
20200000  __start___llvm_prf_cnts         
20200000  __stop___llvm_prf_bits          
20200000  __stop___llvm_prf_cnts          
20200000  gPWM_MOTOR_CDBackup             
202000bc  gTIMER_PIDBackup                
20207e00  __stack                         
20208000  __STACK_END                     
ffffffff  __TI_pprof_out_hndl             
ffffffff  __TI_prof_data_size             
ffffffff  __TI_prof_data_start            
ffffffff  __binit__                       
ffffffff  binit                           
UNDEFED   __mpu_init                      
UNDEFED   _system_post_cinit              

[176 symbols]
