******************************************************************************
            TI ARM Clang Linker PC v5.1.1                      
******************************************************************************
>> Linked Thu Jul 30 16:00:45 2026

OUTPUT FILE NAME:   <main.out>
ENTRY POINT SYMBOL: "_c_int00_noargs"  address: 0000b1ed


MEMORY CONFIGURATION

         name            origin    length      used     unused   attr    fill
----------------------  --------  ---------  --------  --------  ----  --------
  FLASH                 00000000   00020000  0000c050  00013fb0  R  X
  SRAM                  20200000   00008000  0000086c  00007794  RW X
  BCR_CONFIG            41c00000   000000ff  00000000  000000ff  R   
  BSL_CONFIG            41c00100   00000080  00000000  00000080  R   


SEGMENT ALLOCATION MAP

run origin  load origin   length   init length attrs members
----------  ----------- ---------- ----------- ----- -------
00000000    00000000    0000c050   0000c050    r-x
  00000000    00000000    000000c0   000000c0    r-- .intvecs
  000000c0    000000c0    0000b4d0   0000b4d0    r-x .text
  0000b590    0000b590    00000a90   00000a90    r-- .rodata
  0000c020    0000c020    00000030   00000030    r-- .cinit
20200000    20200000    00000671   00000000    rw-
  20200000    20200000    00000653   00000000    rw- .bss
  20200658    20200658    00000019   00000000    rw- .data
20207e00    20207e00    00000200   00000000    rw-
  20207e00    20207e00    00000200   00000000    rw- .stack


SECTION ALLOCATION MAP

 output                                  attributes/
section   page    origin      length       input sections
--------  ----  ----------  ----------   ----------------
.intvecs   0    00000000    000000c0     
                  00000000    000000c0     startup_mspm0g350x_ticlang.o (.intvecs)

.text      0    000000c0    0000b4d0     
                  000000c0    00003f68     main.o (.text.Car_processUartCommand)
                  00004028    00001914     main.o (.text.main)
                  0000593c    000005d4     main.o (.text.UART_reportMotorStatus)
                  00005f10    0000056c     oled.o (.text.OLED_ShowStopwatch)
                  0000647c    0000055c     line_tracking.o (.text.LineTracking_update)
                  000069d8    00000438     main.o (.text.UART_sendVofaMotorChannels)
                  00006e10    000003d2     oled.o (.text.OLED_Init)
                  000071e2    00000002     startup_mspm0g350x_ticlang.o (.text.Default_Handler)
                  000071e4    00000348     main.o (.text.Car_setSingleMotorChassisRpm)
                  0000752c    0000030c     motor_control.o (.text.MotorControl_update)
                  00007838    00000278     mpu6050_angle.o (.text.MPU6050_Angle_initWithProgress)
                  00007ab0    00000274     oled.o (.text.OLED_ShowTask)
                  00007d24    0000026c     oled.o (.text.OLED_ShowCalibration)
                  00007f90    00000244     main.o (.text.UART_reportGrayscale)
                  000081d4    00000238     main.o (.text.UART_reportZAngle)
                  0000840c    00000204     lap_task_control.o (.text.LapTaskControl_update)
                  00008610    000001ec     task_executor.o (.text.TaskExecutor_update)
                  000087fc    000001e8     main.o (.text.Car_parseAngleTurnParameters)
                  000089e4    000001d4     mpu6050_angle.o (.text.MPU6050_readRegisters)
                  00008bb8    000001ac     oled.o (.text.OLED_writeString)
                  00008d64    00000180     grayscale_sensor.o (.text.Grayscale_Sensor_ReadAll)
                  00008ee4    00000160     ti_msp_dl_config.o (.text.SYSCFG_DL_GPIO_init)
                  00009044    00000160     straight_task_control.o (.text.StraightTaskControl_update)
                  000091a4    00000138     car_control.o (.text.CarControl_setMotion)
                  000092dc    00000124     main.o (.text.Car_parseOptionalSignedRpm)
                  00009400    00000124     straight_task_control.o (.text.StraightTaskControl_start)
                  00009524    00000118     task_manager.o (.text.TaskManager_update)
                  0000963c    00000104     driverlib.a : dl_timer.o (.text.DL_Timer_initFourCCPWMMode)
                  00009740    00000104     mpu6050_angle.o (.text.MPU6050_writeRegister)
                  00009844    00000104     oled.o (.text.OLED_writeByte)
                  00009948    00000100     main.o (.text.UART_sendInt32)
                  00009a48    000000fc     driverlib.a : dl_timer.o (.text.DL_Timer_initTimerMode)
                  00009b44    000000fc     lap_task_control.o (.text.LapTaskControl_start)
                  00009c40    000000e8     angle_turn_control.o (.text.AngleTurnControl_update)
                  00009d28    000000d8     libclang_rt.builtins.a : addsf3.S.obj (.text)
                  00009e00    000000d4     task_manager.o (.text.TaskManager_init)
                  00009ed4    000000a2     line_tracking.o (.text.LineTracking_readActiveCount)
                  00009f76    00000002     libclang_rt.builtins.a : aeabi_div0.c.obj (.text.__aeabi_idiv0)
                  00009f78    000000a2                            : udivmoddi4.S.obj (.text)
                  0000a01a    0000009a     libc.a : memcpy16.S.obj (.text:memcpy)
                  0000a0b4    00000090     ti_msp_dl_config.o (.text.SYSCFG_DL_PWM_MOTOR_AB_init)
                  0000a144    00000090     ti_msp_dl_config.o (.text.SYSCFG_DL_PWM_MOTOR_CD_init)
                  0000a1d4    0000008c     libclang_rt.builtins.a : comparesf2.S.obj (.text)
                  0000a260    0000008c                            : mulsf3.S.obj (.text)
                  0000a2ec    0000008a     motor_control.o (.text.MotorControl_takeStatus)
                  0000a376    00000002     libclang_rt.builtins.a : aeabi_div0.c.obj (.text.__aeabi_ldiv0)
                  0000a378    00000088     ti_msp_dl_config.o (.text.SYSCFG_DL_initPower)
                  0000a400    00000084     angle_turn_control.o (.text.AngleTurnControl_start)
                  0000a484    00000084     main.o (.text.Car_parseUnsignedValue)
                  0000a508    00000082     libclang_rt.builtins.a : divsf3.S.obj (.text)
                  0000a58a    00000002     --HOLE-- [fill = 0]
                  0000a58c    0000007c     libc.a : copy_decompress_lzss.c.obj (.text:decompress:lzss)
                  0000a608    00000074     main.o (.text.GROUP1_IRQHandler)
                  0000a67c    00000070     ti_msp_dl_config.o (.text.SYSCFG_DL_UART_0_init)
                  0000a6ec    00000070     ti_msp_dl_config.o (.text.SYSCFG_DL_UART_1_init)
                  0000a75c    00000070     ti_msp_dl_config.o (.text.SYSCFG_DL_UART_OPENMV_init)
                  0000a7cc    00000070     task_executor.o (.text.TaskExecutor_init)
                  0000a83c    00000064     main.o (.text.UART0_IRQHandler)
                  0000a8a0    00000062     libc.a : memset16.S.obj (.text:memset)
                  0000a902    00000002     --HOLE-- [fill = 0]
                  0000a904    00000060     mpu6050_angle.o (.text.MPU6050_Angle_update)
                  0000a964    0000005e     driverlib.a : dl_i2c.o (.text.DL_I2C_fillControllerTXFIFO)
                  0000a9c2    00000002     --HOLE-- [fill = 0]
                  0000a9c4    0000005a     libclang_rt.builtins.a : aeabi_fcmp.S.obj (.text)
                  0000aa1e    00000002     --HOLE-- [fill = 0]
                  0000aa20    00000058     motor_control.o (.text.MotorControl_init)
                  0000aa78    00000058     main.o (.text.TIMA1_IRQHandler)
                  0000aad0    00000058     main.o (.text.UART1_IRQHandler)
                  0000ab28    00000056     libclang_rt.builtins.a : aeabi_idivmod.S.obj (.text)
                  0000ab7e    00000002     --HOLE-- [fill = 0]
                  0000ab80    00000054     ti_msp_dl_config.o (.text.SYSCFG_DL_I2C_MPU6050_init)
                  0000abd4    00000054     ti_msp_dl_config.o (.text.SYSCFG_DL_I2C_OLED_init)
                  0000ac28    00000050     ti_msp_dl_config.o (.text.SYSCFG_DL_init)
                  0000ac78    0000004e     libclang_rt.builtins.a : floatdisf.S.obj (.text)
                  0000acc6    00000002     --HOLE-- [fill = 0]
                  0000acc8    0000004c     main.o (.text.UART3_IRQHandler)
                  0000ad14    00000048     driverlib.a : dl_uart.o (.text.DL_UART_init)
                  0000ad5c    00000040     ti_msp_dl_config.o (.text.SYSCFG_DL_SYSCTL_init)
                  0000ad9c    00000040     main.o (.text.UART_sendString)
                  0000addc    00000040     libclang_rt.builtins.a : aeabi_uidivmod.S.obj (.text)
                  0000ae1c    0000003e     car_control.o (.text.CarControl_init)
                  0000ae5a    0000003e     lap_task_control.o (.text.LapTaskControl_init)
                  0000ae98    0000003e     libclang_rt.builtins.a : divmoddi4.c.obj (.text.__divmoddi4)
                  0000aed6    00000002     --HOLE-- [fill = 0]
                  0000aed8    0000003c     driverlib.a : dl_i2c.o (.text.DL_I2C_flushControllerTXFIFO)
                  0000af14    0000003c     libc.a : autoinit.c.obj (.text:__TI_auto_init_nobinit_nopinit)
                  0000af50    0000003c     libclang_rt.builtins.a : floatsisf.S.obj (.text)
                  0000af8c    0000003a     motor_control.o (.text.MotorControl_coast)
                  0000afc6    00000002     --HOLE-- [fill = 0]
                  0000afc8    0000003a     libclang_rt.builtins.a : muldsi3.S.obj (.text)
                  0000b002    00000002     --HOLE-- [fill = 0]
                  0000b004    00000038     ti_msp_dl_config.o (.text.SYSCFG_DL_TIMER_PID_init)
                  0000b03c    00000038     libclang_rt.builtins.a : fixsfsi.S.obj (.text)
                  0000b074    00000034     lap_task_control.o (.text.LapTaskControl_reset)
                  0000b0a8    00000032     motor_control.o (.text.MotorControl_handleEncoderEdge)
                  0000b0da    00000002     --HOLE-- [fill = 0]
                  0000b0dc    00000030     driverlib.a : dl_i2c.o (.text.DL_I2C_flushControllerRXFIFO)
                  0000b10c    00000030                 : dl_uart.o (.text.DL_UART_transmitDataBlocking)
                  0000b13c    00000030     stopwatch.o (.text.Stopwatch_getCurrentMs)
                  0000b16c    0000002c     angle_turn_control.o (.text.AngleTurnControl_init)
                  0000b198    0000002c     grayscale_sensor.o (.text.Grayscale_Sensor_Init)
                  0000b1c4    00000028     car_control.o (.text.CarControl_stop)
                  0000b1ec    00000028     libc.a : boot_cortex_m.c.obj (.text:_c_int00_noargs)
                  0000b214    00000028     libclang_rt.builtins.a : floatunsisf.S.obj (.text)
                  0000b23c    00000026     driverlib.a : dl_i2c.o (.text.DL_I2C_setClockConfig)
                  0000b262    00000024     angle_turn_control.o (.text.AngleTurnControl_cancel)
                  0000b286    00000024     straight_task_control.o (.text.StraightTaskControl_init)
                  0000b2aa    00000002     --HOLE-- [fill = 0]
                  0000b2ac    00000024     libclang_rt.builtins.a : muldi3.S.obj (.text)
                  0000b2d0    00000022     task_executor.o (.text.TaskExecutor_isRunning)
                  0000b2f2    00000002     --HOLE-- [fill = 0]
                  0000b2f4    00000020     stopwatch.o (.text.Stopwatch_start)
                  0000b314    0000001e     car_control.o (.text.CarControl_coast)
                  0000b332    0000001e     car_control.o (.text.CarControl_emergencyStop)
                  0000b350    0000001e     line_tracking.o (.text.LineTracking_init)
                  0000b36e    0000001e     motor_control.o (.text.MotorControl_setTargetRpm)
                  0000b38c    0000001e     libclang_rt.builtins.a : ashldi3.S.obj (.text)
                  0000b3aa    00000002     --HOLE-- [fill = 0]
                  0000b3ac    0000001c     driverlib.a : dl_timer.o (.text.DL_Timer_setCaptCompUpdateMethod)
                  0000b3c8    0000001c                 : dl_timer.o (.text.DL_Timer_setClockConfig)
                  0000b3e4    0000001a     straight_task_control.o (.text.StraightTaskControl_reset)
                  0000b3fe    0000001a     task_executor.o (.text.TaskExecutor_reset)
                  0000b418    0000001a     libclang_rt.builtins.a : aeabi_memset.S.obj (.text)
                  0000b432    00000002     --HOLE-- [fill = 0]
                  0000b434    00000018     driverlib.a : dl_timer.o (.text.DL_Timer_setCaptureCompareOutCtl)
                  0000b44c    00000018     main.o (.text.OLED_showCalibrationProgress)
                  0000b464    00000014     libclang_rt.builtins.a : aeabi_ldivmod.S.obj (.text)
                  0000b478    00000014                            : aeabi_uldivmod.S.obj (.text)
                  0000b48c    00000012     driverlib.a : dl_uart.o (.text.DL_UART_setClockConfig)
                  0000b49e    00000012     lap_task_control.o (.text.LapTaskControl_isRunning)
                  0000b4b0    00000012     libc.a : copy_decompress_none.c.obj (.text:decompress:none)
                  0000b4c2    00000002     --HOLE-- [fill = 0]
                  0000b4c4    00000010     driverlib.a : dl_timer.o (.text.DL_Timer_setCaptureCompareValue)
                  0000b4d4    00000010     line_tracking.o (.text.LineTracking_reset)
                  0000b4e4    00000010     straight_task_control.o (.text.StraightTaskControl_isRunning)
                  0000b4f4    00000010     task_manager.o (.text.TaskManager_taskStartPressed)
                  0000b504    00000010     libc.a : copy_zero_init.c.obj (.text:decompress:ZI)
                  0000b514    0000000c     mpu6050_angle.o (.text.MPU6050_Angle_getDeviceId)
                  0000b520    0000000c     mpu6050_angle.o (.text.MPU6050_Angle_getZDegrees)
                  0000b52c    0000000c     mpu6050_angle.o (.text.MPU6050_Angle_reset)
                  0000b538    0000000c     task_manager.o (.text.TaskManager_getActiveTask)
                  0000b544    0000000a     driverlib.a : dl_common.o (.text.DL_Common_delayCycles)
                  0000b54e    00000002     --HOLE-- [fill = 0]
                  0000b550    00000008     libclang_rt.builtins.a : aeabi_memcpy.S.obj (.text)
                  0000b558    00000006     angle_turn_control.o (.text.AngleTurnControl_isActive)
                  0000b55e    00000006     car_control.o (.text.CarControl_getSpeedRpm)
                  0000b564    00000006     line_tracking.o (.text.LineTracking_getSpeed)
                  0000b56a    00000006     libc.a : exit.c.obj (.text:abort)
                  0000b570    00000004     car_control.o (.text.CarControl_getTurnInnerPercent)
                  0000b574    00000004     libsysbm.a : hostexit.c.obj (.text.HOSTexit)
                  0000b578    00000004     line_tracking.o (.text.LineTracking_isEnabled)
                  0000b57c    00000004     line_tracking.o (.text.LineTracking_setDebugEnabled)
                  0000b580    00000004     line_tracking.o (.text.LineTracking_setEnabled)
                  0000b584    00000004     line_tracking.o (.text.LineTracking_setSpeed)
                  0000b588    00000004     startup_mspm0g350x_ticlang.o (.text.Reset_Handler)
                  0000b58c    00000004     libc.a : pre_init.c.obj (.text._system_pre_init)

.cinit     0    0000c020    00000030     
                  0000c020    0000000c     (__TI_handler_table)
                  0000c02c    00000008     (.cinit..bss.load) [load image, compression = zero_init]
                  0000c034    00000008     (.cinit..data.load) [load image, compression = lzss]
                  0000c03c    00000010     (__TI_cinit_table)
                  0000c04c    00000004     --HOLE-- [fill = 0]

.rodata    0    0000b590    00000a90     
                  0000b590    00000050     main.o (.rodata.gMotorAConfig)
                  0000b5e0    00000050     main.o (.rodata.gMotorBConfig)
                  0000b630    00000050     main.o (.rodata.gMotorCConfig)
                  0000b680    00000050     main.o (.rodata.gMotorDConfig)
                  0000b6d0    00000039     main.o (.rodata.str1.17100691992556644108.1)
                  0000b709    00000036     main.o (.rodata.str1.1499083853040407199.1)
                  0000b73f    00000036     main.o (.rodata.str1.7190843550371250464.1)
                  0000b775    00000035     main.o (.rodata.str1.8739739109796348711.1)
                  0000b7aa    00000035     main.o (.rodata.str1.9582546670787941090.1)
                  0000b7df    00000034     main.o (.rodata.str1.288608917962107522.1)
                  0000b813    00000032     main.o (.rodata.str1.14402440632258215044.1)
                  0000b845    00000031     main.o (.rodata.str1.18420373917905513025.1)
                  0000b876    00000031     main.o (.rodata.str1.489408286258209761.1)
                  0000b8a7    0000002f     main.o (.rodata.str1.2117079376983516436.1)
                  0000b8d6    0000002f     main.o (.rodata.str1.5635195992058134992.1)
                  0000b905    0000002e     main.o (.rodata.str1.2256192789054937243.1)
                  0000b933    0000002e     main.o (.rodata.str1.8154729771448623357.1)
                  0000b961    0000002d     main.o (.rodata.str1.2563708670032483588.1)
                  0000b98e    0000002b     main.o (.rodata.str1.5456361711443481037.1)
                  0000b9b9    00000029     main.o (.rodata.str1.10224226614597680209.1)
                  0000b9e2    00000029     main.o (.rodata.str1.3306105329219470413.1)
                  0000ba0b    00000028     main.o (.rodata.str1.11777244287787065045.1)
                  0000ba33    00000028     main.o (.rodata.str1.1311392489248731986.1)
                  0000ba5b    00000028     main.o (.rodata.str1.13959864503700487862.1)
                  0000ba83    00000028     main.o (.rodata.str1.5130420776781151933.1)
                  0000baab    00000028     main.o (.rodata.str1.922313780387552641.1)
                  0000bad3    00000027     main.o (.rodata.str1.10313062130652730376.1)
                  0000bafa    00000027     main.o (.rodata.str1.13782249893155712474.1)
                  0000bb21    00000027     main.o (.rodata.str1.6891813955777630061.1)
                  0000bb48    00000027     main.o (.rodata.str1.9060162316564048117.1)
                  0000bb6f    00000026     main.o (.rodata.str1.2182841224059738574.1)
                  0000bb95    00000026     main.o (.rodata.str1.6689794204546696417.1)
                  0000bbbb    00000026     main.o (.rodata.str1.8320541211001259012.1)
                  0000bbe1    00000025     main.o (.rodata.str1.11639152155638730617.1)
                  0000bc06    00000025     main.o (.rodata.str1.3292798375424520613.1)
                  0000bc2b    00000025     straight_task_control.o (.rodata.str1.446793766109262494.1)
                  0000bc50    00000025     main.o (.rodata.str1.5630281060179367396.1)
                  0000bc75    00000025     lap_task_control.o (.rodata.str1.6200913312131411637.1)
                  0000bc9a    00000024     main.o (.rodata.str1.10992214574315303902.1)
                  0000bcbe    00000024     main.o (.rodata.str1.3530083166107438000.1)
                  0000bce2    00000024     main.o (.rodata.str1.6976963560179378225.1)
                  0000bd06    00000023     main.o (.rodata.str1.13455639105384664542.1)
                  0000bd29    00000022     task_executor.o (.rodata.str1.240158867509335437.1)
                  0000bd4b    00000021     lap_task_control.o (.rodata.str1.2413759701585431130.1)
                  0000bd6c    00000020     main.o (.rodata.gAngleTurnConfig)
                  0000bd8c    0000001f     straight_task_control.o (.rodata.str1.7040808863327155277.1)
                  0000bdab    0000001e     task_executor.o (.rodata.str1.13736124676361268097.1)
                  0000bdc9    0000001e     straight_task_control.o (.rodata.str1.5111848593538277940.1)
                  0000bde7    00000001     --HOLE-- [fill = 0]
                  0000bde8    0000001c     main.o (.rodata.gCarConfig)
                  0000be04    00000019     lap_task_control.o (.rodata.str1.14284397962649984076.1)
                  0000be1d    00000017     task_executor.o (.rodata.str1.1157049911250168747.1)
                  0000be34    00000015     straight_task_control.o (.rodata.str1.7716800775287680474.1)
                  0000be49    00000003     ti_msp_dl_config.o (.rodata.gPWM_MOTOR_ABClockConfig)
                  0000be4c    00000014     ti_msp_dl_config.o (.rodata.gTIMER_PIDTimerConfig)
                  0000be60    00000013     main.o (.rodata.str1.17770841602246103764.1)
                  0000be73    00000013     lap_task_control.o (.rodata.str1.5950128082404191651.1)
                  0000be86    00000012     task_profiles.o (.rodata.gLapTask2Profile)
                  0000be98    00000012     task_profiles.o (.rodata.gLapTask5Profile)
                  0000beaa    00000012     task_profiles.o (.rodata.gLapTask6Profile)
                  0000bebc    00000012     main.o (.rodata.str1.8428454045432808059.1)
                  0000bece    00000011     main.o (.rodata.str1.887240019932590441.1)
                  0000bedf    00000001     --HOLE-- [fill = 0]
                  0000bee0    00000010     main.o (.rodata..Lswitch.table.Car_setSingleMotorChassisRpm.122)
                  0000bef0    00000010     task_profiles.o (.rodata.gStraightTask4Profile)
                  0000bf00    00000010     lap_task_control.o (.rodata.str1.4144015826523412668.1)
                  0000bf10    0000000e     main.o (.rodata.str1.15159059442110792349.1)
                  0000bf1e    0000000e     lap_task_control.o (.rodata.str1.15839785750238877193.1)
                  0000bf2c    0000000c     main.o (.rodata..L__const.main.lineTrackingConfig)
                  0000bf38    0000000b     main.o (.rodata.str1.13030671760666898970.1)
                  0000bf43    0000000b     main.o (.rodata.str1.39260288392874984.1)
                  0000bf4e    0000000a     ti_msp_dl_config.o (.rodata.gUART_0Config)
                  0000bf58    0000000a     ti_msp_dl_config.o (.rodata.gUART_1Config)
                  0000bf62    0000000a     ti_msp_dl_config.o (.rodata.gUART_OPENMVConfig)
                  0000bf6c    00000008     main.o (.rodata.cst8)
                  0000bf74    00000008     ti_msp_dl_config.o (.rodata.gPWM_MOTOR_ABConfig)
                  0000bf7c    00000008     ti_msp_dl_config.o (.rodata.gPWM_MOTOR_CDConfig)
                  0000bf84    00000006     line_tracking.o (.rodata.str1.11697046603888022051.1)
                  0000bf8a    00000005     oled.o (.rodata.OLED_getGlyph.A)
                  0000bf8f    00000005     oled.o (.rodata.OLED_getGlyph.C)
                  0000bf94    00000005     oled.o (.rodata.OLED_getGlyph.D)
                  0000bf99    00000005     oled.o (.rodata.OLED_getGlyph.E)
                  0000bf9e    00000005     oled.o (.rodata.OLED_getGlyph.K)
                  0000bfa3    00000005     oled.o (.rodata.OLED_getGlyph.L)
                  0000bfa8    00000005     oled.o (.rodata.OLED_getGlyph.N)
                  0000bfad    00000005     oled.o (.rodata.OLED_getGlyph.O)
                  0000bfb2    00000005     oled.o (.rodata.OLED_getGlyph.R)
                  0000bfb7    00000005     oled.o (.rodata.OLED_getGlyph.S)
                  0000bfbc    00000005     oled.o (.rodata.OLED_getGlyph.T)
                  0000bfc1    00000005     oled.o (.rodata.OLED_getGlyph.U)
                  0000bfc6    00000005     oled.o (.rodata.OLED_getGlyph.eight)
                  0000bfcb    00000005     oled.o (.rodata.OLED_getGlyph.five)
                  0000bfd0    00000005     oled.o (.rodata.OLED_getGlyph.four)
                  0000bfd5    00000005     oled.o (.rodata.OLED_getGlyph.nine)
                  0000bfda    00000005     oled.o (.rodata.OLED_getGlyph.one)
                  0000bfdf    00000005     oled.o (.rodata.OLED_getGlyph.seven)
                  0000bfe4    00000005     oled.o (.rodata.OLED_getGlyph.six)
                  0000bfe9    00000005     oled.o (.rodata.OLED_getGlyph.space)
                  0000bfee    00000005     oled.o (.rodata.OLED_getGlyph.three)
                  0000bff3    00000005     oled.o (.rodata.OLED_getGlyph.two)
                  0000bff8    00000005     oled.o (.rodata.OLED_getGlyph.zero)
                  0000bffd    00000004     main.o (.rodata.str1.10720410773482754683.1)
                  0000c001    00000004     main.o (.rodata.str1.2624144126699937905.1)
                  0000c005    00000003     ti_msp_dl_config.o (.rodata.gPWM_MOTOR_CDClockConfig)
                  0000c008    00000003     ti_msp_dl_config.o (.rodata.gTIMER_PIDClockConfig)
                  0000c00b    00000003     line_tracking.o (.rodata.str1.1693154617505176771.1)
                  0000c00e    00000002     ti_msp_dl_config.o (.rodata.gI2C_MPU6050ClockConfig)
                  0000c010    00000002     ti_msp_dl_config.o (.rodata.gI2C_OLEDClockConfig)
                  0000c012    00000002     ti_msp_dl_config.o (.rodata.gUART_0ClockConfig)
                  0000c014    00000002     ti_msp_dl_config.o (.rodata.gUART_1ClockConfig)
                  0000c016    00000002     ti_msp_dl_config.o (.rodata.gUART_OPENMVClockConfig)
                  0000c018    00000002     line_tracking.o (.rodata.str1.5293172173144075206.1)
                  0000c01a    00000006     --HOLE-- [fill = 0]

.init_array 
*          0    00000000    00000000     UNINITIALIZED

.binit     0    00000000    00000000     

.bss       0    20200000    00000653     UNINITIALIZED
                  20200000    000000bc     (.common:gPWM_MOTOR_CDBackup)
                  202000bc    000000bc     (.common:gTIMER_PIDBackup)
                  20200178    00000090     main.o (.bss.gTaskExecutor)
                  20200208    00000080     main.o (.bss.gUart3ForwardRxBuffer)
                  20200288    00000080     main.o (.bss.gUartCommand)
                  20200308    00000078     main.o (.bss.gMotorA)
                  20200380    00000078     main.o (.bss.gMotorB)
                  202003f8    00000078     main.o (.bss.gMotorC)
                  20200470    00000078     main.o (.bss.gMotorD)
                  202004e8    00000040     main.o (.bss.gOpenMvDebugRxBuffer)
                  20200528    00000038     main.o (.bss.gLineTracking)
                  20200560    00000034     main.o (.bss.gAngleTurn)
                  20200594    00000030     (.common:gUART_1Backup)
                  202005c4    00000020     main.o (.bss.gCar)
                  202005e4    00000010     main.o (.bss.UART_serviceMotorStatus.motorAStatus)
                  202005f4    00000010     main.o (.bss.UART_serviceMotorStatus.motorBStatus)
                  20200604    00000010     main.o (.bss.UART_serviceMotorStatus.motorCStatus)
                  20200614    00000010     main.o (.bss.UART_serviceMotorStatus.motorDStatus)
                  20200624    00000004     mpu6050_angle.o (.bss.gGyroZBiasRaw)
                  20200628    00000004     mpu6050_angle.o (.bss.gZAngleDegrees)
                  2020062c    00000004     mpu6050_angle.o (.bss.gZRateDps)
                  20200630    00000001     main.o (.bss.UART_serviceMotorStatus.motorAStatusReady)
                  20200631    00000001     main.o (.bss.UART_serviceMotorStatus.motorBStatusReady)
                  20200632    00000001     main.o (.bss.UART_serviceMotorStatus.motorCStatusReady)
                  20200633    00000001     main.o (.bss.UART_serviceMotorStatus.motorDStatusReady)
                  20200634    00000001     task_manager.o (.bss.gActiveTask)
                  20200635    00000001     mpu6050_angle.o (.bss.gDeviceId)
                  20200636    00000001     main.o (.bss.gGrayscaleStreamDivider)
                  20200637    00000001     main.o (.bss.gGrayscaleStreamEnabled)
                  20200638    00000001     main.o (.bss.gMotorStatusReportOnce)
                  20200639    00000001     main.o (.bss.gMotorStatusStreamEnabled)
                  2020063a    00000001     main.o (.bss.gMpu6050Ready)
                  2020063b    00000001     main.o (.bss.gMpu6050SampleDue)
                  2020063c    00000001     main.o (.bss.gOledReady)
                  2020063d    00000001     task_manager.o (.bss.gOledReady)
                  2020063e    00000001     main.o (.bss.gOpenMvDebugEnabled)
                  2020063f    00000001     main.o (.bss.gOpenMvDebugRxHead)
                  20200640    00000001     main.o (.bss.gOpenMvDebugRxOverflow)
                  20200641    00000001     main.o (.bss.gOpenMvDebugRxTail)
                  20200642    00000001     task_manager.o (.bss.gStatusButton.0)
                  20200643    00000001     task_manager.o (.bss.gStatusButton.1)
                  20200644    00000001     task_manager.o (.bss.gStatusButton.2)
                  20200645    00000001     task_manager.o (.bss.gStatusPressPending)
                  20200646    00000001     task_manager.o (.bss.gStatusReleasePending)
                  20200647    00000001     task_manager.o (.bss.gTaskButton.0)
                  20200648    00000001     task_manager.o (.bss.gTaskButton.1)
                  20200649    00000001     task_manager.o (.bss.gTaskButton.2)
                  2020064a    00000001     task_manager.o (.bss.gTaskStartButton.0)
                  2020064b    00000001     task_manager.o (.bss.gTaskStartButton.1)
                  2020064c    00000001     task_manager.o (.bss.gTaskStartButton.2)
                  2020064d    00000001     task_manager.o (.bss.gTaskStartPressPending)
                  2020064e    00000001     main.o (.bss.gUart3ForwardRxHead)
                  2020064f    00000001     main.o (.bss.gUart3ForwardRxOverflow)
                  20200650    00000001     main.o (.bss.gUart3ForwardRxTail)
                  20200651    00000001     main.o (.bss.gUartCommandLength)
                  20200652    00000001     main.o (.bss.gUartCommandReady)

.data      0    20200658    00000019     UNINITIALIZED
                  20200658    00000008     stopwatch.o (.data.startSystick)
                  20200660    00000008     stopwatch.o (.data.stopSystick)
                  20200668    00000008     main.o (.data.systick_ms)
                  20200670    00000001     stopwatch.o (.data.isEnabled)

.stack     0    20207e00    00000200     UNINITIALIZED
                  20207e00    00000004     libc.a : boot_cortex_m.c.obj (.stack)
                  20207e04    000001fc     --HOLE--

__llvm_prf_cnts 
*          0    20200000    00000000     UNINITIALIZED

__llvm_prf_bits 
*          0    20200000    00000000     UNINITIALIZED

MODULE SUMMARY

       Module                         code    ro data   rw data
       ------                         ----    -------   -------
    .\
       main.o                         28936   2065      1176   
       oled.o                         4302    115       0      
       ti_msp_dl_config.o             1480    85        424    
       line_tracking.o                1602    11        0      
       mpu6050_angle.o                1492    0         13     
       motor_control.o                1144    0         0      
       lap_task_control.o             900     144       0      
       straight_task_control.o        722     119       0      
       task_executor.o                664     87        0      
       task_manager.o                 520     0         14     
       car_control.o                  484     0         0      
       angle_turn_control.o           450     0         0      
       grayscale_sensor.o             428     0         0      
       startup_mspm0g350x_ticlang.o   6       192       0      
       stopwatch.o                    80      0         17     
       task_profiles.o                0       70        0      
    +--+------------------------------+-------+---------+---------+
       Total:                         43210   2888      1644   
                                                               
    E:/ti/ccs2100/mspm0_sdk_2_11_00_07/source/ti/driverlib/lib/ticlang/m0p/mspm0g1x0x_g3x0x/driverlib.a
       dl_timer.o                     608     0         0      
       dl_i2c.o                       240     0         0      
       dl_uart.o                      138     0         0      
       dl_common.o                    10      0         0      
    +--+------------------------------+-------+---------+---------+
       Total:                         996     0         0      
                                                               
    E:\ti\ccs2100\ccs\tools\compiler\ti-cgt-armllvm_5.1.1.LTS\lib\armv6m-ti-none-eabi/c/libc.a
       memcpy16.S.obj                 154     0         0      
       copy_decompress_lzss.c.obj     124     0         0      
       memset16.S.obj                 98      0         0      
       autoinit.c.obj                 60      0         0      
       boot_cortex_m.c.obj            40      0         0      
       copy_decompress_none.c.obj     18      0         0      
       copy_zero_init.c.obj           16      0         0      
       exit.c.obj                     6       0         0      
       pre_init.c.obj                 4       0         0      
    +--+------------------------------+-------+---------+---------+
       Total:                         520     0         0      
                                                               
    E:\ti\ccs2100\ccs\tools\compiler\ti-cgt-armllvm_5.1.1.LTS\lib\armv6m-ti-none-eabi/c/libsysbm.a
       hostexit.c.obj                 4       0         0      
    +--+------------------------------+-------+---------+---------+
       Total:                         4       0         0      
                                                               
    E:\ti\ccs2100\ccs\tools\compiler\ti-cgt-armllvm_5.1.1.LTS\lib\armv6m-ti-none-eabi/libclang_rt.builtins.a
       addsf3.S.obj                   216     0         0      
       udivmoddi4.S.obj               162     0         0      
       comparesf2.S.obj               140     0         0      
       mulsf3.S.obj                   140     0         0      
       divsf3.S.obj                   130     0         0      
       aeabi_fcmp.S.obj               90      0         0      
       aeabi_idivmod.S.obj            86      0         0      
       floatdisf.S.obj                78      0         0      
       aeabi_uidivmod.S.obj           64      0         0      
       divmoddi4.c.obj                62      0         0      
       floatsisf.S.obj                60      0         0      
       muldsi3.S.obj                  58      0         0      
       fixsfsi.S.obj                  56      0         0      
       floatunsisf.S.obj              40      0         0      
       muldi3.S.obj                   36      0         0      
       ashldi3.S.obj                  30      0         0      
       aeabi_memset.S.obj             26      0         0      
       aeabi_ldivmod.S.obj            20      0         0      
       aeabi_uldivmod.S.obj           20      0         0      
       aeabi_memcpy.S.obj             8       0         0      
       aeabi_div0.c.obj               4       0         0      
    +--+------------------------------+-------+---------+---------+
       Total:                         1526    0         0      
                                                               
       Stack:                         0       0         512    
       Linker Generated:              0       44        0      
    +--+------------------------------+-------+---------+---------+
       Grand Total:                   46256   2932      2156   


LINKER GENERATED COPY TABLES

__TI_cinit_table @ 0000c03c records: 2, size/record: 8, table size: 16
	.bss: load addr=0000c02c, load size=00000008 bytes, run addr=20200000, run size=00000653 bytes, compression=zero_init
	.data: load addr=0000c034, load size=00000008 bytes, run addr=20200658, run size=00000019 bytes, compression=lzss


LINKER GENERATED HANDLER TABLE

__TI_handler_table @ 0000c020 records: 3, size/record: 4, table size: 12
	index: 0, handler: __TI_decompress_lzss
	index: 1, handler: __TI_decompress_none
	index: 2, handler: __TI_zero_init


GLOBAL SYMBOLS: SORTED ALPHABETICALLY BY Name 

address   name                            
-------   ----                            
000071e3  ADC0_IRQHandler                 
000071e3  ADC1_IRQHandler                 
000071e3  AES_IRQHandler                  
0000b263  AngleTurnControl_cancel         
0000b16d  AngleTurnControl_init           
0000b559  AngleTurnControl_isActive       
0000a401  AngleTurnControl_start          
00009c41  AngleTurnControl_update         
0000b574  C$$EXIT                         
000071e3  CANFD0_IRQHandler               
0000b315  CarControl_coast                
0000b333  CarControl_emergencyStop        
0000b55f  CarControl_getSpeedRpm          
0000b571  CarControl_getTurnInnerPercent  
0000ae1d  CarControl_init                 
000091a5  CarControl_setMotion            
0000b1c5  CarControl_stop                 
000071e3  DAC0_IRQHandler                 
0000b545  DL_Common_delayCycles           
0000a965  DL_I2C_fillControllerTXFIFO     
0000b0dd  DL_I2C_flushControllerRXFIFO    
0000aed9  DL_I2C_flushControllerTXFIFO    
0000b23d  DL_I2C_setClockConfig           
0000963d  DL_Timer_initFourCCPWMMode      
00009a49  DL_Timer_initTimerMode          
0000b3ad  DL_Timer_setCaptCompUpdateMethod
0000b435  DL_Timer_setCaptureCompareOutCtl
0000b4c5  DL_Timer_setCaptureCompareValue 
0000b3c9  DL_Timer_setClockConfig         
0000ad15  DL_UART_init                    
0000b48d  DL_UART_setClockConfig          
0000b10d  DL_UART_transmitDataBlocking    
000071e3  DMA_IRQHandler                  
000071e3  Default_Handler                 
000071e3  GROUP0_IRQHandler               
0000a609  GROUP1_IRQHandler               
0000b199  Grayscale_Sensor_Init           
00008d65  Grayscale_Sensor_ReadAll        
0000b575  HOSTexit                        
000071e3  HardFault_Handler               
000071e3  I2C0_IRQHandler                 
000071e3  I2C1_IRQHandler                 
0000ae5b  LapTaskControl_init             
0000b49f  LapTaskControl_isRunning        
0000b075  LapTaskControl_reset            
00009b45  LapTaskControl_start            
0000840d  LapTaskControl_update           
0000b565  LineTracking_getSpeed           
0000b351  LineTracking_init               
0000b579  LineTracking_isEnabled          
00009ed5  LineTracking_readActiveCount    
0000b4d5  LineTracking_reset              
0000b57d  LineTracking_setDebugEnabled    
0000b581  LineTracking_setEnabled         
0000b585  LineTracking_setSpeed           
0000647d  LineTracking_update             
0000b515  MPU6050_Angle_getDeviceId       
0000b521  MPU6050_Angle_getZDegrees       
00007839  MPU6050_Angle_initWithProgress  
0000b52d  MPU6050_Angle_reset             
0000a905  MPU6050_Angle_update            
0000af8d  MotorControl_coast              
0000b0a9  MotorControl_handleEncoderEdge  
0000aa21  MotorControl_init               
0000b36f  MotorControl_setTargetRpm       
0000a2ed  MotorControl_takeStatus         
0000752d  MotorControl_update             
000071e3  NMI_Handler                     
00006e11  OLED_Init                       
00007d25  OLED_ShowCalibration            
00005f11  OLED_ShowStopwatch              
00007ab1  OLED_ShowTask                   
000071e3  PendSV_Handler                  
000071e3  RTC_IRQHandler                  
0000b589  Reset_Handler                   
000071e3  SPI0_IRQHandler                 
000071e3  SPI1_IRQHandler                 
000071e3  SVC_Handler                     
00008ee5  SYSCFG_DL_GPIO_init             
0000ab81  SYSCFG_DL_I2C_MPU6050_init      
0000abd5  SYSCFG_DL_I2C_OLED_init         
0000a0b5  SYSCFG_DL_PWM_MOTOR_AB_init     
0000a145  SYSCFG_DL_PWM_MOTOR_CD_init     
0000ad5d  SYSCFG_DL_SYSCTL_init           
0000b005  SYSCFG_DL_TIMER_PID_init        
0000a67d  SYSCFG_DL_UART_0_init           
0000a6ed  SYSCFG_DL_UART_1_init           
0000a75d  SYSCFG_DL_UART_OPENMV_init      
0000ac29  SYSCFG_DL_init                  
0000a379  SYSCFG_DL_initPower             
0000b13d  Stopwatch_getCurrentMs          
0000b2f5  Stopwatch_start                 
0000b287  StraightTaskControl_init        
0000b4e5  StraightTaskControl_isRunning   
0000b3e5  StraightTaskControl_reset       
00009401  StraightTaskControl_start       
00009045  StraightTaskControl_update      
000071e3  SysTick_Handler                 
000071e3  TIMA0_IRQHandler                
0000aa79  TIMA1_IRQHandler                
000071e3  TIMG0_IRQHandler                
000071e3  TIMG12_IRQHandler               
000071e3  TIMG6_IRQHandler                
000071e3  TIMG7_IRQHandler                
000071e3  TIMG8_IRQHandler                
0000a7cd  TaskExecutor_init               
0000b2d1  TaskExecutor_isRunning          
0000b3ff  TaskExecutor_reset              
00008611  TaskExecutor_update             
0000b539  TaskManager_getActiveTask       
00009e01  TaskManager_init                
0000b4f5  TaskManager_taskStartPressed    
00009525  TaskManager_update              
0000a83d  UART0_IRQHandler                
0000aad1  UART1_IRQHandler                
000071e3  UART2_IRQHandler                
0000acc9  UART3_IRQHandler                
20208000  __STACK_END                     
00000200  __STACK_SIZE                    
00000000  __TI_ATRegion0_region_sz        
00000000  __TI_ATRegion0_src_addr         
00000000  __TI_ATRegion0_trg_addr         
00000000  __TI_ATRegion1_region_sz        
00000000  __TI_ATRegion1_src_addr         
00000000  __TI_ATRegion1_trg_addr         
00000000  __TI_ATRegion2_region_sz        
00000000  __TI_ATRegion2_src_addr         
00000000  __TI_ATRegion2_trg_addr         
0000c03c  __TI_CINIT_Base                 
0000c04c  __TI_CINIT_Limit                
0000c04c  __TI_CINIT_Warm                 
0000c020  __TI_Handler_Table_Base         
0000c02c  __TI_Handler_Table_Limit        
0000af15  __TI_auto_init_nobinit_nopinit  
0000a58d  __TI_decompress_lzss            
0000b4b1  __TI_decompress_none            
ffffffff  __TI_pprof_out_hndl             
ffffffff  __TI_prof_data_size             
ffffffff  __TI_prof_data_start            
00000000  __TI_static_base__              
0000b505  __TI_zero_init                  
00009d33  __addsf3                        
0000b03d  __aeabi_f2iz                    
00009d33  __aeabi_fadd                    
0000a9c5  __aeabi_fcmpeq                  
0000a9fb  __aeabi_fcmpge                  
0000aa0d  __aeabi_fcmpgt                  
0000a9e9  __aeabi_fcmple                  
0000a9d7  __aeabi_fcmplt                  
0000a24b  __aeabi_fcmpun                  
0000a509  __aeabi_fdiv                    
0000a261  __aeabi_fmul                    
00009d29  __aeabi_fsub                    
0000af51  __aeabi_i2f                     
0000ab29  __aeabi_idiv                    
00009f77  __aeabi_idiv0                   
0000ab29  __aeabi_idivmod                 
0000ac79  __aeabi_l2f                     
0000a377  __aeabi_ldiv0                   
0000b465  __aeabi_ldivmod                 
0000b38d  __aeabi_llsl                    
0000b2ad  __aeabi_lmul                    
0000b427  __aeabi_memclr                  
0000b427  __aeabi_memclr4                 
0000b427  __aeabi_memclr8                 
0000b551  __aeabi_memcpy                  
0000b551  __aeabi_memcpy4                 
0000b551  __aeabi_memcpy8                 
0000b419  __aeabi_memset                  
0000b419  __aeabi_memset4                 
0000b419  __aeabi_memset8                 
0000b215  __aeabi_ui2f                    
0000addd  __aeabi_uidiv                   
0000addd  __aeabi_uidivmod                
0000b479  __aeabi_uldivmod                
0000b38d  __ashldi3                       
ffffffff  __binit__                       
0000a1d5  __cmpsf2                        
0000ae99  __divmoddi4                     
0000a509  __divsf3                        
0000a1d5  __eqsf2                         
0000b03d  __fixsfsi                       
0000ac79  __floatdisf                     
0000af51  __floatsisf                     
0000b215  __floatunsisf                   
0000a20f  __gesf2                         
0000a20f  __gtsf2                         
0000a1d5  __lesf2                         
0000a1d5  __ltsf2                         
UNDEFED   __mpu_init                      
0000b2ad  __muldi3                        
0000afc9  __muldsi3                       
0000a261  __mulsf3                        
0000a1d5  __nesf2                         
20207e00  __stack                         
20200000  __start___llvm_prf_bits         
20200000  __start___llvm_prf_cnts         
20200000  __stop___llvm_prf_bits          
20200000  __stop___llvm_prf_cnts          
00009d29  __subsf3                        
00009f79  __udivmoddi4                    
0000a24b  __unordsf2                      
0000b1ed  _c_int00_noargs                 
UNDEFED   _system_post_cinit              
0000b58d  _system_pre_init                
0000b56b  abort                           
ffffffff  binit                           
0000be86  gLapTask2Profile                
0000be98  gLapTask5Profile                
0000beaa  gLapTask6Profile                
20200000  gPWM_MOTOR_CDBackup             
0000bef0  gStraightTask4Profile           
202000bc  gTIMER_PIDBackup                
20200594  gUART_1Backup                   
00000000  interruptVectors                
00004029  main                            
0000a01b  memcpy                          
0000a8a1  memset                          
20200668  systick_ms                      


GLOBAL SYMBOLS: SORTED BY Symbol Address 

address   name                            
-------   ----                            
00000000  __TI_ATRegion0_region_sz        
00000000  __TI_ATRegion0_src_addr         
00000000  __TI_ATRegion0_trg_addr         
00000000  __TI_ATRegion1_region_sz        
00000000  __TI_ATRegion1_src_addr         
00000000  __TI_ATRegion1_trg_addr         
00000000  __TI_ATRegion2_region_sz        
00000000  __TI_ATRegion2_src_addr         
00000000  __TI_ATRegion2_trg_addr         
00000000  __TI_static_base__              
00000000  interruptVectors                
00000200  __STACK_SIZE                    
00004029  main                            
00005f11  OLED_ShowStopwatch              
0000647d  LineTracking_update             
00006e11  OLED_Init                       
000071e3  ADC0_IRQHandler                 
000071e3  ADC1_IRQHandler                 
000071e3  AES_IRQHandler                  
000071e3  CANFD0_IRQHandler               
000071e3  DAC0_IRQHandler                 
000071e3  DMA_IRQHandler                  
000071e3  Default_Handler                 
000071e3  GROUP0_IRQHandler               
000071e3  HardFault_Handler               
000071e3  I2C0_IRQHandler                 
000071e3  I2C1_IRQHandler                 
000071e3  NMI_Handler                     
000071e3  PendSV_Handler                  
000071e3  RTC_IRQHandler                  
000071e3  SPI0_IRQHandler                 
000071e3  SPI1_IRQHandler                 
000071e3  SVC_Handler                     
000071e3  SysTick_Handler                 
000071e3  TIMA0_IRQHandler                
000071e3  TIMG0_IRQHandler                
000071e3  TIMG12_IRQHandler               
000071e3  TIMG6_IRQHandler                
000071e3  TIMG7_IRQHandler                
000071e3  TIMG8_IRQHandler                
000071e3  UART2_IRQHandler                
0000752d  MotorControl_update             
00007839  MPU6050_Angle_initWithProgress  
00007ab1  OLED_ShowTask                   
00007d25  OLED_ShowCalibration            
0000840d  LapTaskControl_update           
00008611  TaskExecutor_update             
00008d65  Grayscale_Sensor_ReadAll        
00008ee5  SYSCFG_DL_GPIO_init             
00009045  StraightTaskControl_update      
000091a5  CarControl_setMotion            
00009401  StraightTaskControl_start       
00009525  TaskManager_update              
0000963d  DL_Timer_initFourCCPWMMode      
00009a49  DL_Timer_initTimerMode          
00009b45  LapTaskControl_start            
00009c41  AngleTurnControl_update         
00009d29  __aeabi_fsub                    
00009d29  __subsf3                        
00009d33  __addsf3                        
00009d33  __aeabi_fadd                    
00009e01  TaskManager_init                
00009ed5  LineTracking_readActiveCount    
00009f77  __aeabi_idiv0                   
00009f79  __udivmoddi4                    
0000a01b  memcpy                          
0000a0b5  SYSCFG_DL_PWM_MOTOR_AB_init     
0000a145  SYSCFG_DL_PWM_MOTOR_CD_init     
0000a1d5  __cmpsf2                        
0000a1d5  __eqsf2                         
0000a1d5  __lesf2                         
0000a1d5  __ltsf2                         
0000a1d5  __nesf2                         
0000a20f  __gesf2                         
0000a20f  __gtsf2                         
0000a24b  __aeabi_fcmpun                  
0000a24b  __unordsf2                      
0000a261  __aeabi_fmul                    
0000a261  __mulsf3                        
0000a2ed  MotorControl_takeStatus         
0000a377  __aeabi_ldiv0                   
0000a379  SYSCFG_DL_initPower             
0000a401  AngleTurnControl_start          
0000a509  __aeabi_fdiv                    
0000a509  __divsf3                        
0000a58d  __TI_decompress_lzss            
0000a609  GROUP1_IRQHandler               
0000a67d  SYSCFG_DL_UART_0_init           
0000a6ed  SYSCFG_DL_UART_1_init           
0000a75d  SYSCFG_DL_UART_OPENMV_init      
0000a7cd  TaskExecutor_init               
0000a83d  UART0_IRQHandler                
0000a8a1  memset                          
0000a905  MPU6050_Angle_update            
0000a965  DL_I2C_fillControllerTXFIFO     
0000a9c5  __aeabi_fcmpeq                  
0000a9d7  __aeabi_fcmplt                  
0000a9e9  __aeabi_fcmple                  
0000a9fb  __aeabi_fcmpge                  
0000aa0d  __aeabi_fcmpgt                  
0000aa21  MotorControl_init               
0000aa79  TIMA1_IRQHandler                
0000aad1  UART1_IRQHandler                
0000ab29  __aeabi_idiv                    
0000ab29  __aeabi_idivmod                 
0000ab81  SYSCFG_DL_I2C_MPU6050_init      
0000abd5  SYSCFG_DL_I2C_OLED_init         
0000ac29  SYSCFG_DL_init                  
0000ac79  __aeabi_l2f                     
0000ac79  __floatdisf                     
0000acc9  UART3_IRQHandler                
0000ad15  DL_UART_init                    
0000ad5d  SYSCFG_DL_SYSCTL_init           
0000addd  __aeabi_uidiv                   
0000addd  __aeabi_uidivmod                
0000ae1d  CarControl_init                 
0000ae5b  LapTaskControl_init             
0000ae99  __divmoddi4                     
0000aed9  DL_I2C_flushControllerTXFIFO    
0000af15  __TI_auto_init_nobinit_nopinit  
0000af51  __aeabi_i2f                     
0000af51  __floatsisf                     
0000af8d  MotorControl_coast              
0000afc9  __muldsi3                       
0000b005  SYSCFG_DL_TIMER_PID_init        
0000b03d  __aeabi_f2iz                    
0000b03d  __fixsfsi                       
0000b075  LapTaskControl_reset            
0000b0a9  MotorControl_handleEncoderEdge  
0000b0dd  DL_I2C_flushControllerRXFIFO    
0000b10d  DL_UART_transmitDataBlocking    
0000b13d  Stopwatch_getCurrentMs          
0000b16d  AngleTurnControl_init           
0000b199  Grayscale_Sensor_Init           
0000b1c5  CarControl_stop                 
0000b1ed  _c_int00_noargs                 
0000b215  __aeabi_ui2f                    
0000b215  __floatunsisf                   
0000b23d  DL_I2C_setClockConfig           
0000b263  AngleTurnControl_cancel         
0000b287  StraightTaskControl_init        
0000b2ad  __aeabi_lmul                    
0000b2ad  __muldi3                        
0000b2d1  TaskExecutor_isRunning          
0000b2f5  Stopwatch_start                 
0000b315  CarControl_coast                
0000b333  CarControl_emergencyStop        
0000b351  LineTracking_init               
0000b36f  MotorControl_setTargetRpm       
0000b38d  __aeabi_llsl                    
0000b38d  __ashldi3                       
0000b3ad  DL_Timer_setCaptCompUpdateMethod
0000b3c9  DL_Timer_setClockConfig         
0000b3e5  StraightTaskControl_reset       
0000b3ff  TaskExecutor_reset              
0000b419  __aeabi_memset                  
0000b419  __aeabi_memset4                 
0000b419  __aeabi_memset8                 
0000b427  __aeabi_memclr                  
0000b427  __aeabi_memclr4                 
0000b427  __aeabi_memclr8                 
0000b435  DL_Timer_setCaptureCompareOutCtl
0000b465  __aeabi_ldivmod                 
0000b479  __aeabi_uldivmod                
0000b48d  DL_UART_setClockConfig          
0000b49f  LapTaskControl_isRunning        
0000b4b1  __TI_decompress_none            
0000b4c5  DL_Timer_setCaptureCompareValue 
0000b4d5  LineTracking_reset              
0000b4e5  StraightTaskControl_isRunning   
0000b4f5  TaskManager_taskStartPressed    
0000b505  __TI_zero_init                  
0000b515  MPU6050_Angle_getDeviceId       
0000b521  MPU6050_Angle_getZDegrees       
0000b52d  MPU6050_Angle_reset             
0000b539  TaskManager_getActiveTask       
0000b545  DL_Common_delayCycles           
0000b551  __aeabi_memcpy                  
0000b551  __aeabi_memcpy4                 
0000b551  __aeabi_memcpy8                 
0000b559  AngleTurnControl_isActive       
0000b55f  CarControl_getSpeedRpm          
0000b565  LineTracking_getSpeed           
0000b56b  abort                           
0000b571  CarControl_getTurnInnerPercent  
0000b574  C$$EXIT                         
0000b575  HOSTexit                        
0000b579  LineTracking_isEnabled          
0000b57d  LineTracking_setDebugEnabled    
0000b581  LineTracking_setEnabled         
0000b585  LineTracking_setSpeed           
0000b589  Reset_Handler                   
0000b58d  _system_pre_init                
0000be86  gLapTask2Profile                
0000be98  gLapTask5Profile                
0000beaa  gLapTask6Profile                
0000bef0  gStraightTask4Profile           
0000c020  __TI_Handler_Table_Base         
0000c02c  __TI_Handler_Table_Limit        
0000c03c  __TI_CINIT_Base                 
0000c04c  __TI_CINIT_Limit                
0000c04c  __TI_CINIT_Warm                 
20200000  __start___llvm_prf_bits         
20200000  __start___llvm_prf_cnts         
20200000  __stop___llvm_prf_bits          
20200000  __stop___llvm_prf_cnts          
20200000  gPWM_MOTOR_CDBackup             
202000bc  gTIMER_PIDBackup                
20200594  gUART_1Backup                   
20200668  systick_ms                      
20207e00  __stack                         
20208000  __STACK_END                     
ffffffff  __TI_pprof_out_hndl             
ffffffff  __TI_prof_data_size             
ffffffff  __TI_prof_data_start            
ffffffff  __binit__                       
ffffffff  binit                           
UNDEFED   __mpu_init                      
UNDEFED   _system_post_cinit              

[219 symbols]
