******************************************************************************
            TI ARM Clang Linker PC v5.1.1                      
******************************************************************************
>> Linked Sun Jul 19 20:52:24 2026

OUTPUT FILE NAME:   <main.out>
ENTRY POINT SYMBOL: "_c_int00_noargs"  address: 00001375


MEMORY CONFIGURATION

         name            origin    length      used     unused   attr    fill
----------------------  --------  ---------  --------  --------  ----  --------
  FLASH                 00000000   00020000  000016a0  0001e960  R  X
  SRAM                  20200000   00008000  0000057c  00007a84  RW X
  BCR_CONFIG            41c00000   000000ff  00000000  000000ff  R   
  BSL_CONFIG            41c00100   00000080  00000000  00000080  R   


SEGMENT ALLOCATION MAP

run origin  load origin   length   init length attrs members
----------  ----------- ---------- ----------- ----- -------
00000000    00000000    000016a0   000016a0    r-x
  00000000    00000000    000000c0   000000c0    r-- .intvecs
  000000c0    000000c0    00001428   00001428    r-x .text
  000014e8    000014e8    00000188   00000188    r-- .rodata
  00001670    00001670    00000030   00000030    r-- .cinit
20200000    20200000    0000037c   00000000    rw-
  20200000    20200000    0000037a   00000000    rw- .bss
  2020037a    2020037a    00000002   00000000    rw- .data
20207e00    20207e00    00000200   00000000    rw-
  20207e00    20207e00    00000200   00000000    rw- .stack


SECTION ALLOCATION MAP

 output                                  attributes/
section   page    origin      length       input sections
--------  ----  ----------  ----------   ----------------
.intvecs   0    00000000    000000c0     
                  00000000    000000c0     startup_mspm0g350x_ticlang.o (.intvecs)

.text      0    000000c0    00001428     
                  000000c0    000002e4     motor_control.o (.text.MotorControl_update)
                  000003a4    0000023c     main.o (.text.main)
                  000005e0    00000120     ti_msp_dl_config.o (.text.SYSCFG_DL_GPIO_init)
                  00000700    00000104     driverlib.a : dl_timer.o (.text.DL_Timer_initFourCCPWMMode)
                  00000804    000000fc                 : dl_timer.o (.text.DL_Timer_initTimerMode)
                  00000900    000000d8     libclang_rt.builtins.a : addsf3.S.obj (.text)
                  000009d8    0000009a     libc.a : memcpy16.S.obj (.text:memcpy)
                  00000a72    00000002     startup_mspm0g350x_ticlang.o (.text.Default_Handler)
                  00000a74    00000090     ti_msp_dl_config.o (.text.SYSCFG_DL_PWM_MOTOR_AB_init)
                  00000b04    00000090     ti_msp_dl_config.o (.text.SYSCFG_DL_PWM_MOTOR_CD_init)
                  00000b94    0000008c     libclang_rt.builtins.a : comparesf2.S.obj (.text)
                  00000c20    0000008c                            : mulsf3.S.obj (.text)
                  00000cac    00000082                            : divsf3.S.obj (.text)
                  00000d2e    00000002                            : aeabi_div0.c.obj (.text.__aeabi_idiv0)
                  00000d30    00000080     main.o (.text.GROUP1_IRQHandler)
                  00000db0    0000007c     libc.a : copy_decompress_lzss.c.obj (.text:decompress:lzss)
                  00000e2c    00000070     ti_msp_dl_config.o (.text.SYSCFG_DL_UART_0_init)
                  00000e9c    00000070     ti_msp_dl_config.o (.text.SYSCFG_DL_initPower)
                  00000f0c    00000064     main.o (.text.UART0_IRQHandler)
                  00000f70    00000062     libc.a : memset16.S.obj (.text:memset)
                  00000fd2    00000002     --HOLE-- [fill = 0]
                  00000fd4    00000060     ti_msp_dl_config.o (.text.SYSCFG_DL_UART_1_init)
                  00001034    0000005a     libclang_rt.builtins.a : aeabi_fcmp.S.obj (.text)
                  0000108e    00000002     --HOLE-- [fill = 0]
                  00001090    00000058     motor_control.o (.text.MotorControl_init)
                  000010e8    00000048     driverlib.a : dl_uart.o (.text.DL_UART_init)
                  00001130    00000040     ti_msp_dl_config.o (.text.SYSCFG_DL_SYSCTL_init)
                  00001170    00000040     libclang_rt.builtins.a : aeabi_uidivmod.S.obj (.text)
                  000011b0    0000003c     ti_msp_dl_config.o (.text.SYSCFG_DL_init)
                  000011ec    0000003c     main.o (.text.TIMA1_IRQHandler)
                  00001228    0000003c     libc.a : autoinit.c.obj (.text:__TI_auto_init_nobinit_nopinit)
                  00001264    0000003a     libclang_rt.builtins.a : muldsi3.S.obj (.text)
                  0000129e    00000002     --HOLE-- [fill = 0]
                  000012a0    00000038     ti_msp_dl_config.o (.text.SYSCFG_DL_TIMER_PID_init)
                  000012d8    00000038     libclang_rt.builtins.a : fixsfsi.S.obj (.text)
                  00001310    00000032     motor_control.o (.text.MotorControl_handleEncoderEdge)
                  00001342    00000002     --HOLE-- [fill = 0]
                  00001344    00000030     ti_msp_dl_config.o (.text.SYSCFG_DL_I2C_0_init)
                  00001374    00000028     libc.a : boot_cortex_m.c.obj (.text:_c_int00_noargs)
                  0000139c    00000028     libclang_rt.builtins.a : floatunsisf.S.obj (.text)
                  000013c4    00000026     driverlib.a : dl_i2c.o (.text.DL_I2C_setClockConfig)
                  000013ea    00000002     --HOLE-- [fill = 0]
                  000013ec    0000001c                 : dl_timer.o (.text.DL_Timer_setCaptCompUpdateMethod)
                  00001408    0000001c                 : dl_timer.o (.text.DL_Timer_setClockConfig)
                  00001424    0000001a     libclang_rt.builtins.a : aeabi_memset.S.obj (.text)
                  0000143e    00000002     --HOLE-- [fill = 0]
                  00001440    00000018     driverlib.a : dl_timer.o (.text.DL_Timer_setCaptureCompareOutCtl)
                  00001458    00000018     motor_control.o (.text.MotorControl_setTargetRpm)
                  00001470    00000016     libc.a : copy_zero_init.c.obj (.text:decompress:ZI:__TI_zero_init_nomemset)
                  00001486    00000012     driverlib.a : dl_uart.o (.text.DL_UART_setClockConfig)
                  00001498    00000012     libc.a : copy_decompress_none.c.obj (.text:decompress:none)
                  000014aa    00000002     --HOLE-- [fill = 0]
                  000014ac    00000010     driverlib.a : dl_timer.o (.text.DL_Timer_setCaptureCompareValue)
                  000014bc    0000000a                 : dl_common.o (.text.DL_Common_delayCycles)
                  000014c6    00000002     --HOLE-- [fill = 0]
                  000014c8    00000008     libclang_rt.builtins.a : aeabi_memcpy.S.obj (.text)
                  000014d0    00000006     libc.a : exit.c.obj (.text:abort)
                  000014d6    00000004     libsysbm.a : hostexit.c.obj (.text.HOSTexit)
                  000014da    00000004     startup_mspm0g350x_ticlang.o (.text.Reset_Handler)
                  000014de    00000004     libc.a : pre_init.c.obj (.text._system_pre_init)
                  000014e2    00000006     --HOLE-- [fill = 0]

.cinit     0    00001670    00000030     
                  00001670    0000000c     (__TI_handler_table)
                  0000167c    00000008     (.cinit..bss.load) [load image, compression = zero_init]
                  00001684    00000006     (.cinit..data.load) [load image, compression = lzss]
                  0000168a    00000002     --HOLE-- [fill = 0]
                  0000168c    00000010     (__TI_cinit_table)
                  0000169c    00000004     --HOLE-- [fill = 0]

.rodata    0    000014e8    00000188     
                  000014e8    00000050     main.o (.rodata.gMotorAConfig)
                  00001538    00000050     main.o (.rodata.gMotorBConfig)
                  00001588    00000050     main.o (.rodata.gMotorCConfig)
                  000015d8    00000050     main.o (.rodata.gMotorDConfig)
                  00001628    00000014     ti_msp_dl_config.o (.rodata.gTIMER_PIDTimerConfig)
                  0000163c    0000000a     ti_msp_dl_config.o (.rodata.gUART_0Config)
                  00001646    0000000a     ti_msp_dl_config.o (.rodata.gUART_1Config)
                  00001650    00000008     ti_msp_dl_config.o (.rodata.gPWM_MOTOR_ABConfig)
                  00001658    00000008     ti_msp_dl_config.o (.rodata.gPWM_MOTOR_CDConfig)
                  00001660    00000003     ti_msp_dl_config.o (.rodata.gPWM_MOTOR_ABClockConfig)
                  00001663    00000003     ti_msp_dl_config.o (.rodata.gPWM_MOTOR_CDClockConfig)
                  00001666    00000003     ti_msp_dl_config.o (.rodata.gTIMER_PIDClockConfig)
                  00001669    00000002     ti_msp_dl_config.o (.rodata.gI2C_0ClockConfig)
                  0000166b    00000002     ti_msp_dl_config.o (.rodata.gUART_0ClockConfig)
                  0000166d    00000002     ti_msp_dl_config.o (.rodata.gUART_1ClockConfig)
                  0000166f    00000001     --HOLE-- [fill = 0]

.init_array 
*          0    00000000    00000000     UNINITIALIZED

.binit     0    00000000    00000000     

.bss       0    20200000    0000037a     UNINITIALIZED
                  20200000    000000bc     (.common:gPWM_MOTOR_CDBackup)
                  202000bc    000000bc     (.common:gTIMER_PIDBackup)
                  20200178    00000078     main.o (.bss.gMotorA)
                  202001f0    00000078     main.o (.bss.gMotorB)
                  20200268    00000078     main.o (.bss.gMotorC)
                  202002e0    00000078     main.o (.bss.gMotorD)
                  20200358    00000020     main.o (.bss.gUartCommand)
                  20200378    00000001     main.o (.bss.gUartCommandLength)
                  20200379    00000001     main.o (.bss.gUartCommandReady)

.data      0    2020037a    00000002     UNINITIALIZED
                  2020037a    00000002     main.o (.data.gCarSpeedRpm)

.stack     0    20207e00    00000200     UNINITIALIZED
                  20207e00    00000004     libc.a : boot_cortex_m.c.obj (.stack)
                  20207e04    000001fc     --HOLE--

__llvm_prf_cnts 
*          0    20200000    00000000     UNINITIALIZED

__llvm_prf_bits 
*          0    20200000    00000000     UNINITIALIZED

MODULE SUMMARY

       Module                         code   ro data   rw data
       ------                         ----   -------   -------
    .\
       main.o                         860    320       516    
       ti_msp_dl_config.o             1124   71        376    
       motor_control.o                902    0         0      
       startup_mspm0g350x_ticlang.o   6      192       0      
    +--+------------------------------+------+---------+---------+
       Total:                         2892   583       892    
                                                              
    C:/ti/mspm0_sdk_2_11_00_07/source/ti/driverlib/lib/ticlang/m0p/mspm0g1x0x_g3x0x/driverlib.a
       dl_timer.o                     608    0         0      
       dl_uart.o                      90     0         0      
       dl_i2c.o                       38     0         0      
       dl_common.o                    10     0         0      
    +--+------------------------------+------+---------+---------+
       Total:                         746    0         0      
                                                              
    C:\ti\ccs2100\ccs\tools\compiler\ti-cgt-armllvm_5.1.1.LTS\lib\armv6m-ti-none-eabi/c/libc.a
       memcpy16.S.obj                 154    0         0      
       copy_decompress_lzss.c.obj     124    0         0      
       memset16.S.obj                 98     0         0      
       autoinit.c.obj                 60     0         0      
       boot_cortex_m.c.obj            40     0         0      
       copy_zero_init.c.obj           22     0         0      
       copy_decompress_none.c.obj     18     0         0      
       exit.c.obj                     6      0         0      
       pre_init.c.obj                 4      0         0      
    +--+------------------------------+------+---------+---------+
       Total:                         526    0         0      
                                                              
    C:\ti\ccs2100\ccs\tools\compiler\ti-cgt-armllvm_5.1.1.LTS\lib\armv6m-ti-none-eabi/c/libsysbm.a
       hostexit.c.obj                 4      0         0      
    +--+------------------------------+------+---------+---------+
       Total:                         4      0         0      
                                                              
    C:\ti\ccs2100\ccs\tools\compiler\ti-cgt-armllvm_5.1.1.LTS\lib\armv6m-ti-none-eabi/libclang_rt.builtins.a
       addsf3.S.obj                   216    0         0      
       comparesf2.S.obj               140    0         0      
       mulsf3.S.obj                   140    0         0      
       divsf3.S.obj                   130    0         0      
       aeabi_fcmp.S.obj               90     0         0      
       aeabi_uidivmod.S.obj           64     0         0      
       muldsi3.S.obj                  58     0         0      
       fixsfsi.S.obj                  56     0         0      
       floatunsisf.S.obj              40     0         0      
       aeabi_memset.S.obj             26     0         0      
       aeabi_memcpy.S.obj             8      0         0      
       aeabi_div0.c.obj               2      0         0      
    +--+------------------------------+------+---------+---------+
       Total:                         970    0         0      
                                                              
       Stack:                         0      0         512    
       Linker Generated:              0      42        0      
    +--+------------------------------+------+---------+---------+
       Grand Total:                   5138   625       1404   


LINKER GENERATED COPY TABLES

__TI_cinit_table @ 0000168c records: 2, size/record: 8, table size: 16
	.bss: load addr=0000167c, load size=00000008 bytes, run addr=20200000, run size=0000037a bytes, compression=zero_init
	.data: load addr=00001684, load size=00000006 bytes, run addr=2020037a, run size=00000002 bytes, compression=lzss


LINKER GENERATED HANDLER TABLE

__TI_handler_table @ 00001670 records: 3, size/record: 4, table size: 12
	index: 0, handler: __TI_decompress_lzss
	index: 1, handler: __TI_decompress_none
	index: 2, handler: __TI_zero_init


GLOBAL SYMBOLS: SORTED ALPHABETICALLY BY Name 

address   name                            
-------   ----                            
00000a73  ADC0_IRQHandler                 
00000a73  ADC1_IRQHandler                 
00000a73  AES_IRQHandler                  
000014d6  C$$EXIT                         
00000a73  CANFD0_IRQHandler               
00000a73  DAC0_IRQHandler                 
000014bd  DL_Common_delayCycles           
000013c5  DL_I2C_setClockConfig           
00000701  DL_Timer_initFourCCPWMMode      
00000805  DL_Timer_initTimerMode          
000013ed  DL_Timer_setCaptCompUpdateMethod
00001441  DL_Timer_setCaptureCompareOutCtl
000014ad  DL_Timer_setCaptureCompareValue 
00001409  DL_Timer_setClockConfig         
000010e9  DL_UART_init                    
00001487  DL_UART_setClockConfig          
00000a73  DMA_IRQHandler                  
00000a73  Default_Handler                 
00000a73  GROUP0_IRQHandler               
00000d31  GROUP1_IRQHandler               
000014d7  HOSTexit                        
00000a73  HardFault_Handler               
00000a73  I2C0_IRQHandler                 
00000a73  I2C1_IRQHandler                 
00001311  MotorControl_handleEncoderEdge  
00001091  MotorControl_init               
00001459  MotorControl_setTargetRpm       
000000c1  MotorControl_update             
00000a73  NMI_Handler                     
00000a73  PendSV_Handler                  
00000a73  RTC_IRQHandler                  
000014db  Reset_Handler                   
00000a73  SPI0_IRQHandler                 
00000a73  SPI1_IRQHandler                 
00000a73  SVC_Handler                     
000005e1  SYSCFG_DL_GPIO_init             
00001345  SYSCFG_DL_I2C_0_init            
00000a75  SYSCFG_DL_PWM_MOTOR_AB_init     
00000b05  SYSCFG_DL_PWM_MOTOR_CD_init     
00001131  SYSCFG_DL_SYSCTL_init           
000012a1  SYSCFG_DL_TIMER_PID_init        
00000e2d  SYSCFG_DL_UART_0_init           
00000fd5  SYSCFG_DL_UART_1_init           
000011b1  SYSCFG_DL_init                  
00000e9d  SYSCFG_DL_initPower             
00000a73  SysTick_Handler                 
00000a73  TIMA0_IRQHandler                
000011ed  TIMA1_IRQHandler                
00000a73  TIMG0_IRQHandler                
00000a73  TIMG12_IRQHandler               
00000a73  TIMG6_IRQHandler                
00000a73  TIMG7_IRQHandler                
00000a73  TIMG8_IRQHandler                
00000f0d  UART0_IRQHandler                
00000a73  UART1_IRQHandler                
00000a73  UART2_IRQHandler                
00000a73  UART3_IRQHandler                
20208000  __STACK_END                     
00000200  __STACK_SIZE                    
00000000  __TI_ATRegion0_region_sz        
00000000  __TI_ATRegion0_src_addr         
00000000  __TI_ATRegion0_trg_addr         
00000000  __TI_ATRegion1_region_sz        
00000000  __TI_ATRegion1_src_addr         
00000000  __TI_ATRegion1_trg_addr         
00000000  __TI_ATRegion2_region_sz        
00000000  __TI_ATRegion2_src_addr         
00000000  __TI_ATRegion2_trg_addr         
0000168c  __TI_CINIT_Base                 
0000169c  __TI_CINIT_Limit                
0000169c  __TI_CINIT_Warm                 
00001670  __TI_Handler_Table_Base         
0000167c  __TI_Handler_Table_Limit        
00001229  __TI_auto_init_nobinit_nopinit  
00000db1  __TI_decompress_lzss            
00001499  __TI_decompress_none            
ffffffff  __TI_pprof_out_hndl             
ffffffff  __TI_prof_data_size             
ffffffff  __TI_prof_data_start            
00000000  __TI_static_base__              
00001471  __TI_zero_init_nomemset         
0000090b  __addsf3                        
000012d9  __aeabi_f2iz                    
0000090b  __aeabi_fadd                    
00001035  __aeabi_fcmpeq                  
0000106b  __aeabi_fcmpge                  
0000107d  __aeabi_fcmpgt                  
00001059  __aeabi_fcmple                  
00001047  __aeabi_fcmplt                  
00000c0b  __aeabi_fcmpun                  
00000cad  __aeabi_fdiv                    
00000c21  __aeabi_fmul                    
00000901  __aeabi_fsub                    
00000d2f  __aeabi_idiv0                   
00001433  __aeabi_memclr                  
00001433  __aeabi_memclr4                 
00001433  __aeabi_memclr8                 
000014c9  __aeabi_memcpy                  
000014c9  __aeabi_memcpy4                 
000014c9  __aeabi_memcpy8                 
00001425  __aeabi_memset                  
00001425  __aeabi_memset4                 
00001425  __aeabi_memset8                 
0000139d  __aeabi_ui2f                    
00001171  __aeabi_uidiv                   
00001171  __aeabi_uidivmod                
ffffffff  __binit__                       
00000b95  __cmpsf2                        
00000cad  __divsf3                        
00000b95  __eqsf2                         
000012d9  __fixsfsi                       
0000139d  __floatunsisf                   
00000bcf  __gesf2                         
00000bcf  __gtsf2                         
00000b95  __lesf2                         
00000b95  __ltsf2                         
UNDEFED   __mpu_init                      
00001265  __muldsi3                       
00000c21  __mulsf3                        
00000b95  __nesf2                         
20207e00  __stack                         
20200000  __start___llvm_prf_bits         
20200000  __start___llvm_prf_cnts         
20200000  __stop___llvm_prf_bits          
20200000  __stop___llvm_prf_cnts          
00000901  __subsf3                        
00000c0b  __unordsf2                      
00001375  _c_int00_noargs                 
UNDEFED   _system_post_cinit              
000014df  _system_pre_init                
000014d1  abort                           
ffffffff  binit                           
20200000  gPWM_MOTOR_CDBackup             
202000bc  gTIMER_PIDBackup                
00000000  interruptVectors                
000003a5  main                            
000009d9  memcpy                          
00000f71  memset                          


GLOBAL SYMBOLS: SORTED BY Symbol Address 

address   name                            
-------   ----                            
00000000  __TI_ATRegion0_region_sz        
00000000  __TI_ATRegion0_src_addr         
00000000  __TI_ATRegion0_trg_addr         
00000000  __TI_ATRegion1_region_sz        
00000000  __TI_ATRegion1_src_addr         
00000000  __TI_ATRegion1_trg_addr         
00000000  __TI_ATRegion2_region_sz        
00000000  __TI_ATRegion2_src_addr         
00000000  __TI_ATRegion2_trg_addr         
00000000  __TI_static_base__              
00000000  interruptVectors                
000000c1  MotorControl_update             
00000200  __STACK_SIZE                    
000003a5  main                            
000005e1  SYSCFG_DL_GPIO_init             
00000701  DL_Timer_initFourCCPWMMode      
00000805  DL_Timer_initTimerMode          
00000901  __aeabi_fsub                    
00000901  __subsf3                        
0000090b  __addsf3                        
0000090b  __aeabi_fadd                    
000009d9  memcpy                          
00000a73  ADC0_IRQHandler                 
00000a73  ADC1_IRQHandler                 
00000a73  AES_IRQHandler                  
00000a73  CANFD0_IRQHandler               
00000a73  DAC0_IRQHandler                 
00000a73  DMA_IRQHandler                  
00000a73  Default_Handler                 
00000a73  GROUP0_IRQHandler               
00000a73  HardFault_Handler               
00000a73  I2C0_IRQHandler                 
00000a73  I2C1_IRQHandler                 
00000a73  NMI_Handler                     
00000a73  PendSV_Handler                  
00000a73  RTC_IRQHandler                  
00000a73  SPI0_IRQHandler                 
00000a73  SPI1_IRQHandler                 
00000a73  SVC_Handler                     
00000a73  SysTick_Handler                 
00000a73  TIMA0_IRQHandler                
00000a73  TIMG0_IRQHandler                
00000a73  TIMG12_IRQHandler               
00000a73  TIMG6_IRQHandler                
00000a73  TIMG7_IRQHandler                
00000a73  TIMG8_IRQHandler                
00000a73  UART1_IRQHandler                
00000a73  UART2_IRQHandler                
00000a73  UART3_IRQHandler                
00000a75  SYSCFG_DL_PWM_MOTOR_AB_init     
00000b05  SYSCFG_DL_PWM_MOTOR_CD_init     
00000b95  __cmpsf2                        
00000b95  __eqsf2                         
00000b95  __lesf2                         
00000b95  __ltsf2                         
00000b95  __nesf2                         
00000bcf  __gesf2                         
00000bcf  __gtsf2                         
00000c0b  __aeabi_fcmpun                  
00000c0b  __unordsf2                      
00000c21  __aeabi_fmul                    
00000c21  __mulsf3                        
00000cad  __aeabi_fdiv                    
00000cad  __divsf3                        
00000d2f  __aeabi_idiv0                   
00000d31  GROUP1_IRQHandler               
00000db1  __TI_decompress_lzss            
00000e2d  SYSCFG_DL_UART_0_init           
00000e9d  SYSCFG_DL_initPower             
00000f0d  UART0_IRQHandler                
00000f71  memset                          
00000fd5  SYSCFG_DL_UART_1_init           
00001035  __aeabi_fcmpeq                  
00001047  __aeabi_fcmplt                  
00001059  __aeabi_fcmple                  
0000106b  __aeabi_fcmpge                  
0000107d  __aeabi_fcmpgt                  
00001091  MotorControl_init               
000010e9  DL_UART_init                    
00001131  SYSCFG_DL_SYSCTL_init           
00001171  __aeabi_uidiv                   
00001171  __aeabi_uidivmod                
000011b1  SYSCFG_DL_init                  
000011ed  TIMA1_IRQHandler                
00001229  __TI_auto_init_nobinit_nopinit  
00001265  __muldsi3                       
000012a1  SYSCFG_DL_TIMER_PID_init        
000012d9  __aeabi_f2iz                    
000012d9  __fixsfsi                       
00001311  MotorControl_handleEncoderEdge  
00001345  SYSCFG_DL_I2C_0_init            
00001375  _c_int00_noargs                 
0000139d  __aeabi_ui2f                    
0000139d  __floatunsisf                   
000013c5  DL_I2C_setClockConfig           
000013ed  DL_Timer_setCaptCompUpdateMethod
00001409  DL_Timer_setClockConfig         
00001425  __aeabi_memset                  
00001425  __aeabi_memset4                 
00001425  __aeabi_memset8                 
00001433  __aeabi_memclr                  
00001433  __aeabi_memclr4                 
00001433  __aeabi_memclr8                 
00001441  DL_Timer_setCaptureCompareOutCtl
00001459  MotorControl_setTargetRpm       
00001471  __TI_zero_init_nomemset         
00001487  DL_UART_setClockConfig          
00001499  __TI_decompress_none            
000014ad  DL_Timer_setCaptureCompareValue 
000014bd  DL_Common_delayCycles           
000014c9  __aeabi_memcpy                  
000014c9  __aeabi_memcpy4                 
000014c9  __aeabi_memcpy8                 
000014d1  abort                           
000014d6  C$$EXIT                         
000014d7  HOSTexit                        
000014db  Reset_Handler                   
000014df  _system_pre_init                
00001670  __TI_Handler_Table_Base         
0000167c  __TI_Handler_Table_Limit        
0000168c  __TI_CINIT_Base                 
0000169c  __TI_CINIT_Limit                
0000169c  __TI_CINIT_Warm                 
20200000  __start___llvm_prf_bits         
20200000  __start___llvm_prf_cnts         
20200000  __stop___llvm_prf_bits          
20200000  __stop___llvm_prf_cnts          
20200000  gPWM_MOTOR_CDBackup             
202000bc  gTIMER_PIDBackup                
20207e00  __stack                         
20208000  __STACK_END                     
ffffffff  __TI_pprof_out_hndl             
ffffffff  __TI_prof_data_size             
ffffffff  __TI_prof_data_start            
ffffffff  __binit__                       
ffffffff  binit                           
UNDEFED   __mpu_init                      
UNDEFED   _system_post_cinit              

[138 symbols]
