******************************************************************************
            TI ARM Clang Linker PC v5.1.1                      
******************************************************************************
>> Linked Thu Jul 30 21:06:49 2026

OUTPUT FILE NAME:   <main.out>
ENTRY POINT SYMBOL: "_c_int00_noargs"  address: 0000b371


MEMORY CONFIGURATION

         name            origin    length      used     unused   attr    fill
----------------------  --------  ---------  --------  --------  ----  --------
  FLASH                 00000000   00020000  0000c1d0  00013e30  R  X
  SRAM                  20200000   00008000  00000880  00007780  RW X
  BCR_CONFIG            41c00000   000000ff  00000000  000000ff  R   
  BSL_CONFIG            41c00100   00000080  00000000  00000080  R   


SEGMENT ALLOCATION MAP

run origin  load origin   length   init length attrs members
----------  ----------- ---------- ----------- ----- -------
00000000    00000000    0000c1d0   0000c1d0    r-x
  00000000    00000000    000000c0   000000c0    r-- .intvecs
  000000c0    000000c0    0000b648   0000b648    r-x .text
  0000b708    0000b708    00000a98   00000a98    r-- .rodata
  0000c1a0    0000c1a0    00000030   00000030    r-- .cinit
20200000    20200000    00000681   00000000    rw-
  20200000    20200000    00000667   00000000    rw- .bss
  20200668    20200668    00000019   00000000    rw- .data
20207e00    20207e00    00000200   00000000    rw-
  20207e00    20207e00    00000200   00000000    rw- .stack


SECTION ALLOCATION MAP

 output                                  attributes/
section   page    origin      length       input sections
--------  ----  ----------  ----------   ----------------
.intvecs   0    00000000    000000c0     
                  00000000    000000c0     startup_mspm0g350x_ticlang.o (.intvecs)

.text      0    000000c0    0000b648     
                  000000c0    00003f68     main.o (.text.Car_processUartCommand)
                  00004028    00001914     main.o (.text.main)
                  0000593c    000005d4     main.o (.text.UART_reportMotorStatus)
                  00005f10    0000056c     oled.o (.text.OLED_ShowStopwatch)
                  0000647c    0000055c     line_tracking.o (.text.LineTracking_update)
                  000069d8    00000438     main.o (.text.UART_sendVofaMotorChannels)
                  00006e10    000003d2     oled.o (.text.OLED_Init)
                  000071e2    00000002     startup_mspm0g350x_ticlang.o (.text.Default_Handler)
                  000071e4    00000348     main.o (.text.Car_setSingleMotorChassisRpm)
                  0000752c    0000030c     motor_control.o (.text.MotorControl_update)
                  00007838    000002c8     lap_task_control.o (.text.LapTaskControl_update)
                  00007b00    00000278     mpu6050_angle.o (.text.MPU6050_Angle_initWithProgress)
                  00007d78    00000274     oled.o (.text.OLED_ShowTask)
                  00007fec    0000026c     oled.o (.text.OLED_ShowCalibration)
                  00008258    00000244     main.o (.text.UART_reportGrayscale)
                  0000849c    00000238     main.o (.text.UART_reportZAngle)
                  000086d4    000001ec     task_executor.o (.text.TaskExecutor_update)
                  000088c0    000001e8     main.o (.text.Car_parseAngleTurnParameters)
                  00008aa8    000001d4     mpu6050_angle.o (.text.MPU6050_readRegisters)
                  00008c7c    000001ac     oled.o (.text.OLED_writeString)
                  00008e28    0000019c     straight_task_control.o (.text.StraightTaskControl_update)
                  00008fc4    00000180     grayscale_sensor.o (.text.Grayscale_Sensor_ReadAll)
                  00009144    00000160     ti_msp_dl_config.o (.text.SYSCFG_DL_GPIO_init)
                  000092a4    00000150     straight_task_control.o (.text.StraightTaskControl_start)
                  000093f4    0000013c     car_control.o (.text.CarControl_setMotion)
                  00009530    00000124     main.o (.text.Car_parseOptionalSignedRpm)
                  00009654    00000118     task_manager.o (.text.TaskManager_update)
                  0000976c    00000108     lap_task_control.o (.text.LapTaskControl_start)
                  00009874    00000104     driverlib.a : dl_timer.o (.text.DL_Timer_initFourCCPWMMode)
                  00009978    00000104     mpu6050_angle.o (.text.MPU6050_writeRegister)
                  00009a7c    00000104     oled.o (.text.OLED_writeByte)
                  00009b80    00000100     main.o (.text.UART_sendInt32)
                  00009c80    000000fc     driverlib.a : dl_timer.o (.text.DL_Timer_initTimerMode)
                  00009d7c    000000e8     angle_turn_control.o (.text.AngleTurnControl_update)
                  00009e64    000000d8     libclang_rt.builtins.a : addsf3.S.obj (.text)
                  00009f3c    000000d4     task_manager.o (.text.TaskManager_init)
                  0000a010    000000a2     line_tracking.o (.text.LineTracking_readActiveCount)
                  0000a0b2    00000002     libclang_rt.builtins.a : aeabi_div0.c.obj (.text.__aeabi_idiv0)
                  0000a0b4    000000a2                            : udivmoddi4.S.obj (.text)
                  0000a156    0000009a     libc.a : memcpy16.S.obj (.text:memcpy)
                  0000a1f0    00000090     ti_msp_dl_config.o (.text.SYSCFG_DL_PWM_MOTOR_AB_init)
                  0000a280    00000090     ti_msp_dl_config.o (.text.SYSCFG_DL_PWM_MOTOR_CD_init)
                  0000a310    0000008c     angle_turn_control.o (.text.AngleTurnControl_start)
                  0000a39c    0000008c     libclang_rt.builtins.a : comparesf2.S.obj (.text)
                  0000a428    0000008c                            : mulsf3.S.obj (.text)
                  0000a4b4    0000008a     motor_control.o (.text.MotorControl_takeStatus)
                  0000a53e    00000002     libclang_rt.builtins.a : aeabi_div0.c.obj (.text.__aeabi_ldiv0)
                  0000a540    00000088     ti_msp_dl_config.o (.text.SYSCFG_DL_initPower)
                  0000a5c8    00000084     main.o (.text.Car_parseUnsignedValue)
                  0000a64c    00000082     libclang_rt.builtins.a : divsf3.S.obj (.text)
                  0000a6ce    00000002     --HOLE-- [fill = 0]
                  0000a6d0    0000007c     libc.a : copy_decompress_lzss.c.obj (.text:decompress:lzss)
                  0000a74c    00000074     main.o (.text.GROUP1_IRQHandler)
                  0000a7c0    00000070     ti_msp_dl_config.o (.text.SYSCFG_DL_UART_0_init)
                  0000a830    00000070     ti_msp_dl_config.o (.text.SYSCFG_DL_UART_1_init)
                  0000a8a0    00000070     ti_msp_dl_config.o (.text.SYSCFG_DL_UART_OPENMV_init)
                  0000a910    00000070     task_executor.o (.text.TaskExecutor_init)
                  0000a980    00000064     main.o (.text.UART0_IRQHandler)
                  0000a9e4    00000062     libc.a : memset16.S.obj (.text:memset)
                  0000aa46    00000002     --HOLE-- [fill = 0]
                  0000aa48    00000060     mpu6050_angle.o (.text.MPU6050_Angle_update)
                  0000aaa8    0000005e     driverlib.a : dl_i2c.o (.text.DL_I2C_fillControllerTXFIFO)
                  0000ab06    00000002     --HOLE-- [fill = 0]
                  0000ab08    0000005a     libclang_rt.builtins.a : aeabi_fcmp.S.obj (.text)
                  0000ab62    00000002     --HOLE-- [fill = 0]
                  0000ab64    00000058     motor_control.o (.text.MotorControl_init)
                  0000abbc    00000058     main.o (.text.TIMA1_IRQHandler)
                  0000ac14    00000058     main.o (.text.UART1_IRQHandler)
                  0000ac6c    00000056     libclang_rt.builtins.a : aeabi_idivmod.S.obj (.text)
                  0000acc2    00000002     --HOLE-- [fill = 0]
                  0000acc4    00000054     ti_msp_dl_config.o (.text.SYSCFG_DL_I2C_MPU6050_init)
                  0000ad18    00000054     ti_msp_dl_config.o (.text.SYSCFG_DL_I2C_OLED_init)
                  0000ad6c    00000050     ti_msp_dl_config.o (.text.SYSCFG_DL_init)
                  0000adbc    0000004e     libclang_rt.builtins.a : floatdisf.S.obj (.text)
                  0000ae0a    00000002     --HOLE-- [fill = 0]
                  0000ae0c    0000004c     main.o (.text.UART3_IRQHandler)
                  0000ae58    00000048     driverlib.a : dl_uart.o (.text.DL_UART_init)
                  0000aea0    00000044     lap_task_control.o (.text.LapTaskControl_init)
                  0000aee4    00000042     car_control.o (.text.CarControl_init)
                  0000af26    00000002     --HOLE-- [fill = 0]
                  0000af28    00000040     ti_msp_dl_config.o (.text.SYSCFG_DL_SYSCTL_init)
                  0000af68    00000040     main.o (.text.UART_sendString)
                  0000afa8    00000040     libclang_rt.builtins.a : aeabi_uidivmod.S.obj (.text)
                  0000afe8    0000003e                            : divmoddi4.c.obj (.text.__divmoddi4)
                  0000b026    00000002     --HOLE-- [fill = 0]
                  0000b028    0000003c     driverlib.a : dl_i2c.o (.text.DL_I2C_flushControllerTXFIFO)
                  0000b064    0000003c     libc.a : autoinit.c.obj (.text:__TI_auto_init_nobinit_nopinit)
                  0000b0a0    0000003c     libclang_rt.builtins.a : floatsisf.S.obj (.text)
                  0000b0dc    0000003a     lap_task_control.o (.text.LapTaskControl_reset)
                  0000b116    0000003a     motor_control.o (.text.MotorControl_coast)
                  0000b150    0000003a     libclang_rt.builtins.a : muldsi3.S.obj (.text)
                  0000b18a    00000002     --HOLE-- [fill = 0]
                  0000b18c    00000038     ti_msp_dl_config.o (.text.SYSCFG_DL_TIMER_PID_init)
                  0000b1c4    00000038     libclang_rt.builtins.a : fixsfsi.S.obj (.text)
                  0000b1fc    00000032     motor_control.o (.text.MotorControl_handleEncoderEdge)
                  0000b22e    00000002     --HOLE-- [fill = 0]
                  0000b230    00000030     driverlib.a : dl_i2c.o (.text.DL_I2C_flushControllerRXFIFO)
                  0000b260    00000030                 : dl_uart.o (.text.DL_UART_transmitDataBlocking)
                  0000b290    00000030     stopwatch.o (.text.Stopwatch_getCurrentMs)
                  0000b2c0    00000030     straight_task_control.o (.text.StraightTaskControl_init)
                  0000b2f0    0000002c     angle_turn_control.o (.text.AngleTurnControl_init)
                  0000b31c    0000002c     grayscale_sensor.o (.text.Grayscale_Sensor_Init)
                  0000b348    00000028     car_control.o (.text.CarControl_stop)
                  0000b370    00000028     libc.a : boot_cortex_m.c.obj (.text:_c_int00_noargs)
                  0000b398    00000028     libclang_rt.builtins.a : floatunsisf.S.obj (.text)
                  0000b3c0    00000026     driverlib.a : dl_i2c.o (.text.DL_I2C_setClockConfig)
                  0000b3e6    00000026     straight_task_control.o (.text.StraightTaskControl_reset)
                  0000b40c    00000024     angle_turn_control.o (.text.AngleTurnControl_cancel)
                  0000b430    00000024     libclang_rt.builtins.a : muldi3.S.obj (.text)
                  0000b454    00000022     task_executor.o (.text.TaskExecutor_isRunning)
                  0000b476    00000002     --HOLE-- [fill = 0]
                  0000b478    00000020     stopwatch.o (.text.Stopwatch_start)
                  0000b498    0000001e     car_control.o (.text.CarControl_coast)
                  0000b4b6    0000001e     car_control.o (.text.CarControl_emergencyStop)
                  0000b4d4    0000001e     line_tracking.o (.text.LineTracking_init)
                  0000b4f2    0000001e     motor_control.o (.text.MotorControl_setTargetRpm)
                  0000b510    0000001e     libclang_rt.builtins.a : ashldi3.S.obj (.text)
                  0000b52e    00000002     --HOLE-- [fill = 0]
                  0000b530    0000001c     driverlib.a : dl_timer.o (.text.DL_Timer_setCaptCompUpdateMethod)
                  0000b54c    0000001c                 : dl_timer.o (.text.DL_Timer_setClockConfig)
                  0000b568    0000001a     task_executor.o (.text.TaskExecutor_reset)
                  0000b582    00000002     --HOLE-- [fill = 0]
                  0000b584    0000001a     libclang_rt.builtins.a : aeabi_memset.S.obj (.text)
                  0000b59e    00000002     --HOLE-- [fill = 0]
                  0000b5a0    00000018     driverlib.a : dl_timer.o (.text.DL_Timer_setCaptureCompareOutCtl)
                  0000b5b8    00000018     main.o (.text.OLED_showCalibrationProgress)
                  0000b5d0    00000014     libclang_rt.builtins.a : aeabi_ldivmod.S.obj (.text)
                  0000b5e4    00000014                            : aeabi_uldivmod.S.obj (.text)
                  0000b5f8    00000012     driverlib.a : dl_uart.o (.text.DL_UART_setClockConfig)
                  0000b60a    00000012     lap_task_control.o (.text.LapTaskControl_isRunning)
                  0000b61c    00000012     libc.a : copy_decompress_none.c.obj (.text:decompress:none)
                  0000b62e    00000002     --HOLE-- [fill = 0]
                  0000b630    00000010     driverlib.a : dl_timer.o (.text.DL_Timer_setCaptureCompareValue)
                  0000b640    00000010     line_tracking.o (.text.LineTracking_reset)
                  0000b650    00000010     straight_task_control.o (.text.StraightTaskControl_isRunning)
                  0000b660    00000010     task_manager.o (.text.TaskManager_taskStartPressed)
                  0000b670    00000010     libc.a : copy_zero_init.c.obj (.text:decompress:ZI)
                  0000b680    0000000c     mpu6050_angle.o (.text.MPU6050_Angle_getDeviceId)
                  0000b68c    0000000c     mpu6050_angle.o (.text.MPU6050_Angle_getZDegrees)
                  0000b698    0000000c     mpu6050_angle.o (.text.MPU6050_Angle_reset)
                  0000b6a4    0000000c     task_manager.o (.text.TaskManager_getActiveTask)
                  0000b6b0    0000000a     driverlib.a : dl_common.o (.text.DL_Common_delayCycles)
                  0000b6ba    00000002     --HOLE-- [fill = 0]
                  0000b6bc    00000008     libclang_rt.builtins.a : aeabi_memcpy.S.obj (.text)
                  0000b6c4    00000006     angle_turn_control.o (.text.AngleTurnControl_isActive)
                  0000b6ca    00000006     car_control.o (.text.CarControl_getSpeedRpm)
                  0000b6d0    00000006     car_control.o (.text.CarControl_getTurnInnerPercent)
                  0000b6d6    00000006     line_tracking.o (.text.LineTracking_getSpeed)
                  0000b6dc    00000006     libc.a : exit.c.obj (.text:abort)
                  0000b6e2    00000004     car_control.o (.text.CarControl_getMotion)
                  0000b6e6    00000004     libsysbm.a : hostexit.c.obj (.text.HOSTexit)
                  0000b6ea    00000004     line_tracking.o (.text.LineTracking_isEnabled)
                  0000b6ee    00000004     line_tracking.o (.text.LineTracking_setDebugEnabled)
                  0000b6f2    00000004     line_tracking.o (.text.LineTracking_setEnabled)
                  0000b6f6    00000004     line_tracking.o (.text.LineTracking_setSpeed)
                  0000b6fa    00000004     startup_mspm0g350x_ticlang.o (.text.Reset_Handler)
                  0000b6fe    00000004     libc.a : pre_init.c.obj (.text._system_pre_init)
                  0000b702    00000006     --HOLE-- [fill = 0]

.cinit     0    0000c1a0    00000030     
                  0000c1a0    0000000c     (__TI_handler_table)
                  0000c1ac    00000008     (.cinit..bss.load) [load image, compression = zero_init]
                  0000c1b4    00000008     (.cinit..data.load) [load image, compression = lzss]
                  0000c1bc    00000010     (__TI_cinit_table)
                  0000c1cc    00000004     --HOLE-- [fill = 0]

.rodata    0    0000b708    00000a98     
                  0000b708    00000050     main.o (.rodata.gMotorAConfig)
                  0000b758    00000050     main.o (.rodata.gMotorBConfig)
                  0000b7a8    00000050     main.o (.rodata.gMotorCConfig)
                  0000b7f8    00000050     main.o (.rodata.gMotorDConfig)
                  0000b848    00000039     main.o (.rodata.str1.17100691992556644108.1)
                  0000b881    00000036     main.o (.rodata.str1.1499083853040407199.1)
                  0000b8b7    00000036     main.o (.rodata.str1.7190843550371250464.1)
                  0000b8ed    00000035     main.o (.rodata.str1.8739739109796348711.1)
                  0000b922    00000035     main.o (.rodata.str1.9582546670787941090.1)
                  0000b957    00000034     main.o (.rodata.str1.288608917962107522.1)
                  0000b98b    00000032     main.o (.rodata.str1.14402440632258215044.1)
                  0000b9bd    00000031     main.o (.rodata.str1.18420373917905513025.1)
                  0000b9ee    00000031     main.o (.rodata.str1.489408286258209761.1)
                  0000ba1f    0000002f     main.o (.rodata.str1.2117079376983516436.1)
                  0000ba4e    0000002f     main.o (.rodata.str1.5635195992058134992.1)
                  0000ba7d    0000002e     main.o (.rodata.str1.2256192789054937243.1)
                  0000baab    0000002e     main.o (.rodata.str1.8154729771448623357.1)
                  0000bad9    0000002d     main.o (.rodata.str1.2563708670032483588.1)
                  0000bb06    0000002b     main.o (.rodata.str1.5456361711443481037.1)
                  0000bb31    00000029     main.o (.rodata.str1.10224226614597680209.1)
                  0000bb5a    00000029     main.o (.rodata.str1.3306105329219470413.1)
                  0000bb83    00000028     main.o (.rodata.str1.11777244287787065045.1)
                  0000bbab    00000028     main.o (.rodata.str1.1311392489248731986.1)
                  0000bbd3    00000028     main.o (.rodata.str1.13959864503700487862.1)
                  0000bbfb    00000028     main.o (.rodata.str1.5130420776781151933.1)
                  0000bc23    00000028     main.o (.rodata.str1.922313780387552641.1)
                  0000bc4b    00000027     main.o (.rodata.str1.10313062130652730376.1)
                  0000bc72    00000027     main.o (.rodata.str1.13782249893155712474.1)
                  0000bc99    00000027     main.o (.rodata.str1.6891813955777630061.1)
                  0000bcc0    00000027     main.o (.rodata.str1.9060162316564048117.1)
                  0000bce7    00000026     main.o (.rodata.str1.2182841224059738574.1)
                  0000bd0d    00000026     straight_task_control.o (.rodata.str1.446793766109262494.1)
                  0000bd33    00000026     main.o (.rodata.str1.6689794204546696417.1)
                  0000bd59    00000026     main.o (.rodata.str1.8320541211001259012.1)
                  0000bd7f    00000025     main.o (.rodata.str1.11639152155638730617.1)
                  0000bda4    00000025     main.o (.rodata.str1.3292798375424520613.1)
                  0000bdc9    00000025     main.o (.rodata.str1.5630281060179367396.1)
                  0000bdee    00000025     lap_task_control.o (.rodata.str1.6200913312131411637.1)
                  0000be13    00000024     main.o (.rodata.str1.10992214574315303902.1)
                  0000be37    00000024     main.o (.rodata.str1.3530083166107438000.1)
                  0000be5b    00000024     main.o (.rodata.str1.6976963560179378225.1)
                  0000be7f    00000023     main.o (.rodata.str1.13455639105384664542.1)
                  0000bea2    00000022     task_executor.o (.rodata.str1.240158867509335437.1)
                  0000bec4    00000021     lap_task_control.o (.rodata.str1.2413759701585431130.1)
                  0000bee5    00000003     ti_msp_dl_config.o (.rodata.gPWM_MOTOR_ABClockConfig)
                  0000bee8    00000020     main.o (.rodata.gAngleTurnConfig)
                  0000bf08    0000001e     task_executor.o (.rodata.str1.13736124676361268097.1)
                  0000bf26    0000001e     straight_task_control.o (.rodata.str1.5111848593538277940.1)
                  0000bf44    0000001c     main.o (.rodata.gCarConfig)
                  0000bf60    00000019     lap_task_control.o (.rodata.str1.14284397962649984076.1)
                  0000bf79    00000018     straight_task_control.o (.rodata.str1.7040808863327155277.1)
                  0000bf91    00000017     task_executor.o (.rodata.str1.1157049911250168747.1)
                  0000bfa8    00000016     task_profiles.o (.rodata.gLapTask2Profile)
                  0000bfbe    00000016     task_profiles.o (.rodata.gLapTask5Profile)
                  0000bfd4    00000016     task_profiles.o (.rodata.gLapTask6Profile)
                  0000bfea    00000015     straight_task_control.o (.rodata.str1.7716800775287680474.1)
                  0000bfff    00000001     --HOLE-- [fill = 0]
                  0000c000    00000014     ti_msp_dl_config.o (.rodata.gTIMER_PIDTimerConfig)
                  0000c014    00000013     main.o (.rodata.str1.17770841602246103764.1)
                  0000c027    00000013     lap_task_control.o (.rodata.str1.5950128082404191651.1)
                  0000c03a    00000012     task_profiles.o (.rodata.gStraightTask4Profile)
                  0000c04c    00000012     main.o (.rodata.str1.8428454045432808059.1)
                  0000c05e    00000011     main.o (.rodata.str1.887240019932590441.1)
                  0000c06f    00000001     --HOLE-- [fill = 0]
                  0000c070    00000010     main.o (.rodata..Lswitch.table.Car_setSingleMotorChassisRpm.122)
                  0000c080    00000010     lap_task_control.o (.rodata.str1.4144015826523412668.1)
                  0000c090    0000000e     main.o (.rodata.str1.15159059442110792349.1)
                  0000c09e    0000000e     lap_task_control.o (.rodata.str1.15839785750238877193.1)
                  0000c0ac    0000000c     main.o (.rodata..L__const.main.lineTrackingConfig)
                  0000c0b8    0000000b     main.o (.rodata.str1.13030671760666898970.1)
                  0000c0c3    0000000b     main.o (.rodata.str1.39260288392874984.1)
                  0000c0ce    0000000a     ti_msp_dl_config.o (.rodata.gUART_0Config)
                  0000c0d8    0000000a     ti_msp_dl_config.o (.rodata.gUART_1Config)
                  0000c0e2    0000000a     ti_msp_dl_config.o (.rodata.gUART_OPENMVConfig)
                  0000c0ec    00000008     main.o (.rodata.cst8)
                  0000c0f4    00000008     ti_msp_dl_config.o (.rodata.gPWM_MOTOR_ABConfig)
                  0000c0fc    00000008     ti_msp_dl_config.o (.rodata.gPWM_MOTOR_CDConfig)
                  0000c104    00000006     line_tracking.o (.rodata.str1.11697046603888022051.1)
                  0000c10a    00000005     oled.o (.rodata.OLED_getGlyph.A)
                  0000c10f    00000005     oled.o (.rodata.OLED_getGlyph.C)
                  0000c114    00000005     oled.o (.rodata.OLED_getGlyph.D)
                  0000c119    00000005     oled.o (.rodata.OLED_getGlyph.E)
                  0000c11e    00000005     oled.o (.rodata.OLED_getGlyph.K)
                  0000c123    00000005     oled.o (.rodata.OLED_getGlyph.L)
                  0000c128    00000005     oled.o (.rodata.OLED_getGlyph.N)
                  0000c12d    00000005     oled.o (.rodata.OLED_getGlyph.O)
                  0000c132    00000005     oled.o (.rodata.OLED_getGlyph.R)
                  0000c137    00000005     oled.o (.rodata.OLED_getGlyph.S)
                  0000c13c    00000005     oled.o (.rodata.OLED_getGlyph.T)
                  0000c141    00000005     oled.o (.rodata.OLED_getGlyph.U)
                  0000c146    00000005     oled.o (.rodata.OLED_getGlyph.eight)
                  0000c14b    00000005     oled.o (.rodata.OLED_getGlyph.five)
                  0000c150    00000005     oled.o (.rodata.OLED_getGlyph.four)
                  0000c155    00000005     oled.o (.rodata.OLED_getGlyph.nine)
                  0000c15a    00000005     oled.o (.rodata.OLED_getGlyph.one)
                  0000c15f    00000005     oled.o (.rodata.OLED_getGlyph.seven)
                  0000c164    00000005     oled.o (.rodata.OLED_getGlyph.six)
                  0000c169    00000005     oled.o (.rodata.OLED_getGlyph.space)
                  0000c16e    00000005     oled.o (.rodata.OLED_getGlyph.three)
                  0000c173    00000005     oled.o (.rodata.OLED_getGlyph.two)
                  0000c178    00000005     oled.o (.rodata.OLED_getGlyph.zero)
                  0000c17d    00000004     main.o (.rodata.str1.10720410773482754683.1)
                  0000c181    00000004     main.o (.rodata.str1.2624144126699937905.1)
                  0000c185    00000003     ti_msp_dl_config.o (.rodata.gPWM_MOTOR_CDClockConfig)
                  0000c188    00000003     ti_msp_dl_config.o (.rodata.gTIMER_PIDClockConfig)
                  0000c18b    00000003     line_tracking.o (.rodata.str1.1693154617505176771.1)
                  0000c18e    00000002     ti_msp_dl_config.o (.rodata.gI2C_MPU6050ClockConfig)
                  0000c190    00000002     ti_msp_dl_config.o (.rodata.gI2C_OLEDClockConfig)
                  0000c192    00000002     ti_msp_dl_config.o (.rodata.gUART_0ClockConfig)
                  0000c194    00000002     ti_msp_dl_config.o (.rodata.gUART_1ClockConfig)
                  0000c196    00000002     ti_msp_dl_config.o (.rodata.gUART_OPENMVClockConfig)
                  0000c198    00000002     line_tracking.o (.rodata.str1.5293172173144075206.1)
                  0000c19a    00000006     --HOLE-- [fill = 0]

.init_array 
*          0    00000000    00000000     UNINITIALIZED

.binit     0    00000000    00000000     

.bss       0    20200000    00000667     UNINITIALIZED
                  20200000    000000bc     (.common:gPWM_MOTOR_CDBackup)
                  202000bc    000000bc     (.common:gTIMER_PIDBackup)
                  20200178    000000a0     main.o (.bss.gTaskExecutor)
                  20200218    00000080     main.o (.bss.gUart3ForwardRxBuffer)
                  20200298    00000080     main.o (.bss.gUartCommand)
                  20200318    00000078     main.o (.bss.gMotorA)
                  20200390    00000078     main.o (.bss.gMotorB)
                  20200408    00000078     main.o (.bss.gMotorC)
                  20200480    00000078     main.o (.bss.gMotorD)
                  202004f8    00000040     main.o (.bss.gOpenMvDebugRxBuffer)
                  20200538    00000038     main.o (.bss.gLineTracking)
                  20200570    00000034     main.o (.bss.gAngleTurn)
                  202005a4    00000030     (.common:gUART_1Backup)
                  202005d4    00000024     main.o (.bss.gCar)
                  202005f8    00000010     main.o (.bss.UART_serviceMotorStatus.motorAStatus)
                  20200608    00000010     main.o (.bss.UART_serviceMotorStatus.motorBStatus)
                  20200618    00000010     main.o (.bss.UART_serviceMotorStatus.motorCStatus)
                  20200628    00000010     main.o (.bss.UART_serviceMotorStatus.motorDStatus)
                  20200638    00000004     mpu6050_angle.o (.bss.gGyroZBiasRaw)
                  2020063c    00000004     mpu6050_angle.o (.bss.gZAngleDegrees)
                  20200640    00000004     mpu6050_angle.o (.bss.gZRateDps)
                  20200644    00000001     main.o (.bss.UART_serviceMotorStatus.motorAStatusReady)
                  20200645    00000001     main.o (.bss.UART_serviceMotorStatus.motorBStatusReady)
                  20200646    00000001     main.o (.bss.UART_serviceMotorStatus.motorCStatusReady)
                  20200647    00000001     main.o (.bss.UART_serviceMotorStatus.motorDStatusReady)
                  20200648    00000001     task_manager.o (.bss.gActiveTask)
                  20200649    00000001     mpu6050_angle.o (.bss.gDeviceId)
                  2020064a    00000001     main.o (.bss.gGrayscaleStreamDivider)
                  2020064b    00000001     main.o (.bss.gGrayscaleStreamEnabled)
                  2020064c    00000001     main.o (.bss.gMotorStatusReportOnce)
                  2020064d    00000001     main.o (.bss.gMotorStatusStreamEnabled)
                  2020064e    00000001     main.o (.bss.gMpu6050Ready)
                  2020064f    00000001     main.o (.bss.gMpu6050SampleDue)
                  20200650    00000001     main.o (.bss.gOledReady)
                  20200651    00000001     task_manager.o (.bss.gOledReady)
                  20200652    00000001     main.o (.bss.gOpenMvDebugEnabled)
                  20200653    00000001     main.o (.bss.gOpenMvDebugRxHead)
                  20200654    00000001     main.o (.bss.gOpenMvDebugRxOverflow)
                  20200655    00000001     main.o (.bss.gOpenMvDebugRxTail)
                  20200656    00000001     task_manager.o (.bss.gStatusButton.0)
                  20200657    00000001     task_manager.o (.bss.gStatusButton.1)
                  20200658    00000001     task_manager.o (.bss.gStatusButton.2)
                  20200659    00000001     task_manager.o (.bss.gStatusPressPending)
                  2020065a    00000001     task_manager.o (.bss.gStatusReleasePending)
                  2020065b    00000001     task_manager.o (.bss.gTaskButton.0)
                  2020065c    00000001     task_manager.o (.bss.gTaskButton.1)
                  2020065d    00000001     task_manager.o (.bss.gTaskButton.2)
                  2020065e    00000001     task_manager.o (.bss.gTaskStartButton.0)
                  2020065f    00000001     task_manager.o (.bss.gTaskStartButton.1)
                  20200660    00000001     task_manager.o (.bss.gTaskStartButton.2)
                  20200661    00000001     task_manager.o (.bss.gTaskStartPressPending)
                  20200662    00000001     main.o (.bss.gUart3ForwardRxHead)
                  20200663    00000001     main.o (.bss.gUart3ForwardRxOverflow)
                  20200664    00000001     main.o (.bss.gUart3ForwardRxTail)
                  20200665    00000001     main.o (.bss.gUartCommandLength)
                  20200666    00000001     main.o (.bss.gUartCommandReady)

.data      0    20200668    00000019     UNINITIALIZED
                  20200668    00000008     stopwatch.o (.data.startSystick)
                  20200670    00000008     stopwatch.o (.data.stopSystick)
                  20200678    00000008     main.o (.data.systick_ms)
                  20200680    00000001     stopwatch.o (.data.isEnabled)

.stack     0    20207e00    00000200     UNINITIALIZED
                  20207e00    00000004     libc.a : boot_cortex_m.c.obj (.stack)
                  20207e04    000001fc     --HOLE--

__llvm_prf_cnts 
*          0    20200000    00000000     UNINITIALIZED

__llvm_prf_bits 
*          0    20200000    00000000     UNINITIALIZED

MODULE SUMMARY

       Module                         code    ro data   rw data
       ------                         ----    -------   -------
    .\
       main.o                         28936   2065      1196   
       oled.o                         4302    115       0      
       ti_msp_dl_config.o             1480    85        424    
       line_tracking.o                1602    11        0      
       mpu6050_angle.o                1492    0         13     
       lap_task_control.o             1120    144       0      
       motor_control.o                1144    0         0      
       straight_task_control.o        850     113       0      
       task_executor.o                664     87        0      
       task_manager.o                 520     0         14     
       car_control.o                  498     0         0      
       angle_turn_control.o           458     0         0      
       grayscale_sensor.o             428     0         0      
       startup_mspm0g350x_ticlang.o   6       192       0      
       stopwatch.o                    80      0         17     
       task_profiles.o                0       84        0      
    +--+------------------------------+-------+---------+---------+
       Total:                         43580   2896      1664   
                                                               
    E:/ti/ccs2100/mspm0_sdk_2_11_00_07/source/ti/driverlib/lib/ticlang/m0p/mspm0g1x0x_g3x0x/driverlib.a
       dl_timer.o                     608     0         0      
       dl_i2c.o                       240     0         0      
       dl_uart.o                      138     0         0      
       dl_common.o                    10      0         0      
    +--+------------------------------+-------+---------+---------+
       Total:                         996     0         0      
                                                               
    E:\ti\ccs2100\ccs\tools\compiler\ti-cgt-armllvm_5.1.1.LTS\lib\armv6m-ti-none-eabi/c/libc.a
       memcpy16.S.obj                 154     0         0      
       copy_decompress_lzss.c.obj     124     0         0      
       memset16.S.obj                 98      0         0      
       autoinit.c.obj                 60      0         0      
       boot_cortex_m.c.obj            40      0         0      
       copy_decompress_none.c.obj     18      0         0      
       copy_zero_init.c.obj           16      0         0      
       exit.c.obj                     6       0         0      
       pre_init.c.obj                 4       0         0      
    +--+------------------------------+-------+---------+---------+
       Total:                         520     0         0      
                                                               
    E:\ti\ccs2100\ccs\tools\compiler\ti-cgt-armllvm_5.1.1.LTS\lib\armv6m-ti-none-eabi/c/libsysbm.a
       hostexit.c.obj                 4       0         0      
    +--+------------------------------+-------+---------+---------+
       Total:                         4       0         0      
                                                               
    E:\ti\ccs2100\ccs\tools\compiler\ti-cgt-armllvm_5.1.1.LTS\lib\armv6m-ti-none-eabi/libclang_rt.builtins.a
       addsf3.S.obj                   216     0         0      
       udivmoddi4.S.obj               162     0         0      
       comparesf2.S.obj               140     0         0      
       mulsf3.S.obj                   140     0         0      
       divsf3.S.obj                   130     0         0      
       aeabi_fcmp.S.obj               90      0         0      
       aeabi_idivmod.S.obj            86      0         0      
       floatdisf.S.obj                78      0         0      
       aeabi_uidivmod.S.obj           64      0         0      
       divmoddi4.c.obj                62      0         0      
       floatsisf.S.obj                60      0         0      
       muldsi3.S.obj                  58      0         0      
       fixsfsi.S.obj                  56      0         0      
       floatunsisf.S.obj              40      0         0      
       muldi3.S.obj                   36      0         0      
       ashldi3.S.obj                  30      0         0      
       aeabi_memset.S.obj             26      0         0      
       aeabi_ldivmod.S.obj            20      0         0      
       aeabi_uldivmod.S.obj           20      0         0      
       aeabi_memcpy.S.obj             8       0         0      
       aeabi_div0.c.obj               4       0         0      
    +--+------------------------------+-------+---------+---------+
       Total:                         1526    0         0      
                                                               
       Stack:                         0       0         512    
       Linker Generated:              0       44        0      
    +--+------------------------------+-------+---------+---------+
       Grand Total:                   46626   2940      2176   


LINKER GENERATED COPY TABLES

__TI_cinit_table @ 0000c1bc records: 2, size/record: 8, table size: 16
	.bss: load addr=0000c1ac, load size=00000008 bytes, run addr=20200000, run size=00000667 bytes, compression=zero_init
	.data: load addr=0000c1b4, load size=00000008 bytes, run addr=20200668, run size=00000019 bytes, compression=lzss


LINKER GENERATED HANDLER TABLE

__TI_handler_table @ 0000c1a0 records: 3, size/record: 4, table size: 12
	index: 0, handler: __TI_decompress_lzss
	index: 1, handler: __TI_decompress_none
	index: 2, handler: __TI_zero_init


GLOBAL SYMBOLS: SORTED ALPHABETICALLY BY Name 

address   name                            
-------   ----                            
000071e3  ADC0_IRQHandler                 
000071e3  ADC1_IRQHandler                 
000071e3  AES_IRQHandler                  
0000b40d  AngleTurnControl_cancel         
0000b2f1  AngleTurnControl_init           
0000b6c5  AngleTurnControl_isActive       
0000a311  AngleTurnControl_start          
00009d7d  AngleTurnControl_update         
0000b6e6  C$$EXIT                         
000071e3  CANFD0_IRQHandler               
0000b499  CarControl_coast                
0000b4b7  CarControl_emergencyStop        
0000b6e3  CarControl_getMotion            
0000b6cb  CarControl_getSpeedRpm          
0000b6d1  CarControl_getTurnInnerPercent  
0000aee5  CarControl_init                 
000093f5  CarControl_setMotion            
0000b349  CarControl_stop                 
000071e3  DAC0_IRQHandler                 
0000b6b1  DL_Common_delayCycles           
0000aaa9  DL_I2C_fillControllerTXFIFO     
0000b231  DL_I2C_flushControllerRXFIFO    
0000b029  DL_I2C_flushControllerTXFIFO    
0000b3c1  DL_I2C_setClockConfig           
00009875  DL_Timer_initFourCCPWMMode      
00009c81  DL_Timer_initTimerMode          
0000b531  DL_Timer_setCaptCompUpdateMethod
0000b5a1  DL_Timer_setCaptureCompareOutCtl
0000b631  DL_Timer_setCaptureCompareValue 
0000b54d  DL_Timer_setClockConfig         
0000ae59  DL_UART_init                    
0000b5f9  DL_UART_setClockConfig          
0000b261  DL_UART_transmitDataBlocking    
000071e3  DMA_IRQHandler                  
000071e3  Default_Handler                 
000071e3  GROUP0_IRQHandler               
0000a74d  GROUP1_IRQHandler               
0000b31d  Grayscale_Sensor_Init           
00008fc5  Grayscale_Sensor_ReadAll        
0000b6e7  HOSTexit                        
000071e3  HardFault_Handler               
000071e3  I2C0_IRQHandler                 
000071e3  I2C1_IRQHandler                 
0000aea1  LapTaskControl_init             
0000b60b  LapTaskControl_isRunning        
0000b0dd  LapTaskControl_reset            
0000976d  LapTaskControl_start            
00007839  LapTaskControl_update           
0000b6d7  LineTracking_getSpeed           
0000b4d5  LineTracking_init               
0000b6eb  LineTracking_isEnabled          
0000a011  LineTracking_readActiveCount    
0000b641  LineTracking_reset              
0000b6ef  LineTracking_setDebugEnabled    
0000b6f3  LineTracking_setEnabled         
0000b6f7  LineTracking_setSpeed           
0000647d  LineTracking_update             
0000b681  MPU6050_Angle_getDeviceId       
0000b68d  MPU6050_Angle_getZDegrees       
00007b01  MPU6050_Angle_initWithProgress  
0000b699  MPU6050_Angle_reset             
0000aa49  MPU6050_Angle_update            
0000b117  MotorControl_coast              
0000b1fd  MotorControl_handleEncoderEdge  
0000ab65  MotorControl_init               
0000b4f3  MotorControl_setTargetRpm       
0000a4b5  MotorControl_takeStatus         
0000752d  MotorControl_update             
000071e3  NMI_Handler                     
00006e11  OLED_Init                       
00007fed  OLED_ShowCalibration            
00005f11  OLED_ShowStopwatch              
00007d79  OLED_ShowTask                   
000071e3  PendSV_Handler                  
000071e3  RTC_IRQHandler                  
0000b6fb  Reset_Handler                   
000071e3  SPI0_IRQHandler                 
000071e3  SPI1_IRQHandler                 
000071e3  SVC_Handler                     
00009145  SYSCFG_DL_GPIO_init             
0000acc5  SYSCFG_DL_I2C_MPU6050_init      
0000ad19  SYSCFG_DL_I2C_OLED_init         
0000a1f1  SYSCFG_DL_PWM_MOTOR_AB_init     
0000a281  SYSCFG_DL_PWM_MOTOR_CD_init     
0000af29  SYSCFG_DL_SYSCTL_init           
0000b18d  SYSCFG_DL_TIMER_PID_init        
0000a7c1  SYSCFG_DL_UART_0_init           
0000a831  SYSCFG_DL_UART_1_init           
0000a8a1  SYSCFG_DL_UART_OPENMV_init      
0000ad6d  SYSCFG_DL_init                  
0000a541  SYSCFG_DL_initPower             
0000b291  Stopwatch_getCurrentMs          
0000b479  Stopwatch_start                 
0000b2c1  StraightTaskControl_init        
0000b651  StraightTaskControl_isRunning   
0000b3e7  StraightTaskControl_reset       
000092a5  StraightTaskControl_start       
00008e29  StraightTaskControl_update      
000071e3  SysTick_Handler                 
000071e3  TIMA0_IRQHandler                
0000abbd  TIMA1_IRQHandler                
000071e3  TIMG0_IRQHandler                
000071e3  TIMG12_IRQHandler               
000071e3  TIMG6_IRQHandler                
000071e3  TIMG7_IRQHandler                
000071e3  TIMG8_IRQHandler                
0000a911  TaskExecutor_init               
0000b455  TaskExecutor_isRunning          
0000b569  TaskExecutor_reset              
000086d5  TaskExecutor_update             
0000b6a5  TaskManager_getActiveTask       
00009f3d  TaskManager_init                
0000b661  TaskManager_taskStartPressed    
00009655  TaskManager_update              
0000a981  UART0_IRQHandler                
0000ac15  UART1_IRQHandler                
000071e3  UART2_IRQHandler                
0000ae0d  UART3_IRQHandler                
20208000  __STACK_END                     
00000200  __STACK_SIZE                    
00000000  __TI_ATRegion0_region_sz        
00000000  __TI_ATRegion0_src_addr         
00000000  __TI_ATRegion0_trg_addr         
00000000  __TI_ATRegion1_region_sz        
00000000  __TI_ATRegion1_src_addr         
00000000  __TI_ATRegion1_trg_addr         
00000000  __TI_ATRegion2_region_sz        
00000000  __TI_ATRegion2_src_addr         
00000000  __TI_ATRegion2_trg_addr         
0000c1bc  __TI_CINIT_Base                 
0000c1cc  __TI_CINIT_Limit                
0000c1cc  __TI_CINIT_Warm                 
0000c1a0  __TI_Handler_Table_Base         
0000c1ac  __TI_Handler_Table_Limit        
0000b065  __TI_auto_init_nobinit_nopinit  
0000a6d1  __TI_decompress_lzss            
0000b61d  __TI_decompress_none            
ffffffff  __TI_pprof_out_hndl             
ffffffff  __TI_prof_data_size             
ffffffff  __TI_prof_data_start            
00000000  __TI_static_base__              
0000b671  __TI_zero_init                  
00009e6f  __addsf3                        
0000b1c5  __aeabi_f2iz                    
00009e6f  __aeabi_fadd                    
0000ab09  __aeabi_fcmpeq                  
0000ab3f  __aeabi_fcmpge                  
0000ab51  __aeabi_fcmpgt                  
0000ab2d  __aeabi_fcmple                  
0000ab1b  __aeabi_fcmplt                  
0000a413  __aeabi_fcmpun                  
0000a64d  __aeabi_fdiv                    
0000a429  __aeabi_fmul                    
00009e65  __aeabi_fsub                    
0000b0a1  __aeabi_i2f                     
0000ac6d  __aeabi_idiv                    
0000a0b3  __aeabi_idiv0                   
0000ac6d  __aeabi_idivmod                 
0000adbd  __aeabi_l2f                     
0000a53f  __aeabi_ldiv0                   
0000b5d1  __aeabi_ldivmod                 
0000b511  __aeabi_llsl                    
0000b431  __aeabi_lmul                    
0000b593  __aeabi_memclr                  
0000b593  __aeabi_memclr4                 
0000b593  __aeabi_memclr8                 
0000b6bd  __aeabi_memcpy                  
0000b6bd  __aeabi_memcpy4                 
0000b6bd  __aeabi_memcpy8                 
0000b585  __aeabi_memset                  
0000b585  __aeabi_memset4                 
0000b585  __aeabi_memset8                 
0000b399  __aeabi_ui2f                    
0000afa9  __aeabi_uidiv                   
0000afa9  __aeabi_uidivmod                
0000b5e5  __aeabi_uldivmod                
0000b511  __ashldi3                       
ffffffff  __binit__                       
0000a39d  __cmpsf2                        
0000afe9  __divmoddi4                     
0000a64d  __divsf3                        
0000a39d  __eqsf2                         
0000b1c5  __fixsfsi                       
0000adbd  __floatdisf                     
0000b0a1  __floatsisf                     
0000b399  __floatunsisf                   
0000a3d7  __gesf2                         
0000a3d7  __gtsf2                         
0000a39d  __lesf2                         
0000a39d  __ltsf2                         
UNDEFED   __mpu_init                      
0000b431  __muldi3                        
0000b151  __muldsi3                       
0000a429  __mulsf3                        
0000a39d  __nesf2                         
20207e00  __stack                         
20200000  __start___llvm_prf_bits         
20200000  __start___llvm_prf_cnts         
20200000  __stop___llvm_prf_bits          
20200000  __stop___llvm_prf_cnts          
00009e65  __subsf3                        
0000a0b5  __udivmoddi4                    
0000a413  __unordsf2                      
0000b371  _c_int00_noargs                 
UNDEFED   _system_post_cinit              
0000b6ff  _system_pre_init                
0000b6dd  abort                           
ffffffff  binit                           
0000bfa8  gLapTask2Profile                
0000bfbe  gLapTask5Profile                
0000bfd4  gLapTask6Profile                
20200000  gPWM_MOTOR_CDBackup             
0000c03a  gStraightTask4Profile           
202000bc  gTIMER_PIDBackup                
202005a4  gUART_1Backup                   
00000000  interruptVectors                
00004029  main                            
0000a157  memcpy                          
0000a9e5  memset                          
20200678  systick_ms                      


GLOBAL SYMBOLS: SORTED BY Symbol Address 

address   name                            
-------   ----                            
00000000  __TI_ATRegion0_region_sz        
00000000  __TI_ATRegion0_src_addr         
00000000  __TI_ATRegion0_trg_addr         
00000000  __TI_ATRegion1_region_sz        
00000000  __TI_ATRegion1_src_addr         
00000000  __TI_ATRegion1_trg_addr         
00000000  __TI_ATRegion2_region_sz        
00000000  __TI_ATRegion2_src_addr         
00000000  __TI_ATRegion2_trg_addr         
00000000  __TI_static_base__              
00000000  interruptVectors                
00000200  __STACK_SIZE                    
00004029  main                            
00005f11  OLED_ShowStopwatch              
0000647d  LineTracking_update             
00006e11  OLED_Init                       
000071e3  ADC0_IRQHandler                 
000071e3  ADC1_IRQHandler                 
000071e3  AES_IRQHandler                  
000071e3  CANFD0_IRQHandler               
000071e3  DAC0_IRQHandler                 
000071e3  DMA_IRQHandler                  
000071e3  Default_Handler                 
000071e3  GROUP0_IRQHandler               
000071e3  HardFault_Handler               
000071e3  I2C0_IRQHandler                 
000071e3  I2C1_IRQHandler                 
000071e3  NMI_Handler                     
000071e3  PendSV_Handler                  
000071e3  RTC_IRQHandler                  
000071e3  SPI0_IRQHandler                 
000071e3  SPI1_IRQHandler                 
000071e3  SVC_Handler                     
000071e3  SysTick_Handler                 
000071e3  TIMA0_IRQHandler                
000071e3  TIMG0_IRQHandler                
000071e3  TIMG12_IRQHandler               
000071e3  TIMG6_IRQHandler                
000071e3  TIMG7_IRQHandler                
000071e3  TIMG8_IRQHandler                
000071e3  UART2_IRQHandler                
0000752d  MotorControl_update             
00007839  LapTaskControl_update           
00007b01  MPU6050_Angle_initWithProgress  
00007d79  OLED_ShowTask                   
00007fed  OLED_ShowCalibration            
000086d5  TaskExecutor_update             
00008e29  StraightTaskControl_update      
00008fc5  Grayscale_Sensor_ReadAll        
00009145  SYSCFG_DL_GPIO_init             
000092a5  StraightTaskControl_start       
000093f5  CarControl_setMotion            
00009655  TaskManager_update              
0000976d  LapTaskControl_start            
00009875  DL_Timer_initFourCCPWMMode      
00009c81  DL_Timer_initTimerMode          
00009d7d  AngleTurnControl_update         
00009e65  __aeabi_fsub                    
00009e65  __subsf3                        
00009e6f  __addsf3                        
00009e6f  __aeabi_fadd                    
00009f3d  TaskManager_init                
0000a011  LineTracking_readActiveCount    
0000a0b3  __aeabi_idiv0                   
0000a0b5  __udivmoddi4                    
0000a157  memcpy                          
0000a1f1  SYSCFG_DL_PWM_MOTOR_AB_init     
0000a281  SYSCFG_DL_PWM_MOTOR_CD_init     
0000a311  AngleTurnControl_start          
0000a39d  __cmpsf2                        
0000a39d  __eqsf2                         
0000a39d  __lesf2                         
0000a39d  __ltsf2                         
0000a39d  __nesf2                         
0000a3d7  __gesf2                         
0000a3d7  __gtsf2                         
0000a413  __aeabi_fcmpun                  
0000a413  __unordsf2                      
0000a429  __aeabi_fmul                    
0000a429  __mulsf3                        
0000a4b5  MotorControl_takeStatus         
0000a53f  __aeabi_ldiv0                   
0000a541  SYSCFG_DL_initPower             
0000a64d  __aeabi_fdiv                    
0000a64d  __divsf3                        
0000a6d1  __TI_decompress_lzss            
0000a74d  GROUP1_IRQHandler               
0000a7c1  SYSCFG_DL_UART_0_init           
0000a831  SYSCFG_DL_UART_1_init           
0000a8a1  SYSCFG_DL_UART_OPENMV_init      
0000a911  TaskExecutor_init               
0000a981  UART0_IRQHandler                
0000a9e5  memset                          
0000aa49  MPU6050_Angle_update            
0000aaa9  DL_I2C_fillControllerTXFIFO     
0000ab09  __aeabi_fcmpeq                  
0000ab1b  __aeabi_fcmplt                  
0000ab2d  __aeabi_fcmple                  
0000ab3f  __aeabi_fcmpge                  
0000ab51  __aeabi_fcmpgt                  
0000ab65  MotorControl_init               
0000abbd  TIMA1_IRQHandler                
0000ac15  UART1_IRQHandler                
0000ac6d  __aeabi_idiv                    
0000ac6d  __aeabi_idivmod                 
0000acc5  SYSCFG_DL_I2C_MPU6050_init      
0000ad19  SYSCFG_DL_I2C_OLED_init         
0000ad6d  SYSCFG_DL_init                  
0000adbd  __aeabi_l2f                     
0000adbd  __floatdisf                     
0000ae0d  UART3_IRQHandler                
0000ae59  DL_UART_init                    
0000aea1  LapTaskControl_init             
0000aee5  CarControl_init                 
0000af29  SYSCFG_DL_SYSCTL_init           
0000afa9  __aeabi_uidiv                   
0000afa9  __aeabi_uidivmod                
0000afe9  __divmoddi4                     
0000b029  DL_I2C_flushControllerTXFIFO    
0000b065  __TI_auto_init_nobinit_nopinit  
0000b0a1  __aeabi_i2f                     
0000b0a1  __floatsisf                     
0000b0dd  LapTaskControl_reset            
0000b117  MotorControl_coast              
0000b151  __muldsi3                       
0000b18d  SYSCFG_DL_TIMER_PID_init        
0000b1c5  __aeabi_f2iz                    
0000b1c5  __fixsfsi                       
0000b1fd  MotorControl_handleEncoderEdge  
0000b231  DL_I2C_flushControllerRXFIFO    
0000b261  DL_UART_transmitDataBlocking    
0000b291  Stopwatch_getCurrentMs          
0000b2c1  StraightTaskControl_init        
0000b2f1  AngleTurnControl_init           
0000b31d  Grayscale_Sensor_Init           
0000b349  CarControl_stop                 
0000b371  _c_int00_noargs                 
0000b399  __aeabi_ui2f                    
0000b399  __floatunsisf                   
0000b3c1  DL_I2C_setClockConfig           
0000b3e7  StraightTaskControl_reset       
0000b40d  AngleTurnControl_cancel         
0000b431  __aeabi_lmul                    
0000b431  __muldi3                        
0000b455  TaskExecutor_isRunning          
0000b479  Stopwatch_start                 
0000b499  CarControl_coast                
0000b4b7  CarControl_emergencyStop        
0000b4d5  LineTracking_init               
0000b4f3  MotorControl_setTargetRpm       
0000b511  __aeabi_llsl                    
0000b511  __ashldi3                       
0000b531  DL_Timer_setCaptCompUpdateMethod
0000b54d  DL_Timer_setClockConfig         
0000b569  TaskExecutor_reset              
0000b585  __aeabi_memset                  
0000b585  __aeabi_memset4                 
0000b585  __aeabi_memset8                 
0000b593  __aeabi_memclr                  
0000b593  __aeabi_memclr4                 
0000b593  __aeabi_memclr8                 
0000b5a1  DL_Timer_setCaptureCompareOutCtl
0000b5d1  __aeabi_ldivmod                 
0000b5e5  __aeabi_uldivmod                
0000b5f9  DL_UART_setClockConfig          
0000b60b  LapTaskControl_isRunning        
0000b61d  __TI_decompress_none            
0000b631  DL_Timer_setCaptureCompareValue 
0000b641  LineTracking_reset              
0000b651  StraightTaskControl_isRunning   
0000b661  TaskManager_taskStartPressed    
0000b671  __TI_zero_init                  
0000b681  MPU6050_Angle_getDeviceId       
0000b68d  MPU6050_Angle_getZDegrees       
0000b699  MPU6050_Angle_reset             
0000b6a5  TaskManager_getActiveTask       
0000b6b1  DL_Common_delayCycles           
0000b6bd  __aeabi_memcpy                  
0000b6bd  __aeabi_memcpy4                 
0000b6bd  __aeabi_memcpy8                 
0000b6c5  AngleTurnControl_isActive       
0000b6cb  CarControl_getSpeedRpm          
0000b6d1  CarControl_getTurnInnerPercent  
0000b6d7  LineTracking_getSpeed           
0000b6dd  abort                           
0000b6e3  CarControl_getMotion            
0000b6e6  C$$EXIT                         
0000b6e7  HOSTexit                        
0000b6eb  LineTracking_isEnabled          
0000b6ef  LineTracking_setDebugEnabled    
0000b6f3  LineTracking_setEnabled         
0000b6f7  LineTracking_setSpeed           
0000b6fb  Reset_Handler                   
0000b6ff  _system_pre_init                
0000bfa8  gLapTask2Profile                
0000bfbe  gLapTask5Profile                
0000bfd4  gLapTask6Profile                
0000c03a  gStraightTask4Profile           
0000c1a0  __TI_Handler_Table_Base         
0000c1ac  __TI_Handler_Table_Limit        
0000c1bc  __TI_CINIT_Base                 
0000c1cc  __TI_CINIT_Limit                
0000c1cc  __TI_CINIT_Warm                 
20200000  __start___llvm_prf_bits         
20200000  __start___llvm_prf_cnts         
20200000  __stop___llvm_prf_bits          
20200000  __stop___llvm_prf_cnts          
20200000  gPWM_MOTOR_CDBackup             
202000bc  gTIMER_PIDBackup                
202005a4  gUART_1Backup                   
20200678  systick_ms                      
20207e00  __stack                         
20208000  __STACK_END                     
ffffffff  __TI_pprof_out_hndl             
ffffffff  __TI_prof_data_size             
ffffffff  __TI_prof_data_start            
ffffffff  __binit__                       
ffffffff  binit                           
UNDEFED   __mpu_init                      
UNDEFED   _system_post_cinit              

[220 symbols]
