******************************************************************************
            TI ARM Clang Linker PC v5.1.1                      
******************************************************************************
>> Linked Mon Jul 27 01:06:13 2026

OUTPUT FILE NAME:   <main.out>
ENTRY POINT SYMBOL: "_c_int00_noargs"  address: 0000b8d1


MEMORY CONFIGURATION

         name            origin    length      used     unused   attr    fill
----------------------  --------  ---------  --------  --------  ----  --------
  FLASH                 00000000   00020000  0000cc68  00013398  R  X
  SRAM                  20200000   00008000  00000788  00007878  RW X
  BCR_CONFIG            41c00000   000000ff  00000000  000000ff  R   
  BSL_CONFIG            41c00100   00000080  00000000  00000080  R   


SEGMENT ALLOCATION MAP

run origin  load origin   length   init length attrs members
----------  ----------- ---------- ----------- ----- -------
00000000    00000000    0000cc68   0000cc68    r-x
  00000000    00000000    000000c0   000000c0    r-- .intvecs
  000000c0    000000c0    0000bb18   0000bb18    r-x .text
  0000bbd8    0000bbd8    00001078   00001078    r-- .rodata
  0000cc50    0000cc50    00000018   00000018    r-- .cinit
20200000    20200000    00000588   00000000    rw-
  20200000    20200000    00000588   00000000    rw- .bss
20207e00    20207e00    00000200   00000000    rw-
  20207e00    20207e00    00000200   00000000    rw- .stack


SECTION ALLOCATION MAP

 output                                  attributes/
section   page    origin      length       input sections
--------  ----  ----------  ----------   ----------------
.intvecs   0    00000000    000000c0     
                  00000000    000000c0     startup_mspm0g350x_ticlang.o (.intvecs)

.text      0    000000c0    0000bb18     
                  000000c0    00005b7c     main.o (.text.main)
                  00005c3c    00000954     main.o (.text.LineTracking_update)
                  00006590    00000788     task3_control.o (.text.Task3Control_update)
                  00006d18    000005d4     main.o (.text.UART_reportMotorStatus)
                  000072ec    000005ac     task1_control.o (.text.Task1Control_update)
                  00007898    00000568     task2_control.o (.text.Task2Control_update)
                  00007e00    000003d2     oled.o (.text.OLED_Init)
                  000081d2    00000002     startup_mspm0g350x_ticlang.o (.text.Default_Handler)
                  000081d4    000002f4     motor_control.o (.text.MotorControl_update)
                  000084c8    00000284     oled.o (.text.OLED_ShowTaskEndpoint)
                  0000874c    00000278     mpu6050_angle.o (.text.MPU6050_Angle_initWithProgress)
                  000089c4    00000278     oled.o (.text.OLED_ShowTask)
                  00008c3c    0000026c     oled.o (.text.OLED_ShowCalibration)
                  00008ea8    00000244     main.o (.text.UART_reportGrayscale)
                  000090ec    00000238     main.o (.text.UART_reportZAngle)
                  00009324    00000218     angle_turn_control.o (.text.AngleTurnControl_update)
                  0000953c    000001d4     mpu6050_angle.o (.text.MPU6050_readRegisters)
                  00009710    000001a0     oled.o (.text.OLED_writeString)
                  000098b0    00000180     task_manager.o (.text.TaskManager_update)
                  00009a30    00000174     grayscale_sensor.o (.text.Grayscale_Sensor_ReadAll)
                  00009ba4    0000016c     ti_msp_dl_config.o (.text.SYSCFG_DL_GPIO_init)
                  00009d10    00000138     car_control.o (.text.CarControl_setMotion)
                  00009e48    00000104     driverlib.a : dl_timer.o (.text.DL_Timer_initFourCCPWMMode)
                  00009f4c    00000104     mpu6050_angle.o (.text.MPU6050_writeRegister)
                  0000a050    00000104     oled.o (.text.OLED_writeByte)
                  0000a154    000000fc     driverlib.a : dl_timer.o (.text.DL_Timer_initTimerMode)
                  0000a250    000000e0     task_manager.o (.text.TaskManager_init)
                  0000a330    000000d8     libclang_rt.builtins.a : addsf3.S.obj (.text)
                  0000a408    000000a8     main.o (.text.UART1_IRQHandler)
                  0000a4b0    000000a2     main.o (.text.Task1_readActiveChannelCount)
                  0000a552    00000002     libclang_rt.builtins.a : aeabi_div0.c.obj (.text.__aeabi_idiv0)
                  0000a554    000000a2                            : udivmoddi4.S.obj (.text)
                  0000a5f6    0000009a     libc.a : memcpy16.S.obj (.text:memcpy)
                  0000a690    00000090     ti_msp_dl_config.o (.text.SYSCFG_DL_PWM_MOTOR_AB_init)
                  0000a720    00000090     ti_msp_dl_config.o (.text.SYSCFG_DL_PWM_MOTOR_CD_init)
                  0000a7b0    0000008c     libclang_rt.builtins.a : comparesf2.S.obj (.text)
                  0000a83c    0000008c                            : mulsf3.S.obj (.text)
                  0000a8c8    0000008a     motor_control.o (.text.MotorControl_takeStatus)
                  0000a952    00000002     libclang_rt.builtins.a : aeabi_div0.c.obj (.text.__aeabi_ldiv0)
                  0000a954    00000084     angle_turn_control.o (.text.AngleTurnControl_start)
                  0000a9d8    00000082     libclang_rt.builtins.a : divsf3.S.obj (.text)
                  0000aa5a    00000002     --HOLE-- [fill = 0]
                  0000aa5c    00000080     main.o (.text.GROUP1_IRQHandler)
                  0000aadc    0000007c     ti_msp_dl_config.o (.text.SYSCFG_DL_initPower)
                  0000ab58    0000007c     main.o (.text.Task1_readActiveChannelMask)
                  0000abd4    00000070     ti_msp_dl_config.o (.text.SYSCFG_DL_UART_0_init)
                  0000ac44    00000070     ti_msp_dl_config.o (.text.SYSCFG_DL_UART_OPENMV_init)
                  0000acb4    00000070     task2_control.o (.text.Task2Control_start)
                  0000ad24    0000006e     angle_turn_control.o (.text.AngleTurnControl_getCoastDistanceDegrees)
                  0000ad92    00000002     --HOLE-- [fill = 0]
                  0000ad94    00000064     main.o (.text.UART0_IRQHandler)
                  0000adf8    00000062     libc.a : memset16.S.obj (.text:memset)
                  0000ae5a    00000002     --HOLE-- [fill = 0]
                  0000ae5c    00000060     mpu6050_angle.o (.text.MPU6050_Angle_update)
                  0000aebc    0000005e     driverlib.a : dl_i2c.o (.text.DL_I2C_fillControllerTXFIFO)
                  0000af1a    00000002     --HOLE-- [fill = 0]
                  0000af1c    0000005a     libclang_rt.builtins.a : aeabi_fcmp.S.obj (.text)
                  0000af76    00000002     --HOLE-- [fill = 0]
                  0000af78    00000058     motor_control.o (.text.MotorControl_init)
                  0000afd0    00000056     libclang_rt.builtins.a : aeabi_idivmod.S.obj (.text)
                  0000b026    00000002     --HOLE-- [fill = 0]
                  0000b028    00000054     ti_msp_dl_config.o (.text.SYSCFG_DL_I2C_MPU6050_init)
                  0000b07c    00000054     ti_msp_dl_config.o (.text.SYSCFG_DL_I2C_OLED_init)
                  0000b0d0    00000054     task2_control.o (.text.Task2Control_carStopped)
                  0000b124    00000050     task1_control.o (.text.Task1Control_init)
                  0000b174    0000004e     libclang_rt.builtins.a : floatdisf.S.obj (.text)
                  0000b1c2    00000002     --HOLE-- [fill = 0]
                  0000b1c4    00000048     driverlib.a : dl_uart.o (.text.DL_UART_init)
                  0000b20c    00000048     task2_control.o (.text.Task2Control_init)
                  0000b254    00000044     main.o (.text.LineTracking_resetPid)
                  0000b298    00000044     main.o (.text.TIMA1_IRQHandler)
                  0000b2dc    00000042     task3_control.o (.text.Task3Control_init)
                  0000b31e    00000002     --HOLE-- [fill = 0]
                  0000b320    00000040     ti_msp_dl_config.o (.text.SYSCFG_DL_SYSCTL_init)
                  0000b360    00000040     ti_msp_dl_config.o (.text.SYSCFG_DL_init)
                  0000b3a0    00000040     main.o (.text.UART_sendString)
                  0000b3e0    00000040     libclang_rt.builtins.a : aeabi_uidivmod.S.obj (.text)
                  0000b420    0000003e     car_control.o (.text.CarControl_init)
                  0000b45e    0000003e     task1_control.o (.text.Task1Control_reset)
                  0000b49c    0000003e     libclang_rt.builtins.a : divmoddi4.c.obj (.text.__divmoddi4)
                  0000b4da    00000002     --HOLE-- [fill = 0]
                  0000b4dc    0000003c     driverlib.a : dl_i2c.o (.text.DL_I2C_flushControllerTXFIFO)
                  0000b518    0000003c     oled.o (.text.OLED_ShowTask3Number)
                  0000b554    0000003c     oled.o (.text.OLED_ShowTask3Turn)
                  0000b590    0000003c     libc.a : autoinit.c.obj (.text:__TI_auto_init_nobinit_nopinit)
                  0000b5cc    0000003c     libclang_rt.builtins.a : floatsisf.S.obj (.text)
                  0000b608    0000003a     motor_control.o (.text.MotorControl_coast)
                  0000b642    00000002     --HOLE-- [fill = 0]
                  0000b644    0000003a     libclang_rt.builtins.a : muldsi3.S.obj (.text)
                  0000b67e    00000038     angle_turn_control.o (.text.AngleTurnControl_enterCreep)
                  0000b6b6    00000002     --HOLE-- [fill = 0]
                  0000b6b8    00000038     ti_msp_dl_config.o (.text.SYSCFG_DL_TIMER_PID_init)
                  0000b6f0    00000038     libclang_rt.builtins.a : fixsfsi.S.obj (.text)
                  0000b728    00000036     task2_control.o (.text.Task2Control_reset)
                  0000b75e    00000032     motor_control.o (.text.MotorControl_handleEncoderEdge)
                  0000b790    00000032     task3_control.o (.text.Task3Control_reset)
                  0000b7c2    00000002     --HOLE-- [fill = 0]
                  0000b7c4    00000030     driverlib.a : dl_i2c.o (.text.DL_I2C_flushControllerRXFIFO)
                  0000b7f4    00000030                 : dl_uart.o (.text.DL_UART_transmitDataBlocking)
                  0000b824    0000002c     angle_turn_control.o (.text.AngleTurnControl_init)
                  0000b850    0000002c     grayscale_sensor.o (.text.Grayscale_Sensor_Init)
                  0000b87c    0000002a     task2_control.o (.text.Task2Control_beginAdvance)
                  0000b8a6    00000028     car_control.o (.text.CarControl_stop)
                  0000b8ce    00000002     --HOLE-- [fill = 0]
                  0000b8d0    00000028     libc.a : boot_cortex_m.c.obj (.text:_c_int00_noargs)
                  0000b8f8    00000028     libclang_rt.builtins.a : floatunsisf.S.obj (.text)
                  0000b920    00000026     driverlib.a : dl_i2c.o (.text.DL_I2C_setClockConfig)
                  0000b946    00000024     angle_turn_control.o (.text.AngleTurnControl_cancel)
                  0000b96a    00000002     --HOLE-- [fill = 0]
                  0000b96c    00000024     libclang_rt.builtins.a : muldi3.S.obj (.text)
                  0000b990    0000001e     car_control.o (.text.CarControl_coast)
                  0000b9ae    0000001e     car_control.o (.text.CarControl_emergencyStop)
                  0000b9cc    0000001e     motor_control.o (.text.MotorControl_setTargetRpm)
                  0000b9ea    00000002     --HOLE-- [fill = 0]
                  0000b9ec    0000001e     libclang_rt.builtins.a : ashldi3.S.obj (.text)
                  0000ba0a    00000002     --HOLE-- [fill = 0]
                  0000ba0c    0000001c     driverlib.a : dl_timer.o (.text.DL_Timer_setCaptCompUpdateMethod)
                  0000ba28    0000001c                 : dl_timer.o (.text.DL_Timer_setClockConfig)
                  0000ba44    0000001a     libclang_rt.builtins.a : aeabi_memset.S.obj (.text)
                  0000ba5e    00000002     --HOLE-- [fill = 0]
                  0000ba60    00000018     driverlib.a : dl_timer.o (.text.DL_Timer_setCaptureCompareOutCtl)
                  0000ba78    00000018     main.o (.text.OLED_showCalibrationProgress)
                  0000ba90    00000014     main.o (.text.Task1_lineTrackingSetEnabled)
                  0000baa4    00000014     main.o (.text.Task1_setGreenLed)
                  0000bab8    00000014     main.o (.text.Task1_setRedLed)
                  0000bacc    00000014     libclang_rt.builtins.a : aeabi_ldivmod.S.obj (.text)
                  0000bae0    00000012     driverlib.a : dl_uart.o (.text.DL_UART_setClockConfig)
                  0000baf2    00000002     --HOLE-- [fill = 0]
                  0000baf4    00000010                 : dl_timer.o (.text.DL_Timer_setCaptureCompareValue)
                  0000bb04    00000010     task_manager.o (.text.TaskManager_takeStatusPressed)
                  0000bb14    00000010     task_manager.o (.text.TaskManager_takeStatusReleased)
                  0000bb24    00000010     libc.a : copy_zero_init.c.obj (.text:decompress:ZI)
                  0000bb34    0000000c     mpu6050_angle.o (.text.MPU6050_Angle_getDeviceId)
                  0000bb40    0000000c     mpu6050_angle.o (.text.MPU6050_Angle_getZDegrees)
                  0000bb4c    0000000c     mpu6050_angle.o (.text.MPU6050_Angle_getZRateDps)
                  0000bb58    0000000c     mpu6050_angle.o (.text.MPU6050_Angle_reset)
                  0000bb64    0000000c     main.o (.text.Task1_lineTrackingSetSpeed)
                  0000bb70    0000000c     task_manager.o (.text.TaskManager_getActiveTask)
                  0000bb7c    0000000c     task_manager.o (.text.TaskManager_getTask1Endpoint)
                  0000bb88    0000000c     task_manager.o (.text.TaskManager_getTask2Endpoint)
                  0000bb94    0000000a     driverlib.a : dl_common.o (.text.DL_Common_delayCycles)
                  0000bb9e    0000000a     task1_control.o (.text.Task1Control_isActive)
                  0000bba8    00000008     libclang_rt.builtins.a : aeabi_memcpy.S.obj (.text)
                  0000bbb0    00000006     angle_turn_control.o (.text.AngleTurnControl_isActive)
                  0000bbb6    00000006     car_control.o (.text.CarControl_getSpeedRpm)
                  0000bbbc    00000006     libc.a : exit.c.obj (.text:abort)
                  0000bbc2    00000004     car_control.o (.text.CarControl_getTurnInnerPercent)
                  0000bbc6    00000004     libsysbm.a : hostexit.c.obj (.text.HOSTexit)
                  0000bbca    00000004     startup_mspm0g350x_ticlang.o (.text.Reset_Handler)
                  0000bbce    00000004     libc.a : pre_init.c.obj (.text._system_pre_init)
                  0000bbd2    00000006     --HOLE-- [fill = 0]

.cinit     0    0000cc50    00000018     
                  0000cc50    00000008     (.cinit..bss.load) [load image, compression = zero_init]
                  0000cc58    00000004     (__TI_handler_table)
                  0000cc5c    00000008     (__TI_cinit_table)
                  0000cc64    00000004     --HOLE-- [fill = 0]

.rodata    0    0000bbd8    00001078     
                  0000bbd8    00000050     main.o (.rodata.gMotorAConfig)
                  0000bc28    00000050     main.o (.rodata.gMotorBConfig)
                  0000bc78    00000050     main.o (.rodata.gMotorCConfig)
                  0000bcc8    00000050     main.o (.rodata.gMotorDConfig)
                  0000bd18    0000003c     main.o (.rodata..L__const.main.taskIo)
                  0000bd54    00000039     main.o (.rodata.str1.17100691992556644108.1)
                  0000bd8d    00000036     main.o (.rodata.str1.16856034117330037696.1)
                  0000bdc3    00000036     main.o (.rodata.str1.4237830143243313753.1)
                  0000bdf9    00000032     main.o (.rodata.str1.14402440632258215044.1)
                  0000be2b    00000032     main.o (.rodata.str1.288608917962107522.1)
                  0000be5d    00000031     main.o (.rodata.str1.2256192789054937243.1)
                  0000be8e    00000031     main.o (.rodata.str1.5456361711443481037.1)
                  0000bebf    0000002e     main.o (.rodata.str1.10753028060609409702.1)
                  0000beed    0000002e     main.o (.rodata.str1.8154729771448623357.1)
                  0000bf1b    0000002d     main.o (.rodata.str1.17045314124001216156.1)
                  0000bf48    0000002d     main.o (.rodata.str1.922313780387552641.1)
                  0000bf75    0000002b     task1_control.o (.rodata.str1.5072012943682014062.1)
                  0000bfa0    0000002b     task1_control.o (.rodata.str1.7167319297664269649.1)
                  0000bfcb    0000002b     main.o (.rodata.str1.7190843550371250464.1)
                  0000bff6    0000002a     main.o (.rodata.str1.9582546670787941090.1)
                  0000c020    00000029     main.o (.rodata.str1.10992214574315303902.1)
                  0000c049    00000029     main.o (.rodata.str1.11822182024223342093.1)
                  0000c072    00000028     task3_control.o (.rodata.str1.11808787519652951809.1)
                  0000c09a    00000028     main.o (.rodata.str1.1311392489248731986.1)
                  0000c0c2    00000028     main.o (.rodata.str1.3060844030163134499.1)
                  0000c0ea    00000028     main.o (.rodata.str1.6689794204546696417.1)
                  0000c112    00000028     main.o (.rodata.str1.8739739109796348711.1)
                  0000c13a    00000027     main.o (.rodata.str1.10313062130652730376.1)
                  0000c161    00000027     main.o (.rodata.str1.13782249893155712474.1)
                  0000c188    00000027     task2_control.o (.rodata.str1.14025851417321292610.1)
                  0000c1af    00000027     task2_control.o (.rodata.str1.3638024698144622018.1)
                  0000c1d6    00000027     main.o (.rodata.str1.5353031162939221829.1)
                  0000c1fd    00000027     main.o (.rodata.str1.6891813955777630061.1)
                  0000c224    00000026     main.o (.rodata.str1.10003710380724733530.1)
                  0000c24a    00000026     main.o (.rodata.str1.13203255162302409502.1)
                  0000c270    00000026     task3_control.o (.rodata.str1.17762541261837276227.1)
                  0000c296    00000025     main.o (.rodata.str1.14032527501195285070.1)
                  0000c2bb    00000025     task2_control.o (.rodata.str1.1628526607423136685.1)
                  0000c2e0    00000025     main.o (.rodata.str1.16709704744796600189.1)
                  0000c305    00000025     task3_control.o (.rodata.str1.4390551223382838700.1)
                  0000c32a    00000025     task2_control.o (.rodata.str1.7090294568815480483.1)
                  0000c34f    00000025     main.o (.rodata.str1.729616968063973023.1)
                  0000c374    00000024     main.o (.rodata.str1.11639152155638730617.1)
                  0000c398    00000024     task3_control.o (.rodata.str1.1850700791820965167.1)
                  0000c3bc    00000024     main.o (.rodata.str1.2597068879322958637.1)
                  0000c3e0    00000024     main.o (.rodata.str1.3530083166107438000.1)
                  0000c404    00000023     task3_control.o (.rodata.str1.10714953977156648286.1)
                  0000c427    00000023     task2_control.o (.rodata.str1.15775494250041859350.1)
                  0000c44a    00000023     task1_control.o (.rodata.str1.16573475286117157899.1)
                  0000c46d    00000023     main.o (.rodata.str1.18420373917905513025.1)
                  0000c490    00000023     task2_control.o (.rodata.str1.4061836901473561847.1)
                  0000c4b3    00000022     task1_control.o (.rodata.str1.10712477198116260179.1)
                  0000c4d5    00000022     task3_control.o (.rodata.str1.10894465688668152876.1)
                  0000c4f7    00000022     task3_control.o (.rodata.str1.9174252252544830677.1)
                  0000c519    00000021     task2_control.o (.rodata.str1.16724707500957770379.1)
                  0000c53a    00000021     task1_control.o (.rodata.str1.5329556652197092282.1)
                  0000c55b    00000021     task1_control.o (.rodata.str1.780947688790857278.1)
                  0000c57c    00000021     task2_control.o (.rodata.str1.857297799885851934.1)
                  0000c59d    00000003     ti_msp_dl_config.o (.rodata.gPWM_MOTOR_ABClockConfig)
                  0000c5a0    00000020     main.o (.rodata.gAngleTurnConfig)
                  0000c5c0    00000020     task3_control.o (.rodata.str1.13799171880534650351.1)
                  0000c5e0    00000020     task2_control.o (.rodata.str1.787478558197861448.1)
                  0000c600    00000020     task1_control.o (.rodata.str1.9111940014424574115.1)
                  0000c620    0000001f     task3_control.o (.rodata.str1.11413199885560925264.1)
                  0000c63f    0000001f     task2_control.o (.rodata.str1.779357304166587961.1)
                  0000c65e    0000001d     task3_control.o (.rodata.str1.12456770628134079107.1)
                  0000c67b    0000001d     task1_control.o (.rodata.str1.17703183304565864469.1)
                  0000c698    0000001d     task3_control.o (.rodata.str1.18014998611804953487.1)
                  0000c6b5    0000001d     task2_control.o (.rodata.str1.4912559704527292690.1)
                  0000c6d2    0000001d     task1_control.o (.rodata.str1.5673791145989345652.1)
                  0000c6ef    00000001     --HOLE-- [fill = 0]
                  0000c6f0    0000001c     main.o (.rodata.gCarConfig)
                  0000c70c    0000001c     task3_control.o (.rodata.str1.10757935120034291889.1)
                  0000c728    0000001c     task1_control.o (.rodata.str1.11647944105263845624.1)
                  0000c744    0000001c     task2_control.o (.rodata.str1.13308325904492038610.1)
                  0000c760    0000001c     task3_control.o (.rodata.str1.13478968704624540161.1)
                  0000c77c    0000001c     task1_control.o (.rodata.str1.13504222442027447956.1)
                  0000c798    0000001c     task2_control.o (.rodata.str1.16578859671398076769.1)
                  0000c7b4    0000001c     task2_control.o (.rodata.str1.17645577992017749075.1)
                  0000c7d0    0000001c     task3_control.o (.rodata.str1.6077859282985349844.1)
                  0000c7ec    0000001b     task2_control.o (.rodata.str1.14197853469494480492.1)
                  0000c807    0000001b     task3_control.o (.rodata.str1.1530538117983905378.1)
                  0000c822    0000001b     task2_control.o (.rodata.str1.17042308375733631086.1)
                  0000c83d    0000001b     task3_control.o (.rodata.str1.17742943977157018344.1)
                  0000c858    0000001a     task2_control.o (.rodata.str1.12448517965670614867.1)
                  0000c872    0000001a     task1_control.o (.rodata.str1.12698551298906023704.1)
                  0000c88c    0000001a     task1_control.o (.rodata.str1.1301023707294879454.1)
                  0000c8a6    0000001a     task1_control.o (.rodata.str1.16488425795326280447.1)
                  0000c8c0    0000001a     task2_control.o (.rodata.str1.1765354637263211733.1)
                  0000c8da    0000001a     task3_control.o (.rodata.str1.18379798598726859586.1)
                  0000c8f4    0000001a     task3_control.o (.rodata.str1.3066080717975895145.1)
                  0000c90e    0000001a     task3_control.o (.rodata.str1.4657032458276037942.1)
                  0000c928    0000001a     task1_control.o (.rodata.str1.5073775311335364789.1)
                  0000c942    0000001a     task3_control.o (.rodata.str1.6124995119480340558.1)
                  0000c95c    0000001a     task2_control.o (.rodata.str1.8147180075112146762.1)
                  0000c976    0000001a     task2_control.o (.rodata.str1.90916997495567756.1)
                  0000c990    0000001a     task3_control.o (.rodata.str1.9266434510774515849.1)
                  0000c9aa    00000019     task2_control.o (.rodata.str1.11940043588096350355.1)
                  0000c9c3    00000019     task1_control.o (.rodata.str1.14105142409552207332.1)
                  0000c9dc    00000019     task3_control.o (.rodata.str1.14615866358383963931.1)
                  0000c9f5    00000019     task2_control.o (.rodata.str1.17851180878497962304.1)
                  0000ca0e    00000019     task3_control.o (.rodata.str1.958059989718987969.1)
                  0000ca27    00000016     task1_control.o (.rodata.str1.18066269245873339749.1)
                  0000ca3d    00000003     ti_msp_dl_config.o (.rodata.gPWM_MOTOR_CDClockConfig)
                  0000ca40    00000014     ti_msp_dl_config.o (.rodata.gTIMER_PIDTimerConfig)
                  0000ca54    00000014     task1_control.o (.rodata.str1.1119584794306885221.1)
                  0000ca68    00000014     task3_control.o (.rodata.str1.11464780133565186819.1)
                  0000ca7c    00000014     task2_control.o (.rodata.str1.13131536749193968856.1)
                  0000ca90    00000014     task3_control.o (.rodata.str1.4421287429490978571.1)
                  0000caa4    00000014     task2_control.o (.rodata.str1.8856071296570933582.1)
                  0000cab8    00000014     task1_control.o (.rodata.str1.887100724783716056.1)
                  0000cacc    00000014     task1_control.o (.rodata.str1.9681430095799678388.1)
                  0000cae0    00000013     task2_control.o (.rodata.str1.11372880792608547621.1)
                  0000caf3    00000013     task3_control.o (.rodata.str1.4084967515313157478.1)
                  0000cb06    00000013     main.o (.rodata.str1.6976963560179378225.1)
                  0000cb19    00000013     task3_control.o (.rodata.str1.7108331918649983267.1)
                  0000cb2c    00000013     task1_control.o (.rodata.str1.7414329305395923872.1)
                  0000cb3f    00000012     task3_control.o (.rodata.str1.13968557383028585213.1)
                  0000cb51    00000012     main.o (.rodata.str1.17770841602246103764.1)
                  0000cb63    00000011     main.o (.rodata.str1.887240019932590441.1)
                  0000cb74    00000010     main.o (.rodata..Lswitch.table.main.118)
                  0000cb84    0000000e     main.o (.rodata.str1.15159059442110792349.1)
                  0000cb92    0000000b     main.o (.rodata.str1.13030671760666898970.1)
                  0000cb9d    0000000b     main.o (.rodata.str1.403738606202455663.1)
                  0000cba8    0000000a     ti_msp_dl_config.o (.rodata.gUART_0Config)
                  0000cbb2    0000000a     ti_msp_dl_config.o (.rodata.gUART_OPENMVConfig)
                  0000cbbc    00000008     main.o (.rodata.cst8)
                  0000cbc4    00000008     ti_msp_dl_config.o (.rodata.gPWM_MOTOR_ABConfig)
                  0000cbcc    00000008     ti_msp_dl_config.o (.rodata.gPWM_MOTOR_CDConfig)
                  0000cbd4    00000005     oled.o (.rodata.OLED_getGlyph.A)
                  0000cbd9    00000005     oled.o (.rodata.OLED_getGlyph.C)
                  0000cbde    00000005     oled.o (.rodata.OLED_getGlyph.D)
                  0000cbe3    00000005     oled.o (.rodata.OLED_getGlyph.E)
                  0000cbe8    00000005     oled.o (.rodata.OLED_getGlyph.K)
                  0000cbed    00000005     oled.o (.rodata.OLED_getGlyph.L)
                  0000cbf2    00000005     oled.o (.rodata.OLED_getGlyph.N)
                  0000cbf7    00000005     oled.o (.rodata.OLED_getGlyph.R)
                  0000cbfc    00000005     oled.o (.rodata.OLED_getGlyph.S)
                  0000cc01    00000005     oled.o (.rodata.OLED_getGlyph.T)
                  0000cc06    00000005     oled.o (.rodata.OLED_getGlyph.eight)
                  0000cc0b    00000005     oled.o (.rodata.OLED_getGlyph.five)
                  0000cc10    00000005     oled.o (.rodata.OLED_getGlyph.four)
                  0000cc15    00000005     oled.o (.rodata.OLED_getGlyph.nine)
                  0000cc1a    00000005     oled.o (.rodata.OLED_getGlyph.one)
                  0000cc1f    00000005     oled.o (.rodata.OLED_getGlyph.seven)
                  0000cc24    00000005     oled.o (.rodata.OLED_getGlyph.six)
                  0000cc29    00000005     oled.o (.rodata.OLED_getGlyph.space)
                  0000cc2e    00000005     oled.o (.rodata.OLED_getGlyph.three)
                  0000cc33    00000005     oled.o (.rodata.OLED_getGlyph.two)
                  0000cc38    00000005     oled.o (.rodata.OLED_getGlyph.zero)
                  0000cc3d    00000004     main.o (.rodata.str1.10720410773482754683.1)
                  0000cc41    00000004     main.o (.rodata.str1.10865113624938808685.1)
                  0000cc45    00000003     ti_msp_dl_config.o (.rodata.gTIMER_PIDClockConfig)
                  0000cc48    00000002     ti_msp_dl_config.o (.rodata.gI2C_MPU6050ClockConfig)
                  0000cc4a    00000002     ti_msp_dl_config.o (.rodata.gI2C_OLEDClockConfig)
                  0000cc4c    00000002     ti_msp_dl_config.o (.rodata.gUART_0ClockConfig)
                  0000cc4e    00000002     ti_msp_dl_config.o (.rodata.gUART_OPENMVClockConfig)

.init_array 
*          0    00000000    00000000     UNINITIALIZED

.binit     0    00000000    00000000     

.bss       0    20200000    00000588     UNINITIALIZED
                  20200000    000000bc     (.common:gPWM_MOTOR_CDBackup)
                  202000bc    000000bc     (.common:gTIMER_PIDBackup)
                  20200178    00000078     main.o (.bss.gMotorA)
                  202001f0    00000078     main.o (.bss.gMotorB)
                  20200268    00000078     main.o (.bss.gMotorC)
                  202002e0    00000078     main.o (.bss.gMotorD)
                  20200358    0000004c     main.o (.bss.gTask1Control)
                  202003a4    0000004c     main.o (.bss.gTask2Control)
                  202003f0    0000004c     main.o (.bss.gTask3Control)
                  2020043c    00000040     main.o (.bss.gOpenMvDebugRxBuffer)
                  2020047c    00000034     main.o (.bss.gAngleTurn)
                  202004b0    00000020     main.o (.bss.gCar)
                  202004d0    00000020     main.o (.bss.gUartCommand)
                  202004f0    00000010     main.o (.bss.UART_serviceMotorStatus.motorAStatus)
                  20200500    00000010     main.o (.bss.UART_serviceMotorStatus.motorBStatus)
                  20200510    00000010     main.o (.bss.UART_serviceMotorStatus.motorCStatus)
                  20200520    00000010     main.o (.bss.UART_serviceMotorStatus.motorDStatus)
                  20200530    00000008     main.o (.bss.gLineFilteredValues)
                  20200538    00000008     main.o (.bss.gLinePendingCount)
                  20200540    00000008     main.o (.bss.gLinePendingValues)
                  20200548    00000004     mpu6050_angle.o (.bss.gGyroZBiasRaw)
                  2020054c    00000004     main.o (.bss.gLineTrackingIntegral)
                  20200550    00000004     mpu6050_angle.o (.bss.gZAngleDegrees)
                  20200554    00000004     mpu6050_angle.o (.bss.gZRateDps)
                  20200558    00000002     main.o (.bss.gLineTrackingBaseSpeedRpm)
                  2020055a    00000002     main.o (.bss.gLineTrackingLastErr)
                  2020055c    00000001     main.o (.bss.UART_serviceMotorStatus.motorAStatusReady)
                  2020055d    00000001     main.o (.bss.UART_serviceMotorStatus.motorBStatusReady)
                  2020055e    00000001     main.o (.bss.UART_serviceMotorStatus.motorCStatusReady)
                  2020055f    00000001     main.o (.bss.UART_serviceMotorStatus.motorDStatusReady)
                  20200560    00000001     task_manager.o (.bss.gActiveTask)
                  20200561    00000001     mpu6050_angle.o (.bss.gDeviceId)
                  20200562    00000001     main.o (.bss.gGrayscaleStreamDivider)
                  20200563    00000001     main.o (.bss.gGrayscaleStreamEnabled)
                  20200564    00000001     main.o (.bss.gLineFilterReady)
                  20200565    00000001     main.o (.bss.gLineTrackingDebugDivider)
                  20200566    00000001     main.o (.bss.gLineTrackingDebugEnabled)
                  20200567    00000001     main.o (.bss.gLineTrackingEnabled)
                  20200568    00000001     main.o (.bss.gMotorStatusReportOnce)
                  20200569    00000001     main.o (.bss.gMotorStatusStreamEnabled)
                  2020056a    00000001     main.o (.bss.gMpu6050Ready)
                  2020056b    00000001     main.o (.bss.gMpu6050SampleDue)
                  2020056c    00000001     main.o (.bss.gOledReady)
                  2020056d    00000001     task_manager.o (.bss.gOledReady)
                  2020056e    00000001     main.o (.bss.gOpenMvDebugEnabled)
                  2020056f    00000001     main.o (.bss.gOpenMvDebugRxHead)
                  20200570    00000001     main.o (.bss.gOpenMvDebugRxOverflow)
                  20200571    00000001     main.o (.bss.gOpenMvDebugRxTail)
                  20200572    00000001     main.o (.bss.gOpenMvDisplayPending)
                  20200573    00000001     main.o (.bss.gOpenMvLastDisplayed)
                  20200574    00000001     main.o (.bss.gOpenMvLastDisplayedTask)
                  20200575    00000001     main.o (.bss.gOpenMvNumber)
                  20200576    00000001     main.o (.bss.gOpenMvNumberValid)
                  20200577    00000001     main.o (.bss.gOpenMvTask3NumberPending)
                  20200578    00000001     main.o (.bss.gOpenMvTurnPending)
                  20200579    00000001     task_manager.o (.bss.gStatusButton.0)
                  2020057a    00000001     task_manager.o (.bss.gStatusButton.1)
                  2020057b    00000001     task_manager.o (.bss.gStatusButton.2)
                  2020057c    00000001     task_manager.o (.bss.gStatusPressPending)
                  2020057d    00000001     task_manager.o (.bss.gStatusReleasePending)
                  2020057e    00000001     task_manager.o (.bss.gTask1Endpoint)
                  2020057f    00000001     task_manager.o (.bss.gTask1EndpointButton.0)
                  20200580    00000001     task_manager.o (.bss.gTask1EndpointButton.1)
                  20200581    00000001     task_manager.o (.bss.gTask1EndpointButton.2)
                  20200582    00000001     task_manager.o (.bss.gTask2Endpoint)
                  20200583    00000001     task_manager.o (.bss.gTaskButton.0)
                  20200584    00000001     task_manager.o (.bss.gTaskButton.1)
                  20200585    00000001     task_manager.o (.bss.gTaskButton.2)
                  20200586    00000001     main.o (.bss.gUartCommandLength)
                  20200587    00000001     main.o (.bss.gUartCommandReady)

.stack     0    20207e00    00000200     UNINITIALIZED
                  20207e00    00000004     libc.a : boot_cortex_m.c.obj (.stack)
                  20207e04    000001fc     --HOLE--

__llvm_prf_cnts 
*          0    20200000    00000000     UNINITIALIZED

__llvm_prf_bits 
*          0    20200000    00000000     UNINITIALIZED

MODULE SUMMARY

       Module                         code    ro data   rw data
       ------                         ----    -------   -------
    .\
       main.o                         29426   1920      1012   
       oled.o                         3670    105       0      
       task3_control.o                2044    789       0      
       task2_control.o                1748    731       0      
       task1_control.o                1604    597       0      
       ti_msp_dl_config.o             1352    73        376    
       mpu6050_angle.o                1504    0         13     
       motor_control.o                1120    0         0      
       angle_turn_control.o           920     0         0      
       task_manager.o                 676     0         15     
       car_control.o                  484     0         0      
       grayscale_sensor.o             416     0         0      
       startup_mspm0g350x_ticlang.o   6       192       0      
    +--+------------------------------+-------+---------+---------+
       Total:                         44970   4407      1416   
                                                               
    C:/ti/mspm0_sdk_2_11_00_07/source/ti/driverlib/lib/ticlang/m0p/mspm0g1x0x_g3x0x/driverlib.a
       dl_timer.o                     608     0         0      
       dl_i2c.o                       240     0         0      
       dl_uart.o                      138     0         0      
       dl_common.o                    10      0         0      
    +--+------------------------------+-------+---------+---------+
       Total:                         996     0         0      
                                                               
    C:\ti\ccs2100\ccs\tools\compiler\ti-cgt-armllvm_5.1.1.LTS\lib\armv6m-ti-none-eabi/c/libc.a
       memcpy16.S.obj                 154     0         0      
       memset16.S.obj                 98      0         0      
       autoinit.c.obj                 60      0         0      
       boot_cortex_m.c.obj            40      0         0      
       copy_zero_init.c.obj           16      0         0      
       exit.c.obj                     6       0         0      
       pre_init.c.obj                 4       0         0      
    +--+------------------------------+-------+---------+---------+
       Total:                         378     0         0      
                                                               
    C:\ti\ccs2100\ccs\tools\compiler\ti-cgt-armllvm_5.1.1.LTS\lib\armv6m-ti-none-eabi/c/libsysbm.a
       hostexit.c.obj                 4       0         0      
    +--+------------------------------+-------+---------+---------+
       Total:                         4       0         0      
                                                               
    C:\ti\ccs2100\ccs\tools\compiler\ti-cgt-armllvm_5.1.1.LTS\lib\armv6m-ti-none-eabi/libclang_rt.builtins.a
       addsf3.S.obj                   216     0         0      
       udivmoddi4.S.obj               162     0         0      
       comparesf2.S.obj               140     0         0      
       mulsf3.S.obj                   140     0         0      
       divsf3.S.obj                   130     0         0      
       aeabi_fcmp.S.obj               90      0         0      
       aeabi_idivmod.S.obj            86      0         0      
       floatdisf.S.obj                78      0         0      
       aeabi_uidivmod.S.obj           64      0         0      
       divmoddi4.c.obj                62      0         0      
       floatsisf.S.obj                60      0         0      
       muldsi3.S.obj                  58      0         0      
       fixsfsi.S.obj                  56      0         0      
       floatunsisf.S.obj              40      0         0      
       muldi3.S.obj                   36      0         0      
       ashldi3.S.obj                  30      0         0      
       aeabi_memset.S.obj             26      0         0      
       aeabi_ldivmod.S.obj            20      0         0      
       aeabi_memcpy.S.obj             8       0         0      
       aeabi_div0.c.obj               4       0         0      
    +--+------------------------------+-------+---------+---------+
       Total:                         1506    0         0      
                                                               
       Stack:                         0       0         512    
       Linker Generated:              0       20        0      
    +--+------------------------------+-------+---------+---------+
       Grand Total:                   47854   4427      1928   


LINKER GENERATED COPY TABLES

__TI_cinit_table @ 0000cc5c records: 1, size/record: 8, table size: 8
	.bss: load addr=0000cc50, load size=00000008 bytes, run addr=20200000, run size=00000588 bytes, compression=zero_init


LINKER GENERATED HANDLER TABLE

__TI_handler_table @ 0000cc58 records: 1, size/record: 4, table size: 4
	index: 0, handler: __TI_zero_init


GLOBAL SYMBOLS: SORTED ALPHABETICALLY BY Name 

address   name                            
-------   ----                            
000081d3  ADC0_IRQHandler                 
000081d3  ADC1_IRQHandler                 
000081d3  AES_IRQHandler                  
0000b947  AngleTurnControl_cancel         
0000b825  AngleTurnControl_init           
0000bbb1  AngleTurnControl_isActive       
0000a955  AngleTurnControl_start          
00009325  AngleTurnControl_update         
0000bbc6  C$$EXIT                         
000081d3  CANFD0_IRQHandler               
0000b991  CarControl_coast                
0000b9af  CarControl_emergencyStop        
0000bbb7  CarControl_getSpeedRpm          
0000bbc3  CarControl_getTurnInnerPercent  
0000b421  CarControl_init                 
00009d11  CarControl_setMotion            
0000b8a7  CarControl_stop                 
000081d3  DAC0_IRQHandler                 
0000bb95  DL_Common_delayCycles           
0000aebd  DL_I2C_fillControllerTXFIFO     
0000b7c5  DL_I2C_flushControllerRXFIFO    
0000b4dd  DL_I2C_flushControllerTXFIFO    
0000b921  DL_I2C_setClockConfig           
00009e49  DL_Timer_initFourCCPWMMode      
0000a155  DL_Timer_initTimerMode          
0000ba0d  DL_Timer_setCaptCompUpdateMethod
0000ba61  DL_Timer_setCaptureCompareOutCtl
0000baf5  DL_Timer_setCaptureCompareValue 
0000ba29  DL_Timer_setClockConfig         
0000b1c5  DL_UART_init                    
0000bae1  DL_UART_setClockConfig          
0000b7f5  DL_UART_transmitDataBlocking    
000081d3  DMA_IRQHandler                  
000081d3  Default_Handler                 
000081d3  GROUP0_IRQHandler               
0000aa5d  GROUP1_IRQHandler               
0000b851  Grayscale_Sensor_Init           
00009a31  Grayscale_Sensor_ReadAll        
0000bbc7  HOSTexit                        
000081d3  HardFault_Handler               
000081d3  I2C0_IRQHandler                 
000081d3  I2C1_IRQHandler                 
0000bb35  MPU6050_Angle_getDeviceId       
0000bb41  MPU6050_Angle_getZDegrees       
0000bb4d  MPU6050_Angle_getZRateDps       
0000874d  MPU6050_Angle_initWithProgress  
0000bb59  MPU6050_Angle_reset             
0000ae5d  MPU6050_Angle_update            
0000b609  MotorControl_coast              
0000b75f  MotorControl_handleEncoderEdge  
0000af79  MotorControl_init               
0000b9cd  MotorControl_setTargetRpm       
0000a8c9  MotorControl_takeStatus         
000081d5  MotorControl_update             
000081d3  NMI_Handler                     
00007e01  OLED_Init                       
00008c3d  OLED_ShowCalibration            
000089c5  OLED_ShowTask                   
0000b519  OLED_ShowTask3Number            
0000b555  OLED_ShowTask3Turn              
000084c9  OLED_ShowTaskEndpoint           
000081d3  PendSV_Handler                  
000081d3  RTC_IRQHandler                  
0000bbcb  Reset_Handler                   
000081d3  SPI0_IRQHandler                 
000081d3  SPI1_IRQHandler                 
000081d3  SVC_Handler                     
00009ba5  SYSCFG_DL_GPIO_init             
0000b029  SYSCFG_DL_I2C_MPU6050_init      
0000b07d  SYSCFG_DL_I2C_OLED_init         
0000a691  SYSCFG_DL_PWM_MOTOR_AB_init     
0000a721  SYSCFG_DL_PWM_MOTOR_CD_init     
0000b321  SYSCFG_DL_SYSCTL_init           
0000b6b9  SYSCFG_DL_TIMER_PID_init        
0000abd5  SYSCFG_DL_UART_0_init           
0000ac45  SYSCFG_DL_UART_OPENMV_init      
0000b361  SYSCFG_DL_init                  
0000aadd  SYSCFG_DL_initPower             
000081d3  SysTick_Handler                 
000081d3  TIMA0_IRQHandler                
0000b299  TIMA1_IRQHandler                
000081d3  TIMG0_IRQHandler                
000081d3  TIMG12_IRQHandler               
000081d3  TIMG6_IRQHandler                
000081d3  TIMG7_IRQHandler                
000081d3  TIMG8_IRQHandler                
0000b125  Task1Control_init               
0000bb9f  Task1Control_isActive           
0000b45f  Task1Control_reset              
000072ed  Task1Control_update             
0000b20d  Task2Control_init               
0000b729  Task2Control_reset              
00007899  Task2Control_update             
0000b2dd  Task3Control_init               
0000b791  Task3Control_reset              
00006591  Task3Control_update             
0000bb71  TaskManager_getActiveTask       
0000bb7d  TaskManager_getTask1Endpoint    
0000bb89  TaskManager_getTask2Endpoint    
0000a251  TaskManager_init                
0000bb05  TaskManager_takeStatusPressed   
0000bb15  TaskManager_takeStatusReleased  
000098b1  TaskManager_update              
0000ad95  UART0_IRQHandler                
0000a409  UART1_IRQHandler                
000081d3  UART2_IRQHandler                
000081d3  UART3_IRQHandler                
20208000  __STACK_END                     
00000200  __STACK_SIZE                    
00000000  __TI_ATRegion0_region_sz        
00000000  __TI_ATRegion0_src_addr         
00000000  __TI_ATRegion0_trg_addr         
00000000  __TI_ATRegion1_region_sz        
00000000  __TI_ATRegion1_src_addr         
00000000  __TI_ATRegion1_trg_addr         
00000000  __TI_ATRegion2_region_sz        
00000000  __TI_ATRegion2_src_addr         
00000000  __TI_ATRegion2_trg_addr         
0000cc5c  __TI_CINIT_Base                 
0000cc64  __TI_CINIT_Limit                
0000cc64  __TI_CINIT_Warm                 
0000cc58  __TI_Handler_Table_Base         
0000cc5c  __TI_Handler_Table_Limit        
0000b591  __TI_auto_init_nobinit_nopinit  
ffffffff  __TI_pprof_out_hndl             
ffffffff  __TI_prof_data_size             
ffffffff  __TI_prof_data_start            
00000000  __TI_static_base__              
0000bb25  __TI_zero_init                  
0000a33b  __addsf3                        
0000b6f1  __aeabi_f2iz                    
0000a33b  __aeabi_fadd                    
0000af1d  __aeabi_fcmpeq                  
0000af53  __aeabi_fcmpge                  
0000af65  __aeabi_fcmpgt                  
0000af41  __aeabi_fcmple                  
0000af2f  __aeabi_fcmplt                  
0000a827  __aeabi_fcmpun                  
0000a9d9  __aeabi_fdiv                    
0000a83d  __aeabi_fmul                    
0000a331  __aeabi_fsub                    
0000b5cd  __aeabi_i2f                     
0000afd1  __aeabi_idiv                    
0000a553  __aeabi_idiv0                   
0000afd1  __aeabi_idivmod                 
0000b175  __aeabi_l2f                     
0000a953  __aeabi_ldiv0                   
0000bacd  __aeabi_ldivmod                 
0000b9ed  __aeabi_llsl                    
0000b96d  __aeabi_lmul                    
0000ba53  __aeabi_memclr                  
0000ba53  __aeabi_memclr4                 
0000ba53  __aeabi_memclr8                 
0000bba9  __aeabi_memcpy                  
0000bba9  __aeabi_memcpy4                 
0000bba9  __aeabi_memcpy8                 
0000ba45  __aeabi_memset                  
0000ba45  __aeabi_memset4                 
0000ba45  __aeabi_memset8                 
0000b8f9  __aeabi_ui2f                    
0000b3e1  __aeabi_uidiv                   
0000b3e1  __aeabi_uidivmod                
0000b9ed  __ashldi3                       
ffffffff  __binit__                       
0000a7b1  __cmpsf2                        
0000b49d  __divmoddi4                     
0000a9d9  __divsf3                        
0000a7b1  __eqsf2                         
0000b6f1  __fixsfsi                       
0000b175  __floatdisf                     
0000b5cd  __floatsisf                     
0000b8f9  __floatunsisf                   
0000a7eb  __gesf2                         
0000a7eb  __gtsf2                         
0000a7b1  __lesf2                         
0000a7b1  __ltsf2                         
UNDEFED   __mpu_init                      
0000b96d  __muldi3                        
0000b645  __muldsi3                       
0000a83d  __mulsf3                        
0000a7b1  __nesf2                         
20207e00  __stack                         
20200000  __start___llvm_prf_bits         
20200000  __start___llvm_prf_cnts         
20200000  __stop___llvm_prf_bits          
20200000  __stop___llvm_prf_cnts          
0000a331  __subsf3                        
0000a555  __udivmoddi4                    
0000a827  __unordsf2                      
0000b8d1  _c_int00_noargs                 
UNDEFED   _system_post_cinit              
0000bbcf  _system_pre_init                
0000bbbd  abort                           
ffffffff  binit                           
20200000  gPWM_MOTOR_CDBackup             
202000bc  gTIMER_PIDBackup                
00000000  interruptVectors                
000000c1  main                            
0000a5f7  memcpy                          
0000adf9  memset                          


GLOBAL SYMBOLS: SORTED BY Symbol Address 

address   name                            
-------   ----                            
00000000  __TI_ATRegion0_region_sz        
00000000  __TI_ATRegion0_src_addr         
00000000  __TI_ATRegion0_trg_addr         
00000000  __TI_ATRegion1_region_sz        
00000000  __TI_ATRegion1_src_addr         
00000000  __TI_ATRegion1_trg_addr         
00000000  __TI_ATRegion2_region_sz        
00000000  __TI_ATRegion2_src_addr         
00000000  __TI_ATRegion2_trg_addr         
00000000  __TI_static_base__              
00000000  interruptVectors                
000000c1  main                            
00000200  __STACK_SIZE                    
00006591  Task3Control_update             
000072ed  Task1Control_update             
00007899  Task2Control_update             
00007e01  OLED_Init                       
000081d3  ADC0_IRQHandler                 
000081d3  ADC1_IRQHandler                 
000081d3  AES_IRQHandler                  
000081d3  CANFD0_IRQHandler               
000081d3  DAC0_IRQHandler                 
000081d3  DMA_IRQHandler                  
000081d3  Default_Handler                 
000081d3  GROUP0_IRQHandler               
000081d3  HardFault_Handler               
000081d3  I2C0_IRQHandler                 
000081d3  I2C1_IRQHandler                 
000081d3  NMI_Handler                     
000081d3  PendSV_Handler                  
000081d3  RTC_IRQHandler                  
000081d3  SPI0_IRQHandler                 
000081d3  SPI1_IRQHandler                 
000081d3  SVC_Handler                     
000081d3  SysTick_Handler                 
000081d3  TIMA0_IRQHandler                
000081d3  TIMG0_IRQHandler                
000081d3  TIMG12_IRQHandler               
000081d3  TIMG6_IRQHandler                
000081d3  TIMG7_IRQHandler                
000081d3  TIMG8_IRQHandler                
000081d3  UART2_IRQHandler                
000081d3  UART3_IRQHandler                
000081d5  MotorControl_update             
000084c9  OLED_ShowTaskEndpoint           
0000874d  MPU6050_Angle_initWithProgress  
000089c5  OLED_ShowTask                   
00008c3d  OLED_ShowCalibration            
00009325  AngleTurnControl_update         
000098b1  TaskManager_update              
00009a31  Grayscale_Sensor_ReadAll        
00009ba5  SYSCFG_DL_GPIO_init             
00009d11  CarControl_setMotion            
00009e49  DL_Timer_initFourCCPWMMode      
0000a155  DL_Timer_initTimerMode          
0000a251  TaskManager_init                
0000a331  __aeabi_fsub                    
0000a331  __subsf3                        
0000a33b  __addsf3                        
0000a33b  __aeabi_fadd                    
0000a409  UART1_IRQHandler                
0000a553  __aeabi_idiv0                   
0000a555  __udivmoddi4                    
0000a5f7  memcpy                          
0000a691  SYSCFG_DL_PWM_MOTOR_AB_init     
0000a721  SYSCFG_DL_PWM_MOTOR_CD_init     
0000a7b1  __cmpsf2                        
0000a7b1  __eqsf2                         
0000a7b1  __lesf2                         
0000a7b1  __ltsf2                         
0000a7b1  __nesf2                         
0000a7eb  __gesf2                         
0000a7eb  __gtsf2                         
0000a827  __aeabi_fcmpun                  
0000a827  __unordsf2                      
0000a83d  __aeabi_fmul                    
0000a83d  __mulsf3                        
0000a8c9  MotorControl_takeStatus         
0000a953  __aeabi_ldiv0                   
0000a955  AngleTurnControl_start          
0000a9d9  __aeabi_fdiv                    
0000a9d9  __divsf3                        
0000aa5d  GROUP1_IRQHandler               
0000aadd  SYSCFG_DL_initPower             
0000abd5  SYSCFG_DL_UART_0_init           
0000ac45  SYSCFG_DL_UART_OPENMV_init      
0000ad95  UART0_IRQHandler                
0000adf9  memset                          
0000ae5d  MPU6050_Angle_update            
0000aebd  DL_I2C_fillControllerTXFIFO     
0000af1d  __aeabi_fcmpeq                  
0000af2f  __aeabi_fcmplt                  
0000af41  __aeabi_fcmple                  
0000af53  __aeabi_fcmpge                  
0000af65  __aeabi_fcmpgt                  
0000af79  MotorControl_init               
0000afd1  __aeabi_idiv                    
0000afd1  __aeabi_idivmod                 
0000b029  SYSCFG_DL_I2C_MPU6050_init      
0000b07d  SYSCFG_DL_I2C_OLED_init         
0000b125  Task1Control_init               
0000b175  __aeabi_l2f                     
0000b175  __floatdisf                     
0000b1c5  DL_UART_init                    
0000b20d  Task2Control_init               
0000b299  TIMA1_IRQHandler                
0000b2dd  Task3Control_init               
0000b321  SYSCFG_DL_SYSCTL_init           
0000b361  SYSCFG_DL_init                  
0000b3e1  __aeabi_uidiv                   
0000b3e1  __aeabi_uidivmod                
0000b421  CarControl_init                 
0000b45f  Task1Control_reset              
0000b49d  __divmoddi4                     
0000b4dd  DL_I2C_flushControllerTXFIFO    
0000b519  OLED_ShowTask3Number            
0000b555  OLED_ShowTask3Turn              
0000b591  __TI_auto_init_nobinit_nopinit  
0000b5cd  __aeabi_i2f                     
0000b5cd  __floatsisf                     
0000b609  MotorControl_coast              
0000b645  __muldsi3                       
0000b6b9  SYSCFG_DL_TIMER_PID_init        
0000b6f1  __aeabi_f2iz                    
0000b6f1  __fixsfsi                       
0000b729  Task2Control_reset              
0000b75f  MotorControl_handleEncoderEdge  
0000b791  Task3Control_reset              
0000b7c5  DL_I2C_flushControllerRXFIFO    
0000b7f5  DL_UART_transmitDataBlocking    
0000b825  AngleTurnControl_init           
0000b851  Grayscale_Sensor_Init           
0000b8a7  CarControl_stop                 
0000b8d1  _c_int00_noargs                 
0000b8f9  __aeabi_ui2f                    
0000b8f9  __floatunsisf                   
0000b921  DL_I2C_setClockConfig           
0000b947  AngleTurnControl_cancel         
0000b96d  __aeabi_lmul                    
0000b96d  __muldi3                        
0000b991  CarControl_coast                
0000b9af  CarControl_emergencyStop        
0000b9cd  MotorControl_setTargetRpm       
0000b9ed  __aeabi_llsl                    
0000b9ed  __ashldi3                       
0000ba0d  DL_Timer_setCaptCompUpdateMethod
0000ba29  DL_Timer_setClockConfig         
0000ba45  __aeabi_memset                  
0000ba45  __aeabi_memset4                 
0000ba45  __aeabi_memset8                 
0000ba53  __aeabi_memclr                  
0000ba53  __aeabi_memclr4                 
0000ba53  __aeabi_memclr8                 
0000ba61  DL_Timer_setCaptureCompareOutCtl
0000bacd  __aeabi_ldivmod                 
0000bae1  DL_UART_setClockConfig          
0000baf5  DL_Timer_setCaptureCompareValue 
0000bb05  TaskManager_takeStatusPressed   
0000bb15  TaskManager_takeStatusReleased  
0000bb25  __TI_zero_init                  
0000bb35  MPU6050_Angle_getDeviceId       
0000bb41  MPU6050_Angle_getZDegrees       
0000bb4d  MPU6050_Angle_getZRateDps       
0000bb59  MPU6050_Angle_reset             
0000bb71  TaskManager_getActiveTask       
0000bb7d  TaskManager_getTask1Endpoint    
0000bb89  TaskManager_getTask2Endpoint    
0000bb95  DL_Common_delayCycles           
0000bb9f  Task1Control_isActive           
0000bba9  __aeabi_memcpy                  
0000bba9  __aeabi_memcpy4                 
0000bba9  __aeabi_memcpy8                 
0000bbb1  AngleTurnControl_isActive       
0000bbb7  CarControl_getSpeedRpm          
0000bbbd  abort                           
0000bbc3  CarControl_getTurnInnerPercent  
0000bbc6  C$$EXIT                         
0000bbc7  HOSTexit                        
0000bbcb  Reset_Handler                   
0000bbcf  _system_pre_init                
0000cc58  __TI_Handler_Table_Base         
0000cc5c  __TI_CINIT_Base                 
0000cc5c  __TI_Handler_Table_Limit        
0000cc64  __TI_CINIT_Limit                
0000cc64  __TI_CINIT_Warm                 
20200000  __start___llvm_prf_bits         
20200000  __start___llvm_prf_cnts         
20200000  __stop___llvm_prf_bits          
20200000  __stop___llvm_prf_cnts          
20200000  gPWM_MOTOR_CDBackup             
202000bc  gTIMER_PIDBackup                
20207e00  __stack                         
20208000  __STACK_END                     
ffffffff  __TI_pprof_out_hndl             
ffffffff  __TI_prof_data_size             
ffffffff  __TI_prof_data_start            
ffffffff  __binit__                       
ffffffff  binit                           
UNDEFED   __mpu_init                      
UNDEFED   _system_post_cinit              

[200 symbols]
