<?xml version="1.0" encoding="ISO-8859-1" ?>
<link_info>
   <banner>TI ARM Clang Linker PC v5.1.1.LTS</banner>
   <copyright>Copyright (c) 1996-2018 Texas Instruments Incorporated</copyright>
   <command_line>C:\ti\ccs2100\ccs\tools\compiler\ti-cgt-armllvm_5.1.1.LTS\bin\tiarmlnk -IC:\ti\ccs2100\ccs\tools\compiler\ti-cgt-armllvm_5.1.1.LTS\lib -o main.out --cg_opt_level=2 -mmain.map -iC:/ti/mspm0_sdk_2_11_00_07/source -iC:/Users/Vico/Desktop/26NUEDC/Code/main/NUEDC2026 -iC:/Users/Vico/Desktop/26NUEDC/Code/main/NUEDC2026/Debug/syscfg -iC:/ti/ccs2100/ccs/tools/compiler/ti-cgt-armllvm_5.1.1.LTS/lib --diag_wrap=off --display_error_number --warn_sections --xml_link_info=main_linkInfo.xml --rom_model ./angle_turn_control.o ./car_control.o ./grayscale_sensor.o ./main.o ./ti_msp_dl_config.o ./startup_mspm0g350x_ticlang.o ./motor_control.o ./mpu6050_angle.o ./oled_test.o -l./device_linker.cmd -ldevice.cmd.genlibs -llibc.a --start-group -llibc++.a -llibc++abi.a -llibc.a -llibsys.a -llibsysbm.a -llibclang_rt.builtins.a -llibclang_rt.profile.a --end-group</command_line>
   <link_time>0x6a61b9d5</link_time>
   <link_errors>0x0</link_errors>
   <output_file>C:\Users\Vico\Desktop\26NUEDC\Code\main\NUEDC2026\Debug\main.out</output_file>
   <entry_point>
      <name>_c_int00_noargs</name>
      <address>0x9031</address>
   </entry_point>
   <input_file_list>
      <input_file id="fl-1">
         <path>C:\Users\Vico\Desktop\26NUEDC\Code\main\NUEDC2026\Debug\.\</path>
         <kind>object</kind>
         <file>angle_turn_control.o</file>
         <name>angle_turn_control.o</name>
      </input_file>
      <input_file id="fl-2">
         <path>C:\Users\Vico\Desktop\26NUEDC\Code\main\NUEDC2026\Debug\.\</path>
         <kind>object</kind>
         <file>car_control.o</file>
         <name>car_control.o</name>
      </input_file>
      <input_file id="fl-3">
         <path>C:\Users\Vico\Desktop\26NUEDC\Code\main\NUEDC2026\Debug\.\</path>
         <kind>object</kind>
         <file>grayscale_sensor.o</file>
         <name>grayscale_sensor.o</name>
      </input_file>
      <input_file id="fl-4">
         <path>C:\Users\Vico\Desktop\26NUEDC\Code\main\NUEDC2026\Debug\.\</path>
         <kind>object</kind>
         <file>main.o</file>
         <name>main.o</name>
      </input_file>
      <input_file id="fl-5">
         <path>C:\Users\Vico\Desktop\26NUEDC\Code\main\NUEDC2026\Debug\.\</path>
         <kind>object</kind>
         <file>ti_msp_dl_config.o</file>
         <name>ti_msp_dl_config.o</name>
      </input_file>
      <input_file id="fl-6">
         <path>C:\Users\Vico\Desktop\26NUEDC\Code\main\NUEDC2026\Debug\.\</path>
         <kind>object</kind>
         <file>startup_mspm0g350x_ticlang.o</file>
         <name>startup_mspm0g350x_ticlang.o</name>
      </input_file>
      <input_file id="fl-7">
         <path>C:\Users\Vico\Desktop\26NUEDC\Code\main\NUEDC2026\Debug\.\</path>
         <kind>object</kind>
         <file>motor_control.o</file>
         <name>motor_control.o</name>
      </input_file>
      <input_file id="fl-8">
         <path>C:\Users\Vico\Desktop\26NUEDC\Code\main\NUEDC2026\Debug\.\</path>
         <kind>object</kind>
         <file>mpu6050_angle.o</file>
         <name>mpu6050_angle.o</name>
      </input_file>
      <input_file id="fl-9">
         <path>C:\Users\Vico\Desktop\26NUEDC\Code\main\NUEDC2026\Debug\.\</path>
         <kind>object</kind>
         <file>oled_test.o</file>
         <name>oled_test.o</name>
      </input_file>
      <input_file id="fl-16">
         <path>C:\Users\Vico\Desktop\26NUEDC\Code\main\NUEDC2026\Debug\</path>
         <kind>object</kind>
         <file>&lt;internal&gt;</file>
         <name>&lt;internal&gt;</name>
      </input_file>
      <input_file id="fl-17">
         <path>C:\ti\mspm0_sdk_2_11_00_07\source\ti\driverlib\lib\ticlang\m0p\mspm0g1x0x_g3x0x\</path>
         <kind>archive</kind>
         <file>driverlib.a</file>
         <name>dl_common.o</name>
      </input_file>
      <input_file id="fl-18">
         <path>C:\ti\mspm0_sdk_2_11_00_07\source\ti\driverlib\lib\ticlang\m0p\mspm0g1x0x_g3x0x\</path>
         <kind>archive</kind>
         <file>driverlib.a</file>
         <name>dl_i2c.o</name>
      </input_file>
      <input_file id="fl-19">
         <path>C:\ti\mspm0_sdk_2_11_00_07\source\ti\driverlib\lib\ticlang\m0p\mspm0g1x0x_g3x0x\</path>
         <kind>archive</kind>
         <file>driverlib.a</file>
         <name>dl_timer.o</name>
      </input_file>
      <input_file id="fl-1a">
         <path>C:\ti\mspm0_sdk_2_11_00_07\source\ti\driverlib\lib\ticlang\m0p\mspm0g1x0x_g3x0x\</path>
         <kind>archive</kind>
         <file>driverlib.a</file>
         <name>dl_uart.o</name>
      </input_file>
      <input_file id="fl-37">
         <path>C:\ti\ccs2100\ccs\tools\compiler\ti-cgt-armllvm_5.1.1.LTS\lib\armv6m-ti-none-eabi\c\</path>
         <kind>archive</kind>
         <file>libc.a</file>
         <name>boot_cortex_m.c.obj</name>
      </input_file>
      <input_file id="fl-38">
         <path>C:\ti\ccs2100\ccs\tools\compiler\ti-cgt-armllvm_5.1.1.LTS\lib\armv6m-ti-none-eabi\c\</path>
         <kind>archive</kind>
         <file>libc.a</file>
         <name>mathacl_init.c.obj</name>
      </input_file>
      <input_file id="fl-39">
         <path>C:\ti\ccs2100\ccs\tools\compiler\ti-cgt-armllvm_5.1.1.LTS\lib\armv6m-ti-none-eabi\c\</path>
         <kind>archive</kind>
         <file>libc.a</file>
         <name>autoinit.c.obj</name>
      </input_file>
      <input_file id="fl-3a">
         <path>C:\ti\ccs2100\ccs\tools\compiler\ti-cgt-armllvm_5.1.1.LTS\lib\armv6m-ti-none-eabi\c\</path>
         <kind>archive</kind>
         <file>libc.a</file>
         <name>pre_init.c.obj</name>
      </input_file>
      <input_file id="fl-3b">
         <path>C:\ti\ccs2100\ccs\tools\compiler\ti-cgt-armllvm_5.1.1.LTS\lib\armv6m-ti-none-eabi\c\</path>
         <kind>archive</kind>
         <file>libc.a</file>
         <name>cpy_tbl.c.obj</name>
      </input_file>
      <input_file id="fl-3c">
         <path>C:\ti\ccs2100\ccs\tools\compiler\ti-cgt-armllvm_5.1.1.LTS\lib\armv6m-ti-none-eabi\c\</path>
         <kind>archive</kind>
         <file>libc.a</file>
         <name>copy_zero_init.c.obj</name>
      </input_file>
      <input_file id="fl-3d">
         <path>C:\ti\ccs2100\ccs\tools\compiler\ti-cgt-armllvm_5.1.1.LTS\lib\armv6m-ti-none-eabi\c\</path>
         <kind>archive</kind>
         <file>libc.a</file>
         <name>copy_decompress_none.c.obj</name>
      </input_file>
      <input_file id="fl-3e">
         <path>C:\ti\ccs2100\ccs\tools\compiler\ti-cgt-armllvm_5.1.1.LTS\lib\armv6m-ti-none-eabi\c\</path>
         <kind>archive</kind>
         <file>libc.a</file>
         <name>copy_decompress_lzss.c.obj</name>
      </input_file>
      <input_file id="fl-3f">
         <path>C:\ti\ccs2100\ccs\tools\compiler\ti-cgt-armllvm_5.1.1.LTS\lib\armv6m-ti-none-eabi\c\</path>
         <kind>archive</kind>
         <file>libc.a</file>
         <name>exit.c.obj</name>
      </input_file>
      <input_file id="fl-40">
         <path>C:\ti\ccs2100\ccs\tools\compiler\ti-cgt-armllvm_5.1.1.LTS\lib\armv6m-ti-none-eabi\c\</path>
         <kind>archive</kind>
         <file>libc.a</file>
         <name>_lock.c.obj</name>
      </input_file>
      <input_file id="fl-41">
         <path>C:\ti\ccs2100\ccs\tools\compiler\ti-cgt-armllvm_5.1.1.LTS\lib\armv6m-ti-none-eabi\c\</path>
         <kind>archive</kind>
         <file>libc.a</file>
         <name>args_main.c.obj</name>
      </input_file>
      <input_file id="fl-135">
         <path>C:\ti\ccs2100\ccs\tools\compiler\ti-cgt-armllvm_5.1.1.LTS\lib\armv6m-ti-none-eabi\c\</path>
         <kind>archive</kind>
         <file>libsysbm.a</file>
         <name>hostexit.c.obj</name>
      </input_file>
      <input_file id="fl-136">
         <path>C:\ti\ccs2100\ccs\tools\compiler\ti-cgt-armllvm_5.1.1.LTS\lib\armv6m-ti-none-eabi\</path>
         <kind>archive</kind>
         <file>libclang_rt.builtins.a</file>
         <name>addsf3.S.obj</name>
      </input_file>
      <input_file id="fl-137">
         <path>C:\ti\ccs2100\ccs\tools\compiler\ti-cgt-armllvm_5.1.1.LTS\lib\armv6m-ti-none-eabi\</path>
         <kind>archive</kind>
         <file>libclang_rt.builtins.a</file>
         <name>mulsf3.S.obj</name>
      </input_file>
      <input_file id="fl-138">
         <path>C:\ti\ccs2100\ccs\tools\compiler\ti-cgt-armllvm_5.1.1.LTS\lib\armv6m-ti-none-eabi\</path>
         <kind>archive</kind>
         <file>libclang_rt.builtins.a</file>
         <name>divsf3.S.obj</name>
      </input_file>
      <input_file id="fl-139">
         <path>C:\ti\ccs2100\ccs\tools\compiler\ti-cgt-armllvm_5.1.1.LTS\lib\armv6m-ti-none-eabi\</path>
         <kind>archive</kind>
         <file>libclang_rt.builtins.a</file>
         <name>fixsfsi.S.obj</name>
      </input_file>
      <input_file id="fl-13a">
         <path>C:\ti\ccs2100\ccs\tools\compiler\ti-cgt-armllvm_5.1.1.LTS\lib\armv6m-ti-none-eabi\</path>
         <kind>archive</kind>
         <file>libclang_rt.builtins.a</file>
         <name>floatdisf.S.obj</name>
      </input_file>
      <input_file id="fl-13b">
         <path>C:\ti\ccs2100\ccs\tools\compiler\ti-cgt-armllvm_5.1.1.LTS\lib\armv6m-ti-none-eabi\</path>
         <kind>archive</kind>
         <file>libclang_rt.builtins.a</file>
         <name>floatsisf.S.obj</name>
      </input_file>
      <input_file id="fl-13c">
         <path>C:\ti\ccs2100\ccs\tools\compiler\ti-cgt-armllvm_5.1.1.LTS\lib\armv6m-ti-none-eabi\</path>
         <kind>archive</kind>
         <file>libclang_rt.builtins.a</file>
         <name>floatunsisf.S.obj</name>
      </input_file>
      <input_file id="fl-13d">
         <path>C:\ti\ccs2100\ccs\tools\compiler\ti-cgt-armllvm_5.1.1.LTS\lib\armv6m-ti-none-eabi\</path>
         <kind>archive</kind>
         <file>libclang_rt.builtins.a</file>
         <name>muldi3.S.obj</name>
      </input_file>
      <input_file id="fl-13e">
         <path>C:\ti\ccs2100\ccs\tools\compiler\ti-cgt-armllvm_5.1.1.LTS\lib\armv6m-ti-none-eabi\</path>
         <kind>archive</kind>
         <file>libclang_rt.builtins.a</file>
         <name>aeabi_fcmp.S.obj</name>
      </input_file>
      <input_file id="fl-13f">
         <path>C:\ti\ccs2100\ccs\tools\compiler\ti-cgt-armllvm_5.1.1.LTS\lib\armv6m-ti-none-eabi\</path>
         <kind>archive</kind>
         <file>libclang_rt.builtins.a</file>
         <name>aeabi_idivmod.S.obj</name>
      </input_file>
      <input_file id="fl-140">
         <path>C:\ti\ccs2100\ccs\tools\compiler\ti-cgt-armllvm_5.1.1.LTS\lib\armv6m-ti-none-eabi\</path>
         <kind>archive</kind>
         <file>libclang_rt.builtins.a</file>
         <name>aeabi_ldivmod.S.obj</name>
      </input_file>
      <input_file id="fl-141">
         <path>C:\ti\ccs2100\ccs\tools\compiler\ti-cgt-armllvm_5.1.1.LTS\lib\armv6m-ti-none-eabi\</path>
         <kind>archive</kind>
         <file>libclang_rt.builtins.a</file>
         <name>aeabi_uidivmod.S.obj</name>
      </input_file>
      <input_file id="fl-142">
         <path>C:\ti\ccs2100\ccs\tools\compiler\ti-cgt-armllvm_5.1.1.LTS\lib\armv6m-ti-none-eabi\</path>
         <kind>archive</kind>
         <file>libclang_rt.builtins.a</file>
         <name>aeabi_memcpy.S.obj</name>
      </input_file>
      <input_file id="fl-143">
         <path>C:\ti\ccs2100\ccs\tools\compiler\ti-cgt-armllvm_5.1.1.LTS\lib\armv6m-ti-none-eabi\</path>
         <kind>archive</kind>
         <file>libclang_rt.builtins.a</file>
         <name>aeabi_memset.S.obj</name>
      </input_file>
      <input_file id="fl-144">
         <path>C:\ti\ccs2100\ccs\tools\compiler\ti-cgt-armllvm_5.1.1.LTS\lib\armv6m-ti-none-eabi\</path>
         <kind>archive</kind>
         <file>libclang_rt.builtins.a</file>
         <name>comparesf2.S.obj</name>
      </input_file>
      <input_file id="fl-145">
         <path>C:\ti\ccs2100\ccs\tools\compiler\ti-cgt-armllvm_5.1.1.LTS\lib\armv6m-ti-none-eabi\</path>
         <kind>archive</kind>
         <file>libclang_rt.builtins.a</file>
         <name>muldsi3.S.obj</name>
      </input_file>
      <input_file id="fl-146">
         <path>C:\ti\ccs2100\ccs\tools\compiler\ti-cgt-armllvm_5.1.1.LTS\lib\armv6m-ti-none-eabi\</path>
         <kind>archive</kind>
         <file>libclang_rt.builtins.a</file>
         <name>divmoddi4.c.obj</name>
      </input_file>
      <input_file id="fl-147">
         <path>C:\ti\ccs2100\ccs\tools\compiler\ti-cgt-armllvm_5.1.1.LTS\lib\armv6m-ti-none-eabi\</path>
         <kind>archive</kind>
         <file>libclang_rt.builtins.a</file>
         <name>aeabi_div0.c.obj</name>
      </input_file>
      <input_file id="fl-148">
         <path>C:\ti\ccs2100\ccs\tools\compiler\ti-cgt-armllvm_5.1.1.LTS\lib\armv6m-ti-none-eabi\</path>
         <kind>archive</kind>
         <file>libclang_rt.builtins.a</file>
         <name>udivmoddi4.S.obj</name>
      </input_file>
      <input_file id="fl-149">
         <path>C:\ti\ccs2100\ccs\tools\compiler\ti-cgt-armllvm_5.1.1.LTS\lib\armv6m-ti-none-eabi\</path>
         <kind>archive</kind>
         <file>libclang_rt.builtins.a</file>
         <name>ashldi3.S.obj</name>
      </input_file>
      <input_file id="fl-14a">
         <path>C:\ti\ccs2100\ccs\tools\compiler\ti-cgt-armllvm_5.1.1.LTS\lib\armv6m-ti-none-eabi\c\</path>
         <kind>archive</kind>
         <file>libc.a</file>
         <name>memcpy16.S.obj</name>
      </input_file>
      <input_file id="fl-14b">
         <path>C:\ti\ccs2100\ccs\tools\compiler\ti-cgt-armllvm_5.1.1.LTS\lib\armv6m-ti-none-eabi\c\</path>
         <kind>archive</kind>
         <file>libc.a</file>
         <name>memset16.S.obj</name>
      </input_file>
   </input_file_list>
   <object_component_list>
      <object_component id="oc-18">
         <name>.intvecs</name>
         <load_address>0x0</load_address>
         <readonly>true</readonly>
         <run_address>0x0</run_address>
         <size>0xc0</size>
         <alignment>0x4</alignment>
         <input_file_ref idref="fl-6"/>
      </object_component>
      <object_component id="oc-7b">
         <name>.text.main</name>
         <load_address>0xc0</load_address>
         <readonly>true</readonly>
         <executable>true</executable>
         <run_address>0xc0</run_address>
         <size>0x5e30</size>
         <alignment>0x4</alignment>
         <input_file_ref idref="fl-4"/>
      </object_component>
      <object_component id="oc-134">
         <name>.text.UART_reportMotorStatus</name>
         <load_address>0x5ef0</load_address>
         <readonly>true</readonly>
         <executable>true</executable>
         <run_address>0x5ef0</run_address>
         <size>0x5d4</size>
         <alignment>0x4</alignment>
         <input_file_ref idref="fl-4"/>
      </object_component>
      <object_component id="oc-b9">
         <name>.text.OLED_Test_initAndShowHelloWorld</name>
         <load_address>0x64c4</load_address>
         <readonly>true</readonly>
         <executable>true</executable>
         <run_address>0x64c4</run_address>
         <size>0x4fc</size>
         <alignment>0x4</alignment>
         <input_file_ref idref="fl-9"/>
      </object_component>
      <object_component id="oc-6d">
         <name>.text.MotorControl_update</name>
         <load_address>0x69c0</load_address>
         <readonly>true</readonly>
         <executable>true</executable>
         <run_address>0x69c0</run_address>
         <size>0x2f8</size>
         <alignment>0x4</alignment>
         <input_file_ref idref="fl-7"/>
      </object_component>
      <object_component id="oc-ec">
         <name>.text.MPU6050_Angle_init</name>
         <load_address>0x6cb8</load_address>
         <readonly>true</readonly>
         <executable>true</executable>
         <run_address>0x6cb8</run_address>
         <size>0x2b4</size>
         <alignment>0x4</alignment>
         <input_file_ref idref="fl-8"/>
      </object_component>
      <object_component id="oc-105">
         <name>.text.UART_reportGrayscale</name>
         <load_address>0x6f6c</load_address>
         <readonly>true</readonly>
         <executable>true</executable>
         <run_address>0x6f6c</run_address>
         <size>0x244</size>
         <alignment>0x4</alignment>
         <input_file_ref idref="fl-4"/>
      </object_component>
      <object_component id="oc-104">
         <name>.text.UART_reportZAngle</name>
         <load_address>0x71b0</load_address>
         <readonly>true</readonly>
         <executable>true</executable>
         <run_address>0x71b0</run_address>
         <size>0x238</size>
         <alignment>0x4</alignment>
         <input_file_ref idref="fl-4"/>
      </object_component>
      <object_component id="oc-fb">
         <name>.text.AngleTurnControl_update</name>
         <load_address>0x73e8</load_address>
         <readonly>true</readonly>
         <executable>true</executable>
         <run_address>0x73e8</run_address>
         <size>0x218</size>
         <alignment>0x4</alignment>
         <input_file_ref idref="fl-1"/>
      </object_component>
      <object_component id="oc-19a">
         <name>.text.MPU6050_readRegisters</name>
         <load_address>0x7600</load_address>
         <readonly>true</readonly>
         <executable>true</executable>
         <run_address>0x7600</run_address>
         <size>0x1d4</size>
         <alignment>0x4</alignment>
         <input_file_ref idref="fl-8"/>
      </object_component>
      <object_component id="oc-106">
         <name>.text.Grayscale_Sensor_ReadAll</name>
         <load_address>0x77d4</load_address>
         <readonly>true</readonly>
         <executable>true</executable>
         <run_address>0x77d4</run_address>
         <size>0x174</size>
         <alignment>0x4</alignment>
         <input_file_ref idref="fl-3"/>
      </object_component>
      <object_component id="oc-175">
         <name>.text.SYSCFG_DL_GPIO_init</name>
         <load_address>0x7948</load_address>
         <readonly>true</readonly>
         <executable>true</executable>
         <run_address>0x7948</run_address>
         <size>0x150</size>
         <alignment>0x4</alignment>
         <input_file_ref idref="fl-5"/>
      </object_component>
      <object_component id="oc-113">
         <name>.text.CarControl_setMotion</name>
         <load_address>0x7a98</load_address>
         <readonly>true</readonly>
         <executable>true</executable>
         <run_address>0x7a98</run_address>
         <size>0x138</size>
         <alignment>0x4</alignment>
         <input_file_ref idref="fl-2"/>
      </object_component>
      <object_component id="oc-1cd">
         <name>.text.DL_Timer_initFourCCPWMMode</name>
         <load_address>0x7bd0</load_address>
         <readonly>true</readonly>
         <executable>true</executable>
         <run_address>0x7bd0</run_address>
         <size>0x104</size>
         <alignment>0x4</alignment>
         <input_file_ref idref="fl-19"/>
      </object_component>
      <object_component id="oc-19b">
         <name>.text.MPU6050_writeRegister</name>
         <load_address>0x7cd4</load_address>
         <readonly>true</readonly>
         <executable>true</executable>
         <run_address>0x7cd4</run_address>
         <size>0x104</size>
         <alignment>0x4</alignment>
         <input_file_ref idref="fl-8"/>
      </object_component>
      <object_component id="oc-182">
         <name>.text.OLED_Test_writeByte</name>
         <load_address>0x7dd8</load_address>
         <readonly>true</readonly>
         <executable>true</executable>
         <run_address>0x7dd8</run_address>
         <size>0x104</size>
         <alignment>0x4</alignment>
         <input_file_ref idref="fl-9"/>
      </object_component>
      <object_component id="oc-1d4">
         <name>.text.DL_Timer_initTimerMode</name>
         <load_address>0x7edc</load_address>
         <readonly>true</readonly>
         <executable>true</executable>
         <run_address>0x7edc</run_address>
         <size>0xfc</size>
         <alignment>0x4</alignment>
         <input_file_ref idref="fl-19"/>
      </object_component>
      <object_component id="oc-94">
         <name>.text</name>
         <load_address>0x7fd8</load_address>
         <readonly>true</readonly>
         <executable>true</executable>
         <run_address>0x7fd8</run_address>
         <size>0xd8</size>
         <alignment>0x4</alignment>
         <input_file_ref idref="fl-136"/>
      </object_component>
      <object_component id="oc-1ff">
         <name>.text</name>
         <load_address>0x80b0</load_address>
         <readonly>true</readonly>
         <executable>true</executable>
         <run_address>0x80b0</run_address>
         <size>0xa2</size>
         <alignment>0x4</alignment>
         <input_file_ref idref="fl-148"/>
      </object_component>
      <object_component id="oc-af">
         <name>.text:memcpy</name>
         <load_address>0x8152</load_address>
         <readonly>true</readonly>
         <executable>true</executable>
         <run_address>0x8152</run_address>
         <size>0x9a</size>
         <alignment>0x1</alignment>
         <input_file_ref idref="fl-14a"/>
      </object_component>
      <object_component id="oc-177">
         <name>.text.SYSCFG_DL_PWM_MOTOR_AB_init</name>
         <load_address>0x81ec</load_address>
         <readonly>true</readonly>
         <executable>true</executable>
         <run_address>0x81ec</run_address>
         <size>0x90</size>
         <alignment>0x4</alignment>
         <input_file_ref idref="fl-5"/>
      </object_component>
      <object_component id="oc-178">
         <name>.text.SYSCFG_DL_PWM_MOTOR_CD_init</name>
         <load_address>0x827c</load_address>
         <readonly>true</readonly>
         <executable>true</executable>
         <run_address>0x827c</run_address>
         <size>0x90</size>
         <alignment>0x4</alignment>
         <input_file_ref idref="fl-5"/>
      </object_component>
      <object_component id="oc-15e">
         <name>.text</name>
         <load_address>0x830c</load_address>
         <readonly>true</readonly>
         <executable>true</executable>
         <run_address>0x830c</run_address>
         <size>0x8c</size>
         <alignment>0x4</alignment>
         <input_file_ref idref="fl-144"/>
      </object_component>
      <object_component id="oc-8c">
         <name>.text</name>
         <load_address>0x8398</load_address>
         <readonly>true</readonly>
         <executable>true</executable>
         <run_address>0x8398</run_address>
         <size>0x8c</size>
         <alignment>0x4</alignment>
         <input_file_ref idref="fl-137"/>
      </object_component>
      <object_component id="oc-133">
         <name>.text.MotorControl_takeStatus</name>
         <load_address>0x8424</load_address>
         <readonly>true</readonly>
         <executable>true</executable>
         <run_address>0x8424</run_address>
         <size>0x8a</size>
         <alignment>0x2</alignment>
         <input_file_ref idref="fl-7"/>
      </object_component>
      <object_component id="oc-33">
         <name>.text.Default_Handler</name>
         <load_address>0x84ae</load_address>
         <readonly>true</readonly>
         <executable>true</executable>
         <run_address>0x84ae</run_address>
         <size>0x2</size>
         <alignment>0x2</alignment>
         <input_file_ref idref="fl-6"/>
      </object_component>
      <object_component id="oc-13a">
         <name>.text.AngleTurnControl_start</name>
         <load_address>0x84b0</load_address>
         <readonly>true</readonly>
         <executable>true</executable>
         <run_address>0x84b0</run_address>
         <size>0x84</size>
         <alignment>0x4</alignment>
         <input_file_ref idref="fl-1"/>
      </object_component>
      <object_component id="oc-90">
         <name>.text</name>
         <load_address>0x8534</load_address>
         <readonly>true</readonly>
         <executable>true</executable>
         <run_address>0x8534</run_address>
         <size>0x82</size>
         <alignment>0x4</alignment>
         <input_file_ref idref="fl-138"/>
      </object_component>
      <object_component id="oc-164">
         <name>.text.__aeabi_idiv0</name>
         <load_address>0x85b6</load_address>
         <readonly>true</readonly>
         <executable>true</executable>
         <run_address>0x85b6</run_address>
         <size>0x2</size>
         <alignment>0x2</alignment>
         <input_file_ref idref="fl-147"/>
      </object_component>
      <object_component id="oc-34">
         <name>.text.GROUP1_IRQHandler</name>
         <load_address>0x85b8</load_address>
         <readonly>true</readonly>
         <executable>true</executable>
         <run_address>0x85b8</run_address>
         <size>0x80</size>
         <alignment>0x4</alignment>
         <input_file_ref idref="fl-4"/>
      </object_component>
      <object_component id="oc-173">
         <name>.text.SYSCFG_DL_initPower</name>
         <load_address>0x8638</load_address>
         <readonly>true</readonly>
         <executable>true</executable>
         <run_address>0x8638</run_address>
         <size>0x7c</size>
         <alignment>0x4</alignment>
         <input_file_ref idref="fl-5"/>
      </object_component>
      <object_component id="oc-17c">
         <name>.text.SYSCFG_DL_UART_0_init</name>
         <load_address>0x86b4</load_address>
         <readonly>true</readonly>
         <executable>true</executable>
         <run_address>0x86b4</run_address>
         <size>0x70</size>
         <alignment>0x4</alignment>
         <input_file_ref idref="fl-5"/>
      </object_component>
      <object_component id="oc-1aa">
         <name>.text.AngleTurnControl_getCoastDistanceDegrees</name>
         <load_address>0x8724</load_address>
         <readonly>true</readonly>
         <executable>true</executable>
         <run_address>0x8724</run_address>
         <size>0x6e</size>
         <alignment>0x2</alignment>
         <input_file_ref idref="fl-1"/>
      </object_component>
      <object_component id="oc-206">
         <name>.text.__aeabi_ldiv0</name>
         <load_address>0x8792</load_address>
         <readonly>true</readonly>
         <executable>true</executable>
         <run_address>0x8792</run_address>
         <size>0x2</size>
         <alignment>0x2</alignment>
         <input_file_ref idref="fl-147"/>
      </object_component>
      <object_component id="oc-3a">
         <name>.text.UART0_IRQHandler</name>
         <load_address>0x8794</load_address>
         <readonly>true</readonly>
         <executable>true</executable>
         <run_address>0x8794</run_address>
         <size>0x64</size>
         <alignment>0x4</alignment>
         <input_file_ref idref="fl-4"/>
      </object_component>
      <object_component id="oc-172">
         <name>.text:memset</name>
         <load_address>0x87f8</load_address>
         <readonly>true</readonly>
         <executable>true</executable>
         <run_address>0x87f8</run_address>
         <size>0x62</size>
         <alignment>0x1</alignment>
         <input_file_ref idref="fl-14b"/>
      </object_component>
      <object_component id="oc-fa">
         <name>.text.MPU6050_Angle_update</name>
         <load_address>0x885c</load_address>
         <readonly>true</readonly>
         <executable>true</executable>
         <run_address>0x885c</run_address>
         <size>0x60</size>
         <alignment>0x4</alignment>
         <input_file_ref idref="fl-8"/>
      </object_component>
      <object_component id="oc-17d">
         <name>.text.SYSCFG_DL_UART_1_init</name>
         <load_address>0x88bc</load_address>
         <readonly>true</readonly>
         <executable>true</executable>
         <run_address>0x88bc</run_address>
         <size>0x60</size>
         <alignment>0x4</alignment>
         <input_file_ref idref="fl-5"/>
      </object_component>
      <object_component id="oc-1e6">
         <name>.text.DL_I2C_fillControllerTXFIFO</name>
         <load_address>0x891c</load_address>
         <readonly>true</readonly>
         <executable>true</executable>
         <run_address>0x891c</run_address>
         <size>0x5e</size>
         <alignment>0x2</alignment>
         <input_file_ref idref="fl-18"/>
      </object_component>
      <object_component id="oc-98">
         <name>.text</name>
         <load_address>0x897c</load_address>
         <readonly>true</readonly>
         <executable>true</executable>
         <run_address>0x897c</run_address>
         <size>0x5a</size>
         <alignment>0x4</alignment>
         <input_file_ref idref="fl-13e"/>
      </object_component>
      <object_component id="oc-bf">
         <name>.text.MotorControl_init</name>
         <load_address>0x89d8</load_address>
         <readonly>true</readonly>
         <executable>true</executable>
         <run_address>0x89d8</run_address>
         <size>0x58</size>
         <alignment>0x4</alignment>
         <input_file_ref idref="fl-7"/>
      </object_component>
      <object_component id="oc-108">
         <name>.text</name>
         <load_address>0x8a30</load_address>
         <readonly>true</readonly>
         <executable>true</executable>
         <run_address>0x8a30</run_address>
         <size>0x56</size>
         <alignment>0x4</alignment>
         <input_file_ref idref="fl-13f"/>
      </object_component>
      <object_component id="oc-17a">
         <name>.text.SYSCFG_DL_I2C_MPU6050_init</name>
         <load_address>0x8a88</load_address>
         <readonly>true</readonly>
         <executable>true</executable>
         <run_address>0x8a88</run_address>
         <size>0x54</size>
         <alignment>0x4</alignment>
         <input_file_ref idref="fl-5"/>
      </object_component>
      <object_component id="oc-17b">
         <name>.text.SYSCFG_DL_I2C_OLED_init</name>
         <load_address>0x8adc</load_address>
         <readonly>true</readonly>
         <executable>true</executable>
         <run_address>0x8adc</run_address>
         <size>0x54</size>
         <alignment>0x4</alignment>
         <input_file_ref idref="fl-5"/>
      </object_component>
      <object_component id="oc-19c">
         <name>.text</name>
         <load_address>0x8b30</load_address>
         <readonly>true</readonly>
         <executable>true</executable>
         <run_address>0x8b30</run_address>
         <size>0x4e</size>
         <alignment>0x4</alignment>
         <input_file_ref idref="fl-13a"/>
      </object_component>
      <object_component id="oc-1e0">
         <name>.text.DL_UART_init</name>
         <load_address>0x8b80</load_address>
         <readonly>true</readonly>
         <executable>true</executable>
         <run_address>0x8b80</run_address>
         <size>0x48</size>
         <alignment>0x4</alignment>
         <input_file_ref idref="fl-1a"/>
      </object_component>
      <object_component id="oc-3b">
         <name>.text.TIMA1_IRQHandler</name>
         <load_address>0x8bc8</load_address>
         <readonly>true</readonly>
         <executable>true</executable>
         <run_address>0x8bc8</run_address>
         <size>0x44</size>
         <alignment>0x4</alignment>
         <input_file_ref idref="fl-4"/>
      </object_component>
      <object_component id="oc-176">
         <name>.text.SYSCFG_DL_SYSCTL_init</name>
         <load_address>0x8c0c</load_address>
         <readonly>true</readonly>
         <executable>true</executable>
         <run_address>0x8c0c</run_address>
         <size>0x40</size>
         <alignment>0x4</alignment>
         <input_file_ref idref="fl-5"/>
      </object_component>
      <object_component id="oc-b4">
         <name>.text.SYSCFG_DL_init</name>
         <load_address>0x8c4c</load_address>
         <readonly>true</readonly>
         <executable>true</executable>
         <run_address>0x8c4c</run_address>
         <size>0x40</size>
         <alignment>0x4</alignment>
         <input_file_ref idref="fl-5"/>
      </object_component>
      <object_component id="oc-a0">
         <name>.text</name>
         <load_address>0x8c8c</load_address>
         <readonly>true</readonly>
         <executable>true</executable>
         <run_address>0x8c8c</run_address>
         <size>0x40</size>
         <alignment>0x4</alignment>
         <input_file_ref idref="fl-141"/>
      </object_component>
      <object_component id="oc-c0">
         <name>.text.CarControl_init</name>
         <load_address>0x8ccc</load_address>
         <readonly>true</readonly>
         <executable>true</executable>
         <run_address>0x8ccc</run_address>
         <size>0x3e</size>
         <alignment>0x2</alignment>
         <input_file_ref idref="fl-2"/>
      </object_component>
      <object_component id="oc-1ed">
         <name>.text.__divmoddi4</name>
         <load_address>0x8d0a</load_address>
         <readonly>true</readonly>
         <executable>true</executable>
         <run_address>0x8d0a</run_address>
         <size>0x3e</size>
         <alignment>0x2</alignment>
         <input_file_ref idref="fl-146"/>
      </object_component>
      <object_component id="oc-1e5">
         <name>.text.DL_I2C_flushControllerTXFIFO</name>
         <load_address>0x8d48</load_address>
         <readonly>true</readonly>
         <executable>true</executable>
         <run_address>0x8d48</run_address>
         <size>0x3c</size>
         <alignment>0x4</alignment>
         <input_file_ref idref="fl-18"/>
      </object_component>
      <object_component id="oc-144">
         <name>.text:__TI_auto_init_nobinit_nopinit</name>
         <load_address>0x8d84</load_address>
         <readonly>true</readonly>
         <executable>true</executable>
         <run_address>0x8d84</run_address>
         <size>0x3c</size>
         <alignment>0x4</alignment>
         <input_file_ref idref="fl-39"/>
      </object_component>
      <object_component id="oc-10c">
         <name>.text</name>
         <load_address>0x8dc0</load_address>
         <readonly>true</readonly>
         <executable>true</executable>
         <run_address>0x8dc0</run_address>
         <size>0x3c</size>
         <alignment>0x4</alignment>
         <input_file_ref idref="fl-13b"/>
      </object_component>
      <object_component id="oc-1ad">
         <name>.text.MotorControl_coast</name>
         <load_address>0x8dfc</load_address>
         <readonly>true</readonly>
         <executable>true</executable>
         <run_address>0x8dfc</run_address>
         <size>0x3a</size>
         <alignment>0x2</alignment>
         <input_file_ref idref="fl-7"/>
      </object_component>
      <object_component id="oc-157">
         <name>.text</name>
         <load_address>0x8e38</load_address>
         <readonly>true</readonly>
         <executable>true</executable>
         <run_address>0x8e38</run_address>
         <size>0x3a</size>
         <alignment>0x4</alignment>
         <input_file_ref idref="fl-145"/>
      </object_component>
      <object_component id="oc-1a9">
         <name>.text.AngleTurnControl_enterCreep</name>
         <load_address>0x8e72</load_address>
         <readonly>true</readonly>
         <executable>true</executable>
         <run_address>0x8e72</run_address>
         <size>0x38</size>
         <alignment>0x2</alignment>
         <input_file_ref idref="fl-1"/>
      </object_component>
      <object_component id="oc-179">
         <name>.text.SYSCFG_DL_TIMER_PID_init</name>
         <load_address>0x8eac</load_address>
         <readonly>true</readonly>
         <executable>true</executable>
         <run_address>0x8eac</run_address>
         <size>0x38</size>
         <alignment>0x4</alignment>
         <input_file_ref idref="fl-5"/>
      </object_component>
      <object_component id="oc-9c">
         <name>.text</name>
         <load_address>0x8ee4</load_address>
         <readonly>true</readonly>
         <executable>true</executable>
         <run_address>0x8ee4</run_address>
         <size>0x38</size>
         <alignment>0x4</alignment>
         <input_file_ref idref="fl-139"/>
      </object_component>
      <object_component id="oc-5e">
         <name>.text.MotorControl_handleEncoderEdge</name>
         <load_address>0x8f1c</load_address>
         <readonly>true</readonly>
         <executable>true</executable>
         <run_address>0x8f1c</run_address>
         <size>0x32</size>
         <alignment>0x2</alignment>
         <input_file_ref idref="fl-7"/>
      </object_component>
      <object_component id="oc-1ea">
         <name>.text.DL_I2C_flushControllerRXFIFO</name>
         <load_address>0x8f50</load_address>
         <readonly>true</readonly>
         <executable>true</executable>
         <run_address>0x8f50</run_address>
         <size>0x30</size>
         <alignment>0x4</alignment>
         <input_file_ref idref="fl-18"/>
      </object_component>
      <object_component id="oc-d1">
         <name>.text.DL_UART_transmitDataBlocking</name>
         <load_address>0x8f80</load_address>
         <readonly>true</readonly>
         <executable>true</executable>
         <run_address>0x8f80</run_address>
         <size>0x30</size>
         <alignment>0x4</alignment>
         <input_file_ref idref="fl-1a"/>
      </object_component>
      <object_component id="oc-c6">
         <name>.text.AngleTurnControl_init</name>
         <load_address>0x8fb0</load_address>
         <readonly>true</readonly>
         <executable>true</executable>
         <run_address>0x8fb0</run_address>
         <size>0x2c</size>
         <alignment>0x2</alignment>
         <input_file_ref idref="fl-1"/>
      </object_component>
      <object_component id="oc-cc">
         <name>.text.Grayscale_Sensor_Init</name>
         <load_address>0x8fdc</load_address>
         <readonly>true</readonly>
         <executable>true</executable>
         <run_address>0x8fdc</run_address>
         <size>0x2c</size>
         <alignment>0x4</alignment>
         <input_file_ref idref="fl-3"/>
      </object_component>
      <object_component id="oc-114">
         <name>.text.CarControl_stop</name>
         <load_address>0x9008</load_address>
         <readonly>true</readonly>
         <executable>true</executable>
         <run_address>0x9008</run_address>
         <size>0x28</size>
         <alignment>0x2</alignment>
         <input_file_ref idref="fl-2"/>
      </object_component>
      <object_component id="oc-57">
         <name>.text:_c_int00_noargs</name>
         <load_address>0x9030</load_address>
         <readonly>true</readonly>
         <executable>true</executable>
         <run_address>0x9030</run_address>
         <size>0x28</size>
         <alignment>0x4</alignment>
         <input_file_ref idref="fl-37"/>
      </object_component>
      <object_component id="oc-88">
         <name>.text</name>
         <load_address>0x9058</load_address>
         <readonly>true</readonly>
         <executable>true</executable>
         <run_address>0x9058</run_address>
         <size>0x28</size>
         <alignment>0x4</alignment>
         <input_file_ref idref="fl-13c"/>
      </object_component>
      <object_component id="oc-1d7">
         <name>.text.DL_I2C_setClockConfig</name>
         <load_address>0x9080</load_address>
         <readonly>true</readonly>
         <executable>true</executable>
         <run_address>0x9080</run_address>
         <size>0x26</size>
         <alignment>0x2</alignment>
         <input_file_ref idref="fl-18"/>
      </object_component>
      <object_component id="oc-fc">
         <name>.text.AngleTurnControl_cancel</name>
         <load_address>0x90a6</load_address>
         <readonly>true</readonly>
         <executable>true</executable>
         <run_address>0x90a6</run_address>
         <size>0x24</size>
         <alignment>0x2</alignment>
         <input_file_ref idref="fl-1"/>
      </object_component>
      <object_component id="oc-1ae">
         <name>.text</name>
         <load_address>0x90cc</load_address>
         <readonly>true</readonly>
         <executable>true</executable>
         <run_address>0x90cc</run_address>
         <size>0x24</size>
         <alignment>0x4</alignment>
         <input_file_ref idref="fl-13d"/>
      </object_component>
      <object_component id="oc-1a8">
         <name>.text.CarControl_coast</name>
         <load_address>0x90f0</load_address>
         <readonly>true</readonly>
         <executable>true</executable>
         <run_address>0x90f0</run_address>
         <size>0x1e</size>
         <alignment>0x2</alignment>
         <input_file_ref idref="fl-2"/>
      </object_component>
      <object_component id="oc-123">
         <name>.text.CarControl_emergencyStop</name>
         <load_address>0x910e</load_address>
         <readonly>true</readonly>
         <executable>true</executable>
         <run_address>0x910e</run_address>
         <size>0x1e</size>
         <alignment>0x2</alignment>
         <input_file_ref idref="fl-2"/>
      </object_component>
      <object_component id="oc-12b">
         <name>.text.MotorControl_setTargetRpm</name>
         <load_address>0x912c</load_address>
         <readonly>true</readonly>
         <executable>true</executable>
         <run_address>0x912c</run_address>
         <size>0x1e</size>
         <alignment>0x2</alignment>
         <input_file_ref idref="fl-7"/>
      </object_component>
      <object_component id="oc-207">
         <name>.text</name>
         <load_address>0x914c</load_address>
         <readonly>true</readonly>
         <executable>true</executable>
         <run_address>0x914c</run_address>
         <size>0x1e</size>
         <alignment>0x4</alignment>
         <input_file_ref idref="fl-149"/>
      </object_component>
      <object_component id="oc-1cf">
         <name>.text.DL_Timer_setCaptCompUpdateMethod</name>
         <load_address>0x916c</load_address>
         <readonly>true</readonly>
         <executable>true</executable>
         <run_address>0x916c</run_address>
         <size>0x1c</size>
         <alignment>0x4</alignment>
         <input_file_ref idref="fl-19"/>
      </object_component>
      <object_component id="oc-1cc">
         <name>.text.DL_Timer_setClockConfig</name>
         <load_address>0x9188</load_address>
         <readonly>true</readonly>
         <executable>true</executable>
         <run_address>0x9188</run_address>
         <size>0x1c</size>
         <alignment>0x4</alignment>
         <input_file_ref idref="fl-19"/>
      </object_component>
      <object_component id="oc-73">
         <name>.text</name>
         <load_address>0x91a4</load_address>
         <readonly>true</readonly>
         <executable>true</executable>
         <run_address>0x91a4</run_address>
         <size>0x1a</size>
         <alignment>0x4</alignment>
         <input_file_ref idref="fl-143"/>
      </object_component>
      <object_component id="oc-1ce">
         <name>.text.DL_Timer_setCaptureCompareOutCtl</name>
         <load_address>0x91c0</load_address>
         <readonly>true</readonly>
         <executable>true</executable>
         <run_address>0x91c0</run_address>
         <size>0x18</size>
         <alignment>0x4</alignment>
         <input_file_ref idref="fl-19"/>
      </object_component>
      <object_component id="oc-1b2">
         <name>.text</name>
         <load_address>0x91d8</load_address>
         <readonly>true</readonly>
         <executable>true</executable>
         <run_address>0x91d8</run_address>
         <size>0x14</size>
         <alignment>0x4</alignment>
         <input_file_ref idref="fl-140"/>
      </object_component>
      <object_component id="oc-1df">
         <name>.text.DL_UART_setClockConfig</name>
         <load_address>0x91ec</load_address>
         <readonly>true</readonly>
         <executable>true</executable>
         <run_address>0x91ec</run_address>
         <size>0x12</size>
         <alignment>0x2</alignment>
         <input_file_ref idref="fl-1a"/>
      </object_component>
      <object_component id="oc-a4">
         <name>.text.DL_Timer_setCaptureCompareValue</name>
         <load_address>0x9200</load_address>
         <readonly>true</readonly>
         <executable>true</executable>
         <run_address>0x9200</run_address>
         <size>0x10</size>
         <alignment>0x4</alignment>
         <input_file_ref idref="fl-19"/>
      </object_component>
      <object_component id="oc-54">
         <name>.text:decompress:ZI</name>
         <load_address>0x9210</load_address>
         <readonly>true</readonly>
         <executable>true</executable>
         <run_address>0x9210</run_address>
         <size>0x10</size>
         <alignment>0x2</alignment>
         <input_file_ref idref="fl-3c"/>
      </object_component>
      <object_component id="oc-f2">
         <name>.text.MPU6050_Angle_getDeviceId</name>
         <load_address>0x9220</load_address>
         <readonly>true</readonly>
         <executable>true</executable>
         <run_address>0x9220</run_address>
         <size>0xc</size>
         <alignment>0x4</alignment>
         <input_file_ref idref="fl-8"/>
      </object_component>
      <object_component id="oc-1a6">
         <name>.text.MPU6050_Angle_getZDegrees</name>
         <load_address>0x922c</load_address>
         <readonly>true</readonly>
         <executable>true</executable>
         <run_address>0x922c</run_address>
         <size>0xc</size>
         <alignment>0x4</alignment>
         <input_file_ref idref="fl-8"/>
      </object_component>
      <object_component id="oc-1a7">
         <name>.text.MPU6050_Angle_getZRateDps</name>
         <load_address>0x9238</load_address>
         <readonly>true</readonly>
         <executable>true</executable>
         <run_address>0x9238</run_address>
         <size>0xc</size>
         <alignment>0x4</alignment>
         <input_file_ref idref="fl-8"/>
      </object_component>
      <object_component id="oc-127">
         <name>.text.MPU6050_Angle_reset</name>
         <load_address>0x9244</load_address>
         <readonly>true</readonly>
         <executable>true</executable>
         <run_address>0x9244</run_address>
         <size>0xc</size>
         <alignment>0x4</alignment>
         <input_file_ref idref="fl-8"/>
      </object_component>
      <object_component id="oc-196">
         <name>.text.DL_Common_delayCycles</name>
         <load_address>0x9250</load_address>
         <readonly>true</readonly>
         <executable>true</executable>
         <run_address>0x9250</run_address>
         <size>0xa</size>
         <alignment>0x2</alignment>
         <input_file_ref idref="fl-17"/>
      </object_component>
      <object_component id="oc-47">
         <name>.text</name>
         <load_address>0x925c</load_address>
         <readonly>true</readonly>
         <executable>true</executable>
         <run_address>0x925c</run_address>
         <size>0x8</size>
         <alignment>0x4</alignment>
         <input_file_ref idref="fl-142"/>
      </object_component>
      <object_component id="oc-126">
         <name>.text.AngleTurnControl_isActive</name>
         <load_address>0x9264</load_address>
         <readonly>true</readonly>
         <executable>true</executable>
         <run_address>0x9264</run_address>
         <size>0x6</size>
         <alignment>0x2</alignment>
         <input_file_ref idref="fl-1"/>
      </object_component>
      <object_component id="oc-121">
         <name>.text.CarControl_getSpeedRpm</name>
         <load_address>0x926a</load_address>
         <readonly>true</readonly>
         <executable>true</executable>
         <run_address>0x926a</run_address>
         <size>0x6</size>
         <alignment>0x2</alignment>
         <input_file_ref idref="fl-2"/>
      </object_component>
      <object_component id="oc-13d">
         <name>.text:abort</name>
         <load_address>0x9270</load_address>
         <readonly>true</readonly>
         <executable>true</executable>
         <run_address>0x9270</run_address>
         <size>0x6</size>
         <alignment>0x2</alignment>
         <input_file_ref idref="fl-3f"/>
      </object_component>
      <object_component id="oc-112">
         <name>.text.CarControl_getTurnInnerPercent</name>
         <load_address>0x9276</load_address>
         <readonly>true</readonly>
         <executable>true</executable>
         <run_address>0x9276</run_address>
         <size>0x4</size>
         <alignment>0x2</alignment>
         <input_file_ref idref="fl-2"/>
      </object_component>
      <object_component id="oc-1b6">
         <name>.text.HOSTexit</name>
         <load_address>0x927a</load_address>
         <readonly>true</readonly>
         <executable>true</executable>
         <run_address>0x927a</run_address>
         <size>0x4</size>
         <alignment>0x2</alignment>
         <input_file_ref idref="fl-135"/>
      </object_component>
      <object_component id="oc-2f">
         <name>.text.Reset_Handler</name>
         <load_address>0x927e</load_address>
         <readonly>true</readonly>
         <executable>true</executable>
         <run_address>0x927e</run_address>
         <size>0x4</size>
         <alignment>0x2</alignment>
         <input_file_ref idref="fl-6"/>
      </object_component>
      <object_component id="oc-77">
         <name>.text._system_pre_init</name>
         <load_address>0x9282</load_address>
         <readonly>true</readonly>
         <executable>true</executable>
         <run_address>0x9282</run_address>
         <size>0x4</size>
         <alignment>0x2</alignment>
         <input_file_ref idref="fl-3a"/>
      </object_component>
      <object_component id="oc-24e">
         <name>.cinit..bss.load</name>
         <load_address>0x99f0</load_address>
         <readonly>true</readonly>
         <run_address>0x99f0</run_address>
         <size>0x8</size>
         <alignment>0x4</alignment>
      </object_component>
      <object_component id="oc-24c">
         <name>__TI_handler_table</name>
         <load_address>0x99f8</load_address>
         <readonly>true</readonly>
         <run_address>0x99f8</run_address>
         <size>0x4</size>
         <alignment>0x4</alignment>
      </object_component>
      <object_component id="oc-24d">
         <name>__TI_cinit_table</name>
         <load_address>0x99fc</load_address>
         <readonly>true</readonly>
         <run_address>0x99fc</run_address>
         <size>0x8</size>
         <alignment>0x4</alignment>
      </object_component>
      <object_component id="oc-d7">
         <name>.rodata.gMotorAConfig</name>
         <load_address>0x9288</load_address>
         <readonly>true</readonly>
         <run_address>0x9288</run_address>
         <size>0x50</size>
         <alignment>0x4</alignment>
         <input_file_ref idref="fl-4"/>
      </object_component>
      <object_component id="oc-d8">
         <name>.rodata.gMotorBConfig</name>
         <load_address>0x92d8</load_address>
         <readonly>true</readonly>
         <run_address>0x92d8</run_address>
         <size>0x50</size>
         <alignment>0x4</alignment>
         <input_file_ref idref="fl-4"/>
      </object_component>
      <object_component id="oc-d9">
         <name>.rodata.gMotorCConfig</name>
         <load_address>0x9328</load_address>
         <readonly>true</readonly>
         <run_address>0x9328</run_address>
         <size>0x50</size>
         <alignment>0x4</alignment>
         <input_file_ref idref="fl-4"/>
      </object_component>
      <object_component id="oc-da">
         <name>.rodata.gMotorDConfig</name>
         <load_address>0x9378</load_address>
         <readonly>true</readonly>
         <run_address>0x9378</run_address>
         <size>0x50</size>
         <alignment>0x4</alignment>
         <input_file_ref idref="fl-4"/>
      </object_component>
      <object_component id="oc-f7">
         <name>.rodata.str1.17100691992556644108.1</name>
         <load_address>0x93c8</load_address>
         <readonly>true</readonly>
         <run_address>0x93c8</run_address>
         <size>0x39</size>
         <alignment>0x1</alignment>
         <input_file_ref idref="fl-4"/>
      </object_component>
      <object_component id="oc-130">
         <name>.rodata.str1.10753028060609409702.1</name>
         <load_address>0x9401</load_address>
         <readonly>true</readonly>
         <run_address>0x9401</run_address>
         <size>0x36</size>
         <alignment>0x1</alignment>
         <input_file_ref idref="fl-4"/>
      </object_component>
      <object_component id="oc-11d">
         <name>.rodata.str1.18420373917905513025.1</name>
         <load_address>0x9437</load_address>
         <readonly>true</readonly>
         <run_address>0x9437</run_address>
         <size>0x36</size>
         <alignment>0x1</alignment>
         <input_file_ref idref="fl-4"/>
      </object_component>
      <object_component id="oc-103">
         <name>.rodata.str1.14402440632258215044.1</name>
         <load_address>0x946d</load_address>
         <readonly>true</readonly>
         <run_address>0x946d</run_address>
         <size>0x32</size>
         <alignment>0x1</alignment>
         <input_file_ref idref="fl-4"/>
      </object_component>
      <object_component id="oc-fd">
         <name>.rodata.str1.288608917962107522.1</name>
         <load_address>0x949f</load_address>
         <readonly>true</readonly>
         <run_address>0x949f</run_address>
         <size>0x32</size>
         <alignment>0x1</alignment>
         <input_file_ref idref="fl-4"/>
      </object_component>
      <object_component id="oc-124">
         <name>.rodata.str1.625103348304617710.1</name>
         <load_address>0x94d1</load_address>
         <readonly>true</readonly>
         <run_address>0x94d1</run_address>
         <size>0x31</size>
         <alignment>0x1</alignment>
         <input_file_ref idref="fl-4"/>
      </object_component>
      <object_component id="oc-11b">
         <name>.rodata.str1.729616968063973023.1</name>
         <load_address>0x9502</load_address>
         <readonly>true</readonly>
         <run_address>0x9502</run_address>
         <size>0x31</size>
         <alignment>0x1</alignment>
         <input_file_ref idref="fl-4"/>
      </object_component>
      <object_component id="oc-125">
         <name>.rodata.str1.6365796992934770792.1</name>
         <load_address>0x9533</load_address>
         <readonly>true</readonly>
         <run_address>0x9533</run_address>
         <size>0x2e</size>
         <alignment>0x1</alignment>
         <input_file_ref idref="fl-4"/>
      </object_component>
      <object_component id="oc-f5">
         <name>.rodata.str1.8154729771448623357.1</name>
         <load_address>0x9561</load_address>
         <readonly>true</readonly>
         <run_address>0x9561</run_address>
         <size>0x2e</size>
         <alignment>0x1</alignment>
         <input_file_ref idref="fl-4"/>
      </object_component>
      <object_component id="oc-12a">
         <name>.rodata.str1.17045314124001216156.1</name>
         <load_address>0x958f</load_address>
         <readonly>true</readonly>
         <run_address>0x958f</run_address>
         <size>0x2d</size>
         <alignment>0x1</alignment>
         <input_file_ref idref="fl-4"/>
      </object_component>
      <object_component id="oc-120">
         <name>.rodata.str1.5266312244614669333.1</name>
         <load_address>0x95bc</load_address>
         <readonly>true</readonly>
         <run_address>0x95bc</run_address>
         <size>0x2d</size>
         <alignment>0x1</alignment>
         <input_file_ref idref="fl-4"/>
      </object_component>
      <object_component id="oc-11c">
         <name>.rodata.str1.13455639105384664542.1</name>
         <load_address>0x95e9</load_address>
         <readonly>true</readonly>
         <run_address>0x95e9</run_address>
         <size>0x2b</size>
         <alignment>0x1</alignment>
         <input_file_ref idref="fl-4"/>
      </object_component>
      <object_component id="oc-11f">
         <name>.rodata.str1.13203255162302409502.1</name>
         <load_address>0x9614</load_address>
         <readonly>true</readonly>
         <run_address>0x9614</run_address>
         <size>0x2a</size>
         <alignment>0x1</alignment>
         <input_file_ref idref="fl-4"/>
      </object_component>
      <object_component id="oc-135">
         <name>.rodata.str1.11822182024223342093.1</name>
         <load_address>0x963e</load_address>
         <readonly>true</readonly>
         <run_address>0x963e</run_address>
         <size>0x29</size>
         <alignment>0x1</alignment>
         <input_file_ref idref="fl-4"/>
      </object_component>
      <object_component id="oc-117">
         <name>.rodata.str1.5789451164904352291.1</name>
         <load_address>0x9667</load_address>
         <readonly>true</readonly>
         <run_address>0x9667</run_address>
         <size>0x29</size>
         <alignment>0x1</alignment>
         <input_file_ref idref="fl-4"/>
      </object_component>
      <object_component id="oc-f4">
         <name>.rodata.str1.1311392489248731986.1</name>
         <load_address>0x9690</load_address>
         <readonly>true</readonly>
         <run_address>0x9690</run_address>
         <size>0x28</size>
         <alignment>0x1</alignment>
         <input_file_ref idref="fl-4"/>
      </object_component>
      <object_component id="oc-fe">
         <name>.rodata.str1.4829115146054326934.1</name>
         <load_address>0x96b8</load_address>
         <readonly>true</readonly>
         <run_address>0x96b8</run_address>
         <size>0x28</size>
         <alignment>0x1</alignment>
         <input_file_ref idref="fl-4"/>
      </object_component>
      <object_component id="oc-122">
         <name>.rodata.str1.9582546670787941090.1</name>
         <load_address>0x96e0</load_address>
         <readonly>true</readonly>
         <run_address>0x96e0</run_address>
         <size>0x28</size>
         <alignment>0x1</alignment>
         <input_file_ref idref="fl-4"/>
      </object_component>
      <object_component id="oc-e9">
         <name>.rodata.str1.10313062130652730376.1</name>
         <load_address>0x9708</load_address>
         <readonly>true</readonly>
         <run_address>0x9708</run_address>
         <size>0x27</size>
         <alignment>0x1</alignment>
         <input_file_ref idref="fl-4"/>
      </object_component>
      <object_component id="oc-eb">
         <name>.rodata.str1.13782249893155712474.1</name>
         <load_address>0x972f</load_address>
         <readonly>true</readonly>
         <run_address>0x972f</run_address>
         <size>0x27</size>
         <alignment>0x1</alignment>
         <input_file_ref idref="fl-4"/>
      </object_component>
      <object_component id="oc-116">
         <name>.rodata.str1.16485475968410363649.1</name>
         <load_address>0x9756</load_address>
         <readonly>true</readonly>
         <run_address>0x9756</run_address>
         <size>0x27</size>
         <alignment>0x1</alignment>
         <input_file_ref idref="fl-4"/>
      </object_component>
      <object_component id="oc-ea">
         <name>.rodata.str1.6891813955777630061.1</name>
         <load_address>0x977d</load_address>
         <readonly>true</readonly>
         <run_address>0x977d</run_address>
         <size>0x27</size>
         <alignment>0x1</alignment>
         <input_file_ref idref="fl-4"/>
      </object_component>
      <object_component id="oc-115">
         <name>.rodata.str1.2255554096259913709.1</name>
         <load_address>0x97a4</load_address>
         <readonly>true</readonly>
         <run_address>0x97a4</run_address>
         <size>0x26</size>
         <alignment>0x1</alignment>
         <input_file_ref idref="fl-4"/>
      </object_component>
      <object_component id="oc-11e">
         <name>.rodata.str1.7190843550371250464.1</name>
         <load_address>0x97ca</load_address>
         <readonly>true</readonly>
         <run_address>0x97ca</run_address>
         <size>0x26</size>
         <alignment>0x1</alignment>
         <input_file_ref idref="fl-4"/>
      </object_component>
      <object_component id="oc-129">
         <name>.rodata.str1.14712910685067215323.1</name>
         <load_address>0x97f0</load_address>
         <readonly>true</readonly>
         <run_address>0x97f0</run_address>
         <size>0x25</size>
         <alignment>0x1</alignment>
         <input_file_ref idref="fl-4"/>
      </object_component>
      <object_component id="oc-128">
         <name>.rodata.str1.16709704744796600189.1</name>
         <load_address>0x9815</load_address>
         <readonly>true</readonly>
         <run_address>0x9815</run_address>
         <size>0x25</size>
         <alignment>0x1</alignment>
         <input_file_ref idref="fl-4"/>
      </object_component>
      <object_component id="oc-119">
         <name>.rodata.str1.3306105329219470413.1</name>
         <load_address>0x983a</load_address>
         <readonly>true</readonly>
         <run_address>0x983a</run_address>
         <size>0x25</size>
         <alignment>0x1</alignment>
         <input_file_ref idref="fl-4"/>
      </object_component>
      <object_component id="oc-f3">
         <name>.rodata.str1.3530083166107438000.1</name>
         <load_address>0x985f</load_address>
         <readonly>true</readonly>
         <run_address>0x985f</run_address>
         <size>0x24</size>
         <alignment>0x1</alignment>
         <input_file_ref idref="fl-4"/>
      </object_component>
      <object_component id="oc-118">
         <name>.rodata.str1.8594060063395485230.1</name>
         <load_address>0x9883</load_address>
         <readonly>true</readonly>
         <run_address>0x9883</run_address>
         <size>0x24</size>
         <alignment>0x1</alignment>
         <input_file_ref idref="fl-4"/>
      </object_component>
      <object_component id="oc-11a">
         <name>.rodata.str1.11639152155638730617.1</name>
         <load_address>0x98a7</load_address>
         <readonly>true</readonly>
         <run_address>0x98a7</run_address>
         <size>0x23</size>
         <alignment>0x1</alignment>
         <input_file_ref idref="fl-4"/>
      </object_component>
      <object_component id="oc-1dd">
         <name>.rodata.gI2C_MPU6050ClockConfig</name>
         <load_address>0x98ca</load_address>
         <readonly>true</readonly>
         <run_address>0x98ca</run_address>
         <size>0x2</size>
         <alignment>0x1</alignment>
         <input_file_ref idref="fl-5"/>
      </object_component>
      <object_component id="oc-de">
         <name>.rodata.gAngleTurnConfig</name>
         <load_address>0x98cc</load_address>
         <readonly>true</readonly>
         <run_address>0x98cc</run_address>
         <size>0x20</size>
         <alignment>0x4</alignment>
         <input_file_ref idref="fl-4"/>
      </object_component>
      <object_component id="oc-f6">
         <name>.rodata.str1.15159059442110792349.1</name>
         <load_address>0x98ec</load_address>
         <readonly>true</readonly>
         <run_address>0x98ec</run_address>
         <size>0x1f</size>
         <alignment>0x1</alignment>
         <input_file_ref idref="fl-4"/>
      </object_component>
      <object_component id="oc-dc">
         <name>.rodata.gCarConfig</name>
         <load_address>0x990c</load_address>
         <readonly>true</readonly>
         <run_address>0x990c</run_address>
         <size>0x1c</size>
         <alignment>0x4</alignment>
         <input_file_ref idref="fl-4"/>
      </object_component>
      <object_component id="oc-1d6">
         <name>.rodata.gTIMER_PIDTimerConfig</name>
         <load_address>0x9928</load_address>
         <readonly>true</readonly>
         <run_address>0x9928</run_address>
         <size>0x14</size>
         <alignment>0x4</alignment>
         <input_file_ref idref="fl-5"/>
      </object_component>
      <object_component id="oc-f9">
         <name>.rodata.str1.887240019932590441.1</name>
         <load_address>0x993c</load_address>
         <readonly>true</readonly>
         <run_address>0x993c</run_address>
         <size>0x11</size>
         <alignment>0x1</alignment>
         <input_file_ref idref="fl-4"/>
      </object_component>
      <object_component id="oc-1d0">
         <name>.rodata.gPWM_MOTOR_ABClockConfig</name>
         <load_address>0x994d</load_address>
         <readonly>true</readonly>
         <run_address>0x994d</run_address>
         <size>0x3</size>
         <alignment>0x1</alignment>
         <input_file_ref idref="fl-5"/>
      </object_component>
      <object_component id="oc-12d">
         <name>.rodata..Lswitch.table.main.110</name>
         <load_address>0x9950</load_address>
         <readonly>true</readonly>
         <run_address>0x9950</run_address>
         <size>0x10</size>
         <alignment>0x4</alignment>
         <input_file_ref idref="fl-4"/>
      </object_component>
      <object_component id="oc-183">
         <name>.rodata.str1.18236315148366688362.1</name>
         <load_address>0x9960</load_address>
         <readonly>true</readonly>
         <run_address>0x9960</run_address>
         <size>0xc</size>
         <alignment>0x1</alignment>
         <input_file_ref idref="fl-9"/>
      </object_component>
      <object_component id="oc-131">
         <name>.rodata.str1.13030671760666898970.1</name>
         <load_address>0x996c</load_address>
         <readonly>true</readonly>
         <run_address>0x996c</run_address>
         <size>0xb</size>
         <alignment>0x1</alignment>
         <input_file_ref idref="fl-4"/>
      </object_component>
      <object_component id="oc-132">
         <name>.rodata.str1.403738606202455663.1</name>
         <load_address>0x9977</load_address>
         <readonly>true</readonly>
         <run_address>0x9977</run_address>
         <size>0xb</size>
         <alignment>0x1</alignment>
         <input_file_ref idref="fl-4"/>
      </object_component>
      <object_component id="oc-1e2">
         <name>.rodata.gUART_0Config</name>
         <load_address>0x9982</load_address>
         <readonly>true</readonly>
         <run_address>0x9982</run_address>
         <size>0xa</size>
         <alignment>0x2</alignment>
         <input_file_ref idref="fl-5"/>
      </object_component>
      <object_component id="oc-1e4">
         <name>.rodata.gUART_1Config</name>
         <load_address>0x998c</load_address>
         <readonly>true</readonly>
         <run_address>0x998c</run_address>
         <size>0xa</size>
         <alignment>0x2</alignment>
         <input_file_ref idref="fl-5"/>
      </object_component>
      <object_component id="oc-12c">
         <name>.rodata.cst8</name>
         <load_address>0x9996</load_address>
         <readonly>true</readonly>
         <run_address>0x9996</run_address>
         <size>0x8</size>
         <alignment>0x2</alignment>
         <input_file_ref idref="fl-4"/>
      </object_component>
      <object_component id="oc-1de">
         <name>.rodata.gI2C_OLEDClockConfig</name>
         <load_address>0x999e</load_address>
         <readonly>true</readonly>
         <run_address>0x999e</run_address>
         <size>0x2</size>
         <alignment>0x1</alignment>
         <input_file_ref idref="fl-5"/>
      </object_component>
      <object_component id="oc-1d1">
         <name>.rodata.gPWM_MOTOR_ABConfig</name>
         <load_address>0x99a0</load_address>
         <readonly>true</readonly>
         <run_address>0x99a0</run_address>
         <size>0x8</size>
         <alignment>0x4</alignment>
         <input_file_ref idref="fl-5"/>
      </object_component>
      <object_component id="oc-1d3">
         <name>.rodata.gPWM_MOTOR_CDConfig</name>
         <load_address>0x99a8</load_address>
         <readonly>true</readonly>
         <run_address>0x99a8</run_address>
         <size>0x8</size>
         <alignment>0x4</alignment>
         <input_file_ref idref="fl-5"/>
      </object_component>
      <object_component id="oc-184">
         <name>.rodata.OLED_Test_glyph.H</name>
         <load_address>0x99b0</load_address>
         <readonly>true</readonly>
         <run_address>0x99b0</run_address>
         <size>0x5</size>
         <alignment>0x1</alignment>
         <input_file_ref idref="fl-9"/>
      </object_component>
      <object_component id="oc-18a">
         <name>.rodata.OLED_Test_glyph.W</name>
         <load_address>0x99b5</load_address>
         <readonly>true</readonly>
         <run_address>0x99b5</run_address>
         <size>0x5</size>
         <alignment>0x1</alignment>
         <input_file_ref idref="fl-9"/>
      </object_component>
      <object_component id="oc-189">
         <name>.rodata.OLED_Test_glyph.d</name>
         <load_address>0x99ba</load_address>
         <readonly>true</readonly>
         <run_address>0x99ba</run_address>
         <size>0x5</size>
         <alignment>0x1</alignment>
         <input_file_ref idref="fl-9"/>
      </object_component>
      <object_component id="oc-188">
         <name>.rodata.OLED_Test_glyph.e</name>
         <load_address>0x99bf</load_address>
         <readonly>true</readonly>
         <run_address>0x99bf</run_address>
         <size>0x5</size>
         <alignment>0x1</alignment>
         <input_file_ref idref="fl-9"/>
      </object_component>
      <object_component id="oc-187">
         <name>.rodata.OLED_Test_glyph.l</name>
         <load_address>0x99c4</load_address>
         <readonly>true</readonly>
         <run_address>0x99c4</run_address>
         <size>0x5</size>
         <alignment>0x1</alignment>
         <input_file_ref idref="fl-9"/>
      </object_component>
      <object_component id="oc-186">
         <name>.rodata.OLED_Test_glyph.o</name>
         <load_address>0x99c9</load_address>
         <readonly>true</readonly>
         <run_address>0x99c9</run_address>
         <size>0x5</size>
         <alignment>0x1</alignment>
         <input_file_ref idref="fl-9"/>
      </object_component>
      <object_component id="oc-185">
         <name>.rodata.OLED_Test_glyph.r</name>
         <load_address>0x99ce</load_address>
         <readonly>true</readonly>
         <run_address>0x99ce</run_address>
         <size>0x5</size>
         <alignment>0x1</alignment>
         <input_file_ref idref="fl-9"/>
      </object_component>
      <object_component id="oc-18b">
         <name>.rodata.OLED_Test_glyph.space</name>
         <load_address>0x99d3</load_address>
         <readonly>true</readonly>
         <run_address>0x99d3</run_address>
         <size>0x5</size>
         <alignment>0x1</alignment>
         <input_file_ref idref="fl-9"/>
      </object_component>
      <object_component id="oc-13b">
         <name>.rodata.str1.10720410773482754683.1</name>
         <load_address>0x99d8</load_address>
         <readonly>true</readonly>
         <run_address>0x99d8</run_address>
         <size>0x4</size>
         <alignment>0x1</alignment>
         <input_file_ref idref="fl-4"/>
      </object_component>
      <object_component id="oc-13c">
         <name>.rodata.str1.10865113624938808685.1</name>
         <load_address>0x99dc</load_address>
         <readonly>true</readonly>
         <run_address>0x99dc</run_address>
         <size>0x4</size>
         <alignment>0x1</alignment>
         <input_file_ref idref="fl-4"/>
      </object_component>
      <object_component id="oc-1d2">
         <name>.rodata.gPWM_MOTOR_CDClockConfig</name>
         <load_address>0x99e0</load_address>
         <readonly>true</readonly>
         <run_address>0x99e0</run_address>
         <size>0x3</size>
         <alignment>0x1</alignment>
         <input_file_ref idref="fl-5"/>
      </object_component>
      <object_component id="oc-1d5">
         <name>.rodata.gTIMER_PIDClockConfig</name>
         <load_address>0x99e3</load_address>
         <readonly>true</readonly>
         <run_address>0x99e3</run_address>
         <size>0x3</size>
         <alignment>0x1</alignment>
         <input_file_ref idref="fl-5"/>
      </object_component>
      <object_component id="oc-1e1">
         <name>.rodata.gUART_0ClockConfig</name>
         <load_address>0x99e6</load_address>
         <readonly>true</readonly>
         <run_address>0x99e6</run_address>
         <size>0x2</size>
         <alignment>0x1</alignment>
         <input_file_ref idref="fl-5"/>
      </object_component>
      <object_component id="oc-1e3">
         <name>.rodata.gUART_1ClockConfig</name>
         <load_address>0x99e8</load_address>
         <readonly>true</readonly>
         <run_address>0x99e8</run_address>
         <size>0x2</size>
         <alignment>0x1</alignment>
         <input_file_ref idref="fl-5"/>
      </object_component>
      <object_component id="oc-216">
         <name>.binit</name>
         <load_address>0x0</load_address>
         <readonly>true</readonly>
         <run_address>0x0</run_address>
         <size>0x0</size>
         <alignment>0x4</alignment>
      </object_component>
      <object_component id="oc-64">
         <name>.bss.gMotorA</name>
         <uninitialized>true</uninitialized>
         <readwrite>true</readwrite>
         <run_address>0x20200178</run_address>
         <size>0x78</size>
         <alignment>0x4</alignment>
         <input_file_ref idref="fl-4"/>
      </object_component>
      <object_component id="oc-65">
         <name>.bss.gMotorB</name>
         <uninitialized>true</uninitialized>
         <readwrite>true</readwrite>
         <run_address>0x202001f0</run_address>
         <size>0x78</size>
         <alignment>0x4</alignment>
         <input_file_ref idref="fl-4"/>
      </object_component>
      <object_component id="oc-66">
         <name>.bss.gMotorC</name>
         <uninitialized>true</uninitialized>
         <readwrite>true</readwrite>
         <run_address>0x20200268</run_address>
         <size>0x78</size>
         <alignment>0x4</alignment>
         <input_file_ref idref="fl-4"/>
      </object_component>
      <object_component id="oc-67">
         <name>.bss.gMotorD</name>
         <uninitialized>true</uninitialized>
         <readwrite>true</readwrite>
         <run_address>0x202002e0</run_address>
         <size>0x78</size>
         <alignment>0x4</alignment>
         <input_file_ref idref="fl-4"/>
      </object_component>
      <object_component id="oc-db">
         <name>.bss.gCar</name>
         <uninitialized>true</uninitialized>
         <readwrite>true</readwrite>
         <run_address>0x2020038c</run_address>
         <size>0x20</size>
         <alignment>0x4</alignment>
         <input_file_ref idref="fl-4"/>
      </object_component>
      <object_component id="oc-dd">
         <name>.bss.gAngleTurn</name>
         <uninitialized>true</uninitialized>
         <readwrite>true</readwrite>
         <run_address>0x20200358</run_address>
         <size>0x34</size>
         <alignment>0x4</alignment>
         <input_file_ref idref="fl-4"/>
      </object_component>
      <object_component id="oc-df">
         <name>.bss.gLineTrackingEnabled</name>
         <uninitialized>true</uninitialized>
         <readwrite>true</readwrite>
         <run_address>0x20200442</run_address>
         <size>0x1</size>
         <alignment>0x1</alignment>
         <input_file_ref idref="fl-4"/>
      </object_component>
      <object_component id="oc-e0">
         <name>.bss.gLineTrackingDebugEnabled</name>
         <uninitialized>true</uninitialized>
         <readwrite>true</readwrite>
         <run_address>0x20200441</run_address>
         <size>0x1</size>
         <alignment>0x1</alignment>
         <input_file_ref idref="fl-4"/>
      </object_component>
      <object_component id="oc-e1">
         <name>.bss.gLineTrackingBaseSpeedRpm</name>
         <uninitialized>true</uninitialized>
         <readwrite>true</readwrite>
         <run_address>0x20200434</run_address>
         <size>0x2</size>
         <alignment>0x2</alignment>
         <input_file_ref idref="fl-4"/>
      </object_component>
      <object_component id="oc-f8">
         <name>.bss.gMpu6050Ready</name>
         <uninitialized>true</uninitialized>
         <readwrite>true</readwrite>
         <run_address>0x20200445</run_address>
         <size>0x1</size>
         <alignment>0x1</alignment>
         <input_file_ref idref="fl-4"/>
      </object_component>
      <object_component id="oc-6e">
         <name>.bss.gMpu6050SampleDue</name>
         <uninitialized>true</uninitialized>
         <readwrite>true</readwrite>
         <run_address>0x20200446</run_address>
         <size>0x1</size>
         <alignment>0x1</alignment>
         <input_file_ref idref="fl-4"/>
      </object_component>
      <object_component id="oc-110">
         <name>.bss.gGrayscaleStreamEnabled</name>
         <uninitialized>true</uninitialized>
         <readwrite>true</readwrite>
         <run_address>0x2020043e</run_address>
         <size>0x1</size>
         <alignment>0x1</alignment>
         <input_file_ref idref="fl-4"/>
      </object_component>
      <object_component id="oc-111">
         <name>.bss.gGrayscaleStreamDivider</name>
         <uninitialized>true</uninitialized>
         <readwrite>true</readwrite>
         <run_address>0x2020043d</run_address>
         <size>0x1</size>
         <alignment>0x1</alignment>
         <input_file_ref idref="fl-4"/>
      </object_component>
      <object_component id="oc-6a">
         <name>.bss.gUartCommandReady</name>
         <uninitialized>true</uninitialized>
         <readwrite>true</readwrite>
         <run_address>0x20200448</run_address>
         <size>0x1</size>
         <alignment>0x1</alignment>
         <input_file_ref idref="fl-4"/>
      </object_component>
      <object_component id="oc-6b">
         <name>.bss.gUartCommandLength</name>
         <uninitialized>true</uninitialized>
         <readwrite>true</readwrite>
         <run_address>0x20200447</run_address>
         <size>0x1</size>
         <alignment>0x1</alignment>
         <input_file_ref idref="fl-4"/>
      </object_component>
      <object_component id="oc-6c">
         <name>.bss.gUartCommand</name>
         <uninitialized>true</uninitialized>
         <readwrite>true</readwrite>
         <run_address>0x202003ac</run_address>
         <size>0x20</size>
         <alignment>0x1</alignment>
         <input_file_ref idref="fl-4"/>
      </object_component>
      <object_component id="oc-e2">
         <name>.bss.gLineTrackingIntegral</name>
         <uninitialized>true</uninitialized>
         <readwrite>true</readwrite>
         <run_address>0x20200428</run_address>
         <size>0x4</size>
         <alignment>0x4</alignment>
         <input_file_ref idref="fl-4"/>
      </object_component>
      <object_component id="oc-e3">
         <name>.bss.gLineTrackingLastErr</name>
         <uninitialized>true</uninitialized>
         <readwrite>true</readwrite>
         <run_address>0x20200436</run_address>
         <size>0x2</size>
         <alignment>0x2</alignment>
         <input_file_ref idref="fl-4"/>
      </object_component>
      <object_component id="oc-e4">
         <name>.bss.gLineTrackingDebugDivider</name>
         <uninitialized>true</uninitialized>
         <readwrite>true</readwrite>
         <run_address>0x20200440</run_address>
         <size>0x1</size>
         <alignment>0x1</alignment>
         <input_file_ref idref="fl-4"/>
      </object_component>
      <object_component id="oc-e5">
         <name>.bss.gLineFilterReady</name>
         <uninitialized>true</uninitialized>
         <readwrite>true</readwrite>
         <run_address>0x2020043f</run_address>
         <size>0x1</size>
         <alignment>0x1</alignment>
         <input_file_ref idref="fl-4"/>
      </object_component>
      <object_component id="oc-e6">
         <name>.bss.gLineFilteredValues</name>
         <uninitialized>true</uninitialized>
         <readwrite>true</readwrite>
         <run_address>0x20200410</run_address>
         <size>0x8</size>
         <alignment>0x8</alignment>
         <input_file_ref idref="fl-4"/>
[...]
      </symbol>
      <symbol id="sm-1b2">
         <name>NMI_Handler</name>
         <value>0x84af</value>
         <object_component_ref idref="oc-33"/>
      </symbol>
      <symbol id="sm-1b3">
         <name>HardFault_Handler</name>
         <value>0x84af</value>
         <object_component_ref idref="oc-33"/>
      </symbol>
      <symbol id="sm-1b4">
         <name>SVC_Handler</name>
         <value>0x84af</value>
         <object_component_ref idref="oc-33"/>
      </symbol>
      <symbol id="sm-1b5">
         <name>PendSV_Handler</name>
         <value>0x84af</value>
         <object_component_ref idref="oc-33"/>
      </symbol>
      <symbol id="sm-1b6">
         <name>SysTick_Handler</name>
         <value>0x84af</value>
         <object_component_ref idref="oc-33"/>
      </symbol>
      <symbol id="sm-1b7">
         <name>GROUP0_IRQHandler</name>
         <value>0x84af</value>
         <object_component_ref idref="oc-33"/>
      </symbol>
      <symbol id="sm-1b8">
         <name>TIMG8_IRQHandler</name>
         <value>0x84af</value>
         <object_component_ref idref="oc-33"/>
      </symbol>
      <symbol id="sm-1b9">
         <name>UART3_IRQHandler</name>
         <value>0x84af</value>
         <object_component_ref idref="oc-33"/>
      </symbol>
      <symbol id="sm-1ba">
         <name>ADC0_IRQHandler</name>
         <value>0x84af</value>
         <object_component_ref idref="oc-33"/>
      </symbol>
      <symbol id="sm-1bb">
         <name>ADC1_IRQHandler</name>
         <value>0x84af</value>
         <object_component_ref idref="oc-33"/>
      </symbol>
      <symbol id="sm-1bc">
         <name>CANFD0_IRQHandler</name>
         <value>0x84af</value>
         <object_component_ref idref="oc-33"/>
      </symbol>
      <symbol id="sm-1bd">
         <name>DAC0_IRQHandler</name>
         <value>0x84af</value>
         <object_component_ref idref="oc-33"/>
      </symbol>
      <symbol id="sm-1be">
         <name>SPI0_IRQHandler</name>
         <value>0x84af</value>
         <object_component_ref idref="oc-33"/>
      </symbol>
      <symbol id="sm-1bf">
         <name>SPI1_IRQHandler</name>
         <value>0x84af</value>
         <object_component_ref idref="oc-33"/>
      </symbol>
      <symbol id="sm-1c0">
         <name>UART1_IRQHandler</name>
         <value>0x84af</value>
         <object_component_ref idref="oc-33"/>
      </symbol>
      <symbol id="sm-1c1">
         <name>UART2_IRQHandler</name>
         <value>0x84af</value>
         <object_component_ref idref="oc-33"/>
      </symbol>
      <symbol id="sm-1c2">
         <name>TIMG0_IRQHandler</name>
         <value>0x84af</value>
         <object_component_ref idref="oc-33"/>
      </symbol>
      <symbol id="sm-1c3">
         <name>TIMG6_IRQHandler</name>
         <value>0x84af</value>
         <object_component_ref idref="oc-33"/>
      </symbol>
      <symbol id="sm-1c4">
         <name>TIMA0_IRQHandler</name>
         <value>0x84af</value>
         <object_component_ref idref="oc-33"/>
      </symbol>
      <symbol id="sm-1c5">
         <name>TIMG7_IRQHandler</name>
         <value>0x84af</value>
         <object_component_ref idref="oc-33"/>
      </symbol>
      <symbol id="sm-1c6">
         <name>TIMG12_IRQHandler</name>
         <value>0x84af</value>
         <object_component_ref idref="oc-33"/>
      </symbol>
      <symbol id="sm-1c7">
         <name>I2C0_IRQHandler</name>
         <value>0x84af</value>
         <object_component_ref idref="oc-33"/>
      </symbol>
      <symbol id="sm-1c8">
         <name>I2C1_IRQHandler</name>
         <value>0x84af</value>
         <object_component_ref idref="oc-33"/>
      </symbol>
      <symbol id="sm-1c9">
         <name>AES_IRQHandler</name>
         <value>0x84af</value>
         <object_component_ref idref="oc-33"/>
      </symbol>
      <symbol id="sm-1ca">
         <name>RTC_IRQHandler</name>
         <value>0x84af</value>
         <object_component_ref idref="oc-33"/>
      </symbol>
      <symbol id="sm-1cb">
         <name>DMA_IRQHandler</name>
         <value>0x84af</value>
         <object_component_ref idref="oc-33"/>
      </symbol>
      <symbol id="sm-1e1">
         <name>MotorControl_init</name>
         <value>0x89d9</value>
         <object_component_ref idref="oc-bf"/>
      </symbol>
      <symbol id="sm-1e2">
         <name>MotorControl_setTargetRpm</name>
         <value>0x912d</value>
         <object_component_ref idref="oc-12b"/>
      </symbol>
      <symbol id="sm-1e3">
         <name>MotorControl_coast</name>
         <value>0x8dfd</value>
         <object_component_ref idref="oc-1ad"/>
      </symbol>
      <symbol id="sm-1e4">
         <name>MotorControl_handleEncoderEdge</name>
         <value>0x8f1d</value>
         <object_component_ref idref="oc-5e"/>
      </symbol>
      <symbol id="sm-1e5">
         <name>MotorControl_update</name>
         <value>0x69c1</value>
         <object_component_ref idref="oc-6d"/>
      </symbol>
      <symbol id="sm-1e6">
         <name>MotorControl_takeStatus</name>
         <value>0x8425</value>
         <object_component_ref idref="oc-133"/>
      </symbol>
      <symbol id="sm-210">
         <name>MPU6050_Angle_init</name>
         <value>0x6cb9</value>
         <object_component_ref idref="oc-ec"/>
      </symbol>
      <symbol id="sm-211">
         <name>MPU6050_Angle_update</name>
         <value>0x885d</value>
         <object_component_ref idref="oc-fa"/>
      </symbol>
      <symbol id="sm-212">
         <name>MPU6050_Angle_reset</name>
         <value>0x9245</value>
         <object_component_ref idref="oc-127"/>
      </symbol>
      <symbol id="sm-213">
         <name>MPU6050_Angle_getZDegrees</name>
         <value>0x922d</value>
         <object_component_ref idref="oc-1a6"/>
      </symbol>
      <symbol id="sm-214">
         <name>MPU6050_Angle_getZRateDps</name>
         <value>0x9239</value>
         <object_component_ref idref="oc-1a7"/>
      </symbol>
      <symbol id="sm-215">
         <name>MPU6050_Angle_getDeviceId</name>
         <value>0x9221</value>
         <object_component_ref idref="oc-f2"/>
      </symbol>
      <symbol id="sm-237">
         <name>OLED_Test_initAndShowHelloWorld</name>
         <value>0x64c5</value>
         <object_component_ref idref="oc-b9"/>
      </symbol>
      <symbol id="sm-238">
         <name>__TI_ATRegion0_src_addr</name>
         <value>0x0</value>
      </symbol>
      <symbol id="sm-239">
         <name>__TI_ATRegion0_trg_addr</name>
         <value>0x0</value>
      </symbol>
      <symbol id="sm-23a">
         <name>__TI_ATRegion0_region_sz</name>
         <value>0x0</value>
      </symbol>
      <symbol id="sm-23b">
         <name>__TI_ATRegion1_src_addr</name>
         <value>0x0</value>
      </symbol>
      <symbol id="sm-23c">
         <name>__TI_ATRegion1_trg_addr</name>
         <value>0x0</value>
      </symbol>
      <symbol id="sm-23d">
         <name>__TI_ATRegion1_region_sz</name>
         <value>0x0</value>
      </symbol>
      <symbol id="sm-23e">
         <name>__TI_ATRegion2_src_addr</name>
         <value>0x0</value>
      </symbol>
      <symbol id="sm-23f">
         <name>__TI_ATRegion2_trg_addr</name>
         <value>0x0</value>
      </symbol>
      <symbol id="sm-240">
         <name>__TI_ATRegion2_region_sz</name>
         <value>0x0</value>
      </symbol>
      <symbol id="sm-249">
         <name>DL_Common_delayCycles</name>
         <value>0x9251</value>
         <object_component_ref idref="oc-196"/>
      </symbol>
      <symbol id="sm-25b">
         <name>DL_I2C_setClockConfig</name>
         <value>0x9081</value>
         <object_component_ref idref="oc-1d7"/>
      </symbol>
      <symbol id="sm-25c">
         <name>DL_I2C_fillControllerTXFIFO</name>
         <value>0x891d</value>
         <object_component_ref idref="oc-1e6"/>
      </symbol>
      <symbol id="sm-25d">
         <name>DL_I2C_flushControllerTXFIFO</name>
         <value>0x8d49</value>
         <object_component_ref idref="oc-1e5"/>
      </symbol>
      <symbol id="sm-25e">
         <name>DL_I2C_flushControllerRXFIFO</name>
         <value>0x8f51</value>
         <object_component_ref idref="oc-1ea"/>
      </symbol>
      <symbol id="sm-27a">
         <name>DL_Timer_setClockConfig</name>
         <value>0x9189</value>
         <object_component_ref idref="oc-1cc"/>
      </symbol>
      <symbol id="sm-27b">
         <name>DL_Timer_initTimerMode</name>
         <value>0x7edd</value>
         <object_component_ref idref="oc-1d4"/>
      </symbol>
      <symbol id="sm-27c">
         <name>DL_Timer_setCaptureCompareValue</name>
         <value>0x9201</value>
         <object_component_ref idref="oc-a4"/>
      </symbol>
      <symbol id="sm-27d">
         <name>DL_Timer_setCaptCompUpdateMethod</name>
         <value>0x916d</value>
         <object_component_ref idref="oc-1cf"/>
      </symbol>
      <symbol id="sm-27e">
         <name>DL_Timer_setCaptureCompareOutCtl</name>
         <value>0x91c1</value>
         <object_component_ref idref="oc-1ce"/>
      </symbol>
      <symbol id="sm-27f">
         <name>DL_Timer_initFourCCPWMMode</name>
         <value>0x7bd1</value>
         <object_component_ref idref="oc-1cd"/>
      </symbol>
      <symbol id="sm-28f">
         <name>DL_UART_init</name>
         <value>0x8b81</value>
         <object_component_ref idref="oc-1e0"/>
      </symbol>
      <symbol id="sm-290">
         <name>DL_UART_setClockConfig</name>
         <value>0x91ed</value>
         <object_component_ref idref="oc-1df"/>
      </symbol>
      <symbol id="sm-291">
         <name>DL_UART_transmitDataBlocking</name>
         <value>0x8f81</value>
         <object_component_ref idref="oc-d1"/>
      </symbol>
      <symbol id="sm-29c">
         <name>_c_int00_noargs</name>
         <value>0x9031</value>
         <object_component_ref idref="oc-57"/>
      </symbol>
      <symbol id="sm-29d">
         <name>__stack</name>
         <value>0x20207e00</value>
         <object_component_ref idref="oc-1a"/>
      </symbol>
      <symbol id="sm-2a9">
         <name>__TI_auto_init_nobinit_nopinit</name>
         <value>0x8d85</value>
         <object_component_ref idref="oc-144"/>
      </symbol>
      <symbol id="sm-2b1">
         <name>_system_pre_init</name>
         <value>0x9283</value>
         <object_component_ref idref="oc-77"/>
      </symbol>
      <symbol id="sm-2bc">
         <name>__TI_zero_init</name>
         <value>0x9211</value>
         <object_component_ref idref="oc-54"/>
      </symbol>
      <symbol id="sm-2c8">
         <name>abort</name>
         <value>0x9271</value>
         <object_component_ref idref="oc-13d"/>
      </symbol>
      <symbol id="sm-2d2">
         <name>HOSTexit</name>
         <value>0x927b</value>
         <object_component_ref idref="oc-1b6"/>
      </symbol>
      <symbol id="sm-2d3">
         <name>C$$EXIT</name>
         <value>0x927a</value>
         <object_component_ref idref="oc-1b6"/>
      </symbol>
      <symbol id="sm-2d9">
         <name>__aeabi_fadd</name>
         <value>0x7fe3</value>
         <object_component_ref idref="oc-94"/>
      </symbol>
      <symbol id="sm-2da">
         <name>__addsf3</name>
         <value>0x7fe3</value>
         <object_component_ref idref="oc-94"/>
      </symbol>
      <symbol id="sm-2db">
         <name>__aeabi_fsub</name>
         <value>0x7fd9</value>
         <object_component_ref idref="oc-94"/>
      </symbol>
      <symbol id="sm-2dc">
         <name>__subsf3</name>
         <value>0x7fd9</value>
         <object_component_ref idref="oc-94"/>
      </symbol>
      <symbol id="sm-2e2">
         <name>__aeabi_fmul</name>
         <value>0x8399</value>
         <object_component_ref idref="oc-8c"/>
      </symbol>
      <symbol id="sm-2e3">
         <name>__mulsf3</name>
         <value>0x8399</value>
         <object_component_ref idref="oc-8c"/>
      </symbol>
      <symbol id="sm-2e9">
         <name>__aeabi_fdiv</name>
         <value>0x8535</value>
         <object_component_ref idref="oc-90"/>
      </symbol>
      <symbol id="sm-2ea">
         <name>__divsf3</name>
         <value>0x8535</value>
         <object_component_ref idref="oc-90"/>
      </symbol>
      <symbol id="sm-2f0">
         <name>__aeabi_f2iz</name>
         <value>0x8ee5</value>
         <object_component_ref idref="oc-9c"/>
      </symbol>
      <symbol id="sm-2f1">
         <name>__fixsfsi</name>
         <value>0x8ee5</value>
         <object_component_ref idref="oc-9c"/>
      </symbol>
      <symbol id="sm-2f7">
         <name>__aeabi_l2f</name>
         <value>0x8b31</value>
         <object_component_ref idref="oc-19c"/>
      </symbol>
      <symbol id="sm-2f8">
         <name>__floatdisf</name>
         <value>0x8b31</value>
         <object_component_ref idref="oc-19c"/>
      </symbol>
      <symbol id="sm-2fe">
         <name>__aeabi_i2f</name>
         <value>0x8dc1</value>
         <object_component_ref idref="oc-10c"/>
      </symbol>
      <symbol id="sm-2ff">
         <name>__floatsisf</name>
         <value>0x8dc1</value>
         <object_component_ref idref="oc-10c"/>
      </symbol>
      <symbol id="sm-305">
         <name>__aeabi_ui2f</name>
         <value>0x9059</value>
         <object_component_ref idref="oc-88"/>
      </symbol>
      <symbol id="sm-306">
         <name>__floatunsisf</name>
         <value>0x9059</value>
         <object_component_ref idref="oc-88"/>
      </symbol>
      <symbol id="sm-30c">
         <name>__aeabi_lmul</name>
         <value>0x90cd</value>
         <object_component_ref idref="oc-1ae"/>
      </symbol>
      <symbol id="sm-30d">
         <name>__muldi3</name>
         <value>0x90cd</value>
         <object_component_ref idref="oc-1ae"/>
      </symbol>
      <symbol id="sm-313">
         <name>__aeabi_fcmpeq</name>
         <value>0x897d</value>
         <object_component_ref idref="oc-98"/>
      </symbol>
      <symbol id="sm-314">
         <name>__aeabi_fcmplt</name>
         <value>0x898f</value>
         <object_component_ref idref="oc-98"/>
      </symbol>
      <symbol id="sm-315">
         <name>__aeabi_fcmple</name>
         <value>0x89a1</value>
         <object_component_ref idref="oc-98"/>
      </symbol>
      <symbol id="sm-316">
         <name>__aeabi_fcmpge</name>
         <value>0x89b3</value>
         <object_component_ref idref="oc-98"/>
      </symbol>
      <symbol id="sm-317">
         <name>__aeabi_fcmpgt</name>
         <value>0x89c5</value>
         <object_component_ref idref="oc-98"/>
      </symbol>
      <symbol id="sm-31d">
         <name>__aeabi_idiv</name>
         <value>0x8a31</value>
         <object_component_ref idref="oc-108"/>
      </symbol>
      <symbol id="sm-31e">
         <name>__aeabi_idivmod</name>
         <value>0x8a31</value>
         <object_component_ref idref="oc-108"/>
      </symbol>
      <symbol id="sm-324">
         <name>__aeabi_ldivmod</name>
         <value>0x91d9</value>
         <object_component_ref idref="oc-1b2"/>
      </symbol>
      <symbol id="sm-32a">
         <name>__aeabi_uidiv</name>
         <value>0x8c8d</value>
         <object_component_ref idref="oc-a0"/>
      </symbol>
      <symbol id="sm-32b">
         <name>__aeabi_uidivmod</name>
         <value>0x8c8d</value>
         <object_component_ref idref="oc-a0"/>
      </symbol>
      <symbol id="sm-331">
         <name>__aeabi_memcpy</name>
         <value>0x925d</value>
         <object_component_ref idref="oc-47"/>
      </symbol>
      <symbol id="sm-332">
         <name>__aeabi_memcpy4</name>
         <value>0x925d</value>
         <object_component_ref idref="oc-47"/>
      </symbol>
      <symbol id="sm-333">
         <name>__aeabi_memcpy8</name>
         <value>0x925d</value>
         <object_component_ref idref="oc-47"/>
      </symbol>
      <symbol id="sm-339">
         <name>__aeabi_memset</name>
         <value>0x91a5</value>
         <object_component_ref idref="oc-73"/>
      </symbol>
      <symbol id="sm-33a">
         <name>__aeabi_memset4</name>
         <value>0x91a5</value>
         <object_component_ref idref="oc-73"/>
      </symbol>
      <symbol id="sm-33b">
         <name>__aeabi_memset8</name>
         <value>0x91a5</value>
         <object_component_ref idref="oc-73"/>
      </symbol>
      <symbol id="sm-33c">
         <name>__aeabi_memclr</name>
         <value>0x91b3</value>
         <object_component_ref idref="oc-73"/>
      </symbol>
      <symbol id="sm-33d">
         <name>__aeabi_memclr4</name>
         <value>0x91b3</value>
         <object_component_ref idref="oc-73"/>
      </symbol>
      <symbol id="sm-33e">
         <name>__aeabi_memclr8</name>
         <value>0x91b3</value>
         <object_component_ref idref="oc-73"/>
      </symbol>
      <symbol id="sm-344">
         <name>__eqsf2</name>
         <value>0x830d</value>
         <object_component_ref idref="oc-15e"/>
      </symbol>
      <symbol id="sm-345">
         <name>__lesf2</name>
         <value>0x830d</value>
         <object_component_ref idref="oc-15e"/>
      </symbol>
      <symbol id="sm-346">
         <name>__ltsf2</name>
         <value>0x830d</value>
         <object_component_ref idref="oc-15e"/>
      </symbol>
      <symbol id="sm-347">
         <name>__nesf2</name>
         <value>0x830d</value>
         <object_component_ref idref="oc-15e"/>
      </symbol>
      <symbol id="sm-348">
         <name>__cmpsf2</name>
         <value>0x830d</value>
         <object_component_ref idref="oc-15e"/>
      </symbol>
      <symbol id="sm-349">
         <name>__gtsf2</name>
         <value>0x8347</value>
         <object_component_ref idref="oc-15e"/>
      </symbol>
      <symbol id="sm-34a">
         <name>__gesf2</name>
         <value>0x8347</value>
         <object_component_ref idref="oc-15e"/>
      </symbol>
      <symbol id="sm-34b">
         <name>__unordsf2</name>
         <value>0x8383</value>
         <object_component_ref idref="oc-15e"/>
      </symbol>
      <symbol id="sm-34c">
         <name>__aeabi_fcmpun</name>
         <value>0x8383</value>
         <object_component_ref idref="oc-15e"/>
      </symbol>
      <symbol id="sm-352">
         <name>__muldsi3</name>
         <value>0x8e39</value>
         <object_component_ref idref="oc-157"/>
      </symbol>
      <symbol id="sm-35b">
         <name>__divmoddi4</name>
         <value>0x8d0b</value>
         <object_component_ref idref="oc-1ed"/>
      </symbol>
      <symbol id="sm-367">
         <name>__aeabi_idiv0</name>
         <value>0x85b7</value>
         <object_component_ref idref="oc-164"/>
      </symbol>
      <symbol id="sm-368">
         <name>__aeabi_ldiv0</name>
         <value>0x8793</value>
         <object_component_ref idref="oc-206"/>
      </symbol>
      <symbol id="sm-36e">
         <name>__udivmoddi4</name>
         <value>0x80b1</value>
         <object_component_ref idref="oc-1ff"/>
      </symbol>
      <symbol id="sm-374">
         <name>__aeabi_llsl</name>
         <value>0x914d</value>
         <object_component_ref idref="oc-207"/>
      </symbol>
      <symbol id="sm-375">
         <name>__ashldi3</name>
         <value>0x914d</value>
         <object_component_ref idref="oc-207"/>
      </symbol>
      <symbol id="sm-38e">
         <name>memcpy</name>
         <value>0x8153</value>
         <object_component_ref idref="oc-af"/>
      </symbol>
      <symbol id="sm-39d">
         <name>memset</name>
         <value>0x87f9</value>
         <object_component_ref idref="oc-172"/>
      </symbol>
      <symbol id="sm-39e">
         <name>__TI_static_base__</name>
         <value>0x0</value>
      </symbol>
      <symbol id="sm-3a0">
         <name>__mpu_init</name>
         <value>0x0</value>
      </symbol>
      <symbol id="sm-3a1">
         <name>_system_post_cinit</name>
         <value>0x0</value>
      </symbol>
   </symbol_table>
   <title>Link successful</title>
</link_info>
