******************************************************************************
            TI ARM Clang Linker PC v5.1.1                      
******************************************************************************
>> Linked Sun Jul 19 23:43:56 2026

OUTPUT FILE NAME:   <main.out>
ENTRY POINT SYMBOL: "_c_int00_noargs"  address: 00002e9d


MEMORY CONFIGURATION

         name            origin    length      used     unused   attr    fill
----------------------  --------  ---------  --------  --------  ----  --------
  FLASH                 00000000   00020000  000032d8  0001cd28  R  X
  SRAM                  20200000   00008000  000005dd  00007a23  RW X
  BCR_CONFIG            41c00000   000000ff  00000000  000000ff  R   
  BSL_CONFIG            41c00100   00000080  00000000  00000080  R   


SEGMENT ALLOCATION MAP

run origin  load origin   length   init length attrs members
----------  ----------- ---------- ----------- ----- -------
00000000    00000000    000032d8   000032d8    r-x
  00000000    00000000    000000c0   000000c0    r-- .intvecs
  00003078    00003078    00000248   00000248    r-- .rodata
  000032c0    000032c0    00000018   00000018    r-- .cinit
20200000    20200000    000003dd   00000000    rw-
  20200000    20200000    000003dd   00000000    rw- .bss
20207e00    20207e00    00000200   00000000    rw-
  20207e00    20207e00    00000200   00000000    rw- .stack


SECTION ALLOCATION MAP

 output                                  attributes/
section   page    origin      length       input sections
--------  ----  ----------  ----------   ----------------
.intvecs   0    00000000    000000c0     
                  00000000    000000c0     startup_mspm0g350x_ticlang.o (.intvecs)

.text      0    000000c0    00002fb8     
                  000000c0    00000f60     main.o (.text.main)
                  00001020    000002e4     motor_control.o (.text.MotorControl_update)
                  00001304    000002b4     mpu6050_angle.o (.text.MPU6050_Angle_init)
                  000015b8    00000240     angle_turn_control.o (.text.AngleTurnControl_update)
                  000017f8    00000238     main.o (.text.UART_reportZAngle)
                  00001a30    000001d4     mpu6050_angle.o (.text.MPU6050_readRegisters)
                  00001c04    00000138     car_control.o (.text.CarControl_setMotion)
                  00001d3c    00000124     ti_msp_dl_config.o (.text.SYSCFG_DL_GPIO_init)
                  00001e60    00000104     driverlib.a : dl_timer.o (.text.DL_Timer_initFourCCPWMMode)
                  00001f64    00000104     mpu6050_angle.o (.text.MPU6050_writeRegister)
                  00002068    000000fc     driverlib.a : dl_timer.o (.text.DL_Timer_initTimerMode)
                  00002164    000000d8     libclang_rt.builtins.a : addsf3.S.obj (.text)
                  0000223c    0000009a     libc.a : memcpy16.S.obj (.text:memcpy)
                  000022d6    00000002     startup_mspm0g350x_ticlang.o (.text.Default_Handler)
                  000022d8    00000090     ti_msp_dl_config.o (.text.SYSCFG_DL_PWM_MOTOR_AB_init)
                  00002368    00000090     ti_msp_dl_config.o (.text.SYSCFG_DL_PWM_MOTOR_CD_init)
                  000023f8    0000008c     libclang_rt.builtins.a : comparesf2.S.obj (.text)
                  00002484    0000008c                            : mulsf3.S.obj (.text)
                  00002510    00000082                            : divsf3.S.obj (.text)
                  00002592    00000002                            : aeabi_div0.c.obj (.text.__aeabi_idiv0)
                  00002594    00000080     main.o (.text.GROUP1_IRQHandler)
                  00002614    00000070     ti_msp_dl_config.o (.text.SYSCFG_DL_UART_0_init)
                  00002684    00000070     ti_msp_dl_config.o (.text.SYSCFG_DL_initPower)
                  000026f4    0000006a     angle_turn_control.o (.text.AngleTurnControl_start)
                  0000275e    00000002     --HOLE-- [fill = 0]
                  00002760    00000064     main.o (.text.UART0_IRQHandler)
                  000027c4    00000062     libc.a : memset16.S.obj (.text:memset)
                  00002826    00000002     --HOLE-- [fill = 0]
                  00002828    00000060     mpu6050_angle.o (.text.MPU6050_Angle_update)
                  00002888    00000060     ti_msp_dl_config.o (.text.SYSCFG_DL_UART_1_init)
                  000028e8    0000005e     driverlib.a : dl_i2c.o (.text.DL_I2C_fillControllerTXFIFO)
                  00002946    00000002     --HOLE-- [fill = 0]
                  00002948    0000005a     libclang_rt.builtins.a : aeabi_fcmp.S.obj (.text)
                  000029a2    00000002     --HOLE-- [fill = 0]
                  000029a4    00000058     motor_control.o (.text.MotorControl_init)
                  000029fc    00000056     libclang_rt.builtins.a : aeabi_idivmod.S.obj (.text)
                  00002a52    00000002     --HOLE-- [fill = 0]
                  00002a54    00000054     ti_msp_dl_config.o (.text.SYSCFG_DL_I2C_MPU6050_init)
                  00002aa8    0000004e     libclang_rt.builtins.a : floatdisf.S.obj (.text)
                  00002af6    00000002     --HOLE-- [fill = 0]
                  00002af8    00000048     driverlib.a : dl_uart.o (.text.DL_UART_init)
                  00002b40    00000044     main.o (.text.TIMA1_IRQHandler)
                  00002b84    00000040     ti_msp_dl_config.o (.text.SYSCFG_DL_SYSCTL_init)
                  00002bc4    00000040     libclang_rt.builtins.a : aeabi_uidivmod.S.obj (.text)
                  00002c04    0000003e     car_control.o (.text.CarControl_init)
                  00002c42    00000002     --HOLE-- [fill = 0]
                  00002c44    0000003c     driverlib.a : dl_i2c.o (.text.DL_I2C_flushControllerTXFIFO)
                  00002c80    0000003c     ti_msp_dl_config.o (.text.SYSCFG_DL_init)
                  00002cbc    0000003c     libc.a : autoinit.c.obj (.text:__TI_auto_init_nobinit_nopinit)
                  00002cf8    0000003c     libclang_rt.builtins.a : floatsisf.S.obj (.text)
                  00002d34    0000003a                            : muldsi3.S.obj (.text)
                  00002d6e    00000002     --HOLE-- [fill = 0]
                  00002d70    00000038     ti_msp_dl_config.o (.text.SYSCFG_DL_TIMER_PID_init)
                  00002da8    00000038     libclang_rt.builtins.a : fixsfsi.S.obj (.text)
                  00002de0    00000032     motor_control.o (.text.MotorControl_handleEncoderEdge)
                  00002e12    00000002     --HOLE-- [fill = 0]
                  00002e14    00000030     driverlib.a : dl_i2c.o (.text.DL_I2C_flushControllerRXFIFO)
                  00002e44    00000030                 : dl_uart.o (.text.DL_UART_transmitDataBlocking)
                  00002e74    00000028     car_control.o (.text.CarControl_stop)
                  00002e9c    00000028     libc.a : boot_cortex_m.c.obj (.text:_c_int00_noargs)
                  00002ec4    00000028     libclang_rt.builtins.a : floatunsisf.S.obj (.text)
                  00002eec    00000026     driverlib.a : dl_i2c.o (.text.DL_I2C_setClockConfig)
                  00002f12    00000022     angle_turn_control.o (.text.AngleTurnControl_init)
                  00002f34    0000001c     angle_turn_control.o (.text.AngleTurnControl_cancel)
                  00002f50    0000001c     driverlib.a : dl_timer.o (.text.DL_Timer_setCaptCompUpdateMethod)
                  00002f6c    0000001c                 : dl_timer.o (.text.DL_Timer_setClockConfig)
                  00002f88    0000001a     libclang_rt.builtins.a : aeabi_memset.S.obj (.text)
                  00002fa2    00000002     --HOLE-- [fill = 0]
                  00002fa4    00000018     driverlib.a : dl_timer.o (.text.DL_Timer_setCaptureCompareOutCtl)
                  00002fbc    00000018     motor_control.o (.text.MotorControl_setTargetRpm)
                  00002fd4    00000016     libc.a : copy_zero_init.c.obj (.text:decompress:ZI:__TI_zero_init_nomemset)
                  00002fea    00000012     driverlib.a : dl_uart.o (.text.DL_UART_setClockConfig)
                  00002ffc    00000010                 : dl_timer.o (.text.DL_Timer_setCaptureCompareValue)
                  0000300c    0000000c     mpu6050_angle.o (.text.MPU6050_Angle_getDeviceId)
                  00003018    0000000c     mpu6050_angle.o (.text.MPU6050_Angle_getZDegrees)
                  00003024    0000000c     mpu6050_angle.o (.text.MPU6050_Angle_getZRateDps)
                  00003030    0000000c     mpu6050_angle.o (.text.MPU6050_Angle_reset)
                  0000303c    0000000a     driverlib.a : dl_common.o (.text.DL_Common_delayCycles)
                  00003046    00000002     --HOLE-- [fill = 0]
                  00003048    00000008     libclang_rt.builtins.a : aeabi_memcpy.S.obj (.text)
                  00003050    00000006     angle_turn_control.o (.text.AngleTurnControl_isActive)
                  00003056    00000006     car_control.o (.text.CarControl_getSpeedRpm)
                  0000305c    00000006     libc.a : exit.c.obj (.text:abort)
                  00003062    00000004     car_control.o (.text.CarControl_getTurnInnerPercent)
                  00003066    00000004     libsysbm.a : hostexit.c.obj (.text.HOSTexit)
                  0000306a    00000004     startup_mspm0g350x_ticlang.o (.text.Reset_Handler)
                  0000306e    00000004     libc.a : pre_init.c.obj (.text._system_pre_init)
                  00003072    00000006     --HOLE-- [fill = 0]

.cinit     0    000032c0    00000018     
                  000032c0    00000008     (.cinit..bss.load) [load image, compression = zero_init]
                  000032c8    00000004     (__TI_handler_table)
                  000032cc    00000008     (__TI_cinit_table)
                  000032d4    00000004     --HOLE-- [fill = 0]

.rodata    0    00003078    00000248     
                  00003078    00000050     main.o (.rodata.gMotorAConfig)
                  000030c8    00000050     main.o (.rodata.gMotorBConfig)
                  00003118    00000050     main.o (.rodata.gMotorCConfig)
                  00003168    00000050     main.o (.rodata.gMotorDConfig)
                  000031b8    0000003b     main.o (.rodata.str1.15159059442110792349.1)
                  000031f3    00000001     --HOLE-- [fill = 0]
                  000031f4    00000028     main.o (.rodata.gAngleTurnConfig)
                  0000321c    00000027     main.o (.rodata.str1.17100691992556644108.1)
                  00003243    00000001     --HOLE-- [fill = 0]
                  00003244    0000001c     main.o (.rodata.gCarConfig)
                  00003260    00000014     ti_msp_dl_config.o (.rodata.gTIMER_PIDTimerConfig)
                  00003274    00000011     main.o (.rodata.str1.887240019932590441.1)
                  00003285    00000001     --HOLE-- [fill = 0]
                  00003286    0000000a     ti_msp_dl_config.o (.rodata.gUART_0Config)
                  00003290    0000000a     ti_msp_dl_config.o (.rodata.gUART_1Config)
                  0000329a    00000002     ti_msp_dl_config.o (.rodata.gI2C_MPU6050ClockConfig)
                  0000329c    00000008     ti_msp_dl_config.o (.rodata.gPWM_MOTOR_ABConfig)
                  000032a4    00000008     ti_msp_dl_config.o (.rodata.gPWM_MOTOR_CDConfig)
                  000032ac    00000003     ti_msp_dl_config.o (.rodata.gPWM_MOTOR_ABClockConfig)
                  000032af    00000003     ti_msp_dl_config.o (.rodata.gPWM_MOTOR_CDClockConfig)
                  000032b2    00000003     ti_msp_dl_config.o (.rodata.gTIMER_PIDClockConfig)
                  000032b5    00000002     ti_msp_dl_config.o (.rodata.gUART_0ClockConfig)
                  000032b7    00000002     ti_msp_dl_config.o (.rodata.gUART_1ClockConfig)
                  000032b9    00000007     --HOLE-- [fill = 0]

.init_array 
*          0    00000000    00000000     UNINITIALIZED

.binit     0    00000000    00000000     

.bss       0    20200000    000003dd     UNINITIALIZED
                  20200000    000000bc     (.common:gPWM_MOTOR_CDBackup)
                  202000bc    000000bc     (.common:gTIMER_PIDBackup)
                  20200178    00000078     main.o (.bss.gMotorA)
                  202001f0    00000078     main.o (.bss.gMotorB)
                  20200268    00000078     main.o (.bss.gMotorC)
                  202002e0    00000078     main.o (.bss.gMotorD)
                  20200358    00000034     main.o (.bss.gAngleTurn)
                  2020038c    00000020     main.o (.bss.gCar)
                  202003ac    00000020     main.o (.bss.gUartCommand)
                  202003cc    00000004     mpu6050_angle.o (.bss.gGyroZBiasRaw)
                  202003d0    00000004     mpu6050_angle.o (.bss.gZAngleDegrees)
                  202003d4    00000004     mpu6050_angle.o (.bss.gZRateDps)
                  202003d8    00000001     mpu6050_angle.o (.bss.gDeviceId)
                  202003d9    00000001     main.o (.bss.gMpu6050Ready)
                  202003da    00000001     main.o (.bss.gMpu6050SampleDue)
                  202003db    00000001     main.o (.bss.gUartCommandLength)
                  202003dc    00000001     main.o (.bss.gUartCommandReady)

.stack     0    20207e00    00000200     UNINITIALIZED
                  20207e00    00000004     libc.a : boot_cortex_m.c.obj (.stack)
                  20207e04    000001fc     --HOLE--

__llvm_prf_cnts 
*          0    20200000    00000000     UNINITIALIZED

__llvm_prf_bits 
*          0    20200000    00000000     UNINITIALIZED

MODULE SUMMARY

       Module                         code    ro data   rw data
       ------                         ----    -------   -------
    .\
       main.o                         4800    503       600    
       ti_msp_dl_config.o             1164    71        376    
       mpu6050_angle.o                1564    0         13     
       motor_control.o                902     0         0      
       angle_turn_control.o           750     0         0      
       car_control.o                  424     0         0      
       startup_mspm0g350x_ticlang.o   6       192       0      
    +--+------------------------------+-------+---------+---------+
       Total:                         9610    766       989    
                                                               
    C:/ti/mspm0_sdk_2_11_00_07/source/ti/driverlib/lib/ticlang/m0p/mspm0g1x0x_g3x0x/driverlib.a
       dl_timer.o                     608     0         0      
       dl_i2c.o                       240     0         0      
       dl_uart.o                      138     0         0      
       dl_common.o                    10      0         0      
    +--+------------------------------+-------+---------+---------+
       Total:                         996     0         0      
                                                               
    C:\ti\ccs2100\ccs\tools\compiler\ti-cgt-armllvm_5.1.1.LTS\lib\armv6m-ti-none-eabi/c/libc.a
       memcpy16.S.obj                 154     0         0      
       memset16.S.obj                 98      0         0      
       autoinit.c.obj                 60      0         0      
       boot_cortex_m.c.obj            40      0         0      
       copy_zero_init.c.obj           22      0         0      
       exit.c.obj                     6       0         0      
       pre_init.c.obj                 4       0         0      
    +--+------------------------------+-------+---------+---------+
       Total:                         384     0         0      
                                                               
    C:\ti\ccs2100\ccs\tools\compiler\ti-cgt-armllvm_5.1.1.LTS\lib\armv6m-ti-none-eabi/c/libsysbm.a
       hostexit.c.obj                 4       0         0      
    +--+------------------------------+-------+---------+---------+
       Total:                         4       0         0      
                                                               
    C:\ti\ccs2100\ccs\tools\compiler\ti-cgt-armllvm_5.1.1.LTS\lib\armv6m-ti-none-eabi/libclang_rt.builtins.a
       addsf3.S.obj                   216     0         0      
       comparesf2.S.obj               140     0         0      
       mulsf3.S.obj                   140     0         0      
       divsf3.S.obj                   130     0         0      
       aeabi_fcmp.S.obj               90      0         0      
       aeabi_idivmod.S.obj            86      0         0      
       floatdisf.S.obj                78      0         0      
       aeabi_uidivmod.S.obj           64      0         0      
       floatsisf.S.obj                60      0         0      
       muldsi3.S.obj                  58      0         0      
       fixsfsi.S.obj                  56      0         0      
       floatunsisf.S.obj              40      0         0      
       aeabi_memset.S.obj             26      0         0      
       aeabi_memcpy.S.obj             8       0         0      
       aeabi_div0.c.obj               2       0         0      
    +--+------------------------------+-------+---------+---------+
       Total:                         1194    0         0      
                                                               
       Stack:                         0       0         512    
       Linker Generated:              0       20        0      
    +--+------------------------------+-------+---------+---------+
       Grand Total:                   12188   786       1501   


LINKER GENERATED COPY TABLES

__TI_cinit_table @ 000032cc records: 1, size/record: 8, table size: 8
	.bss: load addr=000032c0, load size=00000008 bytes, run addr=20200000, run size=000003dd bytes, compression=zero_init


LINKER GENERATED HANDLER TABLE

__TI_handler_table @ 000032c8 records: 1, size/record: 4, table size: 4
	index: 0, handler: __TI_zero_init


GLOBAL SYMBOLS: SORTED ALPHABETICALLY BY Name 

address   name                            
-------   ----                            
000022d7  ADC0_IRQHandler                 
000022d7  ADC1_IRQHandler                 
000022d7  AES_IRQHandler                  
00002f35  AngleTurnControl_cancel         
00002f13  AngleTurnControl_init           
00003051  AngleTurnControl_isActive       
000026f5  AngleTurnControl_start          
000015b9  AngleTurnControl_update         
00003066  C$$EXIT                         
000022d7  CANFD0_IRQHandler               
00003057  CarControl_getSpeedRpm          
00003063  CarControl_getTurnInnerPercent  
00002c05  CarControl_init                 
00001c05  CarControl_setMotion            
00002e75  CarControl_stop                 
000022d7  DAC0_IRQHandler                 
0000303d  DL_Common_delayCycles           
000028e9  DL_I2C_fillControllerTXFIFO     
00002e15  DL_I2C_flushControllerRXFIFO    
00002c45  DL_I2C_flushControllerTXFIFO    
00002eed  DL_I2C_setClockConfig           
00001e61  DL_Timer_initFourCCPWMMode      
00002069  DL_Timer_initTimerMode          
00002f51  DL_Timer_setCaptCompUpdateMethod
00002fa5  DL_Timer_setCaptureCompareOutCtl
00002ffd  DL_Timer_setCaptureCompareValue 
00002f6d  DL_Timer_setClockConfig         
00002af9  DL_UART_init                    
00002feb  DL_UART_setClockConfig          
00002e45  DL_UART_transmitDataBlocking    
000022d7  DMA_IRQHandler                  
000022d7  Default_Handler                 
000022d7  GROUP0_IRQHandler               
00002595  GROUP1_IRQHandler               
00003067  HOSTexit                        
000022d7  HardFault_Handler               
000022d7  I2C0_IRQHandler                 
000022d7  I2C1_IRQHandler                 
0000300d  MPU6050_Angle_getDeviceId       
00003019  MPU6050_Angle_getZDegrees       
00003025  MPU6050_Angle_getZRateDps       
00001305  MPU6050_Angle_init              
00003031  MPU6050_Angle_reset             
00002829  MPU6050_Angle_update            
00002de1  MotorControl_handleEncoderEdge  
000029a5  MotorControl_init               
00002fbd  MotorControl_setTargetRpm       
00001021  MotorControl_update             
000022d7  NMI_Handler                     
000022d7  PendSV_Handler                  
000022d7  RTC_IRQHandler                  
0000306b  Reset_Handler                   
000022d7  SPI0_IRQHandler                 
000022d7  SPI1_IRQHandler                 
000022d7  SVC_Handler                     
00001d3d  SYSCFG_DL_GPIO_init             
00002a55  SYSCFG_DL_I2C_MPU6050_init      
000022d9  SYSCFG_DL_PWM_MOTOR_AB_init     
00002369  SYSCFG_DL_PWM_MOTOR_CD_init     
00002b85  SYSCFG_DL_SYSCTL_init           
00002d71  SYSCFG_DL_TIMER_PID_init        
00002615  SYSCFG_DL_UART_0_init           
00002889  SYSCFG_DL_UART_1_init           
00002c81  SYSCFG_DL_init                  
00002685  SYSCFG_DL_initPower             
000022d7  SysTick_Handler                 
000022d7  TIMA0_IRQHandler                
00002b41  TIMA1_IRQHandler                
000022d7  TIMG0_IRQHandler                
000022d7  TIMG12_IRQHandler               
000022d7  TIMG6_IRQHandler                
000022d7  TIMG7_IRQHandler                
000022d7  TIMG8_IRQHandler                
00002761  UART0_IRQHandler                
000022d7  UART1_IRQHandler                
000022d7  UART2_IRQHandler                
000022d7  UART3_IRQHandler                
20208000  __STACK_END                     
00000200  __STACK_SIZE                    
00000000  __TI_ATRegion0_region_sz        
00000000  __TI_ATRegion0_src_addr         
00000000  __TI_ATRegion0_trg_addr         
00000000  __TI_ATRegion1_region_sz        
00000000  __TI_ATRegion1_src_addr         
00000000  __TI_ATRegion1_trg_addr         
00000000  __TI_ATRegion2_region_sz        
00000000  __TI_ATRegion2_src_addr         
00000000  __TI_ATRegion2_trg_addr         
000032cc  __TI_CINIT_Base                 
000032d4  __TI_CINIT_Limit                
000032d4  __TI_CINIT_Warm                 
000032c8  __TI_Handler_Table_Base         
000032cc  __TI_Handler_Table_Limit        
00002cbd  __TI_auto_init_nobinit_nopinit  
ffffffff  __TI_pprof_out_hndl             
ffffffff  __TI_prof_data_size             
ffffffff  __TI_prof_data_start            
00000000  __TI_static_base__              
00002fd5  __TI_zero_init_nomemset         
0000216f  __addsf3                        
00002da9  __aeabi_f2iz                    
0000216f  __aeabi_fadd                    
00002949  __aeabi_fcmpeq                  
0000297f  __aeabi_fcmpge                  
00002991  __aeabi_fcmpgt                  
0000296d  __aeabi_fcmple                  
0000295b  __aeabi_fcmplt                  
0000246f  __aeabi_fcmpun                  
00002511  __aeabi_fdiv                    
00002485  __aeabi_fmul                    
00002165  __aeabi_fsub                    
00002cf9  __aeabi_i2f                     
000029fd  __aeabi_idiv                    
00002593  __aeabi_idiv0                   
000029fd  __aeabi_idivmod                 
00002aa9  __aeabi_l2f                     
00002f97  __aeabi_memclr                  
00002f97  __aeabi_memclr4                 
00002f97  __aeabi_memclr8                 
00003049  __aeabi_memcpy                  
00003049  __aeabi_memcpy4                 
00003049  __aeabi_memcpy8                 
00002f89  __aeabi_memset                  
00002f89  __aeabi_memset4                 
00002f89  __aeabi_memset8                 
00002ec5  __aeabi_ui2f                    
00002bc5  __aeabi_uidiv                   
00002bc5  __aeabi_uidivmod                
ffffffff  __binit__                       
000023f9  __cmpsf2                        
00002511  __divsf3                        
000023f9  __eqsf2                         
00002da9  __fixsfsi                       
00002aa9  __floatdisf                     
00002cf9  __floatsisf                     
00002ec5  __floatunsisf                   
00002433  __gesf2                         
00002433  __gtsf2                         
000023f9  __lesf2                         
000023f9  __ltsf2                         
UNDEFED   __mpu_init                      
00002d35  __muldsi3                       
00002485  __mulsf3                        
000023f9  __nesf2                         
20207e00  __stack                         
20200000  __start___llvm_prf_bits         
20200000  __start___llvm_prf_cnts         
20200000  __stop___llvm_prf_bits          
20200000  __stop___llvm_prf_cnts          
00002165  __subsf3                        
0000246f  __unordsf2                      
00002e9d  _c_int00_noargs                 
UNDEFED   _system_post_cinit              
0000306f  _system_pre_init                
0000305d  abort                           
ffffffff  binit                           
20200000  gPWM_MOTOR_CDBackup             
202000bc  gTIMER_PIDBackup                
00000000  interruptVectors                
000000c1  main                            
0000223d  memcpy                          
000027c5  memset                          


GLOBAL SYMBOLS: SORTED BY Symbol Address 

address   name                            
-------   ----                            
00000000  __TI_ATRegion0_region_sz        
00000000  __TI_ATRegion0_src_addr         
00000000  __TI_ATRegion0_trg_addr         
00000000  __TI_ATRegion1_region_sz        
00000000  __TI_ATRegion1_src_addr         
00000000  __TI_ATRegion1_trg_addr         
00000000  __TI_ATRegion2_region_sz        
00000000  __TI_ATRegion2_src_addr         
00000000  __TI_ATRegion2_trg_addr         
00000000  __TI_static_base__              
00000000  interruptVectors                
000000c1  main                            
00000200  __STACK_SIZE                    
00001021  MotorControl_update             
00001305  MPU6050_Angle_init              
000015b9  AngleTurnControl_update         
00001c05  CarControl_setMotion            
00001d3d  SYSCFG_DL_GPIO_init             
00001e61  DL_Timer_initFourCCPWMMode      
00002069  DL_Timer_initTimerMode          
00002165  __aeabi_fsub                    
00002165  __subsf3                        
0000216f  __addsf3                        
0000216f  __aeabi_fadd                    
0000223d  memcpy                          
000022d7  ADC0_IRQHandler                 
000022d7  ADC1_IRQHandler                 
000022d7  AES_IRQHandler                  
000022d7  CANFD0_IRQHandler               
000022d7  DAC0_IRQHandler                 
000022d7  DMA_IRQHandler                  
000022d7  Default_Handler                 
000022d7  GROUP0_IRQHandler               
000022d7  HardFault_Handler               
000022d7  I2C0_IRQHandler                 
000022d7  I2C1_IRQHandler                 
000022d7  NMI_Handler                     
000022d7  PendSV_Handler                  
000022d7  RTC_IRQHandler                  
000022d7  SPI0_IRQHandler                 
000022d7  SPI1_IRQHandler                 
000022d7  SVC_Handler                     
000022d7  SysTick_Handler                 
000022d7  TIMA0_IRQHandler                
000022d7  TIMG0_IRQHandler                
000022d7  TIMG12_IRQHandler               
000022d7  TIMG6_IRQHandler                
000022d7  TIMG7_IRQHandler                
000022d7  TIMG8_IRQHandler                
000022d7  UART1_IRQHandler                
000022d7  UART2_IRQHandler                
000022d7  UART3_IRQHandler                
000022d9  SYSCFG_DL_PWM_MOTOR_AB_init     
00002369  SYSCFG_DL_PWM_MOTOR_CD_init     
000023f9  __cmpsf2                        
000023f9  __eqsf2                         
000023f9  __lesf2                         
000023f9  __ltsf2                         
000023f9  __nesf2                         
00002433  __gesf2                         
00002433  __gtsf2                         
0000246f  __aeabi_fcmpun                  
0000246f  __unordsf2                      
00002485  __aeabi_fmul                    
00002485  __mulsf3                        
00002511  __aeabi_fdiv                    
00002511  __divsf3                        
00002593  __aeabi_idiv0                   
00002595  GROUP1_IRQHandler               
00002615  SYSCFG_DL_UART_0_init           
00002685  SYSCFG_DL_initPower             
000026f5  AngleTurnControl_start          
00002761  UART0_IRQHandler                
000027c5  memset                          
00002829  MPU6050_Angle_update            
00002889  SYSCFG_DL_UART_1_init           
000028e9  DL_I2C_fillControllerTXFIFO     
00002949  __aeabi_fcmpeq                  
0000295b  __aeabi_fcmplt                  
0000296d  __aeabi_fcmple                  
0000297f  __aeabi_fcmpge                  
00002991  __aeabi_fcmpgt                  
000029a5  MotorControl_init               
000029fd  __aeabi_idiv                    
000029fd  __aeabi_idivmod                 
00002a55  SYSCFG_DL_I2C_MPU6050_init      
00002aa9  __aeabi_l2f                     
00002aa9  __floatdisf                     
00002af9  DL_UART_init                    
00002b41  TIMA1_IRQHandler                
00002b85  SYSCFG_DL_SYSCTL_init           
00002bc5  __aeabi_uidiv                   
00002bc5  __aeabi_uidivmod                
00002c05  CarControl_init                 
00002c45  DL_I2C_flushControllerTXFIFO    
00002c81  SYSCFG_DL_init                  
00002cbd  __TI_auto_init_nobinit_nopinit  
00002cf9  __aeabi_i2f                     
00002cf9  __floatsisf                     
00002d35  __muldsi3                       
00002d71  SYSCFG_DL_TIMER_PID_init        
00002da9  __aeabi_f2iz                    
00002da9  __fixsfsi                       
00002de1  MotorControl_handleEncoderEdge  
00002e15  DL_I2C_flushControllerRXFIFO    
00002e45  DL_UART_transmitDataBlocking    
00002e75  CarControl_stop                 
00002e9d  _c_int00_noargs                 
00002ec5  __aeabi_ui2f                    
00002ec5  __floatunsisf                   
00002eed  DL_I2C_setClockConfig           
00002f13  AngleTurnControl_init           
00002f35  AngleTurnControl_cancel         
00002f51  DL_Timer_setCaptCompUpdateMethod
00002f6d  DL_Timer_setClockConfig         
00002f89  __aeabi_memset                  
00002f89  __aeabi_memset4                 
00002f89  __aeabi_memset8                 
00002f97  __aeabi_memclr                  
00002f97  __aeabi_memclr4                 
00002f97  __aeabi_memclr8                 
00002fa5  DL_Timer_setCaptureCompareOutCtl
00002fbd  MotorControl_setTargetRpm       
00002fd5  __TI_zero_init_nomemset         
00002feb  DL_UART_setClockConfig          
00002ffd  DL_Timer_setCaptureCompareValue 
0000300d  MPU6050_Angle_getDeviceId       
00003019  MPU6050_Angle_getZDegrees       
00003025  MPU6050_Angle_getZRateDps       
00003031  MPU6050_Angle_reset             
0000303d  DL_Common_delayCycles           
00003049  __aeabi_memcpy                  
00003049  __aeabi_memcpy4                 
00003049  __aeabi_memcpy8                 
00003051  AngleTurnControl_isActive       
00003057  CarControl_getSpeedRpm          
0000305d  abort                           
00003063  CarControl_getTurnInnerPercent  
00003066  C$$EXIT                         
00003067  HOSTexit                        
0000306b  Reset_Handler                   
0000306f  _system_pre_init                
000032c8  __TI_Handler_Table_Base         
000032cc  __TI_CINIT_Base                 
000032cc  __TI_Handler_Table_Limit        
000032d4  __TI_CINIT_Limit                
000032d4  __TI_CINIT_Warm                 
20200000  __start___llvm_prf_bits         
20200000  __start___llvm_prf_cnts         
20200000  __stop___llvm_prf_bits          
20200000  __stop___llvm_prf_cnts          
20200000  gPWM_MOTOR_CDBackup             
202000bc  gTIMER_PIDBackup                
20207e00  __stack                         
20208000  __STACK_END                     
ffffffff  __TI_pprof_out_hndl             
ffffffff  __TI_prof_data_size             
ffffffff  __TI_prof_data_start            
ffffffff  __binit__                       
ffffffff  binit                           
UNDEFED   __mpu_init                      
UNDEFED   _system_post_cinit              

[162 symbols]
