******************************************************************************
            TI ARM Clang Linker PC v5.1.1                      
******************************************************************************
>> Linked Sat Jul 25 11:20:05 2026

OUTPUT FILE NAME:   <main.out>
ENTRY POINT SYMBOL: "_c_int00_noargs"  address: 00009655


MEMORY CONFIGURATION

         name            origin    length      used     unused   attr    fill
----------------------  --------  ---------  --------  --------  ----  --------
  FLASH                 00000000   00020000  0000a038  00015fc8  R  X
  SRAM                  20200000   00008000  0000064f  000079b1  RW X
  BCR_CONFIG            41c00000   000000ff  00000000  000000ff  R   
  BSL_CONFIG            41c00100   00000080  00000000  00000080  R   


SEGMENT ALLOCATION MAP

run origin  load origin   length   init length attrs members
----------  ----------- ---------- ----------- ----- -------
00000000    00000000    0000a038   0000a038    r-x
  00000000    00000000    000000c0   000000c0    r-- .intvecs
  000000c0    000000c0    00009808   00009808    r-x .text
  000098c8    000098c8    00000758   00000758    r-- .rodata
  0000a020    0000a020    00000018   00000018    r-- .cinit
20200000    20200000    0000044f   00000000    rw-
  20200000    20200000    0000044f   00000000    rw- .bss
20207e00    20207e00    00000200   00000000    rw-
  20207e00    20207e00    00000200   00000000    rw- .stack


SECTION ALLOCATION MAP

 output                                  attributes/
section   page    origin      length       input sections
--------  ----  ----------  ----------   ----------------
.intvecs   0    00000000    000000c0     
                  00000000    000000c0     startup_mspm0g350x_ticlang.o (.intvecs)

.text      0    000000c0    00009808     
                  000000c0    00005e9c     main.o (.text.main)
                  00005f5c    000005d4     main.o (.text.UART_reportMotorStatus)
                  00006530    000003d2     oled.o (.text.OLED_Init)
                  00006902    00000002     startup_mspm0g350x_ticlang.o (.text.Default_Handler)
                  00006904    000002f8     motor_control.o (.text.MotorControl_update)
                  00006bfc    00000278     mpu6050_angle.o (.text.MPU6050_Angle_initWithProgress)
                  00006e74    00000274     oled.o (.text.OLED_ShowTask)
                  000070e8    0000026c     oled.o (.text.OLED_ShowCalibration)
                  00007354    00000244     main.o (.text.UART_reportGrayscale)
                  00007598    00000238     main.o (.text.UART_reportZAngle)
                  000077d0    00000218     angle_turn_control.o (.text.AngleTurnControl_update)
                  000079e8    000001d4     mpu6050_angle.o (.text.MPU6050_readRegisters)
                  00007bbc    00000174     grayscale_sensor.o (.text.Grayscale_Sensor_ReadAll)
                  00007d30    00000164     ti_msp_dl_config.o (.text.SYSCFG_DL_GPIO_init)
                  00007e94    00000154     oled.o (.text.OLED_writeString)
                  00007fe8    00000138     car_control.o (.text.CarControl_setMotion)
                  00008120    00000104     driverlib.a : dl_timer.o (.text.DL_Timer_initFourCCPWMMode)
                  00008224    00000104     mpu6050_angle.o (.text.MPU6050_writeRegister)
                  00008328    00000104     oled.o (.text.OLED_writeByte)
                  0000842c    000000fc     driverlib.a : dl_timer.o (.text.DL_Timer_initTimerMode)
                  00008528    000000d8     libclang_rt.builtins.a : addsf3.S.obj (.text)
                  00008600    000000a2                            : udivmoddi4.S.obj (.text)
                  000086a2    0000009a     libc.a : memcpy16.S.obj (.text:memcpy)
                  0000873c    00000090     ti_msp_dl_config.o (.text.SYSCFG_DL_PWM_MOTOR_AB_init)
                  000087cc    00000090     ti_msp_dl_config.o (.text.SYSCFG_DL_PWM_MOTOR_CD_init)
                  0000885c    0000008c     libclang_rt.builtins.a : comparesf2.S.obj (.text)
                  000088e8    0000008c                            : mulsf3.S.obj (.text)
                  00008974    0000008a     motor_control.o (.text.MotorControl_takeStatus)
                  000089fe    00000002     libclang_rt.builtins.a : aeabi_div0.c.obj (.text.__aeabi_idiv0)
                  00008a00    00000084     angle_turn_control.o (.text.AngleTurnControl_start)
                  00008a84    00000082     libclang_rt.builtins.a : divsf3.S.obj (.text)
                  00008b06    00000002                            : aeabi_div0.c.obj (.text.__aeabi_ldiv0)
                  00008b08    00000080     main.o (.text.GROUP1_IRQHandler)
                  00008b88    0000007c     ti_msp_dl_config.o (.text.SYSCFG_DL_initPower)
                  00008c04    00000074     task_manager.o (.text.TaskManager_update)
                  00008c78    00000070     ti_msp_dl_config.o (.text.SYSCFG_DL_UART_0_init)
                  00008ce8    0000006e     angle_turn_control.o (.text.AngleTurnControl_getCoastDistanceDegrees)
                  00008d56    00000002     --HOLE-- [fill = 0]
                  00008d58    00000064     main.o (.text.UART0_IRQHandler)
                  00008dbc    00000062     libc.a : memset16.S.obj (.text:memset)
                  00008e1e    00000002     --HOLE-- [fill = 0]
                  00008e20    00000060     mpu6050_angle.o (.text.MPU6050_Angle_update)
                  00008e80    00000060     ti_msp_dl_config.o (.text.SYSCFG_DL_UART_1_init)
                  00008ee0    00000060     task_manager.o (.text.TaskManager_init)
                  00008f40    0000005e     driverlib.a : dl_i2c.o (.text.DL_I2C_fillControllerTXFIFO)
                  00008f9e    00000002     --HOLE-- [fill = 0]
                  00008fa0    0000005a     libclang_rt.builtins.a : aeabi_fcmp.S.obj (.text)
                  00008ffa    00000002     --HOLE-- [fill = 0]
                  00008ffc    00000058     motor_control.o (.text.MotorControl_init)
                  00009054    00000056     libclang_rt.builtins.a : aeabi_idivmod.S.obj (.text)
                  000090aa    00000002     --HOLE-- [fill = 0]
                  000090ac    00000054     ti_msp_dl_config.o (.text.SYSCFG_DL_I2C_MPU6050_init)
                  00009100    00000054     ti_msp_dl_config.o (.text.SYSCFG_DL_I2C_OLED_init)
                  00009154    0000004e     libclang_rt.builtins.a : floatdisf.S.obj (.text)
                  000091a2    00000002     --HOLE-- [fill = 0]
                  000091a4    00000048     driverlib.a : dl_uart.o (.text.DL_UART_init)
                  000091ec    00000044     main.o (.text.TIMA1_IRQHandler)
                  00009230    00000040     ti_msp_dl_config.o (.text.SYSCFG_DL_SYSCTL_init)
                  00009270    00000040     ti_msp_dl_config.o (.text.SYSCFG_DL_init)
                  000092b0    00000040     libclang_rt.builtins.a : aeabi_uidivmod.S.obj (.text)
                  000092f0    0000003e     car_control.o (.text.CarControl_init)
                  0000932e    0000003e     libclang_rt.builtins.a : divmoddi4.c.obj (.text.__divmoddi4)
                  0000936c    0000003c     driverlib.a : dl_i2c.o (.text.DL_I2C_flushControllerTXFIFO)
                  000093a8    0000003c     libc.a : autoinit.c.obj (.text:__TI_auto_init_nobinit_nopinit)
                  000093e4    0000003c     libclang_rt.builtins.a : floatsisf.S.obj (.text)
                  00009420    0000003a     motor_control.o (.text.MotorControl_coast)
                  0000945a    00000002     --HOLE-- [fill = 0]
                  0000945c    0000003a     libclang_rt.builtins.a : muldsi3.S.obj (.text)
                  00009496    00000038     angle_turn_control.o (.text.AngleTurnControl_enterCreep)
                  000094ce    00000002     --HOLE-- [fill = 0]
                  000094d0    00000038     ti_msp_dl_config.o (.text.SYSCFG_DL_TIMER_PID_init)
                  00009508    00000038     libclang_rt.builtins.a : fixsfsi.S.obj (.text)
                  00009540    00000032     motor_control.o (.text.MotorControl_handleEncoderEdge)
                  00009572    00000002     --HOLE-- [fill = 0]
                  00009574    00000030     driverlib.a : dl_i2c.o (.text.DL_I2C_flushControllerRXFIFO)
                  000095a4    00000030                 : dl_uart.o (.text.DL_UART_transmitDataBlocking)
                  000095d4    0000002c     angle_turn_control.o (.text.AngleTurnControl_init)
                  00009600    0000002c     grayscale_sensor.o (.text.Grayscale_Sensor_Init)
                  0000962c    00000028     car_control.o (.text.CarControl_stop)
                  00009654    00000028     libc.a : boot_cortex_m.c.obj (.text:_c_int00_noargs)
                  0000967c    00000028     libclang_rt.builtins.a : floatunsisf.S.obj (.text)
                  000096a4    00000026     driverlib.a : dl_i2c.o (.text.DL_I2C_setClockConfig)
                  000096ca    00000024     angle_turn_control.o (.text.AngleTurnControl_cancel)
                  000096ee    00000002     --HOLE-- [fill = 0]
                  000096f0    00000024     libclang_rt.builtins.a : muldi3.S.obj (.text)
                  00009714    0000001e     car_control.o (.text.CarControl_coast)
                  00009732    0000001e     car_control.o (.text.CarControl_emergencyStop)
                  00009750    0000001e     motor_control.o (.text.MotorControl_setTargetRpm)
                  0000976e    00000002     --HOLE-- [fill = 0]
                  00009770    0000001e     libclang_rt.builtins.a : ashldi3.S.obj (.text)
                  0000978e    00000002     --HOLE-- [fill = 0]
                  00009790    0000001c     driverlib.a : dl_timer.o (.text.DL_Timer_setCaptCompUpdateMethod)
                  000097ac    0000001c                 : dl_timer.o (.text.DL_Timer_setClockConfig)
                  000097c8    0000001a     libclang_rt.builtins.a : aeabi_memset.S.obj (.text)
                  000097e2    00000002     --HOLE-- [fill = 0]
                  000097e4    00000018     driverlib.a : dl_timer.o (.text.DL_Timer_setCaptureCompareOutCtl)
                  000097fc    00000018     main.o (.text.OLED_showCalibrationProgress)
                  00009814    00000014     libclang_rt.builtins.a : aeabi_ldivmod.S.obj (.text)
                  00009828    00000012     driverlib.a : dl_uart.o (.text.DL_UART_setClockConfig)
                  0000983a    00000002     --HOLE-- [fill = 0]
                  0000983c    00000010                 : dl_timer.o (.text.DL_Timer_setCaptureCompareValue)
                  0000984c    00000010     libc.a : copy_zero_init.c.obj (.text:decompress:ZI)
                  0000985c    0000000c     mpu6050_angle.o (.text.MPU6050_Angle_getDeviceId)
                  00009868    0000000c     mpu6050_angle.o (.text.MPU6050_Angle_getZDegrees)
                  00009874    0000000c     mpu6050_angle.o (.text.MPU6050_Angle_getZRateDps)
                  00009880    0000000c     mpu6050_angle.o (.text.MPU6050_Angle_reset)
                  0000988c    0000000a     driverlib.a : dl_common.o (.text.DL_Common_delayCycles)
                  00009896    00000002     --HOLE-- [fill = 0]
                  00009898    00000008     libclang_rt.builtins.a : aeabi_memcpy.S.obj (.text)
                  000098a0    00000006     angle_turn_control.o (.text.AngleTurnControl_isActive)
                  000098a6    00000006     car_control.o (.text.CarControl_getSpeedRpm)
                  000098ac    00000006     libc.a : exit.c.obj (.text:abort)
                  000098b2    00000004     car_control.o (.text.CarControl_getTurnInnerPercent)
                  000098b6    00000004     libsysbm.a : hostexit.c.obj (.text.HOSTexit)
                  000098ba    00000004     startup_mspm0g350x_ticlang.o (.text.Reset_Handler)
                  000098be    00000004     libc.a : pre_init.c.obj (.text._system_pre_init)
                  000098c2    00000006     --HOLE-- [fill = 0]

.cinit     0    0000a020    00000018     
                  0000a020    00000008     (.cinit..bss.load) [load image, compression = zero_init]
                  0000a028    00000004     (__TI_handler_table)
                  0000a02c    00000008     (__TI_cinit_table)
                  0000a034    00000004     --HOLE-- [fill = 0]

.rodata    0    000098c8    00000758     
                  000098c8    00000050     main.o (.rodata.gMotorAConfig)
                  00009918    00000050     main.o (.rodata.gMotorBConfig)
                  00009968    00000050     main.o (.rodata.gMotorCConfig)
                  000099b8    00000050     main.o (.rodata.gMotorDConfig)
                  00009a08    00000039     main.o (.rodata.str1.17100691992556644108.1)
                  00009a41    00000036     main.o (.rodata.str1.10753028060609409702.1)
                  00009a77    00000036     main.o (.rodata.str1.18420373917905513025.1)
                  00009aad    00000032     main.o (.rodata.str1.14402440632258215044.1)
                  00009adf    00000032     main.o (.rodata.str1.288608917962107522.1)
                  00009b11    00000031     main.o (.rodata.str1.625103348304617710.1)
                  00009b42    00000031     main.o (.rodata.str1.729616968063973023.1)
                  00009b73    0000002e     main.o (.rodata.str1.6365796992934770792.1)
                  00009ba1    0000002e     main.o (.rodata.str1.8154729771448623357.1)
                  00009bcf    0000002d     main.o (.rodata.str1.17045314124001216156.1)
                  00009bfc    0000002d     main.o (.rodata.str1.5266312244614669333.1)
                  00009c29    0000002b     main.o (.rodata.str1.13455639105384664542.1)
                  00009c54    0000002a     main.o (.rodata.str1.13203255162302409502.1)
                  00009c7e    00000029     main.o (.rodata.str1.11822182024223342093.1)
                  00009ca7    00000029     main.o (.rodata.str1.5789451164904352291.1)
                  00009cd0    00000028     main.o (.rodata.str1.1311392489248731986.1)
                  00009cf8    00000028     main.o (.rodata.str1.4829115146054326934.1)
                  00009d20    00000028     main.o (.rodata.str1.9582546670787941090.1)
                  00009d48    00000027     main.o (.rodata.str1.10313062130652730376.1)
                  00009d6f    00000027     main.o (.rodata.str1.13782249893155712474.1)
                  00009d96    00000027     main.o (.rodata.str1.16485475968410363649.1)
                  00009dbd    00000027     main.o (.rodata.str1.6891813955777630061.1)
                  00009de4    00000026     main.o (.rodata.str1.2255554096259913709.1)
                  00009e0a    00000026     main.o (.rodata.str1.7190843550371250464.1)
                  00009e30    00000025     main.o (.rodata.str1.14712910685067215323.1)
                  00009e55    00000025     main.o (.rodata.str1.16709704744796600189.1)
                  00009e7a    00000025     main.o (.rodata.str1.3306105329219470413.1)
                  00009e9f    00000024     main.o (.rodata.str1.3530083166107438000.1)
                  00009ec3    00000024     main.o (.rodata.str1.8594060063395485230.1)
                  00009ee7    00000023     main.o (.rodata.str1.11639152155638730617.1)
                  00009f0a    00000002     ti_msp_dl_config.o (.rodata.gI2C_MPU6050ClockConfig)
                  00009f0c    00000020     main.o (.rodata.gAngleTurnConfig)
                  00009f2c    0000001c     main.o (.rodata.gCarConfig)
                  00009f48    00000014     ti_msp_dl_config.o (.rodata.gTIMER_PIDTimerConfig)
                  00009f5c    00000011     main.o (.rodata.str1.887240019932590441.1)
                  00009f6d    00000003     ti_msp_dl_config.o (.rodata.gPWM_MOTOR_ABClockConfig)
                  00009f70    00000010     main.o (.rodata..Lswitch.table.main.110)
                  00009f80    0000000e     main.o (.rodata.str1.15159059442110792349.1)
                  00009f8e    0000000b     main.o (.rodata.str1.13030671760666898970.1)
                  00009f99    0000000b     main.o (.rodata.str1.403738606202455663.1)
                  00009fa4    0000000a     ti_msp_dl_config.o (.rodata.gUART_0Config)
                  00009fae    0000000a     ti_msp_dl_config.o (.rodata.gUART_1Config)
                  00009fb8    00000008     main.o (.rodata.cst8)
                  00009fc0    00000008     ti_msp_dl_config.o (.rodata.gPWM_MOTOR_ABConfig)
                  00009fc8    00000008     ti_msp_dl_config.o (.rodata.gPWM_MOTOR_CDConfig)
                  00009fd0    00000005     oled.o (.rodata.OLED_getGlyph.A)
                  00009fd5    00000005     oled.o (.rodata.OLED_getGlyph.C)
                  00009fda    00000005     oled.o (.rodata.OLED_getGlyph.K)
                  00009fdf    00000005     oled.o (.rodata.OLED_getGlyph.L)
                  00009fe4    00000005     oled.o (.rodata.OLED_getGlyph.S)
                  00009fe9    00000005     oled.o (.rodata.OLED_getGlyph.T)
                  00009fee    00000005     oled.o (.rodata.OLED_getGlyph.five)
                  00009ff3    00000005     oled.o (.rodata.OLED_getGlyph.four)
                  00009ff8    00000005     oled.o (.rodata.OLED_getGlyph.one)
                  00009ffd    00000005     oled.o (.rodata.OLED_getGlyph.space)
                  0000a002    00000005     oled.o (.rodata.OLED_getGlyph.three)
                  0000a007    00000005     oled.o (.rodata.OLED_getGlyph.two)
                  0000a00c    00000004     main.o (.rodata.str1.10720410773482754683.1)
                  0000a010    00000004     main.o (.rodata.str1.10865113624938808685.1)
                  0000a014    00000003     ti_msp_dl_config.o (.rodata.gPWM_MOTOR_CDClockConfig)
                  0000a017    00000003     ti_msp_dl_config.o (.rodata.gTIMER_PIDClockConfig)
                  0000a01a    00000002     ti_msp_dl_config.o (.rodata.gI2C_OLEDClockConfig)
                  0000a01c    00000002     ti_msp_dl_config.o (.rodata.gUART_0ClockConfig)
                  0000a01e    00000002     ti_msp_dl_config.o (.rodata.gUART_1ClockConfig)

.init_array 
*          0    00000000    00000000     UNINITIALIZED

.binit     0    00000000    00000000     

.bss       0    20200000    0000044f     UNINITIALIZED
                  20200000    000000bc     (.common:gPWM_MOTOR_CDBackup)
                  202000bc    000000bc     (.common:gTIMER_PIDBackup)
                  20200178    00000078     main.o (.bss.gMotorA)
                  202001f0    00000078     main.o (.bss.gMotorB)
                  20200268    00000078     main.o (.bss.gMotorC)
                  202002e0    00000078     main.o (.bss.gMotorD)
                  20200358    00000034     main.o (.bss.gAngleTurn)
                  2020038c    00000020     main.o (.bss.gCar)
                  202003ac    00000020     main.o (.bss.gUartCommand)
                  202003cc    00000010     main.o (.bss.UART_serviceMotorStatus.motorAStatus)
                  202003dc    00000010     main.o (.bss.UART_serviceMotorStatus.motorBStatus)
                  202003ec    00000010     main.o (.bss.UART_serviceMotorStatus.motorCStatus)
                  202003fc    00000010     main.o (.bss.UART_serviceMotorStatus.motorDStatus)
                  2020040c    00000004     mpu6050_angle.o (.bss.gGyroZBiasRaw)
                  20200410    00000008     main.o (.bss.gLineFilteredValues)
                  20200418    00000008     main.o (.bss.gLinePendingCount)
                  20200420    00000008     main.o (.bss.gLinePendingValues)
                  20200428    00000004     main.o (.bss.gLineTrackingIntegral)
                  2020042c    00000004     mpu6050_angle.o (.bss.gZAngleDegrees)
                  20200430    00000004     mpu6050_angle.o (.bss.gZRateDps)
                  20200434    00000002     main.o (.bss.gLineTrackingBaseSpeedRpm)
                  20200436    00000002     main.o (.bss.gLineTrackingLastErr)
                  20200438    00000001     main.o (.bss.UART_serviceMotorStatus.motorAStatusReady)
                  20200439    00000001     main.o (.bss.UART_serviceMotorStatus.motorBStatusReady)
                  2020043a    00000001     main.o (.bss.UART_serviceMotorStatus.motorCStatusReady)
                  2020043b    00000001     main.o (.bss.UART_serviceMotorStatus.motorDStatusReady)
                  2020043c    00000001     task_manager.o (.bss.gActiveTask)
                  2020043d    00000001     task_manager.o (.bss.gDebounceCount)
                  2020043e    00000001     mpu6050_angle.o (.bss.gDeviceId)
                  2020043f    00000001     main.o (.bss.gGrayscaleStreamDivider)
                  20200440    00000001     main.o (.bss.gGrayscaleStreamEnabled)
                  20200441    00000001     main.o (.bss.gLineFilterReady)
                  20200442    00000001     main.o (.bss.gLineTrackingDebugDivider)
                  20200443    00000001     main.o (.bss.gLineTrackingDebugEnabled)
                  20200444    00000001     main.o (.bss.gLineTrackingEnabled)
                  20200445    00000001     main.o (.bss.gMotorStatusReportOnce)
                  20200446    00000001     main.o (.bss.gMotorStatusStreamEnabled)
                  20200447    00000001     main.o (.bss.gMpu6050Ready)
                  20200448    00000001     main.o (.bss.gMpu6050SampleDue)
                  20200449    00000001     main.o (.bss.gOledReady)
                  2020044a    00000001     task_manager.o (.bss.gOledReady)
                  2020044b    00000001     task_manager.o (.bss.gRawPressed)
                  2020044c    00000001     task_manager.o (.bss.gStablePressed)
                  2020044d    00000001     main.o (.bss.gUartCommandLength)
                  2020044e    00000001     main.o (.bss.gUartCommandReady)

.stack     0    20207e00    00000200     UNINITIALIZED
                  20207e00    00000004     libc.a : boot_cortex_m.c.obj (.stack)
                  20207e04    000001fc     --HOLE--

__llvm_prf_cnts 
*          0    20200000    00000000     UNINITIALIZED

__llvm_prf_bits 
*          0    20200000    00000000     UNINITIALIZED

MODULE SUMMARY

       Module                         code    ro data   rw data
       ------                         ----    -------   -------
    .\
       main.o                         27180   1747      709    
       oled.o                         2826    60        0      
       ti_msp_dl_config.o             1328    73        376    
       mpu6050_angle.o                1504    0         13     
       motor_control.o                1124    0         0      
       angle_turn_control.o           920     0         0      
       car_control.o                  484     0         0      
       grayscale_sensor.o             416     0         0      
       task_manager.o                 212     0         5      
       startup_mspm0g350x_ticlang.o   6       192       0      
    +--+------------------------------+-------+---------+---------+
       Total:                         36000   2072      1103   
                                                               
    C:/ti/mspm0_sdk_2_11_00_07/source/ti/driverlib/lib/ticlang/m0p/mspm0g1x0x_g3x0x/driverlib.a
       dl_timer.o                     608     0         0      
       dl_i2c.o                       240     0         0      
       dl_uart.o                      138     0         0      
       dl_common.o                    10      0         0      
    +--+------------------------------+-------+---------+---------+
       Total:                         996     0         0      
                                                               
    C:\ti\ccs2100\ccs\tools\compiler\ti-cgt-armllvm_5.1.1.LTS\lib\armv6m-ti-none-eabi/c/libc.a
       memcpy16.S.obj                 154     0         0      
       memset16.S.obj                 98      0         0      
       autoinit.c.obj                 60      0         0      
       boot_cortex_m.c.obj            40      0         0      
       copy_zero_init.c.obj           16      0         0      
       exit.c.obj                     6       0         0      
       pre_init.c.obj                 4       0         0      
    +--+------------------------------+-------+---------+---------+
       Total:                         378     0         0      
                                                               
    C:\ti\ccs2100\ccs\tools\compiler\ti-cgt-armllvm_5.1.1.LTS\lib\armv6m-ti-none-eabi/c/libsysbm.a
       hostexit.c.obj                 4       0         0      
    +--+------------------------------+-------+---------+---------+
       Total:                         4       0         0      
                                                               
    C:\ti\ccs2100\ccs\tools\compiler\ti-cgt-armllvm_5.1.1.LTS\lib\armv6m-ti-none-eabi/libclang_rt.builtins.a
       addsf3.S.obj                   216     0         0      
       udivmoddi4.S.obj               162     0         0      
       comparesf2.S.obj               140     0         0      
       mulsf3.S.obj                   140     0         0      
       divsf3.S.obj                   130     0         0      
       aeabi_fcmp.S.obj               90      0         0      
       aeabi_idivmod.S.obj            86      0         0      
       floatdisf.S.obj                78      0         0      
       aeabi_uidivmod.S.obj           64      0         0      
       divmoddi4.c.obj                62      0         0      
       floatsisf.S.obj                60      0         0      
       muldsi3.S.obj                  58      0         0      
       fixsfsi.S.obj                  56      0         0      
       floatunsisf.S.obj              40      0         0      
       muldi3.S.obj                   36      0         0      
       ashldi3.S.obj                  30      0         0      
       aeabi_memset.S.obj             26      0         0      
       aeabi_ldivmod.S.obj            20      0         0      
       aeabi_memcpy.S.obj             8       0         0      
       aeabi_div0.c.obj               4       0         0      
    +--+------------------------------+-------+---------+---------+
       Total:                         1506    0         0      
                                                               
       Stack:                         0       0         512    
       Linker Generated:              0       20        0      
    +--+------------------------------+-------+---------+---------+
       Grand Total:                   38884   2092      1615   


LINKER GENERATED COPY TABLES

__TI_cinit_table @ 0000a02c records: 1, size/record: 8, table size: 8
	.bss: load addr=0000a020, load size=00000008 bytes, run addr=20200000, run size=0000044f bytes, compression=zero_init


LINKER GENERATED HANDLER TABLE

__TI_handler_table @ 0000a028 records: 1, size/record: 4, table size: 4
	index: 0, handler: __TI_zero_init


GLOBAL SYMBOLS: SORTED ALPHABETICALLY BY Name 

address   name                            
-------   ----                            
00006903  ADC0_IRQHandler                 
00006903  ADC1_IRQHandler                 
00006903  AES_IRQHandler                  
000096cb  AngleTurnControl_cancel         
000095d5  AngleTurnControl_init           
000098a1  AngleTurnControl_isActive       
00008a01  AngleTurnControl_start          
000077d1  AngleTurnControl_update         
000098b6  C$$EXIT                         
00006903  CANFD0_IRQHandler               
00009715  CarControl_coast                
00009733  CarControl_emergencyStop        
000098a7  CarControl_getSpeedRpm          
000098b3  CarControl_getTurnInnerPercent  
000092f1  CarControl_init                 
00007fe9  CarControl_setMotion            
0000962d  CarControl_stop                 
00006903  DAC0_IRQHandler                 
0000988d  DL_Common_delayCycles           
00008f41  DL_I2C_fillControllerTXFIFO     
00009575  DL_I2C_flushControllerRXFIFO    
0000936d  DL_I2C_flushControllerTXFIFO    
000096a5  DL_I2C_setClockConfig           
00008121  DL_Timer_initFourCCPWMMode      
0000842d  DL_Timer_initTimerMode          
00009791  DL_Timer_setCaptCompUpdateMethod
000097e5  DL_Timer_setCaptureCompareOutCtl
0000983d  DL_Timer_setCaptureCompareValue 
000097ad  DL_Timer_setClockConfig         
000091a5  DL_UART_init                    
00009829  DL_UART_setClockConfig          
000095a5  DL_UART_transmitDataBlocking    
00006903  DMA_IRQHandler                  
00006903  Default_Handler                 
00006903  GROUP0_IRQHandler               
00008b09  GROUP1_IRQHandler               
00009601  Grayscale_Sensor_Init           
00007bbd  Grayscale_Sensor_ReadAll        
000098b7  HOSTexit                        
00006903  HardFault_Handler               
00006903  I2C0_IRQHandler                 
00006903  I2C1_IRQHandler                 
0000985d  MPU6050_Angle_getDeviceId       
00009869  MPU6050_Angle_getZDegrees       
00009875  MPU6050_Angle_getZRateDps       
00006bfd  MPU6050_Angle_initWithProgress  
00009881  MPU6050_Angle_reset             
00008e21  MPU6050_Angle_update            
00009421  MotorControl_coast              
00009541  MotorControl_handleEncoderEdge  
00008ffd  MotorControl_init               
00009751  MotorControl_setTargetRpm       
00008975  MotorControl_takeStatus         
00006905  MotorControl_update             
00006903  NMI_Handler                     
00006531  OLED_Init                       
000070e9  OLED_ShowCalibration            
00006e75  OLED_ShowTask                   
00006903  PendSV_Handler                  
00006903  RTC_IRQHandler                  
000098bb  Reset_Handler                   
00006903  SPI0_IRQHandler                 
00006903  SPI1_IRQHandler                 
00006903  SVC_Handler                     
00007d31  SYSCFG_DL_GPIO_init             
000090ad  SYSCFG_DL_I2C_MPU6050_init      
00009101  SYSCFG_DL_I2C_OLED_init         
0000873d  SYSCFG_DL_PWM_MOTOR_AB_init     
000087cd  SYSCFG_DL_PWM_MOTOR_CD_init     
00009231  SYSCFG_DL_SYSCTL_init           
000094d1  SYSCFG_DL_TIMER_PID_init        
00008c79  SYSCFG_DL_UART_0_init           
00008e81  SYSCFG_DL_UART_1_init           
00009271  SYSCFG_DL_init                  
00008b89  SYSCFG_DL_initPower             
00006903  SysTick_Handler                 
00006903  TIMA0_IRQHandler                
000091ed  TIMA1_IRQHandler                
00006903  TIMG0_IRQHandler                
00006903  TIMG12_IRQHandler               
00006903  TIMG6_IRQHandler                
00006903  TIMG7_IRQHandler                
00006903  TIMG8_IRQHandler                
00008ee1  TaskManager_init                
00008c05  TaskManager_update              
00008d59  UART0_IRQHandler                
00006903  UART1_IRQHandler                
00006903  UART2_IRQHandler                
00006903  UART3_IRQHandler                
20208000  __STACK_END                     
00000200  __STACK_SIZE                    
00000000  __TI_ATRegion0_region_sz        
00000000  __TI_ATRegion0_src_addr         
00000000  __TI_ATRegion0_trg_addr         
00000000  __TI_ATRegion1_region_sz        
00000000  __TI_ATRegion1_src_addr         
00000000  __TI_ATRegion1_trg_addr         
00000000  __TI_ATRegion2_region_sz        
00000000  __TI_ATRegion2_src_addr         
00000000  __TI_ATRegion2_trg_addr         
0000a02c  __TI_CINIT_Base                 
0000a034  __TI_CINIT_Limit                
0000a034  __TI_CINIT_Warm                 
0000a028  __TI_Handler_Table_Base         
0000a02c  __TI_Handler_Table_Limit        
000093a9  __TI_auto_init_nobinit_nopinit  
ffffffff  __TI_pprof_out_hndl             
ffffffff  __TI_prof_data_size             
ffffffff  __TI_prof_data_start            
00000000  __TI_static_base__              
0000984d  __TI_zero_init                  
00008533  __addsf3                        
00009509  __aeabi_f2iz                    
00008533  __aeabi_fadd                    
00008fa1  __aeabi_fcmpeq                  
00008fd7  __aeabi_fcmpge                  
00008fe9  __aeabi_fcmpgt                  
00008fc5  __aeabi_fcmple                  
00008fb3  __aeabi_fcmplt                  
000088d3  __aeabi_fcmpun                  
00008a85  __aeabi_fdiv                    
000088e9  __aeabi_fmul                    
00008529  __aeabi_fsub                    
000093e5  __aeabi_i2f                     
00009055  __aeabi_idiv                    
000089ff  __aeabi_idiv0                   
00009055  __aeabi_idivmod                 
00009155  __aeabi_l2f                     
00008b07  __aeabi_ldiv0                   
00009815  __aeabi_ldivmod                 
00009771  __aeabi_llsl                    
000096f1  __aeabi_lmul                    
000097d7  __aeabi_memclr                  
000097d7  __aeabi_memclr4                 
000097d7  __aeabi_memclr8                 
00009899  __aeabi_memcpy                  
00009899  __aeabi_memcpy4                 
00009899  __aeabi_memcpy8                 
000097c9  __aeabi_memset                  
000097c9  __aeabi_memset4                 
000097c9  __aeabi_memset8                 
0000967d  __aeabi_ui2f                    
000092b1  __aeabi_uidiv                   
000092b1  __aeabi_uidivmod                
00009771  __ashldi3                       
ffffffff  __binit__                       
0000885d  __cmpsf2                        
0000932f  __divmoddi4                     
00008a85  __divsf3                        
0000885d  __eqsf2                         
00009509  __fixsfsi                       
00009155  __floatdisf                     
000093e5  __floatsisf                     
0000967d  __floatunsisf                   
00008897  __gesf2                         
00008897  __gtsf2                         
0000885d  __lesf2                         
0000885d  __ltsf2                         
UNDEFED   __mpu_init                      
000096f1  __muldi3                        
0000945d  __muldsi3                       
000088e9  __mulsf3                        
0000885d  __nesf2                         
20207e00  __stack                         
20200000  __start___llvm_prf_bits         
20200000  __start___llvm_prf_cnts         
20200000  __stop___llvm_prf_bits          
20200000  __stop___llvm_prf_cnts          
00008529  __subsf3                        
00008601  __udivmoddi4                    
000088d3  __unordsf2                      
00009655  _c_int00_noargs                 
UNDEFED   _system_post_cinit              
000098bf  _system_pre_init                
000098ad  abort                           
ffffffff  binit                           
20200000  gPWM_MOTOR_CDBackup             
202000bc  gTIMER_PIDBackup                
00000000  interruptVectors                
000000c1  main                            
000086a3  memcpy                          
00008dbd  memset                          


GLOBAL SYMBOLS: SORTED BY Symbol Address 

address   name                            
-------   ----                            
00000000  __TI_ATRegion0_region_sz        
00000000  __TI_ATRegion0_src_addr         
00000000  __TI_ATRegion0_trg_addr         
00000000  __TI_ATRegion1_region_sz        
00000000  __TI_ATRegion1_src_addr         
00000000  __TI_ATRegion1_trg_addr         
00000000  __TI_ATRegion2_region_sz        
00000000  __TI_ATRegion2_src_addr         
00000000  __TI_ATRegion2_trg_addr         
00000000  __TI_static_base__              
00000000  interruptVectors                
000000c1  main                            
00000200  __STACK_SIZE                    
00006531  OLED_Init                       
00006903  ADC0_IRQHandler                 
00006903  ADC1_IRQHandler                 
00006903  AES_IRQHandler                  
00006903  CANFD0_IRQHandler               
00006903  DAC0_IRQHandler                 
00006903  DMA_IRQHandler                  
00006903  Default_Handler                 
00006903  GROUP0_IRQHandler               
00006903  HardFault_Handler               
00006903  I2C0_IRQHandler                 
00006903  I2C1_IRQHandler                 
00006903  NMI_Handler                     
00006903  PendSV_Handler                  
00006903  RTC_IRQHandler                  
00006903  SPI0_IRQHandler                 
00006903  SPI1_IRQHandler                 
00006903  SVC_Handler                     
00006903  SysTick_Handler                 
00006903  TIMA0_IRQHandler                
00006903  TIMG0_IRQHandler                
00006903  TIMG12_IRQHandler               
00006903  TIMG6_IRQHandler                
00006903  TIMG7_IRQHandler                
00006903  TIMG8_IRQHandler                
00006903  UART1_IRQHandler                
00006903  UART2_IRQHandler                
00006903  UART3_IRQHandler                
00006905  MotorControl_update             
00006bfd  MPU6050_Angle_initWithProgress  
00006e75  OLED_ShowTask                   
000070e9  OLED_ShowCalibration            
000077d1  AngleTurnControl_update         
00007bbd  Grayscale_Sensor_ReadAll        
00007d31  SYSCFG_DL_GPIO_init             
00007fe9  CarControl_setMotion            
00008121  DL_Timer_initFourCCPWMMode      
0000842d  DL_Timer_initTimerMode          
00008529  __aeabi_fsub                    
00008529  __subsf3                        
00008533  __addsf3                        
00008533  __aeabi_fadd                    
00008601  __udivmoddi4                    
000086a3  memcpy                          
0000873d  SYSCFG_DL_PWM_MOTOR_AB_init     
000087cd  SYSCFG_DL_PWM_MOTOR_CD_init     
0000885d  __cmpsf2                        
0000885d  __eqsf2                         
0000885d  __lesf2                         
0000885d  __ltsf2                         
0000885d  __nesf2                         
00008897  __gesf2                         
00008897  __gtsf2                         
000088d3  __aeabi_fcmpun                  
000088d3  __unordsf2                      
000088e9  __aeabi_fmul                    
000088e9  __mulsf3                        
00008975  MotorControl_takeStatus         
000089ff  __aeabi_idiv0                   
00008a01  AngleTurnControl_start          
00008a85  __aeabi_fdiv                    
00008a85  __divsf3                        
00008b07  __aeabi_ldiv0                   
00008b09  GROUP1_IRQHandler               
00008b89  SYSCFG_DL_initPower             
00008c05  TaskManager_update              
00008c79  SYSCFG_DL_UART_0_init           
00008d59  UART0_IRQHandler                
00008dbd  memset                          
00008e21  MPU6050_Angle_update            
00008e81  SYSCFG_DL_UART_1_init           
00008ee1  TaskManager_init                
00008f41  DL_I2C_fillControllerTXFIFO     
00008fa1  __aeabi_fcmpeq                  
00008fb3  __aeabi_fcmplt                  
00008fc5  __aeabi_fcmple                  
00008fd7  __aeabi_fcmpge                  
00008fe9  __aeabi_fcmpgt                  
00008ffd  MotorControl_init               
00009055  __aeabi_idiv                    
00009055  __aeabi_idivmod                 
000090ad  SYSCFG_DL_I2C_MPU6050_init      
00009101  SYSCFG_DL_I2C_OLED_init         
00009155  __aeabi_l2f                     
00009155  __floatdisf                     
000091a5  DL_UART_init                    
000091ed  TIMA1_IRQHandler                
00009231  SYSCFG_DL_SYSCTL_init           
00009271  SYSCFG_DL_init                  
000092b1  __aeabi_uidiv                   
000092b1  __aeabi_uidivmod                
000092f1  CarControl_init                 
0000932f  __divmoddi4                     
0000936d  DL_I2C_flushControllerTXFIFO    
000093a9  __TI_auto_init_nobinit_nopinit  
000093e5  __aeabi_i2f                     
000093e5  __floatsisf                     
00009421  MotorControl_coast              
0000945d  __muldsi3                       
000094d1  SYSCFG_DL_TIMER_PID_init        
00009509  __aeabi_f2iz                    
00009509  __fixsfsi                       
00009541  MotorControl_handleEncoderEdge  
00009575  DL_I2C_flushControllerRXFIFO    
000095a5  DL_UART_transmitDataBlocking    
000095d5  AngleTurnControl_init           
00009601  Grayscale_Sensor_Init           
0000962d  CarControl_stop                 
00009655  _c_int00_noargs                 
0000967d  __aeabi_ui2f                    
0000967d  __floatunsisf                   
000096a5  DL_I2C_setClockConfig           
000096cb  AngleTurnControl_cancel         
000096f1  __aeabi_lmul                    
000096f1  __muldi3                        
00009715  CarControl_coast                
00009733  CarControl_emergencyStop        
00009751  MotorControl_setTargetRpm       
00009771  __aeabi_llsl                    
00009771  __ashldi3                       
00009791  DL_Timer_setCaptCompUpdateMethod
000097ad  DL_Timer_setClockConfig         
000097c9  __aeabi_memset                  
000097c9  __aeabi_memset4                 
000097c9  __aeabi_memset8                 
000097d7  __aeabi_memclr                  
000097d7  __aeabi_memclr4                 
000097d7  __aeabi_memclr8                 
000097e5  DL_Timer_setCaptureCompareOutCtl
00009815  __aeabi_ldivmod                 
00009829  DL_UART_setClockConfig          
0000983d  DL_Timer_setCaptureCompareValue 
0000984d  __TI_zero_init                  
0000985d  MPU6050_Angle_getDeviceId       
00009869  MPU6050_Angle_getZDegrees       
00009875  MPU6050_Angle_getZRateDps       
00009881  MPU6050_Angle_reset             
0000988d  DL_Common_delayCycles           
00009899  __aeabi_memcpy                  
00009899  __aeabi_memcpy4                 
00009899  __aeabi_memcpy8                 
000098a1  AngleTurnControl_isActive       
000098a7  CarControl_getSpeedRpm          
000098ad  abort                           
000098b3  CarControl_getTurnInnerPercent  
000098b6  C$$EXIT                         
000098b7  HOSTexit                        
000098bb  Reset_Handler                   
000098bf  _system_pre_init                
0000a028  __TI_Handler_Table_Base         
0000a02c  __TI_CINIT_Base                 
0000a02c  __TI_Handler_Table_Limit        
0000a034  __TI_CINIT_Limit                
0000a034  __TI_CINIT_Warm                 
20200000  __start___llvm_prf_bits         
20200000  __start___llvm_prf_cnts         
20200000  __stop___llvm_prf_bits          
20200000  __stop___llvm_prf_cnts          
20200000  gPWM_MOTOR_CDBackup             
202000bc  gTIMER_PIDBackup                
20207e00  __stack                         
20208000  __STACK_END                     
ffffffff  __TI_pprof_out_hndl             
ffffffff  __TI_prof_data_size             
ffffffff  __TI_prof_data_start            
ffffffff  __binit__                       
ffffffff  binit                           
UNDEFED   __mpu_init                      
UNDEFED   _system_post_cinit              

[182 symbols]
