******************************************************************************
            TI ARM Clang Linker PC v5.1.1                      
******************************************************************************
>> Linked Sat Jul 25 22:40:23 2026

OUTPUT FILE NAME:   <main.out>
ENTRY POINT SYMBOL: "_c_int00_noargs"  address: 0000acf5


MEMORY CONFIGURATION

         name            origin    length      used     unused   attr    fill
----------------------  --------  ---------  --------  --------  ----  --------
  FLASH                 00000000   00020000  0000b740  000148c0  R  X
  SRAM                  20200000   00008000  00000661  0000799f  RW X
  BCR_CONFIG            41c00000   000000ff  00000000  000000ff  R   
  BSL_CONFIG            41c00100   00000080  00000000  00000080  R   


SEGMENT ALLOCATION MAP

run origin  load origin   length   init length attrs members
----------  ----------- ---------- ----------- ----- -------
00000000    00000000    0000b740   0000b740    r-x
  00000000    00000000    000000c0   000000c0    r-- .intvecs
  000000c0    000000c0    0000aed0   0000aed0    r-x .text
  0000af90    0000af90    00000798   00000798    r-- .rodata
  0000b728    0000b728    00000018   00000018    r-- .cinit
20200000    20200000    00000461   00000000    rw-
  20200000    20200000    00000461   00000000    rw- .bss
20207e00    20207e00    00000200   00000000    rw-
  20207e00    20207e00    00000200   00000000    rw- .stack


SECTION ALLOCATION MAP

 output                                  attributes/
section   page    origin      length       input sections
--------  ----  ----------  ----------   ----------------
.intvecs   0    00000000    000000c0     
                  00000000    000000c0     startup_mspm0g350x_ticlang.o (.intvecs)

.text      0    000000c0    0000aed0     
                  000000c0    00006808     main.o (.text.main)
                  000068c8    00000954     main.o (.text.LineTracking_update)
                  0000721c    000005d4     main.o (.text.UART_reportMotorStatus)
                  000077f0    000003d2     oled.o (.text.OLED_Init)
                  00007bc2    00000002     startup_mspm0g350x_ticlang.o (.text.Default_Handler)
                  00007bc4    000002f4     motor_control.o (.text.MotorControl_update)
                  00007eb8    00000280     oled.o (.text.OLED_ShowTask1Endpoint)
                  00008138    00000278     mpu6050_angle.o (.text.MPU6050_Angle_initWithProgress)
                  000083b0    00000278     oled.o (.text.OLED_ShowTask)
                  00008628    0000026c     oled.o (.text.OLED_ShowCalibration)
                  00008894    00000244     main.o (.text.UART_reportGrayscale)
                  00008ad8    00000238     main.o (.text.UART_reportZAngle)
                  00008d10    00000218     angle_turn_control.o (.text.AngleTurnControl_update)
                  00008f28    000001d4     mpu6050_angle.o (.text.MPU6050_readRegisters)
                  000090fc    00000174     grayscale_sensor.o (.text.Grayscale_Sensor_ReadAll)
                  00009270    00000170     oled.o (.text.OLED_writeString)
                  000093e0    0000016c     ti_msp_dl_config.o (.text.SYSCFG_DL_GPIO_init)
                  0000954c    00000144     task_manager.o (.text.TaskManager_update)
                  00009690    00000138     car_control.o (.text.CarControl_setMotion)
                  000097c8    00000104     driverlib.a : dl_timer.o (.text.DL_Timer_initFourCCPWMMode)
                  000098cc    00000104     mpu6050_angle.o (.text.MPU6050_writeRegister)
                  000099d0    00000104     oled.o (.text.OLED_writeByte)
                  00009ad4    000000fc     driverlib.a : dl_timer.o (.text.DL_Timer_initTimerMode)
                  00009bd0    000000d8     libclang_rt.builtins.a : addsf3.S.obj (.text)
                  00009ca8    000000cc     task_manager.o (.text.TaskManager_init)
                  00009d74    000000a2     libclang_rt.builtins.a : udivmoddi4.S.obj (.text)
                  00009e16    0000009a     libc.a : memcpy16.S.obj (.text:memcpy)
                  00009eb0    00000090     ti_msp_dl_config.o (.text.SYSCFG_DL_PWM_MOTOR_AB_init)
                  00009f40    00000090     ti_msp_dl_config.o (.text.SYSCFG_DL_PWM_MOTOR_CD_init)
                  00009fd0    0000008c     libclang_rt.builtins.a : comparesf2.S.obj (.text)
                  0000a05c    0000008c                            : mulsf3.S.obj (.text)
                  0000a0e8    0000008a     motor_control.o (.text.MotorControl_takeStatus)
                  0000a172    00000002     libclang_rt.builtins.a : aeabi_div0.c.obj (.text.__aeabi_idiv0)
                  0000a174    00000084     angle_turn_control.o (.text.AngleTurnControl_start)
                  0000a1f8    00000082     libclang_rt.builtins.a : divsf3.S.obj (.text)
                  0000a27a    00000002                            : aeabi_div0.c.obj (.text.__aeabi_ldiv0)
                  0000a27c    00000080     main.o (.text.GROUP1_IRQHandler)
                  0000a2fc    0000007c     ti_msp_dl_config.o (.text.SYSCFG_DL_initPower)
                  0000a378    00000070     ti_msp_dl_config.o (.text.SYSCFG_DL_UART_0_init)
                  0000a3e8    0000006e     angle_turn_control.o (.text.AngleTurnControl_getCoastDistanceDegrees)
                  0000a456    00000002     --HOLE-- [fill = 0]
                  0000a458    00000064     main.o (.text.UART0_IRQHandler)
                  0000a4bc    00000062     libc.a : memset16.S.obj (.text:memset)
                  0000a51e    00000002     --HOLE-- [fill = 0]
                  0000a520    00000060     mpu6050_angle.o (.text.MPU6050_Angle_update)
                  0000a580    00000060     ti_msp_dl_config.o (.text.SYSCFG_DL_UART_OPENMV_init)
                  0000a5e0    0000005e     driverlib.a : dl_i2c.o (.text.DL_I2C_fillControllerTXFIFO)
                  0000a63e    00000002     --HOLE-- [fill = 0]
                  0000a640    0000005a     libclang_rt.builtins.a : aeabi_fcmp.S.obj (.text)
                  0000a69a    00000002     --HOLE-- [fill = 0]
                  0000a69c    00000058     motor_control.o (.text.MotorControl_init)
                  0000a6f4    00000056     libclang_rt.builtins.a : aeabi_idivmod.S.obj (.text)
                  0000a74a    00000002     --HOLE-- [fill = 0]
                  0000a74c    00000054     ti_msp_dl_config.o (.text.SYSCFG_DL_I2C_MPU6050_init)
                  0000a7a0    00000054     ti_msp_dl_config.o (.text.SYSCFG_DL_I2C_OLED_init)
                  0000a7f4    0000004e     libclang_rt.builtins.a : floatdisf.S.obj (.text)
                  0000a842    00000002     --HOLE-- [fill = 0]
                  0000a844    00000048     driverlib.a : dl_uart.o (.text.DL_UART_init)
                  0000a88c    00000044     main.o (.text.TIMA1_IRQHandler)
                  0000a8d0    00000040     ti_msp_dl_config.o (.text.SYSCFG_DL_SYSCTL_init)
                  0000a910    00000040     ti_msp_dl_config.o (.text.SYSCFG_DL_init)
                  0000a950    00000040     libclang_rt.builtins.a : aeabi_uidivmod.S.obj (.text)
                  0000a990    0000003e     car_control.o (.text.CarControl_init)
                  0000a9ce    0000003e     libclang_rt.builtins.a : divmoddi4.c.obj (.text.__divmoddi4)
                  0000aa0c    0000003c     driverlib.a : dl_i2c.o (.text.DL_I2C_flushControllerTXFIFO)
                  0000aa48    0000003c     libc.a : autoinit.c.obj (.text:__TI_auto_init_nobinit_nopinit)
                  0000aa84    0000003c     libclang_rt.builtins.a : floatsisf.S.obj (.text)
                  0000aac0    0000003a     motor_control.o (.text.MotorControl_coast)
                  0000aafa    00000002     --HOLE-- [fill = 0]
                  0000aafc    0000003a     libclang_rt.builtins.a : muldsi3.S.obj (.text)
                  0000ab36    00000038     angle_turn_control.o (.text.AngleTurnControl_enterCreep)
                  0000ab6e    00000002     --HOLE-- [fill = 0]
                  0000ab70    00000038     ti_msp_dl_config.o (.text.SYSCFG_DL_TIMER_PID_init)
                  0000aba8    00000038     libclang_rt.builtins.a : fixsfsi.S.obj (.text)
                  0000abe0    00000032     motor_control.o (.text.MotorControl_handleEncoderEdge)
                  0000ac12    00000002     --HOLE-- [fill = 0]
                  0000ac14    00000030     driverlib.a : dl_i2c.o (.text.DL_I2C_flushControllerRXFIFO)
                  0000ac44    00000030                 : dl_uart.o (.text.DL_UART_transmitDataBlocking)
                  0000ac74    0000002c     angle_turn_control.o (.text.AngleTurnControl_init)
                  0000aca0    0000002c     grayscale_sensor.o (.text.Grayscale_Sensor_Init)
                  0000accc    00000028     car_control.o (.text.CarControl_stop)
                  0000acf4    00000028     libc.a : boot_cortex_m.c.obj (.text:_c_int00_noargs)
                  0000ad1c    00000028     libclang_rt.builtins.a : floatunsisf.S.obj (.text)
                  0000ad44    00000026     driverlib.a : dl_i2c.o (.text.DL_I2C_setClockConfig)
                  0000ad6a    00000024     angle_turn_control.o (.text.AngleTurnControl_cancel)
                  0000ad8e    00000002     --HOLE-- [fill = 0]
                  0000ad90    00000024     libclang_rt.builtins.a : muldi3.S.obj (.text)
                  0000adb4    0000001e     car_control.o (.text.CarControl_coast)
                  0000add2    0000001e     car_control.o (.text.CarControl_emergencyStop)
                  0000adf0    0000001e     motor_control.o (.text.MotorControl_setTargetRpm)
                  0000ae0e    00000002     --HOLE-- [fill = 0]
                  0000ae10    0000001e     libclang_rt.builtins.a : ashldi3.S.obj (.text)
                  0000ae2e    00000002     --HOLE-- [fill = 0]
                  0000ae30    0000001c     driverlib.a : dl_timer.o (.text.DL_Timer_setCaptCompUpdateMethod)
                  0000ae4c    0000001c                 : dl_timer.o (.text.DL_Timer_setClockConfig)
                  0000ae68    0000001a     libclang_rt.builtins.a : aeabi_memset.S.obj (.text)
                  0000ae82    00000002     --HOLE-- [fill = 0]
                  0000ae84    00000018     driverlib.a : dl_timer.o (.text.DL_Timer_setCaptureCompareOutCtl)
                  0000ae9c    00000018     main.o (.text.OLED_showCalibrationProgress)
                  0000aeb4    00000014     libclang_rt.builtins.a : aeabi_ldivmod.S.obj (.text)
                  0000aec8    00000012     driverlib.a : dl_uart.o (.text.DL_UART_setClockConfig)
                  0000aeda    00000002     --HOLE-- [fill = 0]
                  0000aedc    00000010                 : dl_timer.o (.text.DL_Timer_setCaptureCompareValue)
                  0000aeec    00000010     task_manager.o (.text.TaskManager_takeStatusPressed)
                  0000aefc    00000010     libc.a : copy_zero_init.c.obj (.text:decompress:ZI)
                  0000af0c    0000000c     mpu6050_angle.o (.text.MPU6050_Angle_getDeviceId)
                  0000af18    0000000c     mpu6050_angle.o (.text.MPU6050_Angle_getZDegrees)
                  0000af24    0000000c     mpu6050_angle.o (.text.MPU6050_Angle_getZRateDps)
                  0000af30    0000000c     mpu6050_angle.o (.text.MPU6050_Angle_reset)
                  0000af3c    0000000c     task_manager.o (.text.TaskManager_getActiveTask)
                  0000af48    0000000c     task_manager.o (.text.TaskManager_getTask1Endpoint)
                  0000af54    0000000a     driverlib.a : dl_common.o (.text.DL_Common_delayCycles)
                  0000af5e    00000002     --HOLE-- [fill = 0]
                  0000af60    00000008     libclang_rt.builtins.a : aeabi_memcpy.S.obj (.text)
                  0000af68    00000006     angle_turn_control.o (.text.AngleTurnControl_isActive)
                  0000af6e    00000006     car_control.o (.text.CarControl_getSpeedRpm)
                  0000af74    00000006     libc.a : exit.c.obj (.text:abort)
                  0000af7a    00000004     car_control.o (.text.CarControl_getTurnInnerPercent)
                  0000af7e    00000004     libsysbm.a : hostexit.c.obj (.text.HOSTexit)
                  0000af82    00000004     startup_mspm0g350x_ticlang.o (.text.Reset_Handler)
                  0000af86    00000004     libc.a : pre_init.c.obj (.text._system_pre_init)
                  0000af8a    00000006     --HOLE-- [fill = 0]

.cinit     0    0000b728    00000018     
                  0000b728    00000008     (.cinit..bss.load) [load image, compression = zero_init]
                  0000b730    00000004     (__TI_handler_table)
                  0000b734    00000008     (__TI_cinit_table)
                  0000b73c    00000004     --HOLE-- [fill = 0]

.rodata    0    0000af90    00000798     
                  0000af90    00000050     main.o (.rodata.gMotorAConfig)
                  0000afe0    00000050     main.o (.rodata.gMotorBConfig)
                  0000b030    00000050     main.o (.rodata.gMotorCConfig)
                  0000b080    00000050     main.o (.rodata.gMotorDConfig)
                  0000b0d0    00000039     main.o (.rodata.str1.17100691992556644108.1)
                  0000b109    00000036     main.o (.rodata.str1.11022512878759027374.1)
                  0000b13f    00000036     main.o (.rodata.str1.13080826312907008127.1)
                  0000b175    00000032     main.o (.rodata.str1.14402440632258215044.1)
                  0000b1a7    00000032     main.o (.rodata.str1.288608917962107522.1)
                  0000b1d9    00000031     main.o (.rodata.str1.3060844030163134499.1)
                  0000b20a    00000031     main.o (.rodata.str1.709365579099624991.1)
                  0000b23b    0000002e     main.o (.rodata.str1.12462885530404721960.1)
                  0000b269    0000002e     main.o (.rodata.str1.8154729771448623357.1)
                  0000b297    0000002d     main.o (.rodata.str1.2597068879322958637.1)
                  0000b2c4    0000002d     main.o (.rodata.str1.4551914367444790281.1)
                  0000b2f1    0000002b     main.o (.rodata.str1.10720410773482754683.1)
                  0000b31c    0000002b     main.o (.rodata.str1.5130420776781151933.1)
                  0000b347    0000002a     main.o (.rodata.str1.5931264416680793241.1)
                  0000b371    00000029     main.o (.rodata.str1.11777244287787065045.1)
                  0000b39a    00000029     main.o (.rodata.str1.2117079376983516436.1)
                  0000b3c3    00000028     main.o (.rodata.str1.1311392489248731986.1)
                  0000b3eb    00000028     main.o (.rodata.str1.3306105329219470413.1)
                  0000b413    00000028     main.o (.rodata.str1.7440231181708086392.1)
                  0000b43b    00000027     main.o (.rodata.str1.10313062130652730376.1)
                  0000b462    00000027     main.o (.rodata.str1.13782249893155712474.1)
                  0000b489    00000027     main.o (.rodata.str1.4237830143243313753.1)
                  0000b4b0    00000027     main.o (.rodata.str1.6891813955777630061.1)
                  0000b4d7    00000026     main.o (.rodata.str1.10992214574315303902.1)
                  0000b4fd    00000026     main.o (.rodata.str1.269992495038567485.1)
                  0000b523    00000025     main.o (.rodata.str1.16856034117330037696.1)
                  0000b548    00000025     main.o (.rodata.str1.2255554096259913709.1)
                  0000b56d    00000025     main.o (.rodata.str1.922313780387552641.1)
                  0000b592    00000024     main.o (.rodata.str1.3530083166107438000.1)
                  0000b5b6    00000024     main.o (.rodata.str1.9582546670787941090.1)
                  0000b5da    00000023     main.o (.rodata.str1.5635195992058134992.1)
                  0000b5fd    00000003     ti_msp_dl_config.o (.rodata.gPWM_MOTOR_ABClockConfig)
                  0000b600    00000020     main.o (.rodata.gAngleTurnConfig)
                  0000b620    0000001c     main.o (.rodata.gCarConfig)
                  0000b63c    00000014     ti_msp_dl_config.o (.rodata.gTIMER_PIDTimerConfig)
                  0000b650    00000011     main.o (.rodata.str1.887240019932590441.1)
                  0000b661    00000003     ti_msp_dl_config.o (.rodata.gPWM_MOTOR_CDClockConfig)
                  0000b664    00000010     main.o (.rodata..Lswitch.table.main.124)
                  0000b674    0000000e     main.o (.rodata.str1.15159059442110792349.1)
                  0000b682    0000000b     main.o (.rodata.str1.3292798375424520613.1)
                  0000b68d    0000000b     main.o (.rodata.str1.4787932902692149498.1)
                  0000b698    0000000a     ti_msp_dl_config.o (.rodata.gUART_0Config)
                  0000b6a2    0000000a     ti_msp_dl_config.o (.rodata.gUART_OPENMVConfig)
                  0000b6ac    00000008     main.o (.rodata.cst8)
                  0000b6b4    00000008     ti_msp_dl_config.o (.rodata.gPWM_MOTOR_ABConfig)
                  0000b6bc    00000008     ti_msp_dl_config.o (.rodata.gPWM_MOTOR_CDConfig)
                  0000b6c4    00000005     oled.o (.rodata.OLED_getGlyph.A)
                  0000b6c9    00000005     oled.o (.rodata.OLED_getGlyph.C)
                  0000b6ce    00000005     oled.o (.rodata.OLED_getGlyph.D)
                  0000b6d3    00000005     oled.o (.rodata.OLED_getGlyph.E)
                  0000b6d8    00000005     oled.o (.rodata.OLED_getGlyph.K)
                  0000b6dd    00000005     oled.o (.rodata.OLED_getGlyph.L)
                  0000b6e2    00000005     oled.o (.rodata.OLED_getGlyph.N)
                  0000b6e7    00000005     oled.o (.rodata.OLED_getGlyph.S)
                  0000b6ec    00000005     oled.o (.rodata.OLED_getGlyph.T)
                  0000b6f1    00000005     oled.o (.rodata.OLED_getGlyph.five)
                  0000b6f6    00000005     oled.o (.rodata.OLED_getGlyph.four)
                  0000b6fb    00000005     oled.o (.rodata.OLED_getGlyph.one)
                  0000b700    00000005     oled.o (.rodata.OLED_getGlyph.space)
                  0000b705    00000005     oled.o (.rodata.OLED_getGlyph.three)
                  0000b70a    00000005     oled.o (.rodata.OLED_getGlyph.two)
                  0000b70f    00000004     main.o (.rodata.str1.14032527501195285070.1)
                  0000b713    00000004     main.o (.rodata.str1.625103348304617710.1)
                  0000b717    00000003     ti_msp_dl_config.o (.rodata.gTIMER_PIDClockConfig)
                  0000b71a    00000002     ti_msp_dl_config.o (.rodata.gI2C_MPU6050ClockConfig)
                  0000b71c    00000002     ti_msp_dl_config.o (.rodata.gI2C_OLEDClockConfig)
                  0000b71e    00000002     ti_msp_dl_config.o (.rodata.gUART_0ClockConfig)
                  0000b720    00000002     ti_msp_dl_config.o (.rodata.gUART_OPENMVClockConfig)
                  0000b722    00000006     --HOLE-- [fill = 0]

.init_array 
*          0    00000000    00000000     UNINITIALIZED

.binit     0    00000000    00000000     

.bss       0    20200000    00000461     UNINITIALIZED
                  20200000    000000bc     (.common:gPWM_MOTOR_CDBackup)
                  202000bc    000000bc     (.common:gTIMER_PIDBackup)
                  20200178    00000078     main.o (.bss.gMotorA)
                  202001f0    00000078     main.o (.bss.gMotorB)
                  20200268    00000078     main.o (.bss.gMotorC)
                  202002e0    00000078     main.o (.bss.gMotorD)
                  20200358    00000034     main.o (.bss.gAngleTurn)
                  2020038c    00000020     main.o (.bss.gCar)
                  202003ac    00000020     main.o (.bss.gUartCommand)
                  202003cc    00000010     main.o (.bss.UART_serviceMotorStatus.motorAStatus)
                  202003dc    00000010     main.o (.bss.UART_serviceMotorStatus.motorBStatus)
                  202003ec    00000010     main.o (.bss.UART_serviceMotorStatus.motorCStatus)
                  202003fc    00000010     main.o (.bss.UART_serviceMotorStatus.motorDStatus)
                  2020040c    00000004     mpu6050_angle.o (.bss.gGyroZBiasRaw)
                  20200410    00000008     main.o (.bss.gLineFilteredValues)
                  20200418    00000008     main.o (.bss.gLinePendingCount)
                  20200420    00000008     main.o (.bss.gLinePendingValues)
                  20200428    00000004     main.o (.bss.gLineTrackingIntegral)
                  2020042c    00000004     mpu6050_angle.o (.bss.gZAngleDegrees)
                  20200430    00000004     mpu6050_angle.o (.bss.gZRateDps)
                  20200434    00000002     main.o (.bss.gLineTrackingBaseSpeedRpm)
                  20200436    00000002     main.o (.bss.gLineTrackingLastErr)
                  20200438    00000002     main.o (.bss.gTask1BrakeSamples)
                  2020043a    00000001     main.o (.bss.UART_serviceMotorStatus.motorAStatusReady)
                  2020043b    00000001     main.o (.bss.UART_serviceMotorStatus.motorBStatusReady)
                  2020043c    00000001     main.o (.bss.UART_serviceMotorStatus.motorCStatusReady)
                  2020043d    00000001     main.o (.bss.UART_serviceMotorStatus.motorDStatusReady)
                  2020043e    00000001     task_manager.o (.bss.gActiveTask)
                  2020043f    00000001     mpu6050_angle.o (.bss.gDeviceId)
                  20200440    00000001     main.o (.bss.gGrayscaleStreamDivider)
                  20200441    00000001     main.o (.bss.gGrayscaleStreamEnabled)
                  20200442    00000001     main.o (.bss.gLineFilterReady)
                  20200443    00000001     main.o (.bss.gLineTrackingDebugDivider)
                  20200444    00000001     main.o (.bss.gLineTrackingDebugEnabled)
                  20200445    00000001     main.o (.bss.gLineTrackingEnabled)
                  20200446    00000001     main.o (.bss.gMotorStatusReportOnce)
                  20200447    00000001     main.o (.bss.gMotorStatusStreamEnabled)
                  20200448    00000001     main.o (.bss.gMpu6050Ready)
                  20200449    00000001     main.o (.bss.gMpu6050SampleDue)
                  2020044a    00000001     main.o (.bss.gOledReady)
                  2020044b    00000001     task_manager.o (.bss.gOledReady)
                  2020044c    00000001     task_manager.o (.bss.gStatusButton.0)
                  2020044d    00000001     task_manager.o (.bss.gStatusButton.1)
                  2020044e    00000001     task_manager.o (.bss.gStatusButton.2)
                  2020044f    00000001     task_manager.o (.bss.gStatusPressPending)
                  20200450    00000001     main.o (.bss.gTask1AccelerationSamples)
                  20200451    00000001     main.o (.bss.gTask1BlankCount)
                  20200452    00000001     main.o (.bss.gTask1EndReverseSamples)
                  20200453    00000001     task_manager.o (.bss.gTask1Endpoint)
                  20200454    00000001     task_manager.o (.bss.gTask1EndpointButton.0)
                  20200455    00000001     task_manager.o (.bss.gTask1EndpointButton.1)
                  20200456    00000001     task_manager.o (.bss.gTask1EndpointButton.2)
                  20200457    00000001     main.o (.bss.gTask1FinalBrakeSettledCount)
                  20200458    00000001     main.o (.bss.gTask1IntersectionAdvanceSamples)
                  20200459    00000001     main.o (.bss.gTask1IntersectionPartialCount)
                  2020045a    00000001     main.o (.bss.gTask1LineSeenAfterTurn)
                  2020045b    00000001     main.o (.bss.gTask1State)
                  2020045c    00000001     task_manager.o (.bss.gTaskButton.0)
                  2020045d    00000001     task_manager.o (.bss.gTaskButton.1)
                  2020045e    00000001     task_manager.o (.bss.gTaskButton.2)
                  2020045f    00000001     main.o (.bss.gUartCommandLength)
                  20200460    00000001     main.o (.bss.gUartCommandReady)

.stack     0    20207e00    00000200     UNINITIALIZED
                  20207e00    00000004     libc.a : boot_cortex_m.c.obj (.stack)
                  20207e04    000001fc     --HOLE--

__llvm_prf_cnts 
*          0    20200000    00000000     UNINITIALIZED

__llvm_prf_bits 
*          0    20200000    00000000     UNINITIALIZED

MODULE SUMMARY

       Module                         code    ro data   rw data
       ------                         ----    -------   -------
    .\
       main.o                         31980   1790      719    
       oled.o                         3498    75        0      
       ti_msp_dl_config.o             1336    73        376    
       mpu6050_angle.o                1504    0         13     
       motor_control.o                1120    0         0      
       angle_turn_control.o           920     0         0      
       task_manager.o                 568     0         13     
       car_control.o                  484     0         0      
       grayscale_sensor.o             416     0         0      
       startup_mspm0g350x_ticlang.o   6       192       0      
    +--+------------------------------+-------+---------+---------+
       Total:                         41832   2130      1121   
                                                               
    C:/ti/mspm0_sdk_2_11_00_07/source/ti/driverlib/lib/ticlang/m0p/mspm0g1x0x_g3x0x/driverlib.a
       dl_timer.o                     608     0         0      
       dl_i2c.o                       240     0         0      
       dl_uart.o                      138     0         0      
       dl_common.o                    10      0         0      
    +--+------------------------------+-------+---------+---------+
       Total:                         996     0         0      
                                                               
    C:\ti\ccs2100\ccs\tools\compiler\ti-cgt-armllvm_5.1.1.LTS\lib\armv6m-ti-none-eabi/c/libc.a
       memcpy16.S.obj                 154     0         0      
       memset16.S.obj                 98      0         0      
       autoinit.c.obj                 60      0         0      
       boot_cortex_m.c.obj            40      0         0      
       copy_zero_init.c.obj           16      0         0      
       exit.c.obj                     6       0         0      
       pre_init.c.obj                 4       0         0      
    +--+------------------------------+-------+---------+---------+
       Total:                         378     0         0      
                                                               
    C:\ti\ccs2100\ccs\tools\compiler\ti-cgt-armllvm_5.1.1.LTS\lib\armv6m-ti-none-eabi/c/libsysbm.a
       hostexit.c.obj                 4       0         0      
    +--+------------------------------+-------+---------+---------+
       Total:                         4       0         0      
                                                               
    C:\ti\ccs2100\ccs\tools\compiler\ti-cgt-armllvm_5.1.1.LTS\lib\armv6m-ti-none-eabi/libclang_rt.builtins.a
       addsf3.S.obj                   216     0         0      
       udivmoddi4.S.obj               162     0         0      
       comparesf2.S.obj               140     0         0      
       mulsf3.S.obj                   140     0         0      
       divsf3.S.obj                   130     0         0      
       aeabi_fcmp.S.obj               90      0         0      
       aeabi_idivmod.S.obj            86      0         0      
       floatdisf.S.obj                78      0         0      
       aeabi_uidivmod.S.obj           64      0         0      
       divmoddi4.c.obj                62      0         0      
       floatsisf.S.obj                60      0         0      
       muldsi3.S.obj                  58      0         0      
       fixsfsi.S.obj                  56      0         0      
       floatunsisf.S.obj              40      0         0      
       muldi3.S.obj                   36      0         0      
       ashldi3.S.obj                  30      0         0      
       aeabi_memset.S.obj             26      0         0      
       aeabi_ldivmod.S.obj            20      0         0      
       aeabi_memcpy.S.obj             8       0         0      
       aeabi_div0.c.obj               4       0         0      
    +--+------------------------------+-------+---------+---------+
       Total:                         1506    0         0      
                                                               
       Stack:                         0       0         512    
       Linker Generated:              0       20        0      
    +--+------------------------------+-------+---------+---------+
       Grand Total:                   44716   2150      1633   


LINKER GENERATED COPY TABLES

__TI_cinit_table @ 0000b734 records: 1, size/record: 8, table size: 8
	.bss: load addr=0000b728, load size=00000008 bytes, run addr=20200000, run size=00000461 bytes, compression=zero_init


LINKER GENERATED HANDLER TABLE

__TI_handler_table @ 0000b730 records: 1, size/record: 4, table size: 4
	index: 0, handler: __TI_zero_init


GLOBAL SYMBOLS: SORTED ALPHABETICALLY BY Name 

address   name                            
-------   ----                            
00007bc3  ADC0_IRQHandler                 
00007bc3  ADC1_IRQHandler                 
00007bc3  AES_IRQHandler                  
0000ad6b  AngleTurnControl_cancel         
0000ac75  AngleTurnControl_init           
0000af69  AngleTurnControl_isActive       
0000a175  AngleTurnControl_start          
00008d11  AngleTurnControl_update         
0000af7e  C$$EXIT                         
00007bc3  CANFD0_IRQHandler               
0000adb5  CarControl_coast                
0000add3  CarControl_emergencyStop        
0000af6f  CarControl_getSpeedRpm          
0000af7b  CarControl_getTurnInnerPercent  
0000a991  CarControl_init                 
00009691  CarControl_setMotion            
0000accd  CarControl_stop                 
00007bc3  DAC0_IRQHandler                 
0000af55  DL_Common_delayCycles           
0000a5e1  DL_I2C_fillControllerTXFIFO     
0000ac15  DL_I2C_flushControllerRXFIFO    
0000aa0d  DL_I2C_flushControllerTXFIFO    
0000ad45  DL_I2C_setClockConfig           
000097c9  DL_Timer_initFourCCPWMMode      
00009ad5  DL_Timer_initTimerMode          
0000ae31  DL_Timer_setCaptCompUpdateMethod
0000ae85  DL_Timer_setCaptureCompareOutCtl
0000aedd  DL_Timer_setCaptureCompareValue 
0000ae4d  DL_Timer_setClockConfig         
0000a845  DL_UART_init                    
0000aec9  DL_UART_setClockConfig          
0000ac45  DL_UART_transmitDataBlocking    
00007bc3  DMA_IRQHandler                  
00007bc3  Default_Handler                 
00007bc3  GROUP0_IRQHandler               
0000a27d  GROUP1_IRQHandler               
0000aca1  Grayscale_Sensor_Init           
000090fd  Grayscale_Sensor_ReadAll        
0000af7f  HOSTexit                        
00007bc3  HardFault_Handler               
00007bc3  I2C0_IRQHandler                 
00007bc3  I2C1_IRQHandler                 
0000af0d  MPU6050_Angle_getDeviceId       
0000af19  MPU6050_Angle_getZDegrees       
0000af25  MPU6050_Angle_getZRateDps       
00008139  MPU6050_Angle_initWithProgress  
0000af31  MPU6050_Angle_reset             
0000a521  MPU6050_Angle_update            
0000aac1  MotorControl_coast              
0000abe1  MotorControl_handleEncoderEdge  
0000a69d  MotorControl_init               
0000adf1  MotorControl_setTargetRpm       
0000a0e9  MotorControl_takeStatus         
00007bc5  MotorControl_update             
00007bc3  NMI_Handler                     
000077f1  OLED_Init                       
00008629  OLED_ShowCalibration            
000083b1  OLED_ShowTask                   
00007eb9  OLED_ShowTask1Endpoint          
00007bc3  PendSV_Handler                  
00007bc3  RTC_IRQHandler                  
0000af83  Reset_Handler                   
00007bc3  SPI0_IRQHandler                 
00007bc3  SPI1_IRQHandler                 
00007bc3  SVC_Handler                     
000093e1  SYSCFG_DL_GPIO_init             
0000a74d  SYSCFG_DL_I2C_MPU6050_init      
0000a7a1  SYSCFG_DL_I2C_OLED_init         
00009eb1  SYSCFG_DL_PWM_MOTOR_AB_init     
00009f41  SYSCFG_DL_PWM_MOTOR_CD_init     
0000a8d1  SYSCFG_DL_SYSCTL_init           
0000ab71  SYSCFG_DL_TIMER_PID_init        
0000a379  SYSCFG_DL_UART_0_init           
0000a581  SYSCFG_DL_UART_OPENMV_init      
0000a911  SYSCFG_DL_init                  
0000a2fd  SYSCFG_DL_initPower             
00007bc3  SysTick_Handler                 
00007bc3  TIMA0_IRQHandler                
0000a88d  TIMA1_IRQHandler                
00007bc3  TIMG0_IRQHandler                
00007bc3  TIMG12_IRQHandler               
00007bc3  TIMG6_IRQHandler                
00007bc3  TIMG7_IRQHandler                
00007bc3  TIMG8_IRQHandler                
0000af3d  TaskManager_getActiveTask       
0000af49  TaskManager_getTask1Endpoint    
00009ca9  TaskManager_init                
0000aeed  TaskManager_takeStatusPressed   
0000954d  TaskManager_update              
0000a459  UART0_IRQHandler                
00007bc3  UART1_IRQHandler                
00007bc3  UART2_IRQHandler                
00007bc3  UART3_IRQHandler                
20208000  __STACK_END                     
00000200  __STACK_SIZE                    
00000000  __TI_ATRegion0_region_sz        
00000000  __TI_ATRegion0_src_addr         
00000000  __TI_ATRegion0_trg_addr         
00000000  __TI_ATRegion1_region_sz        
00000000  __TI_ATRegion1_src_addr         
00000000  __TI_ATRegion1_trg_addr         
00000000  __TI_ATRegion2_region_sz        
00000000  __TI_ATRegion2_src_addr         
00000000  __TI_ATRegion2_trg_addr         
0000b734  __TI_CINIT_Base                 
0000b73c  __TI_CINIT_Limit                
0000b73c  __TI_CINIT_Warm                 
0000b730  __TI_Handler_Table_Base         
0000b734  __TI_Handler_Table_Limit        
0000aa49  __TI_auto_init_nobinit_nopinit  
ffffffff  __TI_pprof_out_hndl             
ffffffff  __TI_prof_data_size             
ffffffff  __TI_prof_data_start            
00000000  __TI_static_base__              
0000aefd  __TI_zero_init                  
00009bdb  __addsf3                        
0000aba9  __aeabi_f2iz                    
00009bdb  __aeabi_fadd                    
0000a641  __aeabi_fcmpeq                  
0000a677  __aeabi_fcmpge                  
0000a689  __aeabi_fcmpgt                  
0000a665  __aeabi_fcmple                  
0000a653  __aeabi_fcmplt                  
0000a047  __aeabi_fcmpun                  
0000a1f9  __aeabi_fdiv                    
0000a05d  __aeabi_fmul                    
00009bd1  __aeabi_fsub                    
0000aa85  __aeabi_i2f                     
0000a6f5  __aeabi_idiv                    
0000a173  __aeabi_idiv0                   
0000a6f5  __aeabi_idivmod                 
0000a7f5  __aeabi_l2f                     
0000a27b  __aeabi_ldiv0                   
0000aeb5  __aeabi_ldivmod                 
0000ae11  __aeabi_llsl                    
0000ad91  __aeabi_lmul                    
0000ae77  __aeabi_memclr                  
0000ae77  __aeabi_memclr4                 
0000ae77  __aeabi_memclr8                 
0000af61  __aeabi_memcpy                  
0000af61  __aeabi_memcpy4                 
0000af61  __aeabi_memcpy8                 
0000ae69  __aeabi_memset                  
0000ae69  __aeabi_memset4                 
0000ae69  __aeabi_memset8                 
0000ad1d  __aeabi_ui2f                    
0000a951  __aeabi_uidiv                   
0000a951  __aeabi_uidivmod                
0000ae11  __ashldi3                       
ffffffff  __binit__                       
00009fd1  __cmpsf2                        
0000a9cf  __divmoddi4                     
0000a1f9  __divsf3                        
00009fd1  __eqsf2                         
0000aba9  __fixsfsi                       
0000a7f5  __floatdisf                     
0000aa85  __floatsisf                     
0000ad1d  __floatunsisf                   
0000a00b  __gesf2                         
0000a00b  __gtsf2                         
00009fd1  __lesf2                         
00009fd1  __ltsf2                         
UNDEFED   __mpu_init                      
0000ad91  __muldi3                        
0000aafd  __muldsi3                       
0000a05d  __mulsf3                        
00009fd1  __nesf2                         
20207e00  __stack                         
20200000  __start___llvm_prf_bits         
20200000  __start___llvm_prf_cnts         
20200000  __stop___llvm_prf_bits          
20200000  __stop___llvm_prf_cnts          
00009bd1  __subsf3                        
00009d75  __udivmoddi4                    
0000a047  __unordsf2                      
0000acf5  _c_int00_noargs                 
UNDEFED   _system_post_cinit              
0000af87  _system_pre_init                
0000af75  abort                           
ffffffff  binit                           
20200000  gPWM_MOTOR_CDBackup             
202000bc  gTIMER_PIDBackup                
00000000  interruptVectors                
000000c1  main                            
00009e17  memcpy                          
0000a4bd  memset                          


GLOBAL SYMBOLS: SORTED BY Symbol Address 

address   name                            
-------   ----                            
00000000  __TI_ATRegion0_region_sz        
00000000  __TI_ATRegion0_src_addr         
00000000  __TI_ATRegion0_trg_addr         
00000000  __TI_ATRegion1_region_sz        
00000000  __TI_ATRegion1_src_addr         
00000000  __TI_ATRegion1_trg_addr         
00000000  __TI_ATRegion2_region_sz        
00000000  __TI_ATRegion2_src_addr         
00000000  __TI_ATRegion2_trg_addr         
00000000  __TI_static_base__              
00000000  interruptVectors                
000000c1  main                            
00000200  __STACK_SIZE                    
000077f1  OLED_Init                       
00007bc3  ADC0_IRQHandler                 
00007bc3  ADC1_IRQHandler                 
00007bc3  AES_IRQHandler                  
00007bc3  CANFD0_IRQHandler               
00007bc3  DAC0_IRQHandler                 
00007bc3  DMA_IRQHandler                  
00007bc3  Default_Handler                 
00007bc3  GROUP0_IRQHandler               
00007bc3  HardFault_Handler               
00007bc3  I2C0_IRQHandler                 
00007bc3  I2C1_IRQHandler                 
00007bc3  NMI_Handler                     
00007bc3  PendSV_Handler                  
00007bc3  RTC_IRQHandler                  
00007bc3  SPI0_IRQHandler                 
00007bc3  SPI1_IRQHandler                 
00007bc3  SVC_Handler                     
00007bc3  SysTick_Handler                 
00007bc3  TIMA0_IRQHandler                
00007bc3  TIMG0_IRQHandler                
00007bc3  TIMG12_IRQHandler               
00007bc3  TIMG6_IRQHandler                
00007bc3  TIMG7_IRQHandler                
00007bc3  TIMG8_IRQHandler                
00007bc3  UART1_IRQHandler                
00007bc3  UART2_IRQHandler                
00007bc3  UART3_IRQHandler                
00007bc5  MotorControl_update             
00007eb9  OLED_ShowTask1Endpoint          
00008139  MPU6050_Angle_initWithProgress  
000083b1  OLED_ShowTask                   
00008629  OLED_ShowCalibration            
00008d11  AngleTurnControl_update         
000090fd  Grayscale_Sensor_ReadAll        
000093e1  SYSCFG_DL_GPIO_init             
0000954d  TaskManager_update              
00009691  CarControl_setMotion            
000097c9  DL_Timer_initFourCCPWMMode      
00009ad5  DL_Timer_initTimerMode          
00009bd1  __aeabi_fsub                    
00009bd1  __subsf3                        
00009bdb  __addsf3                        
00009bdb  __aeabi_fadd                    
00009ca9  TaskManager_init                
00009d75  __udivmoddi4                    
00009e17  memcpy                          
00009eb1  SYSCFG_DL_PWM_MOTOR_AB_init     
00009f41  SYSCFG_DL_PWM_MOTOR_CD_init     
00009fd1  __cmpsf2                        
00009fd1  __eqsf2                         
00009fd1  __lesf2                         
00009fd1  __ltsf2                         
00009fd1  __nesf2                         
0000a00b  __gesf2                         
0000a00b  __gtsf2                         
0000a047  __aeabi_fcmpun                  
0000a047  __unordsf2                      
0000a05d  __aeabi_fmul                    
0000a05d  __mulsf3                        
0000a0e9  MotorControl_takeStatus         
0000a173  __aeabi_idiv0                   
0000a175  AngleTurnControl_start          
0000a1f9  __aeabi_fdiv                    
0000a1f9  __divsf3                        
0000a27b  __aeabi_ldiv0                   
0000a27d  GROUP1_IRQHandler               
0000a2fd  SYSCFG_DL_initPower             
0000a379  SYSCFG_DL_UART_0_init           
0000a459  UART0_IRQHandler                
0000a4bd  memset                          
0000a521  MPU6050_Angle_update            
0000a581  SYSCFG_DL_UART_OPENMV_init      
0000a5e1  DL_I2C_fillControllerTXFIFO     
0000a641  __aeabi_fcmpeq                  
0000a653  __aeabi_fcmplt                  
0000a665  __aeabi_fcmple                  
0000a677  __aeabi_fcmpge                  
0000a689  __aeabi_fcmpgt                  
0000a69d  MotorControl_init               
0000a6f5  __aeabi_idiv                    
0000a6f5  __aeabi_idivmod                 
0000a74d  SYSCFG_DL_I2C_MPU6050_init      
0000a7a1  SYSCFG_DL_I2C_OLED_init         
0000a7f5  __aeabi_l2f                     
0000a7f5  __floatdisf                     
0000a845  DL_UART_init                    
0000a88d  TIMA1_IRQHandler                
0000a8d1  SYSCFG_DL_SYSCTL_init           
0000a911  SYSCFG_DL_init                  
0000a951  __aeabi_uidiv                   
0000a951  __aeabi_uidivmod                
0000a991  CarControl_init                 
0000a9cf  __divmoddi4                     
0000aa0d  DL_I2C_flushControllerTXFIFO    
0000aa49  __TI_auto_init_nobinit_nopinit  
0000aa85  __aeabi_i2f                     
0000aa85  __floatsisf                     
0000aac1  MotorControl_coast              
0000aafd  __muldsi3                       
0000ab71  SYSCFG_DL_TIMER_PID_init        
0000aba9  __aeabi_f2iz                    
0000aba9  __fixsfsi                       
0000abe1  MotorControl_handleEncoderEdge  
0000ac15  DL_I2C_flushControllerRXFIFO    
0000ac45  DL_UART_transmitDataBlocking    
0000ac75  AngleTurnControl_init           
0000aca1  Grayscale_Sensor_Init           
0000accd  CarControl_stop                 
0000acf5  _c_int00_noargs                 
0000ad1d  __aeabi_ui2f                    
0000ad1d  __floatunsisf                   
0000ad45  DL_I2C_setClockConfig           
0000ad6b  AngleTurnControl_cancel         
0000ad91  __aeabi_lmul                    
0000ad91  __muldi3                        
0000adb5  CarControl_coast                
0000add3  CarControl_emergencyStop        
0000adf1  MotorControl_setTargetRpm       
0000ae11  __aeabi_llsl                    
0000ae11  __ashldi3                       
0000ae31  DL_Timer_setCaptCompUpdateMethod
0000ae4d  DL_Timer_setClockConfig         
0000ae69  __aeabi_memset                  
0000ae69  __aeabi_memset4                 
0000ae69  __aeabi_memset8                 
0000ae77  __aeabi_memclr                  
0000ae77  __aeabi_memclr4                 
0000ae77  __aeabi_memclr8                 
0000ae85  DL_Timer_setCaptureCompareOutCtl
0000aeb5  __aeabi_ldivmod                 
0000aec9  DL_UART_setClockConfig          
0000aedd  DL_Timer_setCaptureCompareValue 
0000aeed  TaskManager_takeStatusPressed   
0000aefd  __TI_zero_init                  
0000af0d  MPU6050_Angle_getDeviceId       
0000af19  MPU6050_Angle_getZDegrees       
0000af25  MPU6050_Angle_getZRateDps       
0000af31  MPU6050_Angle_reset             
0000af3d  TaskManager_getActiveTask       
0000af49  TaskManager_getTask1Endpoint    
0000af55  DL_Common_delayCycles           
0000af61  __aeabi_memcpy                  
0000af61  __aeabi_memcpy4                 
0000af61  __aeabi_memcpy8                 
0000af69  AngleTurnControl_isActive       
0000af6f  CarControl_getSpeedRpm          
0000af75  abort                           
0000af7b  CarControl_getTurnInnerPercent  
0000af7e  C$$EXIT                         
0000af7f  HOSTexit                        
0000af83  Reset_Handler                   
0000af87  _system_pre_init                
0000b730  __TI_Handler_Table_Base         
0000b734  __TI_CINIT_Base                 
0000b734  __TI_Handler_Table_Limit        
0000b73c  __TI_CINIT_Limit                
0000b73c  __TI_CINIT_Warm                 
20200000  __start___llvm_prf_bits         
20200000  __start___llvm_prf_cnts         
20200000  __stop___llvm_prf_bits          
20200000  __stop___llvm_prf_cnts          
20200000  gPWM_MOTOR_CDBackup             
202000bc  gTIMER_PIDBackup                
20207e00  __stack                         
20208000  __STACK_END                     
ffffffff  __TI_pprof_out_hndl             
ffffffff  __TI_prof_data_size             
ffffffff  __TI_prof_data_start            
ffffffff  __binit__                       
ffffffff  binit                           
UNDEFED   __mpu_init                      
UNDEFED   _system_post_cinit              

[186 symbols]
