******************************************************************************
            TI ARM Clang Linker PC v5.1.1                      
******************************************************************************
>> Linked Sat Aug  1 09:43:33 2026

OUTPUT FILE NAME:   <main.out>
ENTRY POINT SYMBOL: "_c_int00_noargs"  address: 00009a95


MEMORY CONFIGURATION

         name            origin    length      used     unused   attr    fill
----------------------  --------  ---------  --------  --------  ----  --------
  FLASH                 00000000   00020000  0000a7d0  00015830  R  X
  SRAM                  20200000   00008000  0000084b  000077b5  RW X
  BCR_CONFIG            41c00000   000000ff  00000000  000000ff  R   
  BSL_CONFIG            41c00100   00000080  00000000  00000080  R   


SEGMENT ALLOCATION MAP

run origin  load origin   length   init length attrs members
----------  ----------- ---------- ----------- ----- -------
00000000    00000000    0000a7d0   0000a7d0    r-x
  00000000    00000000    000000c0   000000c0    r-- .intvecs
  000000c0    000000c0    00009d28   00009d28    r-x .text
  00009de8    00009de8    000009b8   000009b8    r-- .rodata
  0000a7a0    0000a7a0    00000030   00000030    r-- .cinit
20200000    20200000    00000651   00000000    rw-
  20200000    20200000    00000632   00000000    rw- .bss
  20200638    20200638    00000019   00000000    rw- .data
20207e00    20207e00    00000200   00000000    rw-
  20207e00    20207e00    00000200   00000000    rw- .stack


SECTION ALLOCATION MAP

 output                                  attributes/
section   page    origin      length       input sections
--------  ----  ----------  ----------   ----------------
.intvecs   0    00000000    000000c0     
                  00000000    000000c0     startup_mspm0g350x_ticlang.o (.intvecs)

.text      0    000000c0    00009d28     
                  000000c0    000053b4     main.o (.text.main)
                  00005474    000005d4     main.o (.text.UART_reportMotorStatus)
                  00005a48    000005b0     line_tracking.o (.text.LineTracking_update)
                  00005ff8    0000056c     oled.o (.text.OLED_ShowStopwatch)
                  00006564    00000438     main.o (.text.UART_sendVofaMotorChannels)
                  0000699c    000003d2     oled.o (.text.OLED_Init)
                  00006d6e    00000002     startup_mspm0g350x_ticlang.o (.text.Default_Handler)
                  00006d70    0000030c     motor_control.o (.text.MotorControl_update)
                  0000707c    000002c8     lap_task_control.o (.text.LapTaskControl_update)
                  00007344    00000280     task_executor.o (.text.TaskExecutor_update)
                  000075c4    00000274     oled.o (.text.OLED_ShowTask)
                  00007838    000001ac     oled.o (.text.OLED_writeString)
                  000079e4    0000019c     straight_task_control.o (.text.StraightTaskControl_update)
                  00007b80    00000180     grayscale_sensor.o (.text.Grayscale_Sensor_ReadAll)
                  00007d00    00000160     ti_msp_dl_config.o (.text.SYSCFG_DL_GPIO_init)
                  00007e60    00000150     straight_task_control.o (.text.StraightTaskControl_start)
                  00007fb0    0000013c     car_control.o (.text.CarControl_setMotion)
                  000080ec    00000118     lap_task_control.o (.text.LapTaskControl_start)
                  00008204    00000118     task_manager.o (.text.TaskManager_update)
                  0000831c    00000104     driverlib.a : dl_timer.o (.text.DL_Timer_initFourCCPWMMode)
                  00008420    00000104     oled.o (.text.OLED_writeByte)
                  00008524    00000100     main.o (.text.UART_sendInt32)
                  00008624    000000fc     driverlib.a : dl_timer.o (.text.DL_Timer_initTimerMode)
                  00008720    000000d8     libclang_rt.builtins.a : addsf3.S.obj (.text)
                  000087f8    000000d4     task_manager.o (.text.TaskManager_init)
                  000088cc    000000a2     line_tracking.o (.text.LineTracking_readActiveCount)
                  0000896e    00000002     libclang_rt.builtins.a : aeabi_div0.c.obj (.text.__aeabi_idiv0)
                  00008970    000000a2                            : udivmoddi4.S.obj (.text)
                  00008a12    0000009a     libc.a : memcpy16.S.obj (.text:memcpy)
                  00008aac    00000094     motor_control.o (.text.MotorControl_takeStatus)
                  00008b40    00000090     ti_msp_dl_config.o (.text.SYSCFG_DL_PWM_MOTOR_AB_init)
                  00008bd0    00000090     ti_msp_dl_config.o (.text.SYSCFG_DL_PWM_MOTOR_CD_init)
                  00008c60    0000008c     libclang_rt.builtins.a : comparesf2.S.obj (.text)
                  00008cec    0000008c                            : mulsf3.S.obj (.text)
                  00008d78    00000088     ti_msp_dl_config.o (.text.SYSCFG_DL_initPower)
                  00008e00    00000082     libclang_rt.builtins.a : divsf3.S.obj (.text)
                  00008e82    00000002                            : aeabi_div0.c.obj (.text.__aeabi_ldiv0)
                  00008e84    0000007c     libc.a : copy_decompress_lzss.c.obj (.text:decompress:lzss)
                  00008f00    00000074     main.o (.text.GROUP1_IRQHandler)
                  00008f74    00000070     motor_control.o (.text.MotorControl_getLatestSpeedRpmTimes10)
                  00008fe4    00000070     ti_msp_dl_config.o (.text.SYSCFG_DL_UART_0_init)
                  00009054    00000070     ti_msp_dl_config.o (.text.SYSCFG_DL_UART_1_init)
                  000090c4    00000070     ti_msp_dl_config.o (.text.SYSCFG_DL_UART_OPENMV_init)
                  00009134    00000070     task_executor.o (.text.TaskExecutor_init)
                  000091a4    00000064     main.o (.text.UART0_IRQHandler)
                  00009208    00000062     libc.a : memset16.S.obj (.text:memset)
                  0000926a    0000005e     driverlib.a : dl_i2c.o (.text.DL_I2C_fillControllerTXFIFO)
                  000092c8    0000005a     libclang_rt.builtins.a : aeabi_fcmp.S.obj (.text)
                  00009322    00000002     --HOLE-- [fill = 0]
                  00009324    00000058     motor_control.o (.text.MotorControl_init)
                  0000937c    00000058     main.o (.text.TIMA1_IRQHandler)
                  000093d4    00000058     main.o (.text.UART1_IRQHandler)
                  0000942c    00000056     libclang_rt.builtins.a : aeabi_idivmod.S.obj (.text)
                  00009482    00000002     --HOLE-- [fill = 0]
                  00009484    00000054     ti_msp_dl_config.o (.text.SYSCFG_DL_I2C_MPU6050_init)
                  000094d8    00000054     ti_msp_dl_config.o (.text.SYSCFG_DL_I2C_OLED_init)
                  0000952c    00000050     ti_msp_dl_config.o (.text.SYSCFG_DL_init)
                  0000957c    0000004c     lap_task_control.o (.text.LapTaskControl_init)
                  000095c8    0000004c     main.o (.text.UART3_IRQHandler)
                  00009614    00000048     driverlib.a : dl_uart.o (.text.DL_UART_init)
                  0000965c    00000042     car_control.o (.text.CarControl_init)
                  0000969e    00000042     lap_task_control.o (.text.LapTaskControl_reset)
                  000096e0    00000040     ti_msp_dl_config.o (.text.SYSCFG_DL_SYSCTL_init)
                  00009720    00000040     main.o (.text.UART_sendString)
                  00009760    00000040     libclang_rt.builtins.a : aeabi_uidivmod.S.obj (.text)
                  000097a0    0000003e                            : divmoddi4.c.obj (.text.__divmoddi4)
                  000097de    00000002     --HOLE-- [fill = 0]
                  000097e0    0000003c     driverlib.a : dl_i2c.o (.text.DL_I2C_flushControllerTXFIFO)
                  0000981c    0000003c     libc.a : autoinit.c.obj (.text:__TI_auto_init_nobinit_nopinit)
                  00009858    0000003c     libclang_rt.builtins.a : floatsisf.S.obj (.text)
                  00009894    0000003a     motor_control.o (.text.MotorControl_coast)
                  000098ce    00000002     --HOLE-- [fill = 0]
                  000098d0    0000003a     libclang_rt.builtins.a : muldsi3.S.obj (.text)
                  0000990a    00000002     --HOLE-- [fill = 0]
                  0000990c    00000038     ti_msp_dl_config.o (.text.SYSCFG_DL_TIMER_PID_init)
                  00009944    00000038     libclang_rt.builtins.a : fixsfsi.S.obj (.text)
                  0000997c    00000032     motor_control.o (.text.MotorControl_handleEncoderEdge)
                  000099ae    00000002     --HOLE-- [fill = 0]
                  000099b0    00000030     driverlib.a : dl_uart.o (.text.DL_UART_transmitDataBlocking)
                  000099e0    00000030     stopwatch.o (.text.Stopwatch_getCurrentMs)
                  00009a10    00000030     straight_task_control.o (.text.StraightTaskControl_init)
                  00009a40    0000002c     grayscale_sensor.o (.text.Grayscale_Sensor_Init)
                  00009a6c    00000028     car_control.o (.text.CarControl_stop)
                  00009a94    00000028     libc.a : boot_cortex_m.c.obj (.text:_c_int00_noargs)
                  00009abc    00000028     libclang_rt.builtins.a : floatunsisf.S.obj (.text)
                  00009ae4    00000026     driverlib.a : dl_i2c.o (.text.DL_I2C_setClockConfig)
                  00009b0a    00000026     straight_task_control.o (.text.StraightTaskControl_reset)
                  00009b30    00000026     task_executor.o (.text.TaskExecutor_reset)
                  00009b56    00000002     --HOLE-- [fill = 0]
                  00009b58    00000024     libclang_rt.builtins.a : muldi3.S.obj (.text)
                  00009b7c    00000022     task_executor.o (.text.TaskExecutor_isRunning)
                  00009b9e    00000002     --HOLE-- [fill = 0]
                  00009ba0    00000020     stopwatch.o (.text.Stopwatch_start)
                  00009bc0    00000020     stopwatch.o (.text.Stopwatch_stop)
                  00009be0    0000001e     car_control.o (.text.CarControl_emergencyStop)
                  00009bfe    0000001e     line_tracking.o (.text.LineTracking_init)
                  00009c1c    0000001e     motor_control.o (.text.MotorControl_setTargetRpm)
                  00009c3a    00000002     --HOLE-- [fill = 0]
                  00009c3c    0000001e     libclang_rt.builtins.a : ashldi3.S.obj (.text)
                  00009c5a    00000002     --HOLE-- [fill = 0]
                  00009c5c    0000001c     driverlib.a : dl_timer.o (.text.DL_Timer_setCaptCompUpdateMethod)
                  00009c78    0000001c                 : dl_timer.o (.text.DL_Timer_setClockConfig)
                  00009c94    0000001a     libclang_rt.builtins.a : aeabi_memset.S.obj (.text)
                  00009cae    00000002     --HOLE-- [fill = 0]
                  00009cb0    00000018     driverlib.a : dl_timer.o (.text.DL_Timer_setCaptureCompareOutCtl)
                  00009cc8    00000014     libclang_rt.builtins.a : aeabi_ldivmod.S.obj (.text)
                  00009cdc    00000014                            : aeabi_uldivmod.S.obj (.text)
                  00009cf0    00000012     driverlib.a : dl_uart.o (.text.DL_UART_setClockConfig)
                  00009d02    00000012     lap_task_control.o (.text.LapTaskControl_isRunning)
                  00009d14    00000012     libc.a : copy_decompress_none.c.obj (.text:decompress:none)
                  00009d26    00000002     --HOLE-- [fill = 0]
                  00009d28    00000010     driverlib.a : dl_timer.o (.text.DL_Timer_setCaptureCompareValue)
                  00009d38    00000010     line_tracking.o (.text.LineTracking_reset)
                  00009d48    00000010     straight_task_control.o (.text.StraightTaskControl_isRunning)
                  00009d58    00000010     task_manager.o (.text.TaskManager_taskStartPressed)
                  00009d68    00000010     libc.a : copy_zero_init.c.obj (.text:decompress:ZI)
                  00009d78    0000000c     stopwatch.o (.text.Stopwatch_isEnabled)
                  00009d84    0000000c     task_manager.o (.text.TaskManager_getActiveTask)
                  00009d90    0000000a     driverlib.a : dl_common.o (.text.DL_Common_delayCycles)
                  00009d9a    00000008     line_tracking.o (.text.LineTracking_setLostLineRecoveryRpmOffset)
                  00009da2    00000002     --HOLE-- [fill = 0]
                  00009da4    00000008     libclang_rt.builtins.a : aeabi_memcpy.S.obj (.text)
                  00009dac    00000006     car_control.o (.text.CarControl_getSpeedRpm)
                  00009db2    00000006     car_control.o (.text.CarControl_getTurnInnerPercent)
                  00009db8    00000006     line_tracking.o (.text.LineTracking_getSpeed)
                  00009dbe    00000006     libc.a : exit.c.obj (.text:abort)
                  00009dc4    00000004     car_control.o (.text.CarControl_getMotion)
                  00009dc8    00000004     libsysbm.a : hostexit.c.obj (.text.HOSTexit)
                  00009dcc    00000004     line_tracking.o (.text.LineTracking_isEnabled)
                  00009dd0    00000004     line_tracking.o (.text.LineTracking_setDebugEnabled)
                  00009dd4    00000004     line_tracking.o (.text.LineTracking_setEnabled)
                  00009dd8    00000004     line_tracking.o (.text.LineTracking_setSpeed)
                  00009ddc    00000004     startup_mspm0g350x_ticlang.o (.text.Reset_Handler)
                  00009de0    00000004     libc.a : pre_init.c.obj (.text._system_pre_init)
                  00009de4    00000004     --HOLE-- [fill = 0]

.cinit     0    0000a7a0    00000030     
                  0000a7a0    0000000c     (__TI_handler_table)
                  0000a7ac    00000008     (.cinit..bss.load) [load image, compression = zero_init]
                  0000a7b4    00000008     (.cinit..data.load) [load image, compression = lzss]
                  0000a7bc    00000010     (__TI_cinit_table)
                  0000a7cc    00000004     --HOLE-- [fill = 0]

.rodata    0    00009de8    000009b8     
                  00009de8    00000050     main.o (.rodata.gMotorAConfig)
                  00009e38    00000050     main.o (.rodata.gMotorBConfig)
                  00009e88    00000050     main.o (.rodata.gMotorCConfig)
                  00009ed8    00000050     main.o (.rodata.gMotorDConfig)
                  00009f28    00000036     main.o (.rodata.str1.1928638051441818890.1)
                  00009f5e    00000036     main.o (.rodata.str1.2624144126699937905.1)
                  00009f94    00000035     main.o (.rodata.str1.2255554096259913709.1)
                  00009fc9    00000035     main.o (.rodata.str1.6689794204546696417.1)
                  00009ffe    00000034     main.o (.rodata.str1.17100691992556644108.1)
                  0000a032    00000031     main.o (.rodata.str1.13030671760666898970.1)
                  0000a063    00000031     main.o (.rodata.str1.2256192789054937243.1)
                  0000a094    0000002f     main.o (.rodata.str1.10003710380724733530.1)
                  0000a0c3    0000002f     main.o (.rodata.str1.4829115146054326934.1)
                  0000a0f2    0000002e     main.o (.rodata.str1.403738606202455663.1)
                  0000a120    0000002e     main.o (.rodata.str1.8154729771448623357.1)
                  0000a14e    0000002d     main.o (.rodata.str1.10635229749459437609.1)
                  0000a17b    0000002b     main.o (.rodata.str1.10753028060609409702.1)
                  0000a1a6    00000029     task_executor.o (.rodata.str1.5714534095577331432.1)
                  0000a1cf    00000028     main.o (.rodata.str1.10313062130652730376.1)
                  0000a1f7    00000028     main.o (.rodata.str1.11321157723316767883.1)
                  0000a21f    00000028     main.o (.rodata.str1.12462885530404721960.1)
                  0000a247    00000028     main.o (.rodata.str1.13959864503700487862.1)
                  0000a26f    00000028     main.o (.rodata.str1.17770841602246103764.1)
                  0000a297    00000027     main.o (.rodata.str1.11777244287787065045.1)
                  0000a2be    00000027     main.o (.rodata.str1.14402440632258215044.1)
                  0000a2e5    00000027     main.o (.rodata.str1.15996357275703397564.1)
                  0000a30c    00000027     main.o (.rodata.str1.2123964117280943167.1)
                  0000a333    00000026     main.o (.rodata.str1.16631870348416990953.1)
                  0000a359    00000026     main.o (.rodata.str1.16856034117330037696.1)
                  0000a37f    00000026     straight_task_control.o (.rodata.str1.446793766109262494.1)
                  0000a3a5    00000026     main.o (.rodata.str1.6976963560179378225.1)
                  0000a3cb    00000025     main.o (.rodata.str1.2563708670032483588.1)
                  0000a3f0    00000025     lap_task_control.o (.rodata.str1.6200913312131411637.1)
                  0000a415    00000025     main.o (.rodata.str1.625103348304617710.1)
                  0000a43a    00000025     main.o (.rodata.str1.8320541211001259012.1)
                  0000a45f    00000024     main.o (.rodata.str1.18092426736022315238.1)
                  0000a483    00000024     main.o (.rodata.str1.2763581881760962609.1)
                  0000a4a7    00000023     main.o (.rodata.str1.489408286258209761.1)
                  0000a4ca    00000022     task_executor.o (.rodata.str1.240158867509335437.1)
                  0000a4ec    00000021     lap_task_control.o (.rodata.str1.2413759701585431130.1)
                  0000a50d    0000001e     straight_task_control.o (.rodata.str1.5111848593538277940.1)
                  0000a52b    00000001     --HOLE-- [fill = 0]
                  0000a52c    0000001c     main.o (.rodata.gCarConfig)
                  0000a548    0000001a     task_executor.o (.rodata.str1.1157049911250168747.1)
                  0000a562    00000019     lap_task_control.o (.rodata.str1.14284397962649984076.1)
                  0000a57b    00000001     --HOLE-- [fill = 0]
                  0000a57c    00000018     task_profiles.o (.rodata.gLapTask2Profile)
                  0000a594    00000018     task_profiles.o (.rodata.gLapTask5Profile)
                  0000a5ac    00000018     task_profiles.o (.rodata.gLapTask6Profile)
                  0000a5c4    00000018     straight_task_control.o (.rodata.str1.7040808863327155277.1)
                  0000a5dc    00000017     task_executor.o (.rodata.str1.13736124676361268097.1)
                  0000a5f3    00000015     straight_task_control.o (.rodata.str1.7716800775287680474.1)
                  0000a608    00000014     ti_msp_dl_config.o (.rodata.gTIMER_PIDTimerConfig)
                  0000a61c    00000013     lap_task_control.o (.rodata.str1.5950128082404191651.1)
                  0000a62f    00000013     main.o (.rodata.str1.8096991282711418442.1)
                  0000a642    00000012     task_profiles.o (.rodata.gStraightTask4Profile)
                  0000a654    00000012     main.o (.rodata.str1.7996925722583989644.1)
                  0000a666    00000011     main.o (.rodata.str1.887240019932590441.1)
                  0000a677    00000001     --HOLE-- [fill = 0]
                  0000a678    00000010     main.o (.rodata..Lswitch.table.main.96)
                  0000a688    00000010     lap_task_control.o (.rodata.str1.4144015826523412668.1)
                  0000a698    0000000e     main.o (.rodata.str1.15159059442110792349.1)
                  0000a6a6    0000000e     lap_task_control.o (.rodata.str1.15839785750238877193.1)
                  0000a6b4    0000000c     main.o (.rodata..L__const.main.lineTrackingConfig)
                  0000a6c0    0000000b     main.o (.rodata.str1.16302215771116645891.1)
                  0000a6cb    0000000b     main.o (.rodata.str1.7784929982665794503.1)
                  0000a6d6    0000000a     ti_msp_dl_config.o (.rodata.gUART_0Config)
                  0000a6e0    0000000a     ti_msp_dl_config.o (.rodata.gUART_1Config)
                  0000a6ea    0000000a     ti_msp_dl_config.o (.rodata.gUART_OPENMVConfig)
                  0000a6f4    00000008     main.o (.rodata.cst8)
                  0000a6fc    00000008     ti_msp_dl_config.o (.rodata.gPWM_MOTOR_ABConfig)
                  0000a704    00000008     ti_msp_dl_config.o (.rodata.gPWM_MOTOR_CDConfig)
                  0000a70c    00000006     line_tracking.o (.rodata.str1.11697046603888022051.1)
                  0000a712    00000005     oled.o (.rodata.OLED_getGlyph.A)
                  0000a717    00000005     oled.o (.rodata.OLED_getGlyph.C)
                  0000a71c    00000005     oled.o (.rodata.OLED_getGlyph.D)
                  0000a721    00000005     oled.o (.rodata.OLED_getGlyph.E)
                  0000a726    00000005     oled.o (.rodata.OLED_getGlyph.K)
                  0000a72b    00000005     oled.o (.rodata.OLED_getGlyph.L)
                  0000a730    00000005     oled.o (.rodata.OLED_getGlyph.N)
                  0000a735    00000005     oled.o (.rodata.OLED_getGlyph.O)
                  0000a73a    00000005     oled.o (.rodata.OLED_getGlyph.R)
                  0000a73f    00000005     oled.o (.rodata.OLED_getGlyph.S)
                  0000a744    00000005     oled.o (.rodata.OLED_getGlyph.T)
                  0000a749    00000005     oled.o (.rodata.OLED_getGlyph.U)
                  0000a74e    00000005     oled.o (.rodata.OLED_getGlyph.eight)
                  0000a753    00000005     oled.o (.rodata.OLED_getGlyph.five)
                  0000a758    00000005     oled.o (.rodata.OLED_getGlyph.four)
                  0000a75d    00000005     oled.o (.rodata.OLED_getGlyph.nine)
                  0000a762    00000005     oled.o (.rodata.OLED_getGlyph.one)
                  0000a767    00000005     oled.o (.rodata.OLED_getGlyph.seven)
                  0000a76c    00000005     oled.o (.rodata.OLED_getGlyph.six)
                  0000a771    00000005     oled.o (.rodata.OLED_getGlyph.space)
                  0000a776    00000005     oled.o (.rodata.OLED_getGlyph.three)
                  0000a77b    00000005     oled.o (.rodata.OLED_getGlyph.two)
                  0000a780    00000005     oled.o (.rodata.OLED_getGlyph.zero)
                  0000a785    00000003     ti_msp_dl_config.o (.rodata.gPWM_MOTOR_ABClockConfig)
                  0000a788    00000003     ti_msp_dl_config.o (.rodata.gPWM_MOTOR_CDClockConfig)
                  0000a78b    00000003     ti_msp_dl_config.o (.rodata.gTIMER_PIDClockConfig)
                  0000a78e    00000003     line_tracking.o (.rodata.str1.1693154617505176771.1)
                  0000a791    00000002     ti_msp_dl_config.o (.rodata.gI2C_MPU6050ClockConfig)
                  0000a793    00000002     ti_msp_dl_config.o (.rodata.gI2C_OLEDClockConfig)
                  0000a795    00000002     ti_msp_dl_config.o (.rodata.gUART_0ClockConfig)
                  0000a797    00000002     ti_msp_dl_config.o (.rodata.gUART_1ClockConfig)
                  0000a799    00000002     ti_msp_dl_config.o (.rodata.gUART_OPENMVClockConfig)
                  0000a79b    00000002     line_tracking.o (.rodata.str1.5293172173144075206.1)
                  0000a79d    00000003     --HOLE-- [fill = 0]

.init_array 
*          0    00000000    00000000     UNINITIALIZED

.binit     0    00000000    00000000     

.bss       0    20200000    00000632     UNINITIALIZED
                  20200000    000000bc     (.common:gPWM_MOTOR_CDBackup)
                  202000bc    000000bc     (.common:gTIMER_PIDBackup)
                  20200178    000000a0     main.o (.bss.gTaskExecutor)
                  20200218    00000080     main.o (.bss.gUart3ForwardRxBuffer)
                  20200298    00000080     main.o (.bss.gUartCommand)
                  20200318    00000078     main.o (.bss.gMotorA)
                  20200390    00000078     main.o (.bss.gMotorB)
                  20200408    00000078     main.o (.bss.gMotorC)
                  20200480    00000078     main.o (.bss.gMotorD)
                  202004f8    00000040     main.o (.bss.gOpenMvDebugRxBuffer)
                  20200538    00000038     main.o (.bss.gLineTracking)
                  20200570    00000030     (.common:gUART_1Backup)
                  202005a0    00000024     main.o (.bss.gCar)
                  202005c4    00000010     main.o (.bss.UART_serviceMotorStatus.motorAStatus)
                  202005d4    00000010     main.o (.bss.UART_serviceMotorStatus.motorBStatus)
                  202005e4    00000010     main.o (.bss.UART_serviceMotorStatus.motorCStatus)
                  202005f4    00000010     main.o (.bss.UART_serviceMotorStatus.motorDStatus)
                  20200604    00000004     main.o (.bss.gOpenMvPreviousSpeedCmPerSecondTimes1000)
                  20200608    00000008     main.o (.bss.gOpenMvLastAccelerationMs)
                  20200610    00000001     main.o (.bss.UART_serviceMotorStatus.motorAStatusReady)
                  20200611    00000001     main.o (.bss.UART_serviceMotorStatus.motorBStatusReady)
                  20200612    00000001     main.o (.bss.UART_serviceMotorStatus.motorCStatusReady)
                  20200613    00000001     main.o (.bss.UART_serviceMotorStatus.motorDStatusReady)
                  20200614    00000001     task_manager.o (.bss.gActiveTask)
                  20200615    00000001     main.o (.bss.gControlSampleDue)
                  20200616    00000001     main.o (.bss.gGrayscaleStreamDivider)
                  20200617    00000001     main.o (.bss.gGrayscaleStreamEnabled)
                  20200618    00000001     main.o (.bss.gMotorStatusReportOnce)
                  20200619    00000001     main.o (.bss.gMotorStatusStreamEnabled)
                  2020061a    00000001     main.o (.bss.gOledReady)
                  2020061b    00000001     task_manager.o (.bss.gOledReady)
                  2020061c    00000001     main.o (.bss.gOpenMvAccelerationReady)
                  2020061d    00000001     main.o (.bss.gOpenMvDebugEnabled)
                  2020061e    00000001     main.o (.bss.gOpenMvDebugRxHead)
                  2020061f    00000001     main.o (.bss.gOpenMvDebugRxOverflow)
                  20200620    00000001     main.o (.bss.gOpenMvDebugRxTail)
                  20200621    00000001     task_manager.o (.bss.gStatusButton.0)
                  20200622    00000001     task_manager.o (.bss.gStatusButton.1)
                  20200623    00000001     task_manager.o (.bss.gStatusButton.2)
                  20200624    00000001     task_manager.o (.bss.gStatusPressPending)
                  20200625    00000001     task_manager.o (.bss.gStatusReleasePending)
                  20200626    00000001     task_manager.o (.bss.gTaskButton.0)
                  20200627    00000001     task_manager.o (.bss.gTaskButton.1)
                  20200628    00000001     task_manager.o (.bss.gTaskButton.2)
                  20200629    00000001     task_manager.o (.bss.gTaskStartButton.0)
                  2020062a    00000001     task_manager.o (.bss.gTaskStartButton.1)
                  2020062b    00000001     task_manager.o (.bss.gTaskStartButton.2)
                  2020062c    00000001     task_manager.o (.bss.gTaskStartPressPending)
                  2020062d    00000001     main.o (.bss.gUart3ForwardRxHead)
                  2020062e    00000001     main.o (.bss.gUart3ForwardRxOverflow)
                  2020062f    00000001     main.o (.bss.gUart3ForwardRxTail)
                  20200630    00000001     main.o (.bss.gUartCommandLength)
                  20200631    00000001     main.o (.bss.gUartCommandReady)

.data      0    20200638    00000019     UNINITIALIZED
                  20200638    00000008     stopwatch.o (.data.startSystick)
                  20200640    00000008     stopwatch.o (.data.stopSystick)
                  20200648    00000008     main.o (.data.systick_ms)
                  20200650    00000001     stopwatch.o (.data.isEnabled)

.stack     0    20207e00    00000200     UNINITIALIZED
                  20207e00    00000004     libc.a : boot_cortex_m.c.obj (.stack)
                  20207e04    000001fc     --HOLE--

__llvm_prf_cnts 
*          0    20200000    00000000     UNINITIALIZED

__llvm_prf_bits 
*          0    20200000    00000000     UNINITIALIZED

MODULE SUMMARY

       Module                         code    ro data   rw data
       ------                         ----    -------   -------
    .\
       main.o                         24788   1800      1156   
       oled.o                         3682    115       0      
       ti_msp_dl_config.o             1480    85        424    
       line_tracking.o                1694    11        0      
       lap_task_control.o             1152    144       0      
       motor_control.o                1266    0         0      
       straight_task_control.o        850     113       0      
       task_executor.o                824     124       0      
       task_manager.o                 520     0         14     
       car_control.o                  468     0         0      
       grayscale_sensor.o             428     0         0      
       startup_mspm0g350x_ticlang.o   6       192       0      
       stopwatch.o                    124     0         17     
       task_profiles.o                0       90        0      
    +--+------------------------------+-------+---------+---------+
       Total:                         37282   2674      1611   
                                                               
    E:/ti/ccs2100/mspm0_sdk_2_11_00_07/source/ti/driverlib/lib/ticlang/m0p/mspm0g1x0x_g3x0x/driverlib.a
       dl_timer.o                     608     0         0      
       dl_i2c.o                       192     0         0      
       dl_uart.o                      138     0         0      
       dl_common.o                    10      0         0      
    +--+------------------------------+-------+---------+---------+
       Total:                         948     0         0      
                                                               
    E:\ti\ccs2100\ccs\tools\compiler\ti-cgt-armllvm_5.1.1.LTS\lib\armv6m-ti-none-eabi/c/libc.a
       memcpy16.S.obj                 154     0         0      
       copy_decompress_lzss.c.obj     124     0         0      
       memset16.S.obj                 98      0         0      
       autoinit.c.obj                 60      0         0      
       boot_cortex_m.c.obj            40      0         0      
       copy_decompress_none.c.obj     18      0         0      
       copy_zero_init.c.obj           16      0         0      
       exit.c.obj                     6       0         0      
       pre_init.c.obj                 4       0         0      
    +--+------------------------------+-------+---------+---------+
       Total:                         520     0         0      
                                                               
    E:\ti\ccs2100\ccs\tools\compiler\ti-cgt-armllvm_5.1.1.LTS\lib\armv6m-ti-none-eabi/c/libsysbm.a
       hostexit.c.obj                 4       0         0      
    +--+------------------------------+-------+---------+---------+
       Total:                         4       0         0      
                                                               
    E:\ti\ccs2100\ccs\tools\compiler\ti-cgt-armllvm_5.1.1.LTS\lib\armv6m-ti-none-eabi/libclang_rt.builtins.a
       addsf3.S.obj                   216     0         0      
       udivmoddi4.S.obj               162     0         0      
       comparesf2.S.obj               140     0         0      
       mulsf3.S.obj                   140     0         0      
       divsf3.S.obj                   130     0         0      
       aeabi_fcmp.S.obj               90      0         0      
       aeabi_idivmod.S.obj            86      0         0      
       aeabi_uidivmod.S.obj           64      0         0      
       divmoddi4.c.obj                62      0         0      
       floatsisf.S.obj                60      0         0      
       muldsi3.S.obj                  58      0         0      
       fixsfsi.S.obj                  56      0         0      
       floatunsisf.S.obj              40      0         0      
       muldi3.S.obj                   36      0         0      
       ashldi3.S.obj                  30      0         0      
       aeabi_memset.S.obj             26      0         0      
       aeabi_ldivmod.S.obj            20      0         0      
       aeabi_uldivmod.S.obj           20      0         0      
       aeabi_memcpy.S.obj             8       0         0      
       aeabi_div0.c.obj               4       0         0      
    +--+------------------------------+-------+---------+---------+
       Total:                         1448    0         0      
                                                               
       Stack:                         0       0         512    
       Linker Generated:              0       44        0      
    +--+------------------------------+-------+---------+---------+
       Grand Total:                   40202   2718      2123   


LINKER GENERATED COPY TABLES

__TI_cinit_table @ 0000a7bc records: 2, size/record: 8, table size: 16
	.bss: load addr=0000a7ac, load size=00000008 bytes, run addr=20200000, run size=00000632 bytes, compression=zero_init
	.data: load addr=0000a7b4, load size=00000008 bytes, run addr=20200638, run size=00000019 bytes, compression=lzss


LINKER GENERATED HANDLER TABLE

__TI_handler_table @ 0000a7a0 records: 3, size/record: 4, table size: 12
	index: 0, handler: __TI_decompress_lzss
	index: 1, handler: __TI_decompress_none
	index: 2, handler: __TI_zero_init


GLOBAL SYMBOLS: SORTED ALPHABETICALLY BY Name 

address   name                                     
-------   ----                                     
00006d6f  ADC0_IRQHandler                          
00006d6f  ADC1_IRQHandler                          
00006d6f  AES_IRQHandler                           
00009dc8  C$$EXIT                                  
00006d6f  CANFD0_IRQHandler                        
00009be1  CarControl_emergencyStop                 
00009dc5  CarControl_getMotion                     
00009dad  CarControl_getSpeedRpm                   
00009db3  CarControl_getTurnInnerPercent           
0000965d  CarControl_init                          
00007fb1  CarControl_setMotion                     
00009a6d  CarControl_stop                          
00006d6f  DAC0_IRQHandler                          
00009d91  DL_Common_delayCycles                    
0000926b  DL_I2C_fillControllerTXFIFO              
000097e1  DL_I2C_flushControllerTXFIFO             
00009ae5  DL_I2C_setClockConfig                    
0000831d  DL_Timer_initFourCCPWMMode               
00008625  DL_Timer_initTimerMode                   
00009c5d  DL_Timer_setCaptCompUpdateMethod         
00009cb1  DL_Timer_setCaptureCompareOutCtl         
00009d29  DL_Timer_setCaptureCompareValue          
00009c79  DL_Timer_setClockConfig                  
00009615  DL_UART_init                             
00009cf1  DL_UART_setClockConfig                   
000099b1  DL_UART_transmitDataBlocking             
00006d6f  DMA_IRQHandler                           
00006d6f  Default_Handler                          
00006d6f  GROUP0_IRQHandler                        
00008f01  GROUP1_IRQHandler                        
00009a41  Grayscale_Sensor_Init                    
00007b81  Grayscale_Sensor_ReadAll                 
00009dc9  HOSTexit                                 
00006d6f  HardFault_Handler                        
00006d6f  I2C0_IRQHandler                          
00006d6f  I2C1_IRQHandler                          
0000957d  LapTaskControl_init                      
00009d03  LapTaskControl_isRunning                 
0000969f  LapTaskControl_reset                     
000080ed  LapTaskControl_start                     
0000707d  LapTaskControl_update                    
00009db9  LineTracking_getSpeed                    
00009bff  LineTracking_init                        
00009dcd  LineTracking_isEnabled                   
000088cd  LineTracking_readActiveCount             
00009d39  LineTracking_reset                       
00009dd1  LineTracking_setDebugEnabled             
00009dd5  LineTracking_setEnabled                  
00009d9b  LineTracking_setLostLineRecoveryRpmOffset
00009dd9  LineTracking_setSpeed                    
00005a49  LineTracking_update                      
00009895  MotorControl_coast                       
00008f75  MotorControl_getLatestSpeedRpmTimes10    
0000997d  MotorControl_handleEncoderEdge           
00009325  MotorControl_init                        
00009c1d  MotorControl_setTargetRpm                
00008aad  MotorControl_takeStatus                  
00006d71  MotorControl_update                      
00006d6f  NMI_Handler                              
0000699d  OLED_Init                                
00005ff9  OLED_ShowStopwatch                       
000075c5  OLED_ShowTask                            
00006d6f  PendSV_Handler                           
00006d6f  RTC_IRQHandler                           
00009ddd  Reset_Handler                            
00006d6f  SPI0_IRQHandler                          
00006d6f  SPI1_IRQHandler                          
00006d6f  SVC_Handler                              
00007d01  SYSCFG_DL_GPIO_init                      
00009485  SYSCFG_DL_I2C_MPU6050_init               
000094d9  SYSCFG_DL_I2C_OLED_init                  
00008b41  SYSCFG_DL_PWM_MOTOR_AB_init              
00008bd1  SYSCFG_DL_PWM_MOTOR_CD_init              
000096e1  SYSCFG_DL_SYSCTL_init                    
0000990d  SYSCFG_DL_TIMER_PID_init                 
00008fe5  SYSCFG_DL_UART_0_init                    
00009055  SYSCFG_DL_UART_1_init                    
000090c5  SYSCFG_DL_UART_OPENMV_init               
0000952d  SYSCFG_DL_init                           
00008d79  SYSCFG_DL_initPower                      
000099e1  Stopwatch_getCurrentMs                   
00009d79  Stopwatch_isEnabled                      
00009ba1  Stopwatch_start                          
00009bc1  Stopwatch_stop                           
00009a11  StraightTaskControl_init                 
00009d49  StraightTaskControl_isRunning            
00009b0b  StraightTaskControl_reset                
00007e61  StraightTaskControl_start                
000079e5  StraightTaskControl_update               
00006d6f  SysTick_Handler                          
00006d6f  TIMA0_IRQHandler                         
0000937d  TIMA1_IRQHandler                         
00006d6f  TIMG0_IRQHandler                         
00006d6f  TIMG12_IRQHandler                        
00006d6f  TIMG6_IRQHandler                         
00006d6f  TIMG7_IRQHandler                         
00006d6f  TIMG8_IRQHandler                         
00009135  TaskExecutor_init                        
00009b7d  TaskExecutor_isRunning                   
00009b31  TaskExecutor_reset                       
00007345  TaskExecutor_update                      
00009d85  TaskManager_getActiveTask                
000087f9  TaskManager_init                         
00009d59  TaskManager_taskStartPressed             
00008205  TaskManager_update                       
000091a5  UART0_IRQHandler                         
000093d5  UART1_IRQHandler                         
00006d6f  UART2_IRQHandler                         
000095c9  UART3_IRQHandler                         
20208000  __STACK_END                              
00000200  __STACK_SIZE                             
00000000  __TI_ATRegion0_region_sz                 
00000000  __TI_ATRegion0_src_addr                  
00000000  __TI_ATRegion0_trg_addr                  
00000000  __TI_ATRegion1_region_sz                 
00000000  __TI_ATRegion1_src_addr                  
00000000  __TI_ATRegion1_trg_addr                  
00000000  __TI_ATRegion2_region_sz                 
00000000  __TI_ATRegion2_src_addr                  
00000000  __TI_ATRegion2_trg_addr                  
0000a7bc  __TI_CINIT_Base                          
0000a7cc  __TI_CINIT_Limit                         
0000a7cc  __TI_CINIT_Warm                          
0000a7a0  __TI_Handler_Table_Base                  
0000a7ac  __TI_Handler_Table_Limit                 
0000981d  __TI_auto_init_nobinit_nopinit           
00008e85  __TI_decompress_lzss                     
00009d15  __TI_decompress_none                     
ffffffff  __TI_pprof_out_hndl                      
ffffffff  __TI_prof_data_size                      
ffffffff  __TI_prof_data_start                     
00000000  __TI_static_base__                       
00009d69  __TI_zero_init                           
0000872b  __addsf3                                 
00009945  __aeabi_f2iz                             
0000872b  __aeabi_fadd                             
000092c9  __aeabi_fcmpeq                           
000092ff  __aeabi_fcmpge                           
00009311  __aeabi_fcmpgt                           
000092ed  __aeabi_fcmple                           
000092db  __aeabi_fcmplt                           
00008cd7  __aeabi_fcmpun                           
00008e01  __aeabi_fdiv                             
00008ced  __aeabi_fmul                             
00008721  __aeabi_fsub                             
00009859  __aeabi_i2f                              
0000942d  __aeabi_idiv                             
0000896f  __aeabi_idiv0                            
0000942d  __aeabi_idivmod                          
00008e83  __aeabi_ldiv0                            
00009cc9  __aeabi_ldivmod                          
00009c3d  __aeabi_llsl                             
00009b59  __aeabi_lmul                             
00009ca3  __aeabi_memclr                           
00009ca3  __aeabi_memclr4                          
00009ca3  __aeabi_memclr8                          
00009da5  __aeabi_memcpy                           
00009da5  __aeabi_memcpy4                          
00009da5  __aeabi_memcpy8                          
00009c95  __aeabi_memset                           
00009c95  __aeabi_memset4                          
00009c95  __aeabi_memset8                          
00009abd  __aeabi_ui2f                             
00009761  __aeabi_uidiv                            
00009761  __aeabi_uidivmod                         
00009cdd  __aeabi_uldivmod                         
00009c3d  __ashldi3                                
ffffffff  __binit__                                
00008c61  __cmpsf2                                 
000097a1  __divmoddi4                              
00008e01  __divsf3                                 
00008c61  __eqsf2                                  
00009945  __fixsfsi                                
00009859  __floatsisf                              
00009abd  __floatunsisf                            
00008c9b  __gesf2                                  
00008c9b  __gtsf2                                  
00008c61  __lesf2                                  
00008c61  __ltsf2                                  
UNDEFED   __mpu_init                               
00009b59  __muldi3                                 
000098d1  __muldsi3                                
00008ced  __mulsf3                                 
00008c61  __nesf2                                  
20207e00  __stack                                  
20200000  __start___llvm_prf_bits                  
20200000  __start___llvm_prf_cnts                  
20200000  __stop___llvm_prf_bits                   
20200000  __stop___llvm_prf_cnts                   
00008721  __subsf3                                 
00008971  __udivmoddi4                             
00008cd7  __unordsf2                               
00009a95  _c_int00_noargs                          
UNDEFED   _system_post_cinit                       
00009de1  _system_pre_init                         
00009dbf  abort                                    
ffffffff  binit                                    
0000a57c  gLapTask2Profile                         
0000a594  gLapTask5Profile                         
0000a5ac  gLapTask6Profile                         
20200000  gPWM_MOTOR_CDBackup                      
0000a642  gStraightTask4Profile                    
202000bc  gTIMER_PIDBackup                         
20200570  gUART_1Backup                            
00000000  interruptVectors                         
000000c1  main                                     
00008a13  memcpy                                   
00009209  memset                                   
20200648  systick_ms                               


GLOBAL SYMBOLS: SORTED BY Symbol Address 

address   name                                     
-------   ----                                     
00000000  __TI_ATRegion0_region_sz                 
00000000  __TI_ATRegion0_src_addr                  
00000000  __TI_ATRegion0_trg_addr                  
00000000  __TI_ATRegion1_region_sz                 
00000000  __TI_ATRegion1_src_addr                  
00000000  __TI_ATRegion1_trg_addr                  
00000000  __TI_ATRegion2_region_sz                 
00000000  __TI_ATRegion2_src_addr                  
00000000  __TI_ATRegion2_trg_addr                  
00000000  __TI_static_base__                       
00000000  interruptVectors                         
000000c1  main                                     
00000200  __STACK_SIZE                             
00005a49  LineTracking_update                      
00005ff9  OLED_ShowStopwatch                       
0000699d  OLED_Init                                
00006d6f  ADC0_IRQHandler                          
00006d6f  ADC1_IRQHandler                          
00006d6f  AES_IRQHandler                           
00006d6f  CANFD0_IRQHandler                        
00006d6f  DAC0_IRQHandler                          
00006d6f  DMA_IRQHandler                           
00006d6f  Default_Handler                          
00006d6f  GROUP0_IRQHandler                        
00006d6f  HardFault_Handler                        
00006d6f  I2C0_IRQHandler                          
00006d6f  I2C1_IRQHandler                          
00006d6f  NMI_Handler                              
00006d6f  PendSV_Handler                           
00006d6f  RTC_IRQHandler                           
00006d6f  SPI0_IRQHandler                          
00006d6f  SPI1_IRQHandler                          
00006d6f  SVC_Handler                              
00006d6f  SysTick_Handler                          
00006d6f  TIMA0_IRQHandler                         
00006d6f  TIMG0_IRQHandler                         
00006d6f  TIMG12_IRQHandler                        
00006d6f  TIMG6_IRQHandler                         
00006d6f  TIMG7_IRQHandler                         
00006d6f  TIMG8_IRQHandler                         
00006d6f  UART2_IRQHandler                         
00006d71  MotorControl_update                      
0000707d  LapTaskControl_update                    
00007345  TaskExecutor_update                      
000075c5  OLED_ShowTask                            
000079e5  StraightTaskControl_update               
00007b81  Grayscale_Sensor_ReadAll                 
00007d01  SYSCFG_DL_GPIO_init                      
00007e61  StraightTaskControl_start                
00007fb1  CarControl_setMotion                     
000080ed  LapTaskControl_start                     
00008205  TaskManager_update                       
0000831d  DL_Timer_initFourCCPWMMode               
00008625  DL_Timer_initTimerMode                   
00008721  __aeabi_fsub                             
00008721  __subsf3                                 
0000872b  __addsf3                                 
0000872b  __aeabi_fadd                             
000087f9  TaskManager_init                         
000088cd  LineTracking_readActiveCount             
0000896f  __aeabi_idiv0                            
00008971  __udivmoddi4                             
00008a13  memcpy                                   
00008aad  MotorControl_takeStatus                  
00008b41  SYSCFG_DL_PWM_MOTOR_AB_init              
00008bd1  SYSCFG_DL_PWM_MOTOR_CD_init              
00008c61  __cmpsf2                                 
00008c61  __eqsf2                                  
00008c61  __lesf2                                  
00008c61  __ltsf2                                  
00008c61  __nesf2                                  
00008c9b  __gesf2                                  
00008c9b  __gtsf2                                  
00008cd7  __aeabi_fcmpun                           
00008cd7  __unordsf2                               
00008ced  __aeabi_fmul                             
00008ced  __mulsf3                                 
00008d79  SYSCFG_DL_initPower                      
00008e01  __aeabi_fdiv                             
00008e01  __divsf3                                 
00008e83  __aeabi_ldiv0                            
00008e85  __TI_decompress_lzss                     
00008f01  GROUP1_IRQHandler                        
00008f75  MotorControl_getLatestSpeedRpmTimes10    
00008fe5  SYSCFG_DL_UART_0_init                    
00009055  SYSCFG_DL_UART_1_init                    
000090c5  SYSCFG_DL_UART_OPENMV_init               
00009135  TaskExecutor_init                        
000091a5  UART0_IRQHandler                         
00009209  memset                                   
0000926b  DL_I2C_fillControllerTXFIFO              
000092c9  __aeabi_fcmpeq                           
000092db  __aeabi_fcmplt                           
000092ed  __aeabi_fcmple                           
000092ff  __aeabi_fcmpge                           
00009311  __aeabi_fcmpgt                           
00009325  MotorControl_init                        
0000937d  TIMA1_IRQHandler                         
000093d5  UART1_IRQHandler                         
0000942d  __aeabi_idiv                             
0000942d  __aeabi_idivmod                          
00009485  SYSCFG_DL_I2C_MPU6050_init               
000094d9  SYSCFG_DL_I2C_OLED_init                  
0000952d  SYSCFG_DL_init                           
0000957d  LapTaskControl_init                      
000095c9  UART3_IRQHandler                         
00009615  DL_UART_init                             
0000965d  CarControl_init                          
0000969f  LapTaskControl_reset                     
000096e1  SYSCFG_DL_SYSCTL_init                    
00009761  __aeabi_uidiv                            
00009761  __aeabi_uidivmod                         
000097a1  __divmoddi4                              
000097e1  DL_I2C_flushControllerTXFIFO             
0000981d  __TI_auto_init_nobinit_nopinit           
00009859  __aeabi_i2f                              
00009859  __floatsisf                              
00009895  MotorControl_coast                       
000098d1  __muldsi3                                
0000990d  SYSCFG_DL_TIMER_PID_init                 
00009945  __aeabi_f2iz                             
00009945  __fixsfsi                                
0000997d  MotorControl_handleEncoderEdge           
000099b1  DL_UART_transmitDataBlocking             
000099e1  Stopwatch_getCurrentMs                   
00009a11  StraightTaskControl_init                 
00009a41  Grayscale_Sensor_Init                    
00009a6d  CarControl_stop                          
00009a95  _c_int00_noargs                          
00009abd  __aeabi_ui2f                             
00009abd  __floatunsisf                            
00009ae5  DL_I2C_setClockConfig                    
00009b0b  StraightTaskControl_reset                
00009b31  TaskExecutor_reset                       
00009b59  __aeabi_lmul                             
00009b59  __muldi3                                 
00009b7d  TaskExecutor_isRunning                   
00009ba1  Stopwatch_start                          
00009bc1  Stopwatch_stop                           
00009be1  CarControl_emergencyStop                 
00009bff  LineTracking_init                        
00009c1d  MotorControl_setTargetRpm                
00009c3d  __aeabi_llsl                             
00009c3d  __ashldi3                                
00009c5d  DL_Timer_setCaptCompUpdateMethod         
00009c79  DL_Timer_setClockConfig                  
00009c95  __aeabi_memset                           
00009c95  __aeabi_memset4                          
00009c95  __aeabi_memset8                          
00009ca3  __aeabi_memclr                           
00009ca3  __aeabi_memclr4                          
00009ca3  __aeabi_memclr8                          
00009cb1  DL_Timer_setCaptureCompareOutCtl         
00009cc9  __aeabi_ldivmod                          
00009cdd  __aeabi_uldivmod                         
00009cf1  DL_UART_setClockConfig                   
00009d03  LapTaskControl_isRunning                 
00009d15  __TI_decompress_none                     
00009d29  DL_Timer_setCaptureCompareValue          
00009d39  LineTracking_reset                       
00009d49  StraightTaskControl_isRunning            
00009d59  TaskManager_taskStartPressed             
00009d69  __TI_zero_init                           
00009d79  Stopwatch_isEnabled                      
00009d85  TaskManager_getActiveTask                
00009d91  DL_Common_delayCycles                    
00009d9b  LineTracking_setLostLineRecoveryRpmOffset
00009da5  __aeabi_memcpy                           
00009da5  __aeabi_memcpy4                          
00009da5  __aeabi_memcpy8                          
00009dad  CarControl_getSpeedRpm                   
00009db3  CarControl_getTurnInnerPercent           
00009db9  LineTracking_getSpeed                    
00009dbf  abort                                    
00009dc5  CarControl_getMotion                     
00009dc8  C$$EXIT                                  
00009dc9  HOSTexit                                 
00009dcd  LineTracking_isEnabled                   
00009dd1  LineTracking_setDebugEnabled             
00009dd5  LineTracking_setEnabled                  
00009dd9  LineTracking_setSpeed                    
00009ddd  Reset_Handler                            
00009de1  _system_pre_init                         
0000a57c  gLapTask2Profile                         
0000a594  gLapTask5Profile                         
0000a5ac  gLapTask6Profile                         
0000a642  gStraightTask4Profile                    
0000a7a0  __TI_Handler_Table_Base                  
0000a7ac  __TI_Handler_Table_Limit                 
0000a7bc  __TI_CINIT_Base                          
0000a7cc  __TI_CINIT_Limit                         
0000a7cc  __TI_CINIT_Warm                          
20200000  __start___llvm_prf_bits                  
20200000  __start___llvm_prf_cnts                  
20200000  __stop___llvm_prf_bits                   
20200000  __stop___llvm_prf_cnts                   
20200000  gPWM_MOTOR_CDBackup                      
202000bc  gTIMER_PIDBackup                         
20200570  gUART_1Backup                            
20200648  systick_ms                               
20207e00  __stack                                  
20208000  __STACK_END                              
ffffffff  __TI_pprof_out_hndl                      
ffffffff  __TI_prof_data_size                      
ffffffff  __TI_prof_data_start                     
ffffffff  __binit__                                
ffffffff  binit                                    
UNDEFED   __mpu_init                               
UNDEFED   _system_post_cinit                       

[209 symbols]
