******************************************************************************
            TI ARM Clang Linker PC v5.1.1                      
******************************************************************************
>> Linked Sat Jul 25 20:17:22 2026

OUTPUT FILE NAME:   <main.out>
ENTRY POINT SYMBOL: "_c_int00_noargs"  address: 000099b9


MEMORY CONFIGURATION

         name            origin    length      used     unused   attr    fill
----------------------  --------  ---------  --------  --------  ----  --------
  FLASH                 00000000   00020000  0000a3a8  00015c58  R  X
  SRAM                  20200000   00008000  00000653  000079ad  RW X
  BCR_CONFIG            41c00000   000000ff  00000000  000000ff  R   
  BSL_CONFIG            41c00100   00000080  00000000  00000080  R   


SEGMENT ALLOCATION MAP

run origin  load origin   length   init length attrs members
----------  ----------- ---------- ----------- ----- -------
00000000    00000000    0000a3a8   0000a3a8    r-x
  00000000    00000000    000000c0   000000c0    r-- .intvecs
  000000c0    000000c0    00009b68   00009b68    r-x .text
  00009c28    00009c28    00000768   00000768    r-- .rodata
  0000a390    0000a390    00000018   00000018    r-- .cinit
20200000    20200000    00000453   00000000    rw-
  20200000    20200000    00000453   00000000    rw- .bss
20207e00    20207e00    00000200   00000000    rw-
  20207e00    20207e00    00000200   00000000    rw- .stack


SECTION ALLOCATION MAP

 output                                  attributes/
section   page    origin      length       input sections
--------  ----  ----------  ----------   ----------------
.intvecs   0    00000000    000000c0     
                  00000000    000000c0     startup_mspm0g350x_ticlang.o (.intvecs)

.text      0    000000c0    00009b68     
                  000000c0    00005e9c     main.o (.text.main)
                  00005f5c    000005d4     main.o (.text.UART_reportMotorStatus)
                  00006530    000003d2     oled.o (.text.OLED_Init)
                  00006902    00000002     startup_mspm0g350x_ticlang.o (.text.Default_Handler)
                  00006904    000002f8     motor_control.o (.text.MotorControl_update)
                  00006bfc    00000280     oled.o (.text.OLED_ShowTask1Endpoint)
                  00006e7c    00000278     mpu6050_angle.o (.text.MPU6050_Angle_initWithProgress)
                  000070f4    00000278     oled.o (.text.OLED_ShowTask)
                  0000736c    0000026c     oled.o (.text.OLED_ShowCalibration)
                  000075d8    00000244     main.o (.text.UART_reportGrayscale)
                  0000781c    00000238     main.o (.text.UART_reportZAngle)
                  00007a54    00000218     angle_turn_control.o (.text.AngleTurnControl_update)
                  00007c6c    000001d4     mpu6050_angle.o (.text.MPU6050_readRegisters)
                  00007e40    00000174     grayscale_sensor.o (.text.Grayscale_Sensor_ReadAll)
                  00007fb4    00000170     oled.o (.text.OLED_writeString)
                  00008124    00000170     ti_msp_dl_config.o (.text.SYSCFG_DL_GPIO_init)
                  00008294    00000138     car_control.o (.text.CarControl_setMotion)
                  000083cc    00000104     driverlib.a : dl_timer.o (.text.DL_Timer_initFourCCPWMMode)
                  000084d0    00000104     mpu6050_angle.o (.text.MPU6050_writeRegister)
                  000085d4    00000104     oled.o (.text.OLED_writeByte)
                  000086d8    000000fc     driverlib.a : dl_timer.o (.text.DL_Timer_initTimerMode)
                  000087d4    000000f4     task_manager.o (.text.TaskManager_update)
                  000088c8    000000d8     libclang_rt.builtins.a : addsf3.S.obj (.text)
                  000089a0    000000a2                            : udivmoddi4.S.obj (.text)
                  00008a42    0000009a     libc.a : memcpy16.S.obj (.text:memcpy)
                  00008adc    00000098     task_manager.o (.text.TaskManager_init)
                  00008b74    00000090     ti_msp_dl_config.o (.text.SYSCFG_DL_PWM_MOTOR_AB_init)
                  00008c04    00000090     ti_msp_dl_config.o (.text.SYSCFG_DL_PWM_MOTOR_CD_init)
                  00008c94    0000008c     libclang_rt.builtins.a : comparesf2.S.obj (.text)
                  00008d20    0000008c                            : mulsf3.S.obj (.text)
                  00008dac    0000008a     motor_control.o (.text.MotorControl_takeStatus)
                  00008e36    00000002     libclang_rt.builtins.a : aeabi_div0.c.obj (.text.__aeabi_idiv0)
                  00008e38    00000084     angle_turn_control.o (.text.AngleTurnControl_start)
                  00008ebc    00000082     libclang_rt.builtins.a : divsf3.S.obj (.text)
                  00008f3e    00000002                            : aeabi_div0.c.obj (.text.__aeabi_ldiv0)
                  00008f40    00000080     main.o (.text.GROUP1_IRQHandler)
                  00008fc0    0000007c     ti_msp_dl_config.o (.text.SYSCFG_DL_initPower)
                  0000903c    00000070     ti_msp_dl_config.o (.text.SYSCFG_DL_UART_0_init)
                  000090ac    0000006e     angle_turn_control.o (.text.AngleTurnControl_getCoastDistanceDegrees)
                  0000911a    00000002     --HOLE-- [fill = 0]
                  0000911c    00000064     main.o (.text.UART0_IRQHandler)
                  00009180    00000062     libc.a : memset16.S.obj (.text:memset)
                  000091e2    00000002     --HOLE-- [fill = 0]
                  000091e4    00000060     mpu6050_angle.o (.text.MPU6050_Angle_update)
                  00009244    00000060     ti_msp_dl_config.o (.text.SYSCFG_DL_UART_OPENMV_init)
                  000092a4    0000005e     driverlib.a : dl_i2c.o (.text.DL_I2C_fillControllerTXFIFO)
                  00009302    00000002     --HOLE-- [fill = 0]
                  00009304    0000005a     libclang_rt.builtins.a : aeabi_fcmp.S.obj (.text)
                  0000935e    00000002     --HOLE-- [fill = 0]
                  00009360    00000058     motor_control.o (.text.MotorControl_init)
                  000093b8    00000056     libclang_rt.builtins.a : aeabi_idivmod.S.obj (.text)
                  0000940e    00000002     --HOLE-- [fill = 0]
                  00009410    00000054     ti_msp_dl_config.o (.text.SYSCFG_DL_I2C_MPU6050_init)
                  00009464    00000054     ti_msp_dl_config.o (.text.SYSCFG_DL_I2C_OLED_init)
                  000094b8    0000004e     libclang_rt.builtins.a : floatdisf.S.obj (.text)
                  00009506    00000002     --HOLE-- [fill = 0]
                  00009508    00000048     driverlib.a : dl_uart.o (.text.DL_UART_init)
                  00009550    00000044     main.o (.text.TIMA1_IRQHandler)
                  00009594    00000040     ti_msp_dl_config.o (.text.SYSCFG_DL_SYSCTL_init)
                  000095d4    00000040     ti_msp_dl_config.o (.text.SYSCFG_DL_init)
                  00009614    00000040     libclang_rt.builtins.a : aeabi_uidivmod.S.obj (.text)
                  00009654    0000003e     car_control.o (.text.CarControl_init)
                  00009692    0000003e     libclang_rt.builtins.a : divmoddi4.c.obj (.text.__divmoddi4)
                  000096d0    0000003c     driverlib.a : dl_i2c.o (.text.DL_I2C_flushControllerTXFIFO)
                  0000970c    0000003c     libc.a : autoinit.c.obj (.text:__TI_auto_init_nobinit_nopinit)
                  00009748    0000003c     libclang_rt.builtins.a : floatsisf.S.obj (.text)
                  00009784    0000003a     motor_control.o (.text.MotorControl_coast)
                  000097be    00000002     --HOLE-- [fill = 0]
                  000097c0    0000003a     libclang_rt.builtins.a : muldsi3.S.obj (.text)
                  000097fa    00000038     angle_turn_control.o (.text.AngleTurnControl_enterCreep)
                  00009832    00000002     --HOLE-- [fill = 0]
                  00009834    00000038     ti_msp_dl_config.o (.text.SYSCFG_DL_TIMER_PID_init)
                  0000986c    00000038     libclang_rt.builtins.a : fixsfsi.S.obj (.text)
                  000098a4    00000032     motor_control.o (.text.MotorControl_handleEncoderEdge)
                  000098d6    00000002     --HOLE-- [fill = 0]
                  000098d8    00000030     driverlib.a : dl_i2c.o (.text.DL_I2C_flushControllerRXFIFO)
                  00009908    00000030                 : dl_uart.o (.text.DL_UART_transmitDataBlocking)
                  00009938    0000002c     angle_turn_control.o (.text.AngleTurnControl_init)
                  00009964    0000002c     grayscale_sensor.o (.text.Grayscale_Sensor_Init)
                  00009990    00000028     car_control.o (.text.CarControl_stop)
                  000099b8    00000028     libc.a : boot_cortex_m.c.obj (.text:_c_int00_noargs)
                  000099e0    00000028     libclang_rt.builtins.a : floatunsisf.S.obj (.text)
                  00009a08    00000026     driverlib.a : dl_i2c.o (.text.DL_I2C_setClockConfig)
                  00009a2e    00000024     angle_turn_control.o (.text.AngleTurnControl_cancel)
                  00009a52    00000002     --HOLE-- [fill = 0]
                  00009a54    00000024     libclang_rt.builtins.a : muldi3.S.obj (.text)
                  00009a78    0000001e     car_control.o (.text.CarControl_coast)
                  00009a96    0000001e     car_control.o (.text.CarControl_emergencyStop)
                  00009ab4    0000001e     motor_control.o (.text.MotorControl_setTargetRpm)
                  00009ad2    00000002     --HOLE-- [fill = 0]
                  00009ad4    0000001e     libclang_rt.builtins.a : ashldi3.S.obj (.text)
                  00009af2    00000002     --HOLE-- [fill = 0]
                  00009af4    0000001c     driverlib.a : dl_timer.o (.text.DL_Timer_setCaptCompUpdateMethod)
                  00009b10    0000001c                 : dl_timer.o (.text.DL_Timer_setClockConfig)
                  00009b2c    0000001a     libclang_rt.builtins.a : aeabi_memset.S.obj (.text)
                  00009b46    00000002     --HOLE-- [fill = 0]
                  00009b48    00000018     driverlib.a : dl_timer.o (.text.DL_Timer_setCaptureCompareOutCtl)
                  00009b60    00000018     main.o (.text.OLED_showCalibrationProgress)
                  00009b78    00000014     libclang_rt.builtins.a : aeabi_ldivmod.S.obj (.text)
                  00009b8c    00000012     driverlib.a : dl_uart.o (.text.DL_UART_setClockConfig)
                  00009b9e    00000002     --HOLE-- [fill = 0]
                  00009ba0    00000010                 : dl_timer.o (.text.DL_Timer_setCaptureCompareValue)
                  00009bb0    00000010     libc.a : copy_zero_init.c.obj (.text:decompress:ZI)
                  00009bc0    0000000c     mpu6050_angle.o (.text.MPU6050_Angle_getDeviceId)
                  00009bcc    0000000c     mpu6050_angle.o (.text.MPU6050_Angle_getZDegrees)
                  00009bd8    0000000c     mpu6050_angle.o (.text.MPU6050_Angle_getZRateDps)
                  00009be4    0000000c     mpu6050_angle.o (.text.MPU6050_Angle_reset)
                  00009bf0    0000000a     driverlib.a : dl_common.o (.text.DL_Common_delayCycles)
                  00009bfa    00000002     --HOLE-- [fill = 0]
                  00009bfc    00000008     libclang_rt.builtins.a : aeabi_memcpy.S.obj (.text)
                  00009c04    00000006     angle_turn_control.o (.text.AngleTurnControl_isActive)
                  00009c0a    00000006     car_control.o (.text.CarControl_getSpeedRpm)
                  00009c10    00000006     libc.a : exit.c.obj (.text:abort)
                  00009c16    00000004     car_control.o (.text.CarControl_getTurnInnerPercent)
                  00009c1a    00000004     libsysbm.a : hostexit.c.obj (.text.HOSTexit)
                  00009c1e    00000004     startup_mspm0g350x_ticlang.o (.text.Reset_Handler)
                  00009c22    00000004     libc.a : pre_init.c.obj (.text._system_pre_init)
                  00009c26    00000002     --HOLE-- [fill = 0]

.cinit     0    0000a390    00000018     
                  0000a390    00000008     (.cinit..bss.load) [load image, compression = zero_init]
                  0000a398    00000004     (__TI_handler_table)
                  0000a39c    00000008     (__TI_cinit_table)
                  0000a3a4    00000004     --HOLE-- [fill = 0]

.rodata    0    00009c28    00000768     
                  00009c28    00000050     main.o (.rodata.gMotorAConfig)
                  00009c78    00000050     main.o (.rodata.gMotorBConfig)
                  00009cc8    00000050     main.o (.rodata.gMotorCConfig)
                  00009d18    00000050     main.o (.rodata.gMotorDConfig)
                  00009d68    00000039     main.o (.rodata.str1.17100691992556644108.1)
                  00009da1    00000036     main.o (.rodata.str1.10753028060609409702.1)
                  00009dd7    00000036     main.o (.rodata.str1.18420373917905513025.1)
                  00009e0d    00000032     main.o (.rodata.str1.14402440632258215044.1)
                  00009e3f    00000032     main.o (.rodata.str1.288608917962107522.1)
                  00009e71    00000031     main.o (.rodata.str1.625103348304617710.1)
                  00009ea2    00000031     main.o (.rodata.str1.729616968063973023.1)
                  00009ed3    0000002e     main.o (.rodata.str1.6365796992934770792.1)
                  00009f01    0000002e     main.o (.rodata.str1.8154729771448623357.1)
                  00009f2f    0000002d     main.o (.rodata.str1.17045314124001216156.1)
                  00009f5c    0000002d     main.o (.rodata.str1.5266312244614669333.1)
                  00009f89    0000002b     main.o (.rodata.str1.13455639105384664542.1)
                  00009fb4    0000002a     main.o (.rodata.str1.13203255162302409502.1)
                  00009fde    00000029     main.o (.rodata.str1.11822182024223342093.1)
                  0000a007    00000029     main.o (.rodata.str1.5789451164904352291.1)
                  0000a030    00000028     main.o (.rodata.str1.1311392489248731986.1)
                  0000a058    00000028     main.o (.rodata.str1.4829115146054326934.1)
                  0000a080    00000028     main.o (.rodata.str1.9582546670787941090.1)
                  0000a0a8    00000027     main.o (.rodata.str1.10313062130652730376.1)
                  0000a0cf    00000027     main.o (.rodata.str1.13782249893155712474.1)
                  0000a0f6    00000027     main.o (.rodata.str1.16485475968410363649.1)
                  0000a11d    00000027     main.o (.rodata.str1.6891813955777630061.1)
                  0000a144    00000026     main.o (.rodata.str1.2255554096259913709.1)
                  0000a16a    00000026     main.o (.rodata.str1.7190843550371250464.1)
                  0000a190    00000025     main.o (.rodata.str1.14712910685067215323.1)
                  0000a1b5    00000025     main.o (.rodata.str1.16709704744796600189.1)
                  0000a1da    00000025     main.o (.rodata.str1.3306105329219470413.1)
                  0000a1ff    00000024     main.o (.rodata.str1.3530083166107438000.1)
                  0000a223    00000024     main.o (.rodata.str1.8594060063395485230.1)
                  0000a247    00000023     main.o (.rodata.str1.11639152155638730617.1)
                  0000a26a    00000002     ti_msp_dl_config.o (.rodata.gI2C_MPU6050ClockConfig)
                  0000a26c    00000020     main.o (.rodata.gAngleTurnConfig)
                  0000a28c    0000001c     main.o (.rodata.gCarConfig)
                  0000a2a8    00000014     ti_msp_dl_config.o (.rodata.gTIMER_PIDTimerConfig)
                  0000a2bc    00000011     main.o (.rodata.str1.887240019932590441.1)
                  0000a2cd    00000003     ti_msp_dl_config.o (.rodata.gPWM_MOTOR_ABClockConfig)
                  0000a2d0    00000010     main.o (.rodata..Lswitch.table.main.110)
                  0000a2e0    0000000e     main.o (.rodata.str1.15159059442110792349.1)
                  0000a2ee    0000000b     main.o (.rodata.str1.13030671760666898970.1)
                  0000a2f9    0000000b     main.o (.rodata.str1.403738606202455663.1)
                  0000a304    0000000a     ti_msp_dl_config.o (.rodata.gUART_0Config)
                  0000a30e    0000000a     ti_msp_dl_config.o (.rodata.gUART_OPENMVConfig)
                  0000a318    00000008     main.o (.rodata.cst8)
                  0000a320    00000008     ti_msp_dl_config.o (.rodata.gPWM_MOTOR_ABConfig)
                  0000a328    00000008     ti_msp_dl_config.o (.rodata.gPWM_MOTOR_CDConfig)
                  0000a330    00000005     oled.o (.rodata.OLED_getGlyph.A)
                  0000a335    00000005     oled.o (.rodata.OLED_getGlyph.C)
                  0000a33a    00000005     oled.o (.rodata.OLED_getGlyph.D)
                  0000a33f    00000005     oled.o (.rodata.OLED_getGlyph.E)
                  0000a344    00000005     oled.o (.rodata.OLED_getGlyph.K)
                  0000a349    00000005     oled.o (.rodata.OLED_getGlyph.L)
                  0000a34e    00000005     oled.o (.rodata.OLED_getGlyph.N)
                  0000a353    00000005     oled.o (.rodata.OLED_getGlyph.S)
                  0000a358    00000005     oled.o (.rodata.OLED_getGlyph.T)
                  0000a35d    00000005     oled.o (.rodata.OLED_getGlyph.five)
                  0000a362    00000005     oled.o (.rodata.OLED_getGlyph.four)
                  0000a367    00000005     oled.o (.rodata.OLED_getGlyph.one)
                  0000a36c    00000005     oled.o (.rodata.OLED_getGlyph.space)
                  0000a371    00000005     oled.o (.rodata.OLED_getGlyph.three)
                  0000a376    00000005     oled.o (.rodata.OLED_getGlyph.two)
                  0000a37b    00000004     main.o (.rodata.str1.10720410773482754683.1)
                  0000a37f    00000004     main.o (.rodata.str1.10865113624938808685.1)
                  0000a383    00000003     ti_msp_dl_config.o (.rodata.gPWM_MOTOR_CDClockConfig)
                  0000a386    00000003     ti_msp_dl_config.o (.rodata.gTIMER_PIDClockConfig)
                  0000a389    00000002     ti_msp_dl_config.o (.rodata.gI2C_OLEDClockConfig)
                  0000a38b    00000002     ti_msp_dl_config.o (.rodata.gUART_0ClockConfig)
                  0000a38d    00000002     ti_msp_dl_config.o (.rodata.gUART_OPENMVClockConfig)
                  0000a38f    00000001     --HOLE-- [fill = 0]

.init_array 
*          0    00000000    00000000     UNINITIALIZED

.binit     0    00000000    00000000     

.bss       0    20200000    00000453     UNINITIALIZED
                  20200000    000000bc     (.common:gPWM_MOTOR_CDBackup)
                  202000bc    000000bc     (.common:gTIMER_PIDBackup)
                  20200178    00000078     main.o (.bss.gMotorA)
                  202001f0    00000078     main.o (.bss.gMotorB)
                  20200268    00000078     main.o (.bss.gMotorC)
                  202002e0    00000078     main.o (.bss.gMotorD)
                  20200358    00000034     main.o (.bss.gAngleTurn)
                  2020038c    00000020     main.o (.bss.gCar)
                  202003ac    00000020     main.o (.bss.gUartCommand)
                  202003cc    00000010     main.o (.bss.UART_serviceMotorStatus.motorAStatus)
                  202003dc    00000010     main.o (.bss.UART_serviceMotorStatus.motorBStatus)
                  202003ec    00000010     main.o (.bss.UART_serviceMotorStatus.motorCStatus)
                  202003fc    00000010     main.o (.bss.UART_serviceMotorStatus.motorDStatus)
                  2020040c    00000004     mpu6050_angle.o (.bss.gGyroZBiasRaw)
                  20200410    00000008     main.o (.bss.gLineFilteredValues)
                  20200418    00000008     main.o (.bss.gLinePendingCount)
                  20200420    00000008     main.o (.bss.gLinePendingValues)
                  20200428    00000004     main.o (.bss.gLineTrackingIntegral)
                  2020042c    00000004     mpu6050_angle.o (.bss.gZAngleDegrees)
                  20200430    00000004     mpu6050_angle.o (.bss.gZRateDps)
                  20200434    00000002     main.o (.bss.gLineTrackingBaseSpeedRpm)
                  20200436    00000002     main.o (.bss.gLineTrackingLastErr)
                  20200438    00000001     main.o (.bss.UART_serviceMotorStatus.motorAStatusReady)
                  20200439    00000001     main.o (.bss.UART_serviceMotorStatus.motorBStatusReady)
                  2020043a    00000001     main.o (.bss.UART_serviceMotorStatus.motorCStatusReady)
                  2020043b    00000001     main.o (.bss.UART_serviceMotorStatus.motorDStatusReady)
                  2020043c    00000001     task_manager.o (.bss.gActiveTask)
                  2020043d    00000001     mpu6050_angle.o (.bss.gDeviceId)
                  2020043e    00000001     main.o (.bss.gGrayscaleStreamDivider)
                  2020043f    00000001     main.o (.bss.gGrayscaleStreamEnabled)
                  20200440    00000001     main.o (.bss.gLineFilterReady)
                  20200441    00000001     main.o (.bss.gLineTrackingDebugDivider)
                  20200442    00000001     main.o (.bss.gLineTrackingDebugEnabled)
                  20200443    00000001     main.o (.bss.gLineTrackingEnabled)
                  20200444    00000001     main.o (.bss.gMotorStatusReportOnce)
                  20200445    00000001     main.o (.bss.gMotorStatusStreamEnabled)
                  20200446    00000001     main.o (.bss.gMpu6050Ready)
                  20200447    00000001     main.o (.bss.gMpu6050SampleDue)
                  20200448    00000001     main.o (.bss.gOledReady)
                  20200449    00000001     task_manager.o (.bss.gOledReady)
                  2020044a    00000001     task_manager.o (.bss.gTask1Endpoint)
                  2020044b    00000001     task_manager.o (.bss.gTask1EndpointButton.0)
                  2020044c    00000001     task_manager.o (.bss.gTask1EndpointButton.1)
                  2020044d    00000001     task_manager.o (.bss.gTask1EndpointButton.2)
                  2020044e    00000001     task_manager.o (.bss.gTaskButton.0)
                  2020044f    00000001     task_manager.o (.bss.gTaskButton.1)
                  20200450    00000001     task_manager.o (.bss.gTaskButton.2)
                  20200451    00000001     main.o (.bss.gUartCommandLength)
                  20200452    00000001     main.o (.bss.gUartCommandReady)

.stack     0    20207e00    00000200     UNINITIALIZED
                  20207e00    00000004     libc.a : boot_cortex_m.c.obj (.stack)
                  20207e04    000001fc     --HOLE--

__llvm_prf_cnts 
*          0    20200000    00000000     UNINITIALIZED

__llvm_prf_bits 
*          0    20200000    00000000     UNINITIALIZED

MODULE SUMMARY

       Module                         code    ro data   rw data
       ------                         ----    -------   -------
    .\
       main.o                         27180   1747      709    
       oled.o                         3498    75        0      
       ti_msp_dl_config.o             1340    73        376    
       mpu6050_angle.o                1504    0         13     
       motor_control.o                1124    0         0      
       angle_turn_control.o           920     0         0      
       car_control.o                  484     0         0      
       grayscale_sensor.o             416     0         0      
       task_manager.o                 396     0         9      
       startup_mspm0g350x_ticlang.o   6       192       0      
    +--+------------------------------+-------+---------+---------+
       Total:                         36868   2087      1107   
                                                               
    C:/ti/mspm0_sdk_2_11_00_07/source/ti/driverlib/lib/ticlang/m0p/mspm0g1x0x_g3x0x/driverlib.a
       dl_timer.o                     608     0         0      
       dl_i2c.o                       240     0         0      
       dl_uart.o                      138     0         0      
       dl_common.o                    10      0         0      
    +--+------------------------------+-------+---------+---------+
       Total:                         996     0         0      
                                                               
    C:\ti\ccs2100\ccs\tools\compiler\ti-cgt-armllvm_5.1.1.LTS\lib\armv6m-ti-none-eabi/c/libc.a
       memcpy16.S.obj                 154     0         0      
       memset16.S.obj                 98      0         0      
       autoinit.c.obj                 60      0         0      
       boot_cortex_m.c.obj            40      0         0      
       copy_zero_init.c.obj           16      0         0      
       exit.c.obj                     6       0         0      
       pre_init.c.obj                 4       0         0      
    +--+------------------------------+-------+---------+---------+
       Total:                         378     0         0      
                                                               
    C:\ti\ccs2100\ccs\tools\compiler\ti-cgt-armllvm_5.1.1.LTS\lib\armv6m-ti-none-eabi/c/libsysbm.a
       hostexit.c.obj                 4       0         0      
    +--+------------------------------+-------+---------+---------+
       Total:                         4       0         0      
                                                               
    C:\ti\ccs2100\ccs\tools\compiler\ti-cgt-armllvm_5.1.1.LTS\lib\armv6m-ti-none-eabi/libclang_rt.builtins.a
       addsf3.S.obj                   216     0         0      
       udivmoddi4.S.obj               162     0         0      
       comparesf2.S.obj               140     0         0      
       mulsf3.S.obj                   140     0         0      
       divsf3.S.obj                   130     0         0      
       aeabi_fcmp.S.obj               90      0         0      
       aeabi_idivmod.S.obj            86      0         0      
       floatdisf.S.obj                78      0         0      
       aeabi_uidivmod.S.obj           64      0         0      
       divmoddi4.c.obj                62      0         0      
       floatsisf.S.obj                60      0         0      
       muldsi3.S.obj                  58      0         0      
       fixsfsi.S.obj                  56      0         0      
       floatunsisf.S.obj              40      0         0      
       muldi3.S.obj                   36      0         0      
       ashldi3.S.obj                  30      0         0      
       aeabi_memset.S.obj             26      0         0      
       aeabi_ldivmod.S.obj            20      0         0      
       aeabi_memcpy.S.obj             8       0         0      
       aeabi_div0.c.obj               4       0         0      
    +--+------------------------------+-------+---------+---------+
       Total:                         1506    0         0      
                                                               
       Stack:                         0       0         512    
       Linker Generated:              0       20        0      
    +--+------------------------------+-------+---------+---------+
       Grand Total:                   39752   2107      1619   


LINKER GENERATED COPY TABLES

__TI_cinit_table @ 0000a39c records: 1, size/record: 8, table size: 8
	.bss: load addr=0000a390, load size=00000008 bytes, run addr=20200000, run size=00000453 bytes, compression=zero_init


LINKER GENERATED HANDLER TABLE

__TI_handler_table @ 0000a398 records: 1, size/record: 4, table size: 4
	index: 0, handler: __TI_zero_init


GLOBAL SYMBOLS: SORTED ALPHABETICALLY BY Name 

address   name                            
-------   ----                            
00006903  ADC0_IRQHandler                 
00006903  ADC1_IRQHandler                 
00006903  AES_IRQHandler                  
00009a2f  AngleTurnControl_cancel         
00009939  AngleTurnControl_init           
00009c05  AngleTurnControl_isActive       
00008e39  AngleTurnControl_start          
00007a55  AngleTurnControl_update         
00009c1a  C$$EXIT                         
00006903  CANFD0_IRQHandler               
00009a79  CarControl_coast                
00009a97  CarControl_emergencyStop        
00009c0b  CarControl_getSpeedRpm          
00009c17  CarControl_getTurnInnerPercent  
00009655  CarControl_init                 
00008295  CarControl_setMotion            
00009991  CarControl_stop                 
00006903  DAC0_IRQHandler                 
00009bf1  DL_Common_delayCycles           
000092a5  DL_I2C_fillControllerTXFIFO     
000098d9  DL_I2C_flushControllerRXFIFO    
000096d1  DL_I2C_flushControllerTXFIFO    
00009a09  DL_I2C_setClockConfig           
000083cd  DL_Timer_initFourCCPWMMode      
000086d9  DL_Timer_initTimerMode          
00009af5  DL_Timer_setCaptCompUpdateMethod
00009b49  DL_Timer_setCaptureCompareOutCtl
00009ba1  DL_Timer_setCaptureCompareValue 
00009b11  DL_Timer_setClockConfig         
00009509  DL_UART_init                    
00009b8d  DL_UART_setClockConfig          
00009909  DL_UART_transmitDataBlocking    
00006903  DMA_IRQHandler                  
00006903  Default_Handler                 
00006903  GROUP0_IRQHandler               
00008f41  GROUP1_IRQHandler               
00009965  Grayscale_Sensor_Init           
00007e41  Grayscale_Sensor_ReadAll        
00009c1b  HOSTexit                        
00006903  HardFault_Handler               
00006903  I2C0_IRQHandler                 
00006903  I2C1_IRQHandler                 
00009bc1  MPU6050_Angle_getDeviceId       
00009bcd  MPU6050_Angle_getZDegrees       
00009bd9  MPU6050_Angle_getZRateDps       
00006e7d  MPU6050_Angle_initWithProgress  
00009be5  MPU6050_Angle_reset             
000091e5  MPU6050_Angle_update            
00009785  MotorControl_coast              
000098a5  MotorControl_handleEncoderEdge  
00009361  MotorControl_init               
00009ab5  MotorControl_setTargetRpm       
00008dad  MotorControl_takeStatus         
00006905  MotorControl_update             
00006903  NMI_Handler                     
00006531  OLED_Init                       
0000736d  OLED_ShowCalibration            
000070f5  OLED_ShowTask                   
00006bfd  OLED_ShowTask1Endpoint          
00006903  PendSV_Handler                  
00006903  RTC_IRQHandler                  
00009c1f  Reset_Handler                   
00006903  SPI0_IRQHandler                 
00006903  SPI1_IRQHandler                 
00006903  SVC_Handler                     
00008125  SYSCFG_DL_GPIO_init             
00009411  SYSCFG_DL_I2C_MPU6050_init      
00009465  SYSCFG_DL_I2C_OLED_init         
00008b75  SYSCFG_DL_PWM_MOTOR_AB_init     
00008c05  SYSCFG_DL_PWM_MOTOR_CD_init     
00009595  SYSCFG_DL_SYSCTL_init           
00009835  SYSCFG_DL_TIMER_PID_init        
0000903d  SYSCFG_DL_UART_0_init           
00009245  SYSCFG_DL_UART_OPENMV_init      
000095d5  SYSCFG_DL_init                  
00008fc1  SYSCFG_DL_initPower             
00006903  SysTick_Handler                 
00006903  TIMA0_IRQHandler                
00009551  TIMA1_IRQHandler                
00006903  TIMG0_IRQHandler                
00006903  TIMG12_IRQHandler               
00006903  TIMG6_IRQHandler                
00006903  TIMG7_IRQHandler                
00006903  TIMG8_IRQHandler                
00008add  TaskManager_init                
000087d5  TaskManager_update              
0000911d  UART0_IRQHandler                
00006903  UART1_IRQHandler                
00006903  UART2_IRQHandler                
00006903  UART3_IRQHandler                
20208000  __STACK_END                     
00000200  __STACK_SIZE                    
00000000  __TI_ATRegion0_region_sz        
00000000  __TI_ATRegion0_src_addr         
00000000  __TI_ATRegion0_trg_addr         
00000000  __TI_ATRegion1_region_sz        
00000000  __TI_ATRegion1_src_addr         
00000000  __TI_ATRegion1_trg_addr         
00000000  __TI_ATRegion2_region_sz        
00000000  __TI_ATRegion2_src_addr         
00000000  __TI_ATRegion2_trg_addr         
0000a39c  __TI_CINIT_Base                 
0000a3a4  __TI_CINIT_Limit                
0000a3a4  __TI_CINIT_Warm                 
0000a398  __TI_Handler_Table_Base         
0000a39c  __TI_Handler_Table_Limit        
0000970d  __TI_auto_init_nobinit_nopinit  
ffffffff  __TI_pprof_out_hndl             
ffffffff  __TI_prof_data_size             
ffffffff  __TI_prof_data_start            
00000000  __TI_static_base__              
00009bb1  __TI_zero_init                  
000088d3  __addsf3                        
0000986d  __aeabi_f2iz                    
000088d3  __aeabi_fadd                    
00009305  __aeabi_fcmpeq                  
0000933b  __aeabi_fcmpge                  
0000934d  __aeabi_fcmpgt                  
00009329  __aeabi_fcmple                  
00009317  __aeabi_fcmplt                  
00008d0b  __aeabi_fcmpun                  
00008ebd  __aeabi_fdiv                    
00008d21  __aeabi_fmul                    
000088c9  __aeabi_fsub                    
00009749  __aeabi_i2f                     
000093b9  __aeabi_idiv                    
00008e37  __aeabi_idiv0                   
000093b9  __aeabi_idivmod                 
000094b9  __aeabi_l2f                     
00008f3f  __aeabi_ldiv0                   
00009b79  __aeabi_ldivmod                 
00009ad5  __aeabi_llsl                    
00009a55  __aeabi_lmul                    
00009b3b  __aeabi_memclr                  
00009b3b  __aeabi_memclr4                 
00009b3b  __aeabi_memclr8                 
00009bfd  __aeabi_memcpy                  
00009bfd  __aeabi_memcpy4                 
00009bfd  __aeabi_memcpy8                 
00009b2d  __aeabi_memset                  
00009b2d  __aeabi_memset4                 
00009b2d  __aeabi_memset8                 
000099e1  __aeabi_ui2f                    
00009615  __aeabi_uidiv                   
00009615  __aeabi_uidivmod                
00009ad5  __ashldi3                       
ffffffff  __binit__                       
00008c95  __cmpsf2                        
00009693  __divmoddi4                     
00008ebd  __divsf3                        
00008c95  __eqsf2                         
0000986d  __fixsfsi                       
000094b9  __floatdisf                     
00009749  __floatsisf                     
000099e1  __floatunsisf                   
00008ccf  __gesf2                         
00008ccf  __gtsf2                         
00008c95  __lesf2                         
00008c95  __ltsf2                         
UNDEFED   __mpu_init                      
00009a55  __muldi3                        
000097c1  __muldsi3                       
00008d21  __mulsf3                        
00008c95  __nesf2                         
20207e00  __stack                         
20200000  __start___llvm_prf_bits         
20200000  __start___llvm_prf_cnts         
20200000  __stop___llvm_prf_bits          
20200000  __stop___llvm_prf_cnts          
000088c9  __subsf3                        
000089a1  __udivmoddi4                    
00008d0b  __unordsf2                      
000099b9  _c_int00_noargs                 
UNDEFED   _system_post_cinit              
00009c23  _system_pre_init                
00009c11  abort                           
ffffffff  binit                           
20200000  gPWM_MOTOR_CDBackup             
202000bc  gTIMER_PIDBackup                
00000000  interruptVectors                
000000c1  main                            
00008a43  memcpy                          
00009181  memset                          


GLOBAL SYMBOLS: SORTED BY Symbol Address 

address   name                            
-------   ----                            
00000000  __TI_ATRegion0_region_sz        
00000000  __TI_ATRegion0_src_addr         
00000000  __TI_ATRegion0_trg_addr         
00000000  __TI_ATRegion1_region_sz        
00000000  __TI_ATRegion1_src_addr         
00000000  __TI_ATRegion1_trg_addr         
00000000  __TI_ATRegion2_region_sz        
00000000  __TI_ATRegion2_src_addr         
00000000  __TI_ATRegion2_trg_addr         
00000000  __TI_static_base__              
00000000  interruptVectors                
000000c1  main                            
00000200  __STACK_SIZE                    
00006531  OLED_Init                       
00006903  ADC0_IRQHandler                 
00006903  ADC1_IRQHandler                 
00006903  AES_IRQHandler                  
00006903  CANFD0_IRQHandler               
00006903  DAC0_IRQHandler                 
00006903  DMA_IRQHandler                  
00006903  Default_Handler                 
00006903  GROUP0_IRQHandler               
00006903  HardFault_Handler               
00006903  I2C0_IRQHandler                 
00006903  I2C1_IRQHandler                 
00006903  NMI_Handler                     
00006903  PendSV_Handler                  
00006903  RTC_IRQHandler                  
00006903  SPI0_IRQHandler                 
00006903  SPI1_IRQHandler                 
00006903  SVC_Handler                     
00006903  SysTick_Handler                 
00006903  TIMA0_IRQHandler                
00006903  TIMG0_IRQHandler                
00006903  TIMG12_IRQHandler               
00006903  TIMG6_IRQHandler                
00006903  TIMG7_IRQHandler                
00006903  TIMG8_IRQHandler                
00006903  UART1_IRQHandler                
00006903  UART2_IRQHandler                
00006903  UART3_IRQHandler                
00006905  MotorControl_update             
00006bfd  OLED_ShowTask1Endpoint          
00006e7d  MPU6050_Angle_initWithProgress  
000070f5  OLED_ShowTask                   
0000736d  OLED_ShowCalibration            
00007a55  AngleTurnControl_update         
00007e41  Grayscale_Sensor_ReadAll        
00008125  SYSCFG_DL_GPIO_init             
00008295  CarControl_setMotion            
000083cd  DL_Timer_initFourCCPWMMode      
000086d9  DL_Timer_initTimerMode          
000087d5  TaskManager_update              
000088c9  __aeabi_fsub                    
000088c9  __subsf3                        
000088d3  __addsf3                        
000088d3  __aeabi_fadd                    
000089a1  __udivmoddi4                    
00008a43  memcpy                          
00008add  TaskManager_init                
00008b75  SYSCFG_DL_PWM_MOTOR_AB_init     
00008c05  SYSCFG_DL_PWM_MOTOR_CD_init     
00008c95  __cmpsf2                        
00008c95  __eqsf2                         
00008c95  __lesf2                         
00008c95  __ltsf2                         
00008c95  __nesf2                         
00008ccf  __gesf2                         
00008ccf  __gtsf2                         
00008d0b  __aeabi_fcmpun                  
00008d0b  __unordsf2                      
00008d21  __aeabi_fmul                    
00008d21  __mulsf3                        
00008dad  MotorControl_takeStatus         
00008e37  __aeabi_idiv0                   
00008e39  AngleTurnControl_start          
00008ebd  __aeabi_fdiv                    
00008ebd  __divsf3                        
00008f3f  __aeabi_ldiv0                   
00008f41  GROUP1_IRQHandler               
00008fc1  SYSCFG_DL_initPower             
0000903d  SYSCFG_DL_UART_0_init           
0000911d  UART0_IRQHandler                
00009181  memset                          
000091e5  MPU6050_Angle_update            
00009245  SYSCFG_DL_UART_OPENMV_init      
000092a5  DL_I2C_fillControllerTXFIFO     
00009305  __aeabi_fcmpeq                  
00009317  __aeabi_fcmplt                  
00009329  __aeabi_fcmple                  
0000933b  __aeabi_fcmpge                  
0000934d  __aeabi_fcmpgt                  
00009361  MotorControl_init               
000093b9  __aeabi_idiv                    
000093b9  __aeabi_idivmod                 
00009411  SYSCFG_DL_I2C_MPU6050_init      
00009465  SYSCFG_DL_I2C_OLED_init         
000094b9  __aeabi_l2f                     
000094b9  __floatdisf                     
00009509  DL_UART_init                    
00009551  TIMA1_IRQHandler                
00009595  SYSCFG_DL_SYSCTL_init           
000095d5  SYSCFG_DL_init                  
00009615  __aeabi_uidiv                   
00009615  __aeabi_uidivmod                
00009655  CarControl_init                 
00009693  __divmoddi4                     
000096d1  DL_I2C_flushControllerTXFIFO    
0000970d  __TI_auto_init_nobinit_nopinit  
00009749  __aeabi_i2f                     
00009749  __floatsisf                     
00009785  MotorControl_coast              
000097c1  __muldsi3                       
00009835  SYSCFG_DL_TIMER_PID_init        
0000986d  __aeabi_f2iz                    
0000986d  __fixsfsi                       
000098a5  MotorControl_handleEncoderEdge  
000098d9  DL_I2C_flushControllerRXFIFO    
00009909  DL_UART_transmitDataBlocking    
00009939  AngleTurnControl_init           
00009965  Grayscale_Sensor_Init           
00009991  CarControl_stop                 
000099b9  _c_int00_noargs                 
000099e1  __aeabi_ui2f                    
000099e1  __floatunsisf                   
00009a09  DL_I2C_setClockConfig           
00009a2f  AngleTurnControl_cancel         
00009a55  __aeabi_lmul                    
00009a55  __muldi3                        
00009a79  CarControl_coast                
00009a97  CarControl_emergencyStop        
00009ab5  MotorControl_setTargetRpm       
00009ad5  __aeabi_llsl                    
00009ad5  __ashldi3                       
00009af5  DL_Timer_setCaptCompUpdateMethod
00009b11  DL_Timer_setClockConfig         
00009b2d  __aeabi_memset                  
00009b2d  __aeabi_memset4                 
00009b2d  __aeabi_memset8                 
00009b3b  __aeabi_memclr                  
00009b3b  __aeabi_memclr4                 
00009b3b  __aeabi_memclr8                 
00009b49  DL_Timer_setCaptureCompareOutCtl
00009b79  __aeabi_ldivmod                 
00009b8d  DL_UART_setClockConfig          
00009ba1  DL_Timer_setCaptureCompareValue 
00009bb1  __TI_zero_init                  
00009bc1  MPU6050_Angle_getDeviceId       
00009bcd  MPU6050_Angle_getZDegrees       
00009bd9  MPU6050_Angle_getZRateDps       
00009be5  MPU6050_Angle_reset             
00009bf1  DL_Common_delayCycles           
00009bfd  __aeabi_memcpy                  
00009bfd  __aeabi_memcpy4                 
00009bfd  __aeabi_memcpy8                 
00009c05  AngleTurnControl_isActive       
00009c0b  CarControl_getSpeedRpm          
00009c11  abort                           
00009c17  CarControl_getTurnInnerPercent  
00009c1a  C$$EXIT                         
00009c1b  HOSTexit                        
00009c1f  Reset_Handler                   
00009c23  _system_pre_init                
0000a398  __TI_Handler_Table_Base         
0000a39c  __TI_CINIT_Base                 
0000a39c  __TI_Handler_Table_Limit        
0000a3a4  __TI_CINIT_Limit                
0000a3a4  __TI_CINIT_Warm                 
20200000  __start___llvm_prf_bits         
20200000  __start___llvm_prf_cnts         
20200000  __stop___llvm_prf_bits          
20200000  __stop___llvm_prf_cnts          
20200000  gPWM_MOTOR_CDBackup             
202000bc  gTIMER_PIDBackup                
20207e00  __stack                         
20208000  __STACK_END                     
ffffffff  __TI_pprof_out_hndl             
ffffffff  __TI_prof_data_size             
ffffffff  __TI_prof_data_start            
ffffffff  __binit__                       
ffffffff  binit                           
UNDEFED   __mpu_init                      
UNDEFED   _system_post_cinit              

[183 symbols]
