******************************************************************************
            TI ARM Clang Linker PC v5.1.1                      
******************************************************************************
>> Linked Sun Jul 26 21:04:39 2026

OUTPUT FILE NAME:   <main.out>
ENTRY POINT SYMBOL: "_c_int00_noargs"  address: 0000c379


MEMORY CONFIGURATION

         name            origin    length      used     unused   attr    fill
----------------------  --------  ---------  --------  --------  ----  --------
  FLASH                 00000000   00020000  0000d290  00012d70  R  X
  SRAM                  20200000   00008000  00000745  000078bb  RW X
  BCR_CONFIG            41c00000   000000ff  00000000  000000ff  R   
  BSL_CONFIG            41c00100   00000080  00000000  00000080  R   


SEGMENT ALLOCATION MAP

run origin  load origin   length   init length attrs members
----------  ----------- ---------- ----------- ----- -------
00000000    00000000    0000d290   0000d290    r-x
  00000000    00000000    000000c0   000000c0    r-- .intvecs
  000000c0    000000c0    0000c5a8   0000c5a8    r-x .text
  0000c668    0000c668    00000c10   00000c10    r-- .rodata
  0000d278    0000d278    00000018   00000018    r-- .cinit
20200000    20200000    00000545   00000000    rw-
  20200000    20200000    00000545   00000000    rw- .bss
20207e00    20207e00    00000200   00000000    rw-
  20207e00    20207e00    00000200   00000000    rw- .stack


SECTION ALLOCATION MAP

 output                                  attributes/
section   page    origin      length       input sections
--------  ----  ----------  ----------   ----------------
.intvecs   0    00000000    000000c0     
                  00000000    000000c0     startup_mspm0g350x_ticlang.o (.intvecs)

.text      0    000000c0    0000c5a8     
                  000000c0    00007178     main.o (.text.main)
                  00007238    00000954     main.o (.text.LineTracking_update)
                  00007b8c    000005d4     main.o (.text.UART_reportMotorStatus)
                  00008160    00000500     task3_control.o (.text.Task3Control_update)
                  00008660    00000430     task2_control.o (.text.Task2Control_update)
                  00008a90    000003d2     oled.o (.text.OLED_Init)
                  00008e62    00000002     startup_mspm0g350x_ticlang.o (.text.Default_Handler)
                  00008e64    000002f4     motor_control.o (.text.MotorControl_update)
                  00009158    00000280     oled.o (.text.OLED_ShowTask1Endpoint)
                  000093d8    00000278     mpu6050_angle.o (.text.MPU6050_Angle_initWithProgress)
                  00009650    00000278     oled.o (.text.OLED_ShowTask)
                  000098c8    0000026c     oled.o (.text.OLED_ShowCalibration)
                  00009b34    00000244     main.o (.text.UART_reportGrayscale)
                  00009d78    00000238     main.o (.text.UART_reportZAngle)
                  00009fb0    00000218     angle_turn_control.o (.text.AngleTurnControl_update)
                  0000a1c8    000001d4     mpu6050_angle.o (.text.MPU6050_readRegisters)
                  0000a39c    000001a0     oled.o (.text.OLED_writeString)
                  0000a53c    00000174     grayscale_sensor.o (.text.Grayscale_Sensor_ReadAll)
                  0000a6b0    0000016c     ti_msp_dl_config.o (.text.SYSCFG_DL_GPIO_init)
                  0000a81c    0000014c     task_manager.o (.text.TaskManager_update)
                  0000a968    00000138     car_control.o (.text.CarControl_setMotion)
                  0000aaa0    00000104     driverlib.a : dl_timer.o (.text.DL_Timer_initFourCCPWMMode)
                  0000aba4    00000104     mpu6050_angle.o (.text.MPU6050_writeRegister)
                  0000aca8    00000104     oled.o (.text.OLED_writeByte)
                  0000adac    000000fc     driverlib.a : dl_timer.o (.text.DL_Timer_initTimerMode)
                  0000aea8    000000d8     libclang_rt.builtins.a : addsf3.S.obj (.text)
                  0000af80    000000d4     task_manager.o (.text.TaskManager_init)
                  0000b054    000000b0     main.o (.text.UART1_IRQHandler)
                  0000b104    000000a2     libclang_rt.builtins.a : udivmoddi4.S.obj (.text)
                  0000b1a6    0000009a     libc.a : memcpy16.S.obj (.text:memcpy)
                  0000b240    00000090     ti_msp_dl_config.o (.text.SYSCFG_DL_PWM_MOTOR_AB_init)
                  0000b2d0    00000090     ti_msp_dl_config.o (.text.SYSCFG_DL_PWM_MOTOR_CD_init)
                  0000b360    0000008c     libclang_rt.builtins.a : comparesf2.S.obj (.text)
                  0000b3ec    0000008c                            : mulsf3.S.obj (.text)
                  0000b478    0000008a     motor_control.o (.text.MotorControl_takeStatus)
                  0000b502    00000002     libclang_rt.builtins.a : aeabi_div0.c.obj (.text.__aeabi_idiv0)
                  0000b504    00000084     angle_turn_control.o (.text.AngleTurnControl_start)
                  0000b588    00000082     libclang_rt.builtins.a : divsf3.S.obj (.text)
                  0000b60a    00000002                            : aeabi_div0.c.obj (.text.__aeabi_ldiv0)
                  0000b60c    00000080     main.o (.text.GROUP1_IRQHandler)
                  0000b68c    0000007c     ti_msp_dl_config.o (.text.SYSCFG_DL_initPower)
                  0000b708    00000070     ti_msp_dl_config.o (.text.SYSCFG_DL_UART_0_init)
                  0000b778    00000070     ti_msp_dl_config.o (.text.SYSCFG_DL_UART_OPENMV_init)
                  0000b7e8    0000006e     angle_turn_control.o (.text.AngleTurnControl_getCoastDistanceDegrees)
                  0000b856    00000002     --HOLE-- [fill = 0]
                  0000b858    00000064     main.o (.text.UART0_IRQHandler)
                  0000b8bc    00000062     libc.a : memset16.S.obj (.text:memset)
                  0000b91e    00000002     --HOLE-- [fill = 0]
                  0000b920    00000060     mpu6050_angle.o (.text.MPU6050_Angle_update)
                  0000b980    0000005e     driverlib.a : dl_i2c.o (.text.DL_I2C_fillControllerTXFIFO)
                  0000b9de    00000002     --HOLE-- [fill = 0]
                  0000b9e0    0000005a     libclang_rt.builtins.a : aeabi_fcmp.S.obj (.text)
                  0000ba3a    00000002     --HOLE-- [fill = 0]
                  0000ba3c    00000058     motor_control.o (.text.MotorControl_init)
                  0000ba94    00000056     libclang_rt.builtins.a : aeabi_idivmod.S.obj (.text)
                  0000baea    00000002     --HOLE-- [fill = 0]
                  0000baec    00000054     ti_msp_dl_config.o (.text.SYSCFG_DL_I2C_MPU6050_init)
                  0000bb40    00000054     ti_msp_dl_config.o (.text.SYSCFG_DL_I2C_OLED_init)
                  0000bb94    00000052     main.o (.text.Task1_readActiveChannelCount)
                  0000bbe6    00000052     task2_control.o (.text.Task2Control_init)
                  0000bc38    0000004e     task3_control.o (.text.Task3Control_init)
                  0000bc86    00000002     --HOLE-- [fill = 0]
                  0000bc88    0000004e     libclang_rt.builtins.a : floatdisf.S.obj (.text)
                  0000bcd6    00000002     --HOLE-- [fill = 0]
                  0000bcd8    00000048     driverlib.a : dl_uart.o (.text.DL_UART_init)
                  0000bd20    00000044     main.o (.text.LineTracking_resetPid)
                  0000bd64    00000044     main.o (.text.TIMA1_IRQHandler)
                  0000bda8    00000040     ti_msp_dl_config.o (.text.SYSCFG_DL_SYSCTL_init)
                  0000bde8    00000040     ti_msp_dl_config.o (.text.SYSCFG_DL_init)
                  0000be28    00000040     task2_control.o (.text.Task2Control_reset)
                  0000be68    00000040     main.o (.text.UART_sendString)
                  0000bea8    00000040     libclang_rt.builtins.a : aeabi_uidivmod.S.obj (.text)
                  0000bee8    0000003e     car_control.o (.text.CarControl_init)
                  0000bf26    0000003e     libclang_rt.builtins.a : divmoddi4.c.obj (.text.__divmoddi4)
                  0000bf64    0000003c     driverlib.a : dl_i2c.o (.text.DL_I2C_flushControllerTXFIFO)
                  0000bfa0    0000003c     oled.o (.text.OLED_ShowTask2Number)
                  0000bfdc    0000003c     oled.o (.text.OLED_ShowTask2Turn)
                  0000c018    0000003c     oled.o (.text.OLED_ShowTask3Number)
                  0000c054    0000003c     oled.o (.text.OLED_ShowTask3Turn)
                  0000c090    0000003c     task3_control.o (.text.Task3Control_reset)
                  0000c0cc    0000003c     libc.a : autoinit.c.obj (.text:__TI_auto_init_nobinit_nopinit)
                  0000c108    0000003c     libclang_rt.builtins.a : floatsisf.S.obj (.text)
                  0000c144    0000003a     motor_control.o (.text.MotorControl_coast)
                  0000c17e    00000002     --HOLE-- [fill = 0]
                  0000c180    0000003a     libclang_rt.builtins.a : muldsi3.S.obj (.text)
                  0000c1ba    00000038     angle_turn_control.o (.text.AngleTurnControl_enterCreep)
                  0000c1f2    00000002     --HOLE-- [fill = 0]
                  0000c1f4    00000038     ti_msp_dl_config.o (.text.SYSCFG_DL_TIMER_PID_init)
                  0000c22c    00000038     libclang_rt.builtins.a : fixsfsi.S.obj (.text)
                  0000c264    00000032     motor_control.o (.text.MotorControl_handleEncoderEdge)
                  0000c296    00000002     --HOLE-- [fill = 0]
                  0000c298    00000030     driverlib.a : dl_i2c.o (.text.DL_I2C_flushControllerRXFIFO)
                  0000c2c8    00000030                 : dl_uart.o (.text.DL_UART_transmitDataBlocking)
                  0000c2f8    0000002c     angle_turn_control.o (.text.AngleTurnControl_init)
                  0000c324    0000002c     grayscale_sensor.o (.text.Grayscale_Sensor_Init)
                  0000c350    00000028     car_control.o (.text.CarControl_stop)
                  0000c378    00000028     libc.a : boot_cortex_m.c.obj (.text:_c_int00_noargs)
                  0000c3a0    00000028     libclang_rt.builtins.a : floatunsisf.S.obj (.text)
                  0000c3c8    00000026     driverlib.a : dl_i2c.o (.text.DL_I2C_setClockConfig)
                  0000c3ee    00000024     angle_turn_control.o (.text.AngleTurnControl_cancel)
                  0000c412    00000002     --HOLE-- [fill = 0]
                  0000c414    00000024     libclang_rt.builtins.a : muldi3.S.obj (.text)
                  0000c438    0000001e     car_control.o (.text.CarControl_coast)
                  0000c456    0000001e     car_control.o (.text.CarControl_emergencyStop)
                  0000c474    0000001e     motor_control.o (.text.MotorControl_setTargetRpm)
                  0000c492    00000002     --HOLE-- [fill = 0]
                  0000c494    0000001e     libclang_rt.builtins.a : ashldi3.S.obj (.text)
                  0000c4b2    00000002     --HOLE-- [fill = 0]
                  0000c4b4    0000001c     driverlib.a : dl_timer.o (.text.DL_Timer_setCaptCompUpdateMethod)
                  0000c4d0    0000001c                 : dl_timer.o (.text.DL_Timer_setClockConfig)
                  0000c4ec    0000001a     libclang_rt.builtins.a : aeabi_memset.S.obj (.text)
                  0000c506    00000002     --HOLE-- [fill = 0]
                  0000c508    00000018     driverlib.a : dl_timer.o (.text.DL_Timer_setCaptureCompareOutCtl)
                  0000c520    00000018     main.o (.text.OLED_showCalibrationProgress)
                  0000c538    00000014     main.o (.text.Task1_lineTrackingSetEnabled)
                  0000c54c    00000014     main.o (.text.Task1_setGreenLed)
                  0000c560    00000014     main.o (.text.Task1_setRedLed)
                  0000c574    00000014     libclang_rt.builtins.a : aeabi_ldivmod.S.obj (.text)
                  0000c588    00000012     driverlib.a : dl_uart.o (.text.DL_UART_setClockConfig)
                  0000c59a    00000002     --HOLE-- [fill = 0]
                  0000c59c    00000010                 : dl_timer.o (.text.DL_Timer_setCaptureCompareValue)
                  0000c5ac    00000010     task_manager.o (.text.TaskManager_takeStatusPressed)
                  0000c5bc    00000010     task_manager.o (.text.TaskManager_takeStatusReleased)
                  0000c5cc    00000010     libc.a : copy_zero_init.c.obj (.text:decompress:ZI)
                  0000c5dc    0000000c     mpu6050_angle.o (.text.MPU6050_Angle_getDeviceId)
                  0000c5e8    0000000c     mpu6050_angle.o (.text.MPU6050_Angle_getZDegrees)
                  0000c5f4    0000000c     mpu6050_angle.o (.text.MPU6050_Angle_getZRateDps)
                  0000c600    0000000c     mpu6050_angle.o (.text.MPU6050_Angle_reset)
                  0000c60c    0000000c     main.o (.text.Task1_lineTrackingSetSpeed)
                  0000c618    0000000c     task_manager.o (.text.TaskManager_getActiveTask)
                  0000c624    0000000c     task_manager.o (.text.TaskManager_getTask1Endpoint)
                  0000c630    0000000a     driverlib.a : dl_common.o (.text.DL_Common_delayCycles)
                  0000c63a    00000002     --HOLE-- [fill = 0]
                  0000c63c    00000008     libclang_rt.builtins.a : aeabi_memcpy.S.obj (.text)
                  0000c644    00000006     angle_turn_control.o (.text.AngleTurnControl_isActive)
                  0000c64a    00000006     car_control.o (.text.CarControl_getSpeedRpm)
                  0000c650    00000006     libc.a : exit.c.obj (.text:abort)
                  0000c656    00000004     car_control.o (.text.CarControl_getTurnInnerPercent)
                  0000c65a    00000004     libsysbm.a : hostexit.c.obj (.text.HOSTexit)
                  0000c65e    00000004     startup_mspm0g350x_ticlang.o (.text.Reset_Handler)
                  0000c662    00000004     libc.a : pre_init.c.obj (.text._system_pre_init)
                  0000c666    00000002     --HOLE-- [fill = 0]

.cinit     0    0000d278    00000018     
                  0000d278    00000008     (.cinit..bss.load) [load image, compression = zero_init]
                  0000d280    00000004     (__TI_handler_table)
                  0000d284    00000008     (__TI_cinit_table)
                  0000d28c    00000004     --HOLE-- [fill = 0]

.rodata    0    0000c668    00000c10     
                  0000c668    00000050     main.o (.rodata.gMotorAConfig)
                  0000c6b8    00000050     main.o (.rodata.gMotorBConfig)
                  0000c708    00000050     main.o (.rodata.gMotorCConfig)
                  0000c758    00000050     main.o (.rodata.gMotorDConfig)
                  0000c7a8    00000039     main.o (.rodata.str1.17100691992556644108.1)
                  0000c7e1    00000003     ti_msp_dl_config.o (.rodata.gPWM_MOTOR_ABClockConfig)
                  0000c7e4    00000038     main.o (.rodata..L__const.main.task2Io)
                  0000c81c    00000036     main.o (.rodata.str1.13741801963158515659.1)
                  0000c852    00000036     main.o (.rodata.str1.2182841224059738574.1)
                  0000c888    00000032     main.o (.rodata.str1.14402440632258215044.1)
                  0000c8ba    00000032     main.o (.rodata.str1.288608917962107522.1)
                  0000c8ec    00000031     main.o (.rodata.str1.18420373917905513025.1)
                  0000c91d    00000031     main.o (.rodata.str1.5717173343804402867.1)
                  0000c94e    0000002e     main.o (.rodata.str1.5456361711443481037.1)
                  0000c97c    0000002e     main.o (.rodata.str1.8154729771448623357.1)
                  0000c9aa    0000002d     main.o (.rodata.str1.1768165287979908290.1)
                  0000c9d7    0000002d     main.o (.rodata.str1.489408286258209761.1)
                  0000ca04    0000002b     main.o (.rodata.str1.14032527501195285070.1)
                  0000ca2f    0000002b     main.o (.rodata.str1.3789019053998632041.1)
                  0000ca5a    0000002b     main.o (.rodata.str1.5630281060179367396.1)
                  0000ca85    0000002a     main.o (.rodata.str1.5735500672252279554.1)
                  0000caaf    00000029     main.o (.rodata.str1.13510909575694371129.1)
                  0000cad8    00000029     main.o (.rodata.str1.14368423539242338079.1)
                  0000cb01    00000028     main.o (.rodata.str1.1306652161453882247.1)
                  0000cb29    00000028     main.o (.rodata.str1.1311392489248731986.1)
                  0000cb51    00000028     main.o (.rodata.str1.17400515672419895502.1)
                  0000cb79    00000028     main.o (.rodata.str1.922313780387552641.1)
                  0000cba1    00000027     main.o (.rodata.str1.10313062130652730376.1)
                  0000cbc8    00000027     main.o (.rodata.str1.13782249893155712474.1)
                  0000cbef    00000027     main.o (.rodata.str1.17367371817006806674.1)
                  0000cc16    00000027     main.o (.rodata.str1.6891813955777630061.1)
                  0000cc3d    00000026     main.o (.rodata.str1.12382793645740270115.1)
                  0000cc63    00000026     task3_control.o (.rodata.str1.4657032458276037942.1)
                  0000cc89    00000026     main.o (.rodata.str1.8739739109796348711.1)
                  0000ccaf    00000025     main.o (.rodata.str1.10992214574315303902.1)
                  0000ccd4    00000025     main.o (.rodata.str1.13708788609136157861.1)
                  0000ccf9    00000025     main.o (.rodata.str1.5789451164904352291.1)
                  0000cd1e    00000024     main.o (.rodata.str1.16285091658156303515.1)
                  0000cd42    00000024     main.o (.rodata.str1.3530083166107438000.1)
                  0000cd66    00000024     main.o (.rodata.str1.7440231181708086392.1)
                  0000cd8a    00000023     task3_control.o (.rodata.str1.10714953977156648286.1)
                  0000cdad    00000023     main.o (.rodata.str1.2110678906774669609.1)
                  0000cdd0    00000023     main.o (.rodata.str1.4787932902692149498.1)
                  0000cdf3    00000022     task3_control.o (.rodata.str1.1530538117983905378.1)
                  0000ce15    00000021     main.o (.rodata.str1.10720410773482754683.1)
                  0000ce36    00000021     main.o (.rodata.str1.10865113624938808685.1)
                  0000ce57    00000021     main.o (.rodata.str1.17045314124001216156.1)
                  0000ce78    00000020     main.o (.rodata.gAngleTurnConfig)
                  0000ce98    00000020     main.o (.rodata.str1.6554448696319176064.1)
                  0000ceb8    0000001f     main.o (.rodata.str1.17770841602246103764.1)
                  0000ced7    0000001f     main.o (.rodata.str1.8428454045432808059.1)
                  0000cef6    0000001d     task3_control.o (.rodata.str1.10894465688668152876.1)
                  0000cf13    00000001     --HOLE-- [fill = 0]
                  0000cf14    0000001c     main.o (.rodata.gCarConfig)
                  0000cf30    0000001c     task3_control.o (.rodata.str1.13478968704624540161.1)
                  0000cf4c    0000001c     task3_control.o (.rodata.str1.17762541261837276227.1)
                  0000cf68    0000001c     task3_control.o (.rodata.str1.4390551223382838700.1)
                  0000cf84    0000001b     task3_control.o (.rodata.str1.12456770628134079107.1)
                  0000cf9f    0000001b     task3_control.o (.rodata.str1.3066080717975895145.1)
                  0000cfba    0000001a     task3_control.o (.rodata.str1.11808787519652951809.1)
                  0000cfd4    0000001a     task3_control.o (.rodata.str1.13799171880534650351.1)
                  0000cfee    0000001a     task3_control.o (.rodata.str1.6124995119480340558.1)
                  0000d008    0000001a     task3_control.o (.rodata.str1.958059989718987969.1)
                  0000d022    00000019     main.o (.rodata.str1.11121730273200050387.1)
                  0000d03b    00000019     task3_control.o (.rodata.str1.11413199885560925264.1)
                  0000d054    00000019     task3_control.o (.rodata.str1.14615866358383963931.1)
                  0000d06d    00000019     main.o (.rodata.str1.2597068879322958637.1)
                  0000d086    00000016     task2_control.o (.rodata.str1.11940043588096350355.1)
                  0000d09c    00000015     main.o (.rodata.str1.11822182024223342093.1)
                  0000d0b1    00000015     main.o (.rodata.str1.2624144126699937905.1)
                  0000d0c6    00000002     ti_msp_dl_config.o (.rodata.gI2C_MPU6050ClockConfig)
                  0000d0c8    00000014     ti_msp_dl_config.o (.rodata.gTIMER_PIDTimerConfig)
                  0000d0dc    00000014     task3_control.o (.rodata.str1.11464780133565186819.1)
                  0000d0f0    00000013     main.o (.rodata.str1.12462885530404721960.1)
                  0000d103    00000013     task3_control.o (.rodata.str1.17742943977157018344.1)
                  0000d116    00000013     task3_control.o (.rodata.str1.7108331918649983267.1)
                  0000d129    00000013     task2_control.o (.rodata.str1.779357304166587961.1)
                  0000d13c    00000012     task3_control.o (.rodata.str1.13968557383028585213.1)
                  0000d14e    00000012     task2_control.o (.rodata.str1.4912559704527292690.1)
                  0000d160    00000012     main.o (.rodata.str1.709365579099624991.1)
                  0000d172    00000011     main.o (.rodata.str1.887240019932590441.1)
                  0000d183    00000001     --HOLE-- [fill = 0]
                  0000d184    00000010     main.o (.rodata..Lswitch.table.main.143)
                  0000d194    00000010     task2_control.o (.rodata.str1.4061836901473561847.1)
                  0000d1a4    0000000e     main.o (.rodata.str1.15159059442110792349.1)
                  0000d1b2    0000000b     main.o (.rodata.str1.1499083853040407199.1)
                  0000d1bd    0000000b     main.o (.rodata.str1.1928638051441818890.1)
                  0000d1c8    0000000a     ti_msp_dl_config.o (.rodata.gUART_0Config)
                  0000d1d2    0000000a     ti_msp_dl_config.o (.rodata.gUART_OPENMVConfig)
                  0000d1dc    00000008     main.o (.rodata.cst8)
                  0000d1e4    00000008     ti_msp_dl_config.o (.rodata.gPWM_MOTOR_ABConfig)
                  0000d1ec    00000008     ti_msp_dl_config.o (.rodata.gPWM_MOTOR_CDConfig)
                  0000d1f4    00000005     oled.o (.rodata.OLED_getGlyph.A)
                  0000d1f9    00000005     oled.o (.rodata.OLED_getGlyph.C)
                  0000d1fe    00000005     oled.o (.rodata.OLED_getGlyph.D)
                  0000d203    00000005     oled.o (.rodata.OLED_getGlyph.E)
                  0000d208    00000005     oled.o (.rodata.OLED_getGlyph.K)
                  0000d20d    00000005     oled.o (.rodata.OLED_getGlyph.L)
                  0000d212    00000005     oled.o (.rodata.OLED_getGlyph.N)
                  0000d217    00000005     oled.o (.rodata.OLED_getGlyph.R)
                  0000d21c    00000005     oled.o (.rodata.OLED_getGlyph.S)
                  0000d221    00000005     oled.o (.rodata.OLED_getGlyph.T)
                  0000d226    00000005     oled.o (.rodata.OLED_getGlyph.eight)
                  0000d22b    00000005     oled.o (.rodata.OLED_getGlyph.five)
                  0000d230    00000005     oled.o (.rodata.OLED_getGlyph.four)
                  0000d235    00000005     oled.o (.rodata.OLED_getGlyph.nine)
                  0000d23a    00000005     oled.o (.rodata.OLED_getGlyph.one)
                  0000d23f    00000005     oled.o (.rodata.OLED_getGlyph.seven)
                  0000d244    00000005     oled.o (.rodata.OLED_getGlyph.six)
                  0000d249    00000005     oled.o (.rodata.OLED_getGlyph.space)
                  0000d24e    00000005     oled.o (.rodata.OLED_getGlyph.three)
                  0000d253    00000005     oled.o (.rodata.OLED_getGlyph.two)
                  0000d258    00000005     oled.o (.rodata.OLED_getGlyph.zero)
                  0000d25d    00000004     main.o (.rodata.str1.13959864503700487862.1)
                  0000d261    00000004     main.o (.rodata.str1.2255554096259913709.1)
                  0000d265    00000003     ti_msp_dl_config.o (.rodata.gPWM_MOTOR_CDClockConfig)
                  0000d268    00000003     ti_msp_dl_config.o (.rodata.gTIMER_PIDClockConfig)
                  0000d26b    00000002     ti_msp_dl_config.o (.rodata.gI2C_OLEDClockConfig)
                  0000d26d    00000002     ti_msp_dl_config.o (.rodata.gUART_0ClockConfig)
                  0000d26f    00000002     ti_msp_dl_config.o (.rodata.gUART_OPENMVClockConfig)
                  0000d271    00000007     --HOLE-- [fill = 0]

.init_array 
*          0    00000000    00000000     UNINITIALIZED

.binit     0    00000000    00000000     

.bss       0    20200000    00000545     UNINITIALIZED
                  20200000    000000bc     (.common:gPWM_MOTOR_CDBackup)
                  202000bc    000000bc     (.common:gTIMER_PIDBackup)
                  20200178    00000078     main.o (.bss.gMotorA)
                  202001f0    00000078     main.o (.bss.gMotorB)
                  20200268    00000078     main.o (.bss.gMotorC)
                  202002e0    00000078     main.o (.bss.gMotorD)
                  20200358    0000004c     main.o (.bss.gTask2Control)
                  202003a4    00000048     main.o (.bss.gTask3Control)
                  202003ec    00000040     main.o (.bss.gOpenMvDebugRxBuffer)
                  2020042c    00000034     main.o (.bss.gAngleTurn)
                  20200460    00000020     main.o (.bss.gCar)
                  20200480    00000020     main.o (.bss.gUartCommand)
                  202004a0    00000010     main.o (.bss.UART_serviceMotorStatus.motorAStatus)
                  202004b0    00000010     main.o (.bss.UART_serviceMotorStatus.motorBStatus)
                  202004c0    00000010     main.o (.bss.UART_serviceMotorStatus.motorCStatus)
                  202004d0    00000010     main.o (.bss.UART_serviceMotorStatus.motorDStatus)
                  202004e0    00000008     main.o (.bss.gLineFilteredValues)
                  202004e8    00000008     main.o (.bss.gLinePendingCount)
                  202004f0    00000008     main.o (.bss.gLinePendingValues)
                  202004f8    00000004     mpu6050_angle.o (.bss.gGyroZBiasRaw)
                  202004fc    00000004     main.o (.bss.gLineTrackingIntegral)
                  20200500    00000004     mpu6050_angle.o (.bss.gZAngleDegrees)
                  20200504    00000004     mpu6050_angle.o (.bss.gZRateDps)
                  20200508    00000002     main.o (.bss.gLineTrackingBaseSpeedRpm)
                  2020050a    00000002     main.o (.bss.gLineTrackingLastErr)
                  2020050c    00000002     main.o (.bss.gTask1BrakeSamples)
                  2020050e    00000001     main.o (.bss.UART_serviceMotorStatus.motorAStatusReady)
                  2020050f    00000001     main.o (.bss.UART_serviceMotorStatus.motorBStatusReady)
                  20200510    00000001     main.o (.bss.UART_serviceMotorStatus.motorCStatusReady)
                  20200511    00000001     main.o (.bss.UART_serviceMotorStatus.motorDStatusReady)
                  20200512    00000001     task_manager.o (.bss.gActiveTask)
                  20200513    00000001     mpu6050_angle.o (.bss.gDeviceId)
                  20200514    00000001     main.o (.bss.gGrayscaleStreamDivider)
                  20200515    00000001     main.o (.bss.gGrayscaleStreamEnabled)
                  20200516    00000001     main.o (.bss.gLineFilterReady)
                  20200517    00000001     main.o (.bss.gLineTrackingDebugDivider)
                  20200518    00000001     main.o (.bss.gLineTrackingDebugEnabled)
                  20200519    00000001     main.o (.bss.gLineTrackingEnabled)
                  2020051a    00000001     main.o (.bss.gMotorStatusReportOnce)
                  2020051b    00000001     main.o (.bss.gMotorStatusStreamEnabled)
                  2020051c    00000001     main.o (.bss.gMpu6050Ready)
                  2020051d    00000001     main.o (.bss.gMpu6050SampleDue)
                  2020051e    00000001     main.o (.bss.gOledReady)
                  2020051f    00000001     task_manager.o (.bss.gOledReady)
                  20200520    00000001     main.o (.bss.gOpenMvDebugEnabled)
                  20200521    00000001     main.o (.bss.gOpenMvDebugRxHead)
                  20200522    00000001     main.o (.bss.gOpenMvDebugRxOverflow)
                  20200523    00000001     main.o (.bss.gOpenMvDebugRxTail)
                  20200524    00000001     main.o (.bss.gOpenMvDisplayPending)
                  20200525    00000001     main.o (.bss.gOpenMvLastDisplayed)
                  20200526    00000001     main.o (.bss.gOpenMvLastDisplayedTask)
                  20200527    00000001     main.o (.bss.gOpenMvNumber)
                  20200528    00000001     main.o (.bss.gOpenMvNumberValid)
                  20200529    00000001     main.o (.bss.gOpenMvTask2NumberPending)
                  2020052a    00000001     main.o (.bss.gOpenMvTask3NumberPending)
                  2020052b    00000001     main.o (.bss.gOpenMvTurnPending)
                  2020052c    00000001     task_manager.o (.bss.gStatusButton.0)
                  2020052d    00000001     task_manager.o (.bss.gStatusButton.1)
                  2020052e    00000001     task_manager.o (.bss.gStatusButton.2)
                  2020052f    00000001     task_manager.o (.bss.gStatusPressPending)
                  20200530    00000001     task_manager.o (.bss.gStatusReleasePending)
                  20200531    00000001     main.o (.bss.gTask1AccelerationSamples)
                  20200532    00000001     main.o (.bss.gTask1BlankCount)
                  20200533    00000001     main.o (.bss.gTask1EndReverseSamples)
                  20200534    00000001     main.o (.bss.gTask1Endpoint2)
                  20200535    00000001     task_manager.o (.bss.gTask1Endpoint)
                  20200536    00000001     task_manager.o (.bss.gTask1EndpointButton.0)
                  20200537    00000001     task_manager.o (.bss.gTask1EndpointButton.1)
                  20200538    00000001     task_manager.o (.bss.gTask1EndpointButton.2)
                  20200539    00000001     main.o (.bss.gTask1FinalBrakeSettledCount)
                  2020053a    00000001     main.o (.bss.gTask1IntersectionAdvanceSamples)
                  2020053b    00000001     main.o (.bss.gTask1IntersectionPartialCount)
                  2020053c    00000001     main.o (.bss.gTask1LineSeenAfterTurn)
                  2020053d    00000001     main.o (.bss.gTask1NextTurnRight)
                  2020053e    00000001     main.o (.bss.gTask1ReturnPhase)
                  2020053f    00000001     main.o (.bss.gTask1State)
                  20200540    00000001     task_manager.o (.bss.gTaskButton.0)
                  20200541    00000001     task_manager.o (.bss.gTaskButton.1)
                  20200542    00000001     task_manager.o (.bss.gTaskButton.2)
                  20200543    00000001     main.o (.bss.gUartCommandLength)
                  20200544    00000001     main.o (.bss.gUartCommandReady)

.stack     0    20207e00    00000200     UNINITIALIZED
                  20207e00    00000004     libc.a : boot_cortex_m.c.obj (.stack)
                  20207e04    000001fc     --HOLE--

__llvm_prf_cnts 
*          0    20200000    00000000     UNINITIALIZED

__llvm_prf_bits 
*          0    20200000    00000000     UNINITIALIZED

MODULE SUMMARY

       Module                         code    ro data   rw data
       ------                         ----    -------   -------
    .\
       main.o                         34858   2322      946    
       oled.o                         3786    105       0      
       task3_control.o                1418    504       0      
       ti_msp_dl_config.o             1352    73        376    
       mpu6050_angle.o                1504    0         13     
       task2_control.o                1218    75        0      
       motor_control.o                1120    0         0      
       angle_turn_control.o           920     0         0      
       task_manager.o                 600     0         14     
       car_control.o                  484     0         0      
       grayscale_sensor.o             416     0         0      
       startup_mspm0g350x_ticlang.o   6       192       0      
    +--+------------------------------+-------+---------+---------+
       Total:                         47682   3271      1349   
                                                               
    C:/ti/mspm0_sdk_2_11_00_07/source/ti/driverlib/lib/ticlang/m0p/mspm0g1x0x_g3x0x/driverlib.a
       dl_timer.o                     608     0         0      
       dl_i2c.o                       240     0         0      
       dl_uart.o                      138     0         0      
       dl_common.o                    10      0         0      
    +--+------------------------------+-------+---------+---------+
       Total:                         996     0         0      
                                                               
    C:\ti\ccs2100\ccs\tools\compiler\ti-cgt-armllvm_5.1.1.LTS\lib\armv6m-ti-none-eabi/c/libc.a
       memcpy16.S.obj                 154     0         0      
       memset16.S.obj                 98      0         0      
       autoinit.c.obj                 60      0         0      
       boot_cortex_m.c.obj            40      0         0      
       copy_zero_init.c.obj           16      0         0      
       exit.c.obj                     6       0         0      
       pre_init.c.obj                 4       0         0      
    +--+------------------------------+-------+---------+---------+
       Total:                         378     0         0      
                                                               
    C:\ti\ccs2100\ccs\tools\compiler\ti-cgt-armllvm_5.1.1.LTS\lib\armv6m-ti-none-eabi/c/libsysbm.a
       hostexit.c.obj                 4       0         0      
    +--+------------------------------+-------+---------+---------+
       Total:                         4       0         0      
                                                               
    C:\ti\ccs2100\ccs\tools\compiler\ti-cgt-armllvm_5.1.1.LTS\lib\armv6m-ti-none-eabi/libclang_rt.builtins.a
       addsf3.S.obj                   216     0         0      
       udivmoddi4.S.obj               162     0         0      
       comparesf2.S.obj               140     0         0      
       mulsf3.S.obj                   140     0         0      
       divsf3.S.obj                   130     0         0      
       aeabi_fcmp.S.obj               90      0         0      
       aeabi_idivmod.S.obj            86      0         0      
       floatdisf.S.obj                78      0         0      
       aeabi_uidivmod.S.obj           64      0         0      
       divmoddi4.c.obj                62      0         0      
       floatsisf.S.obj                60      0         0      
       muldsi3.S.obj                  58      0         0      
       fixsfsi.S.obj                  56      0         0      
       floatunsisf.S.obj              40      0         0      
       muldi3.S.obj                   36      0         0      
       ashldi3.S.obj                  30      0         0      
       aeabi_memset.S.obj             26      0         0      
       aeabi_ldivmod.S.obj            20      0         0      
       aeabi_memcpy.S.obj             8       0         0      
       aeabi_div0.c.obj               4       0         0      
    +--+------------------------------+-------+---------+---------+
       Total:                         1506    0         0      
                                                               
       Stack:                         0       0         512    
       Linker Generated:              0       20        0      
    +--+------------------------------+-------+---------+---------+
       Grand Total:                   50566   3291      1861   


LINKER GENERATED COPY TABLES

__TI_cinit_table @ 0000d284 records: 1, size/record: 8, table size: 8
	.bss: load addr=0000d278, load size=00000008 bytes, run addr=20200000, run size=00000545 bytes, compression=zero_init


LINKER GENERATED HANDLER TABLE

__TI_handler_table @ 0000d280 records: 1, size/record: 4, table size: 4
	index: 0, handler: __TI_zero_init


GLOBAL SYMBOLS: SORTED ALPHABETICALLY BY Name 

address   name                            
-------   ----                            
00008e63  ADC0_IRQHandler                 
00008e63  ADC1_IRQHandler                 
00008e63  AES_IRQHandler                  
0000c3ef  AngleTurnControl_cancel         
0000c2f9  AngleTurnControl_init           
0000c645  AngleTurnControl_isActive       
0000b505  AngleTurnControl_start          
00009fb1  AngleTurnControl_update         
0000c65a  C$$EXIT                         
00008e63  CANFD0_IRQHandler               
0000c439  CarControl_coast                
0000c457  CarControl_emergencyStop        
0000c64b  CarControl_getSpeedRpm          
0000c657  CarControl_getTurnInnerPercent  
0000bee9  CarControl_init                 
0000a969  CarControl_setMotion            
0000c351  CarControl_stop                 
00008e63  DAC0_IRQHandler                 
0000c631  DL_Common_delayCycles           
0000b981  DL_I2C_fillControllerTXFIFO     
0000c299  DL_I2C_flushControllerRXFIFO    
0000bf65  DL_I2C_flushControllerTXFIFO    
0000c3c9  DL_I2C_setClockConfig           
0000aaa1  DL_Timer_initFourCCPWMMode      
0000adad  DL_Timer_initTimerMode          
0000c4b5  DL_Timer_setCaptCompUpdateMethod
0000c509  DL_Timer_setCaptureCompareOutCtl
0000c59d  DL_Timer_setCaptureCompareValue 
0000c4d1  DL_Timer_setClockConfig         
0000bcd9  DL_UART_init                    
0000c589  DL_UART_setClockConfig          
0000c2c9  DL_UART_transmitDataBlocking    
00008e63  DMA_IRQHandler                  
00008e63  Default_Handler                 
00008e63  GROUP0_IRQHandler               
0000b60d  GROUP1_IRQHandler               
0000c325  Grayscale_Sensor_Init           
0000a53d  Grayscale_Sensor_ReadAll        
0000c65b  HOSTexit                        
00008e63  HardFault_Handler               
00008e63  I2C0_IRQHandler                 
00008e63  I2C1_IRQHandler                 
0000c5dd  MPU6050_Angle_getDeviceId       
0000c5e9  MPU6050_Angle_getZDegrees       
0000c5f5  MPU6050_Angle_getZRateDps       
000093d9  MPU6050_Angle_initWithProgress  
0000c601  MPU6050_Angle_reset             
0000b921  MPU6050_Angle_update            
0000c145  MotorControl_coast              
0000c265  MotorControl_handleEncoderEdge  
0000ba3d  MotorControl_init               
0000c475  MotorControl_setTargetRpm       
0000b479  MotorControl_takeStatus         
00008e65  MotorControl_update             
00008e63  NMI_Handler                     
00008a91  OLED_Init                       
000098c9  OLED_ShowCalibration            
00009651  OLED_ShowTask                   
00009159  OLED_ShowTask1Endpoint          
0000bfa1  OLED_ShowTask2Number            
0000bfdd  OLED_ShowTask2Turn              
0000c019  OLED_ShowTask3Number            
0000c055  OLED_ShowTask3Turn              
00008e63  PendSV_Handler                  
00008e63  RTC_IRQHandler                  
0000c65f  Reset_Handler                   
00008e63  SPI0_IRQHandler                 
00008e63  SPI1_IRQHandler                 
00008e63  SVC_Handler                     
0000a6b1  SYSCFG_DL_GPIO_init             
0000baed  SYSCFG_DL_I2C_MPU6050_init      
0000bb41  SYSCFG_DL_I2C_OLED_init         
0000b241  SYSCFG_DL_PWM_MOTOR_AB_init     
0000b2d1  SYSCFG_DL_PWM_MOTOR_CD_init     
0000bda9  SYSCFG_DL_SYSCTL_init           
0000c1f5  SYSCFG_DL_TIMER_PID_init        
0000b709  SYSCFG_DL_UART_0_init           
0000b779  SYSCFG_DL_UART_OPENMV_init      
0000bde9  SYSCFG_DL_init                  
0000b68d  SYSCFG_DL_initPower             
00008e63  SysTick_Handler                 
00008e63  TIMA0_IRQHandler                
0000bd65  TIMA1_IRQHandler                
00008e63  TIMG0_IRQHandler                
00008e63  TIMG12_IRQHandler               
00008e63  TIMG6_IRQHandler                
00008e63  TIMG7_IRQHandler                
00008e63  TIMG8_IRQHandler                
0000bbe7  Task2Control_init               
0000be29  Task2Control_reset              
00008661  Task2Control_update             
0000bc39  Task3Control_init               
0000c091  Task3Control_reset              
00008161  Task3Control_update             
0000c619  TaskManager_getActiveTask       
0000c625  TaskManager_getTask1Endpoint    
0000af81  TaskManager_init                
0000c5ad  TaskManager_takeStatusPressed   
0000c5bd  TaskManager_takeStatusReleased  
0000a81d  TaskManager_update              
0000b859  UART0_IRQHandler                
0000b055  UART1_IRQHandler                
00008e63  UART2_IRQHandler                
00008e63  UART3_IRQHandler                
20208000  __STACK_END                     
00000200  __STACK_SIZE                    
00000000  __TI_ATRegion0_region_sz        
00000000  __TI_ATRegion0_src_addr         
00000000  __TI_ATRegion0_trg_addr         
00000000  __TI_ATRegion1_region_sz        
00000000  __TI_ATRegion1_src_addr         
00000000  __TI_ATRegion1_trg_addr         
00000000  __TI_ATRegion2_region_sz        
00000000  __TI_ATRegion2_src_addr         
00000000  __TI_ATRegion2_trg_addr         
0000d284  __TI_CINIT_Base                 
0000d28c  __TI_CINIT_Limit                
0000d28c  __TI_CINIT_Warm                 
0000d280  __TI_Handler_Table_Base         
0000d284  __TI_Handler_Table_Limit        
0000c0cd  __TI_auto_init_nobinit_nopinit  
ffffffff  __TI_pprof_out_hndl             
ffffffff  __TI_prof_data_size             
ffffffff  __TI_prof_data_start            
00000000  __TI_static_base__              
0000c5cd  __TI_zero_init                  
0000aeb3  __addsf3                        
0000c22d  __aeabi_f2iz                    
0000aeb3  __aeabi_fadd                    
0000b9e1  __aeabi_fcmpeq                  
0000ba17  __aeabi_fcmpge                  
0000ba29  __aeabi_fcmpgt                  
0000ba05  __aeabi_fcmple                  
0000b9f3  __aeabi_fcmplt                  
0000b3d7  __aeabi_fcmpun                  
0000b589  __aeabi_fdiv                    
0000b3ed  __aeabi_fmul                    
0000aea9  __aeabi_fsub                    
0000c109  __aeabi_i2f                     
0000ba95  __aeabi_idiv                    
0000b503  __aeabi_idiv0                   
0000ba95  __aeabi_idivmod                 
0000bc89  __aeabi_l2f                     
0000b60b  __aeabi_ldiv0                   
0000c575  __aeabi_ldivmod                 
0000c495  __aeabi_llsl                    
0000c415  __aeabi_lmul                    
0000c4fb  __aeabi_memclr                  
0000c4fb  __aeabi_memclr4                 
0000c4fb  __aeabi_memclr8                 
0000c63d  __aeabi_memcpy                  
0000c63d  __aeabi_memcpy4                 
0000c63d  __aeabi_memcpy8                 
0000c4ed  __aeabi_memset                  
0000c4ed  __aeabi_memset4                 
0000c4ed  __aeabi_memset8                 
0000c3a1  __aeabi_ui2f                    
0000bea9  __aeabi_uidiv                   
0000bea9  __aeabi_uidivmod                
0000c495  __ashldi3                       
ffffffff  __binit__                       
0000b361  __cmpsf2                        
0000bf27  __divmoddi4                     
0000b589  __divsf3                        
0000b361  __eqsf2                         
0000c22d  __fixsfsi                       
0000bc89  __floatdisf                     
0000c109  __floatsisf                     
0000c3a1  __floatunsisf                   
0000b39b  __gesf2                         
0000b39b  __gtsf2                         
0000b361  __lesf2                         
0000b361  __ltsf2                         
UNDEFED   __mpu_init                      
0000c415  __muldi3                        
0000c181  __muldsi3                       
0000b3ed  __mulsf3                        
0000b361  __nesf2                         
20207e00  __stack                         
20200000  __start___llvm_prf_bits         
20200000  __start___llvm_prf_cnts         
20200000  __stop___llvm_prf_bits          
20200000  __stop___llvm_prf_cnts          
0000aea9  __subsf3                        
0000b105  __udivmoddi4                    
0000b3d7  __unordsf2                      
0000c379  _c_int00_noargs                 
UNDEFED   _system_post_cinit              
0000c663  _system_pre_init                
0000c651  abort                           
ffffffff  binit                           
20200000  gPWM_MOTOR_CDBackup             
202000bc  gTIMER_PIDBackup                
00000000  interruptVectors                
000000c1  main                            
0000b1a7  memcpy                          
0000b8bd  memset                          


GLOBAL SYMBOLS: SORTED BY Symbol Address 

address   name                            
-------   ----                            
00000000  __TI_ATRegion0_region_sz        
00000000  __TI_ATRegion0_src_addr         
00000000  __TI_ATRegion0_trg_addr         
00000000  __TI_ATRegion1_region_sz        
00000000  __TI_ATRegion1_src_addr         
00000000  __TI_ATRegion1_trg_addr         
00000000  __TI_ATRegion2_region_sz        
00000000  __TI_ATRegion2_src_addr         
00000000  __TI_ATRegion2_trg_addr         
00000000  __TI_static_base__              
00000000  interruptVectors                
000000c1  main                            
00000200  __STACK_SIZE                    
00008161  Task3Control_update             
00008661  Task2Control_update             
00008a91  OLED_Init                       
00008e63  ADC0_IRQHandler                 
00008e63  ADC1_IRQHandler                 
00008e63  AES_IRQHandler                  
00008e63  CANFD0_IRQHandler               
00008e63  DAC0_IRQHandler                 
00008e63  DMA_IRQHandler                  
00008e63  Default_Handler                 
00008e63  GROUP0_IRQHandler               
00008e63  HardFault_Handler               
00008e63  I2C0_IRQHandler                 
00008e63  I2C1_IRQHandler                 
00008e63  NMI_Handler                     
00008e63  PendSV_Handler                  
00008e63  RTC_IRQHandler                  
00008e63  SPI0_IRQHandler                 
00008e63  SPI1_IRQHandler                 
00008e63  SVC_Handler                     
00008e63  SysTick_Handler                 
00008e63  TIMA0_IRQHandler                
00008e63  TIMG0_IRQHandler                
00008e63  TIMG12_IRQHandler               
00008e63  TIMG6_IRQHandler                
00008e63  TIMG7_IRQHandler                
00008e63  TIMG8_IRQHandler                
00008e63  UART2_IRQHandler                
00008e63  UART3_IRQHandler                
00008e65  MotorControl_update             
00009159  OLED_ShowTask1Endpoint          
000093d9  MPU6050_Angle_initWithProgress  
00009651  OLED_ShowTask                   
000098c9  OLED_ShowCalibration            
00009fb1  AngleTurnControl_update         
0000a53d  Grayscale_Sensor_ReadAll        
0000a6b1  SYSCFG_DL_GPIO_init             
0000a81d  TaskManager_update              
0000a969  CarControl_setMotion            
0000aaa1  DL_Timer_initFourCCPWMMode      
0000adad  DL_Timer_initTimerMode          
0000aea9  __aeabi_fsub                    
0000aea9  __subsf3                        
0000aeb3  __addsf3                        
0000aeb3  __aeabi_fadd                    
0000af81  TaskManager_init                
0000b055  UART1_IRQHandler                
0000b105  __udivmoddi4                    
0000b1a7  memcpy                          
0000b241  SYSCFG_DL_PWM_MOTOR_AB_init     
0000b2d1  SYSCFG_DL_PWM_MOTOR_CD_init     
0000b361  __cmpsf2                        
0000b361  __eqsf2                         
0000b361  __lesf2                         
0000b361  __ltsf2                         
0000b361  __nesf2                         
0000b39b  __gesf2                         
0000b39b  __gtsf2                         
0000b3d7  __aeabi_fcmpun                  
0000b3d7  __unordsf2                      
0000b3ed  __aeabi_fmul                    
0000b3ed  __mulsf3                        
0000b479  MotorControl_takeStatus         
0000b503  __aeabi_idiv0                   
0000b505  AngleTurnControl_start          
0000b589  __aeabi_fdiv                    
0000b589  __divsf3                        
0000b60b  __aeabi_ldiv0                   
0000b60d  GROUP1_IRQHandler               
0000b68d  SYSCFG_DL_initPower             
0000b709  SYSCFG_DL_UART_0_init           
0000b779  SYSCFG_DL_UART_OPENMV_init      
0000b859  UART0_IRQHandler                
0000b8bd  memset                          
0000b921  MPU6050_Angle_update            
0000b981  DL_I2C_fillControllerTXFIFO     
0000b9e1  __aeabi_fcmpeq                  
0000b9f3  __aeabi_fcmplt                  
0000ba05  __aeabi_fcmple                  
0000ba17  __aeabi_fcmpge                  
0000ba29  __aeabi_fcmpgt                  
0000ba3d  MotorControl_init               
0000ba95  __aeabi_idiv                    
0000ba95  __aeabi_idivmod                 
0000baed  SYSCFG_DL_I2C_MPU6050_init      
0000bb41  SYSCFG_DL_I2C_OLED_init         
0000bbe7  Task2Control_init               
0000bc39  Task3Control_init               
0000bc89  __aeabi_l2f                     
0000bc89  __floatdisf                     
0000bcd9  DL_UART_init                    
0000bd65  TIMA1_IRQHandler                
0000bda9  SYSCFG_DL_SYSCTL_init           
0000bde9  SYSCFG_DL_init                  
0000be29  Task2Control_reset              
0000bea9  __aeabi_uidiv                   
0000bea9  __aeabi_uidivmod                
0000bee9  CarControl_init                 
0000bf27  __divmoddi4                     
0000bf65  DL_I2C_flushControllerTXFIFO    
0000bfa1  OLED_ShowTask2Number            
0000bfdd  OLED_ShowTask2Turn              
0000c019  OLED_ShowTask3Number            
0000c055  OLED_ShowTask3Turn              
0000c091  Task3Control_reset              
0000c0cd  __TI_auto_init_nobinit_nopinit  
0000c109  __aeabi_i2f                     
0000c109  __floatsisf                     
0000c145  MotorControl_coast              
0000c181  __muldsi3                       
0000c1f5  SYSCFG_DL_TIMER_PID_init        
0000c22d  __aeabi_f2iz                    
0000c22d  __fixsfsi                       
0000c265  MotorControl_handleEncoderEdge  
0000c299  DL_I2C_flushControllerRXFIFO    
0000c2c9  DL_UART_transmitDataBlocking    
0000c2f9  AngleTurnControl_init           
0000c325  Grayscale_Sensor_Init           
0000c351  CarControl_stop                 
0000c379  _c_int00_noargs                 
0000c3a1  __aeabi_ui2f                    
0000c3a1  __floatunsisf                   
0000c3c9  DL_I2C_setClockConfig           
0000c3ef  AngleTurnControl_cancel         
0000c415  __aeabi_lmul                    
0000c415  __muldi3                        
0000c439  CarControl_coast                
0000c457  CarControl_emergencyStop        
0000c475  MotorControl_setTargetRpm       
0000c495  __aeabi_llsl                    
0000c495  __ashldi3                       
0000c4b5  DL_Timer_setCaptCompUpdateMethod
0000c4d1  DL_Timer_setClockConfig         
0000c4ed  __aeabi_memset                  
0000c4ed  __aeabi_memset4                 
0000c4ed  __aeabi_memset8                 
0000c4fb  __aeabi_memclr                  
0000c4fb  __aeabi_memclr4                 
0000c4fb  __aeabi_memclr8                 
0000c509  DL_Timer_setCaptureCompareOutCtl
0000c575  __aeabi_ldivmod                 
0000c589  DL_UART_setClockConfig          
0000c59d  DL_Timer_setCaptureCompareValue 
0000c5ad  TaskManager_takeStatusPressed   
0000c5bd  TaskManager_takeStatusReleased  
0000c5cd  __TI_zero_init                  
0000c5dd  MPU6050_Angle_getDeviceId       
0000c5e9  MPU6050_Angle_getZDegrees       
0000c5f5  MPU6050_Angle_getZRateDps       
0000c601  MPU6050_Angle_reset             
0000c619  TaskManager_getActiveTask       
0000c625  TaskManager_getTask1Endpoint    
0000c631  DL_Common_delayCycles           
0000c63d  __aeabi_memcpy                  
0000c63d  __aeabi_memcpy4                 
0000c63d  __aeabi_memcpy8                 
0000c645  AngleTurnControl_isActive       
0000c64b  CarControl_getSpeedRpm          
0000c651  abort                           
0000c657  CarControl_getTurnInnerPercent  
0000c65a  C$$EXIT                         
0000c65b  HOSTexit                        
0000c65f  Reset_Handler                   
0000c663  _system_pre_init                
0000d280  __TI_Handler_Table_Base         
0000d284  __TI_CINIT_Base                 
0000d284  __TI_Handler_Table_Limit        
0000d28c  __TI_CINIT_Limit                
0000d28c  __TI_CINIT_Warm                 
20200000  __start___llvm_prf_bits         
20200000  __start___llvm_prf_cnts         
20200000  __stop___llvm_prf_bits          
20200000  __stop___llvm_prf_cnts          
20200000  gPWM_MOTOR_CDBackup             
202000bc  gTIMER_PIDBackup                
20207e00  __stack                         
20208000  __STACK_END                     
ffffffff  __TI_pprof_out_hndl             
ffffffff  __TI_prof_data_size             
ffffffff  __TI_prof_data_start            
ffffffff  __binit__                       
ffffffff  binit                           
UNDEFED   __mpu_init                      
UNDEFED   _system_post_cinit              

[197 symbols]
