******************************************************************************
            TI ARM Clang Linker PC v5.1.1                      
******************************************************************************
>> Linked Sun Jul 19 19:37:11 2026

OUTPUT FILE NAME:   <main.out>
ENTRY POINT SYMBOL: "_c_int00_noargs"  address: 00001bd9


MEMORY CONFIGURATION

         name            origin    length      used     unused   attr    fill
----------------------  --------  ---------  --------  --------  ----  --------
  FLASH                 00000000   00020000  00001f58  0001e0a8  R  X
  SRAM                  20200000   00008000  000005c0  00007a40  RW X
  BCR_CONFIG            41c00000   000000ff  00000000  000000ff  R   
  BSL_CONFIG            41c00100   00000080  00000000  00000080  R   


SEGMENT ALLOCATION MAP

run origin  load origin   length   init length attrs members
----------  ----------- ---------- ----------- ----- -------
00000000    00000000    00001f58   00001f58    r-x
  00000000    00000000    000000c0   000000c0    r-- .intvecs
  000000c0    000000c0    00001ce0   00001ce0    r-x .text
  00001da0    00001da0    00000188   00000188    r-- .rodata
  00001f28    00001f28    00000030   00000030    r-- .cinit
20200000    20200000    000003c0   00000000    rw-
  20200000    20200000    000003be   00000000    rw- .bss
  202003be    202003be    00000002   00000000    rw- .data
20207e00    20207e00    00000200   00000000    rw-
  20207e00    20207e00    00000200   00000000    rw- .stack


SECTION ALLOCATION MAP

 output                                  attributes/
section   page    origin      length       input sections
--------  ----  ----------  ----------   ----------------
.intvecs   0    00000000    000000c0     
                  00000000    000000c0     startup_mspm0g350x_ticlang.o (.intvecs)

.text      0    000000c0    00001ce0     
                  000000c0    000005d4     main.o (.text.UART_reportMotorStatus)
                  00000694    00000330     main.o (.text.main)
                  000009c4    000002e4     motor_control.o (.text.MotorControl_update)
                  00000ca8    00000120     ti_msp_dl_config.o (.text.SYSCFG_DL_GPIO_init)
                  00000dc8    00000104     driverlib.a : dl_timer.o (.text.DL_Timer_initFourCCPWMMode)
                  00000ecc    000000fc                 : dl_timer.o (.text.DL_Timer_initTimerMode)
                  00000fc8    000000d8     libclang_rt.builtins.a : addsf3.S.obj (.text)
                  000010a0    000000a2                            : udivmoddi4.S.obj (.text)
                  00001142    0000009a     libc.a : memcpy16.S.obj (.text:memcpy)
                  000011dc    00000090     ti_msp_dl_config.o (.text.SYSCFG_DL_PWM_MOTOR_AB_init)
                  0000126c    00000090     ti_msp_dl_config.o (.text.SYSCFG_DL_PWM_MOTOR_CD_init)
                  000012fc    0000008c     libclang_rt.builtins.a : comparesf2.S.obj (.text)
                  00001388    0000008c                            : mulsf3.S.obj (.text)
                  00001414    0000008a     motor_control.o (.text.MotorControl_takeStatus)
                  0000149e    00000002     startup_mspm0g350x_ticlang.o (.text.Default_Handler)
                  000014a0    00000082     libclang_rt.builtins.a : divsf3.S.obj (.text)
                  00001522    00000002                            : aeabi_div0.c.obj (.text.__aeabi_idiv0)
                  00001524    00000080     main.o (.text.GROUP1_IRQHandler)
                  000015a4    0000007c     libc.a : copy_decompress_lzss.c.obj (.text:decompress:lzss)
                  00001620    00000070     ti_msp_dl_config.o (.text.SYSCFG_DL_UART_0_init)
                  00001690    00000070     ti_msp_dl_config.o (.text.SYSCFG_DL_initPower)
                  00001700    00000064     main.o (.text.UART0_IRQHandler)
                  00001764    00000062     libc.a : memset16.S.obj (.text:memset)
                  000017c6    00000002     libclang_rt.builtins.a : aeabi_div0.c.obj (.text.__aeabi_ldiv0)
                  000017c8    00000060     ti_msp_dl_config.o (.text.SYSCFG_DL_UART_1_init)
                  00001828    0000005a     libclang_rt.builtins.a : aeabi_fcmp.S.obj (.text)
                  00001882    00000002     --HOLE-- [fill = 0]
                  00001884    00000058     motor_control.o (.text.MotorControl_init)
                  000018dc    00000048     driverlib.a : dl_uart.o (.text.DL_UART_init)
                  00001924    00000040     ti_msp_dl_config.o (.text.SYSCFG_DL_SYSCTL_init)
                  00001964    00000040     libclang_rt.builtins.a : aeabi_uidivmod.S.obj (.text)
                  000019a4    0000003e                            : divmoddi4.c.obj (.text.__divmoddi4)
                  000019e2    00000002     --HOLE-- [fill = 0]
                  000019e4    0000003c     ti_msp_dl_config.o (.text.SYSCFG_DL_init)
                  00001a20    0000003c     main.o (.text.TIMA1_IRQHandler)
                  00001a5c    0000003c     libc.a : autoinit.c.obj (.text:__TI_auto_init_nobinit_nopinit)
                  00001a98    0000003a     libclang_rt.builtins.a : muldsi3.S.obj (.text)
                  00001ad2    00000002     --HOLE-- [fill = 0]
                  00001ad4    00000038     ti_msp_dl_config.o (.text.SYSCFG_DL_TIMER_PID_init)
                  00001b0c    00000038     libclang_rt.builtins.a : fixsfsi.S.obj (.text)
                  00001b44    00000032     motor_control.o (.text.MotorControl_handleEncoderEdge)
                  00001b76    00000002     --HOLE-- [fill = 0]
                  00001b78    00000030     driverlib.a : dl_uart.o (.text.DL_UART_transmitDataBlocking)
                  00001ba8    00000030     ti_msp_dl_config.o (.text.SYSCFG_DL_I2C_0_init)
                  00001bd8    00000028     libc.a : boot_cortex_m.c.obj (.text:_c_int00_noargs)
                  00001c00    00000028     libclang_rt.builtins.a : floatunsisf.S.obj (.text)
                  00001c28    00000026     driverlib.a : dl_i2c.o (.text.DL_I2C_setClockConfig)
                  00001c4e    00000002     --HOLE-- [fill = 0]
                  00001c50    00000024     libclang_rt.builtins.a : muldi3.S.obj (.text)
                  00001c74    0000001e                            : ashldi3.S.obj (.text)
                  00001c92    00000002     --HOLE-- [fill = 0]
                  00001c94    0000001c     driverlib.a : dl_timer.o (.text.DL_Timer_setCaptCompUpdateMethod)
                  00001cb0    0000001c                 : dl_timer.o (.text.DL_Timer_setClockConfig)
                  00001ccc    0000001a     libclang_rt.builtins.a : aeabi_memset.S.obj (.text)
                  00001ce6    00000002     --HOLE-- [fill = 0]
                  00001ce8    00000018     driverlib.a : dl_timer.o (.text.DL_Timer_setCaptureCompareOutCtl)
                  00001d00    00000018     motor_control.o (.text.MotorControl_setTargetRpm)
                  00001d18    00000016     libc.a : copy_zero_init.c.obj (.text:decompress:ZI:__TI_zero_init_nomemset)
                  00001d2e    00000002     --HOLE-- [fill = 0]
                  00001d30    00000014     libclang_rt.builtins.a : aeabi_ldivmod.S.obj (.text)
                  00001d44    00000012     driverlib.a : dl_uart.o (.text.DL_UART_setClockConfig)
                  00001d56    00000012     libc.a : copy_decompress_none.c.obj (.text:decompress:none)
                  00001d68    00000010     driverlib.a : dl_timer.o (.text.DL_Timer_setCaptureCompareValue)
                  00001d78    0000000a                 : dl_common.o (.text.DL_Common_delayCycles)
                  00001d82    00000002     --HOLE-- [fill = 0]
                  00001d84    00000008     libclang_rt.builtins.a : aeabi_memcpy.S.obj (.text)
                  00001d8c    00000006     libc.a : exit.c.obj (.text:abort)
                  00001d92    00000004     libsysbm.a : hostexit.c.obj (.text.HOSTexit)
                  00001d96    00000004     startup_mspm0g350x_ticlang.o (.text.Reset_Handler)
                  00001d9a    00000004     libc.a : pre_init.c.obj (.text._system_pre_init)
                  00001d9e    00000002     --HOLE-- [fill = 0]

.cinit     0    00001f28    00000030     
                  00001f28    0000000c     (__TI_handler_table)
                  00001f34    00000008     (.cinit..bss.load) [load image, compression = zero_init]
                  00001f3c    00000006     (.cinit..data.load) [load image, compression = lzss]
                  00001f42    00000002     --HOLE-- [fill = 0]
                  00001f44    00000010     (__TI_cinit_table)
                  00001f54    00000004     --HOLE-- [fill = 0]

.rodata    0    00001da0    00000188     
                  00001da0    00000050     main.o (.rodata.gMotorAConfig)
                  00001df0    00000050     main.o (.rodata.gMotorBConfig)
                  00001e40    00000050     main.o (.rodata.gMotorCConfig)
                  00001e90    00000050     main.o (.rodata.gMotorDConfig)
                  00001ee0    00000014     ti_msp_dl_config.o (.rodata.gTIMER_PIDTimerConfig)
                  00001ef4    0000000a     ti_msp_dl_config.o (.rodata.gUART_0Config)
                  00001efe    0000000a     ti_msp_dl_config.o (.rodata.gUART_1Config)
                  00001f08    00000008     ti_msp_dl_config.o (.rodata.gPWM_MOTOR_ABConfig)
                  00001f10    00000008     ti_msp_dl_config.o (.rodata.gPWM_MOTOR_CDConfig)
                  00001f18    00000003     ti_msp_dl_config.o (.rodata.gPWM_MOTOR_ABClockConfig)
                  00001f1b    00000003     ti_msp_dl_config.o (.rodata.gPWM_MOTOR_CDClockConfig)
                  00001f1e    00000003     ti_msp_dl_config.o (.rodata.gTIMER_PIDClockConfig)
                  00001f21    00000002     ti_msp_dl_config.o (.rodata.gI2C_0ClockConfig)
                  00001f23    00000002     ti_msp_dl_config.o (.rodata.gUART_0ClockConfig)
                  00001f25    00000002     ti_msp_dl_config.o (.rodata.gUART_1ClockConfig)
                  00001f27    00000001     --HOLE-- [fill = 0]

.init_array 
*          0    00000000    00000000     UNINITIALIZED

.binit     0    00000000    00000000     

.bss       0    20200000    000003be     UNINITIALIZED
                  20200000    000000bc     (.common:gPWM_MOTOR_CDBackup)
                  202000bc    000000bc     (.common:gTIMER_PIDBackup)
                  20200178    00000078     main.o (.bss.gMotorA)
                  202001f0    00000078     main.o (.bss.gMotorB)
                  20200268    00000078     main.o (.bss.gMotorC)
                  202002e0    00000078     main.o (.bss.gMotorD)
                  20200358    00000020     main.o (.bss.gUartCommand)
                  20200378    00000010     main.o (.bss.main.motorAStatus)
                  20200388    00000010     main.o (.bss.main.motorBStatus)
                  20200398    00000010     main.o (.bss.main.motorCStatus)
                  202003a8    00000010     main.o (.bss.main.motorDStatus)
                  202003b8    00000001     main.o (.bss.gUartCommandLength)
                  202003b9    00000001     main.o (.bss.gUartCommandReady)
                  202003ba    00000001     main.o (.bss.main.motorAStatusReady)
                  202003bb    00000001     main.o (.bss.main.motorBStatusReady)
                  202003bc    00000001     main.o (.bss.main.motorCStatusReady)
                  202003bd    00000001     main.o (.bss.main.motorDStatusReady)

.data      0    202003be    00000002     UNINITIALIZED
                  202003be    00000002     main.o (.data.gCarSpeedRpm)

.stack     0    20207e00    00000200     UNINITIALIZED
                  20207e00    00000004     libc.a : boot_cortex_m.c.obj (.stack)
                  20207e04    000001fc     --HOLE--

__llvm_prf_cnts 
*          0    20200000    00000000     UNINITIALIZED

__llvm_prf_bits 
*          0    20200000    00000000     UNINITIALIZED

MODULE SUMMARY

       Module                         code   ro data   rw data
       ------                         ----   -------   -------
    .\
       main.o                         2596   320       584    
       ti_msp_dl_config.o             1124   71        376    
       motor_control.o                1040   0         0      
       startup_mspm0g350x_ticlang.o   6      192       0      
    +--+------------------------------+------+---------+---------+
       Total:                         4766   583       960    
                                                              
    C:/ti/mspm0_sdk_2_11_00_07/source/ti/driverlib/lib/ticlang/m0p/mspm0g1x0x_g3x0x/driverlib.a
       dl_timer.o                     608    0         0      
       dl_uart.o                      138    0         0      
       dl_i2c.o                       38     0         0      
       dl_common.o                    10     0         0      
    +--+------------------------------+------+---------+---------+
       Total:                         794    0         0      
                                                              
    C:\ti\ccs2100\ccs\tools\compiler\ti-cgt-armllvm_5.1.1.LTS\lib\armv6m-ti-none-eabi/c/libc.a
       memcpy16.S.obj                 154    0         0      
       copy_decompress_lzss.c.obj     124    0         0      
       memset16.S.obj                 98     0         0      
       autoinit.c.obj                 60     0         0      
       boot_cortex_m.c.obj            40     0         0      
       copy_zero_init.c.obj           22     0         0      
       copy_decompress_none.c.obj     18     0         0      
       exit.c.obj                     6      0         0      
       pre_init.c.obj                 4      0         0      
    +--+------------------------------+------+---------+---------+
       Total:                         526    0         0      
                                                              
    C:\ti\ccs2100\ccs\tools\compiler\ti-cgt-armllvm_5.1.1.LTS\lib\armv6m-ti-none-eabi/c/libsysbm.a
       hostexit.c.obj                 4      0         0      
    +--+------------------------------+------+---------+---------+
       Total:                         4      0         0      
                                                              
    C:\ti\ccs2100\ccs\tools\compiler\ti-cgt-armllvm_5.1.1.LTS\lib\armv6m-ti-none-eabi/libclang_rt.builtins.a
       addsf3.S.obj                   216    0         0      
       udivmoddi4.S.obj               162    0         0      
       comparesf2.S.obj               140    0         0      
       mulsf3.S.obj                   140    0         0      
       divsf3.S.obj                   130    0         0      
       aeabi_fcmp.S.obj               90     0         0      
       aeabi_uidivmod.S.obj           64     0         0      
       divmoddi4.c.obj                62     0         0      
       muldsi3.S.obj                  58     0         0      
       fixsfsi.S.obj                  56     0         0      
       floatunsisf.S.obj              40     0         0      
       muldi3.S.obj                   36     0         0      
       ashldi3.S.obj                  30     0         0      
       aeabi_memset.S.obj             26     0         0      
       aeabi_ldivmod.S.obj            20     0         0      
       aeabi_memcpy.S.obj             8      0         0      
       aeabi_div0.c.obj               4      0         0      
    +--+------------------------------+------+---------+---------+
       Total:                         1282   0         0      
                                                              
       Stack:                         0      0         512    
       Linker Generated:              0      42        0      
    +--+------------------------------+------+---------+---------+
       Grand Total:                   7372   625       1472   


LINKER GENERATED COPY TABLES

__TI_cinit_table @ 00001f44 records: 2, size/record: 8, table size: 16
	.bss: load addr=00001f34, load size=00000008 bytes, run addr=20200000, run size=000003be bytes, compression=zero_init
	.data: load addr=00001f3c, load size=00000006 bytes, run addr=202003be, run size=00000002 bytes, compression=lzss


LINKER GENERATED HANDLER TABLE

__TI_handler_table @ 00001f28 records: 3, size/record: 4, table size: 12
	index: 0, handler: __TI_decompress_lzss
	index: 1, handler: __TI_decompress_none
	index: 2, handler: __TI_zero_init


GLOBAL SYMBOLS: SORTED ALPHABETICALLY BY Name 

address   name                            
-------   ----                            
0000149f  ADC0_IRQHandler                 
0000149f  ADC1_IRQHandler                 
0000149f  AES_IRQHandler                  
00001d92  C$$EXIT                         
0000149f  CANFD0_IRQHandler               
0000149f  DAC0_IRQHandler                 
00001d79  DL_Common_delayCycles           
00001c29  DL_I2C_setClockConfig           
00000dc9  DL_Timer_initFourCCPWMMode      
00000ecd  DL_Timer_initTimerMode          
00001c95  DL_Timer_setCaptCompUpdateMethod
00001ce9  DL_Timer_setCaptureCompareOutCtl
00001d69  DL_Timer_setCaptureCompareValue 
00001cb1  DL_Timer_setClockConfig         
000018dd  DL_UART_init                    
00001d45  DL_UART_setClockConfig          
00001b79  DL_UART_transmitDataBlocking    
0000149f  DMA_IRQHandler                  
0000149f  Default_Handler                 
0000149f  GROUP0_IRQHandler               
00001525  GROUP1_IRQHandler               
00001d93  HOSTexit                        
0000149f  HardFault_Handler               
0000149f  I2C0_IRQHandler                 
0000149f  I2C1_IRQHandler                 
00001b45  MotorControl_handleEncoderEdge  
00001885  MotorControl_init               
00001d01  MotorControl_setTargetRpm       
00001415  MotorControl_takeStatus         
000009c5  MotorControl_update             
0000149f  NMI_Handler                     
0000149f  PendSV_Handler                  
0000149f  RTC_IRQHandler                  
00001d97  Reset_Handler                   
0000149f  SPI0_IRQHandler                 
0000149f  SPI1_IRQHandler                 
0000149f  SVC_Handler                     
00000ca9  SYSCFG_DL_GPIO_init             
00001ba9  SYSCFG_DL_I2C_0_init            
000011dd  SYSCFG_DL_PWM_MOTOR_AB_init     
0000126d  SYSCFG_DL_PWM_MOTOR_CD_init     
00001925  SYSCFG_DL_SYSCTL_init           
00001ad5  SYSCFG_DL_TIMER_PID_init        
00001621  SYSCFG_DL_UART_0_init           
000017c9  SYSCFG_DL_UART_1_init           
000019e5  SYSCFG_DL_init                  
00001691  SYSCFG_DL_initPower             
0000149f  SysTick_Handler                 
0000149f  TIMA0_IRQHandler                
00001a21  TIMA1_IRQHandler                
0000149f  TIMG0_IRQHandler                
0000149f  TIMG12_IRQHandler               
0000149f  TIMG6_IRQHandler                
0000149f  TIMG7_IRQHandler                
0000149f  TIMG8_IRQHandler                
00001701  UART0_IRQHandler                
0000149f  UART1_IRQHandler                
0000149f  UART2_IRQHandler                
0000149f  UART3_IRQHandler                
20208000  __STACK_END                     
00000200  __STACK_SIZE                    
00000000  __TI_ATRegion0_region_sz        
00000000  __TI_ATRegion0_src_addr         
00000000  __TI_ATRegion0_trg_addr         
00000000  __TI_ATRegion1_region_sz        
00000000  __TI_ATRegion1_src_addr         
00000000  __TI_ATRegion1_trg_addr         
00000000  __TI_ATRegion2_region_sz        
00000000  __TI_ATRegion2_src_addr         
00000000  __TI_ATRegion2_trg_addr         
00001f44  __TI_CINIT_Base                 
00001f54  __TI_CINIT_Limit                
00001f54  __TI_CINIT_Warm                 
00001f28  __TI_Handler_Table_Base         
00001f34  __TI_Handler_Table_Limit        
00001a5d  __TI_auto_init_nobinit_nopinit  
000015a5  __TI_decompress_lzss            
00001d57  __TI_decompress_none            
ffffffff  __TI_pprof_out_hndl             
ffffffff  __TI_prof_data_size             
ffffffff  __TI_prof_data_start            
00000000  __TI_static_base__              
00001d19  __TI_zero_init_nomemset         
00000fd3  __addsf3                        
00001b0d  __aeabi_f2iz                    
00000fd3  __aeabi_fadd                    
00001829  __aeabi_fcmpeq                  
0000185f  __aeabi_fcmpge                  
00001871  __aeabi_fcmpgt                  
0000184d  __aeabi_fcmple                  
0000183b  __aeabi_fcmplt                  
00001373  __aeabi_fcmpun                  
000014a1  __aeabi_fdiv                    
00001389  __aeabi_fmul                    
00000fc9  __aeabi_fsub                    
00001523  __aeabi_idiv0                   
000017c7  __aeabi_ldiv0                   
00001d31  __aeabi_ldivmod                 
00001c75  __aeabi_llsl                    
00001c51  __aeabi_lmul                    
00001cdb  __aeabi_memclr                  
00001cdb  __aeabi_memclr4                 
00001cdb  __aeabi_memclr8                 
00001d85  __aeabi_memcpy                  
00001d85  __aeabi_memcpy4                 
00001d85  __aeabi_memcpy8                 
00001ccd  __aeabi_memset                  
00001ccd  __aeabi_memset4                 
00001ccd  __aeabi_memset8                 
00001c01  __aeabi_ui2f                    
00001965  __aeabi_uidiv                   
00001965  __aeabi_uidivmod                
00001c75  __ashldi3                       
ffffffff  __binit__                       
000012fd  __cmpsf2                        
000019a5  __divmoddi4                     
000014a1  __divsf3                        
000012fd  __eqsf2                         
00001b0d  __fixsfsi                       
00001c01  __floatunsisf                   
00001337  __gesf2                         
00001337  __gtsf2                         
000012fd  __lesf2                         
000012fd  __ltsf2                         
UNDEFED   __mpu_init                      
00001c51  __muldi3                        
00001a99  __muldsi3                       
00001389  __mulsf3                        
000012fd  __nesf2                         
20207e00  __stack                         
20200000  __start___llvm_prf_bits         
20200000  __start___llvm_prf_cnts         
20200000  __stop___llvm_prf_bits          
20200000  __stop___llvm_prf_cnts          
00000fc9  __subsf3                        
000010a1  __udivmoddi4                    
00001373  __unordsf2                      
00001bd9  _c_int00_noargs                 
UNDEFED   _system_post_cinit              
00001d9b  _system_pre_init                
00001d8d  abort                           
ffffffff  binit                           
20200000  gPWM_MOTOR_CDBackup             
202000bc  gTIMER_PIDBackup                
00000000  interruptVectors                
00000695  main                            
00001143  memcpy                          
00001765  memset                          


GLOBAL SYMBOLS: SORTED BY Symbol Address 

address   name                            
-------   ----                            
00000000  __TI_ATRegion0_region_sz        
00000000  __TI_ATRegion0_src_addr         
00000000  __TI_ATRegion0_trg_addr         
00000000  __TI_ATRegion1_region_sz        
00000000  __TI_ATRegion1_src_addr         
00000000  __TI_ATRegion1_trg_addr         
00000000  __TI_ATRegion2_region_sz        
00000000  __TI_ATRegion2_src_addr         
00000000  __TI_ATRegion2_trg_addr         
00000000  __TI_static_base__              
00000000  interruptVectors                
00000200  __STACK_SIZE                    
00000695  main                            
000009c5  MotorControl_update             
00000ca9  SYSCFG_DL_GPIO_init             
00000dc9  DL_Timer_initFourCCPWMMode      
00000ecd  DL_Timer_initTimerMode          
00000fc9  __aeabi_fsub                    
00000fc9  __subsf3                        
00000fd3  __addsf3                        
00000fd3  __aeabi_fadd                    
000010a1  __udivmoddi4                    
00001143  memcpy                          
000011dd  SYSCFG_DL_PWM_MOTOR_AB_init     
0000126d  SYSCFG_DL_PWM_MOTOR_CD_init     
000012fd  __cmpsf2                        
000012fd  __eqsf2                         
000012fd  __lesf2                         
000012fd  __ltsf2                         
000012fd  __nesf2                         
00001337  __gesf2                         
00001337  __gtsf2                         
00001373  __aeabi_fcmpun                  
00001373  __unordsf2                      
00001389  __aeabi_fmul                    
00001389  __mulsf3                        
00001415  MotorControl_takeStatus         
0000149f  ADC0_IRQHandler                 
0000149f  ADC1_IRQHandler                 
0000149f  AES_IRQHandler                  
0000149f  CANFD0_IRQHandler               
0000149f  DAC0_IRQHandler                 
0000149f  DMA_IRQHandler                  
0000149f  Default_Handler                 
0000149f  GROUP0_IRQHandler               
0000149f  HardFault_Handler               
0000149f  I2C0_IRQHandler                 
0000149f  I2C1_IRQHandler                 
0000149f  NMI_Handler                     
0000149f  PendSV_Handler                  
0000149f  RTC_IRQHandler                  
0000149f  SPI0_IRQHandler                 
0000149f  SPI1_IRQHandler                 
0000149f  SVC_Handler                     
0000149f  SysTick_Handler                 
0000149f  TIMA0_IRQHandler                
0000149f  TIMG0_IRQHandler                
0000149f  TIMG12_IRQHandler               
0000149f  TIMG6_IRQHandler                
0000149f  TIMG7_IRQHandler                
0000149f  TIMG8_IRQHandler                
0000149f  UART1_IRQHandler                
0000149f  UART2_IRQHandler                
0000149f  UART3_IRQHandler                
000014a1  __aeabi_fdiv                    
000014a1  __divsf3                        
00001523  __aeabi_idiv0                   
00001525  GROUP1_IRQHandler               
000015a5  __TI_decompress_lzss            
00001621  SYSCFG_DL_UART_0_init           
00001691  SYSCFG_DL_initPower             
00001701  UART0_IRQHandler                
00001765  memset                          
000017c7  __aeabi_ldiv0                   
000017c9  SYSCFG_DL_UART_1_init           
00001829  __aeabi_fcmpeq                  
0000183b  __aeabi_fcmplt                  
0000184d  __aeabi_fcmple                  
0000185f  __aeabi_fcmpge                  
00001871  __aeabi_fcmpgt                  
00001885  MotorControl_init               
000018dd  DL_UART_init                    
00001925  SYSCFG_DL_SYSCTL_init           
00001965  __aeabi_uidiv                   
00001965  __aeabi_uidivmod                
000019a5  __divmoddi4                     
000019e5  SYSCFG_DL_init                  
00001a21  TIMA1_IRQHandler                
00001a5d  __TI_auto_init_nobinit_nopinit  
00001a99  __muldsi3                       
00001ad5  SYSCFG_DL_TIMER_PID_init        
00001b0d  __aeabi_f2iz                    
00001b0d  __fixsfsi                       
00001b45  MotorControl_handleEncoderEdge  
00001b79  DL_UART_transmitDataBlocking    
00001ba9  SYSCFG_DL_I2C_0_init            
00001bd9  _c_int00_noargs                 
00001c01  __aeabi_ui2f                    
00001c01  __floatunsisf                   
00001c29  DL_I2C_setClockConfig           
00001c51  __aeabi_lmul                    
00001c51  __muldi3                        
00001c75  __aeabi_llsl                    
00001c75  __ashldi3                       
00001c95  DL_Timer_setCaptCompUpdateMethod
00001cb1  DL_Timer_setClockConfig         
00001ccd  __aeabi_memset                  
00001ccd  __aeabi_memset4                 
00001ccd  __aeabi_memset8                 
00001cdb  __aeabi_memclr                  
00001cdb  __aeabi_memclr4                 
00001cdb  __aeabi_memclr8                 
00001ce9  DL_Timer_setCaptureCompareOutCtl
00001d01  MotorControl_setTargetRpm       
00001d19  __TI_zero_init_nomemset         
00001d31  __aeabi_ldivmod                 
00001d45  DL_UART_setClockConfig          
00001d57  __TI_decompress_none            
00001d69  DL_Timer_setCaptureCompareValue 
00001d79  DL_Common_delayCycles           
00001d85  __aeabi_memcpy                  
00001d85  __aeabi_memcpy4                 
00001d85  __aeabi_memcpy8                 
00001d8d  abort                           
00001d92  C$$EXIT                         
00001d93  HOSTexit                        
00001d97  Reset_Handler                   
00001d9b  _system_pre_init                
00001f28  __TI_Handler_Table_Base         
00001f34  __TI_Handler_Table_Limit        
00001f44  __TI_CINIT_Base                 
00001f54  __TI_CINIT_Limit                
00001f54  __TI_CINIT_Warm                 
20200000  __start___llvm_prf_bits         
20200000  __start___llvm_prf_cnts         
20200000  __stop___llvm_prf_bits          
20200000  __stop___llvm_prf_cnts          
20200000  gPWM_MOTOR_CDBackup             
202000bc  gTIMER_PIDBackup                
20207e00  __stack                         
20208000  __STACK_END                     
ffffffff  __TI_pprof_out_hndl             
ffffffff  __TI_prof_data_size             
ffffffff  __TI_prof_data_start            
ffffffff  __binit__                       
ffffffff  binit                           
UNDEFED   __mpu_init                      
UNDEFED   _system_post_cinit              

[148 symbols]
