******************************************************************************
            TI ARM Clang Linker PC v5.1.1                      
******************************************************************************
>> Linked Sun Jul 19 21:59:02 2026

OUTPUT FILE NAME:   <main.out>
ENTRY POINT SYMBOL: "_c_int00_noargs"  address: 000025ed


MEMORY CONFIGURATION

         name            origin    length      used     unused   attr    fill
----------------------  --------  ---------  --------  --------  ----  --------
  FLASH                 00000000   00020000  000029a8  0001d658  R  X
  SRAM                  20200000   00008000  000005a9  00007a57  RW X
  BCR_CONFIG            41c00000   000000ff  00000000  000000ff  R   
  BSL_CONFIG            41c00100   00000080  00000000  00000080  R   


SEGMENT ALLOCATION MAP

run origin  load origin   length   init length attrs members
----------  ----------- ---------- ----------- ----- -------
00000000    00000000    000029a8   000029a8    r-x
  00000000    00000000    000000c0   000000c0    r-- .intvecs
  000000c0    000000c0    000026b8   000026b8    r-x .text
  00002778    00002778    00000218   00000218    r-- .rodata
  00002990    00002990    00000018   00000018    r-- .cinit
20200000    20200000    000003a9   00000000    rw-
  20200000    20200000    000003a9   00000000    rw- .bss
20207e00    20207e00    00000200   00000000    rw-
  20207e00    20207e00    00000200   00000000    rw- .stack


SECTION ALLOCATION MAP

 output                                  attributes/
section   page    origin      length       input sections
--------  ----  ----------  ----------   ----------------
.intvecs   0    00000000    000000c0     
                  00000000    000000c0     startup_mspm0g350x_ticlang.o (.intvecs)

.text      0    000000c0    000026b8     
                  000000c0    00000b94     main.o (.text.main)
                  00000c54    000002e4     motor_control.o (.text.MotorControl_update)
                  00000f38    000002b4     mpu6050_angle.o (.text.MPU6050_Angle_init)
                  000011ec    000001d4     mpu6050_angle.o (.text.MPU6050_readRegisters)
                  000013c0    00000138     car_control.o (.text.CarControl_setMotion)
                  000014f8    00000124     ti_msp_dl_config.o (.text.SYSCFG_DL_GPIO_init)
                  0000161c    00000104     driverlib.a : dl_timer.o (.text.DL_Timer_initFourCCPWMMode)
                  00001720    00000104     mpu6050_angle.o (.text.MPU6050_writeRegister)
                  00001824    000000fc     driverlib.a : dl_timer.o (.text.DL_Timer_initTimerMode)
                  00001920    000000d8     libclang_rt.builtins.a : addsf3.S.obj (.text)
                  000019f8    0000009a     libc.a : memcpy16.S.obj (.text:memcpy)
                  00001a92    00000002     startup_mspm0g350x_ticlang.o (.text.Default_Handler)
                  00001a94    00000090     ti_msp_dl_config.o (.text.SYSCFG_DL_PWM_MOTOR_AB_init)
                  00001b24    00000090     ti_msp_dl_config.o (.text.SYSCFG_DL_PWM_MOTOR_CD_init)
                  00001bb4    0000008c     libclang_rt.builtins.a : comparesf2.S.obj (.text)
                  00001c40    0000008c                            : mulsf3.S.obj (.text)
                  00001ccc    00000082                            : divsf3.S.obj (.text)
                  00001d4e    00000002                            : aeabi_div0.c.obj (.text.__aeabi_idiv0)
                  00001d50    00000080     main.o (.text.GROUP1_IRQHandler)
                  00001dd0    00000070     ti_msp_dl_config.o (.text.SYSCFG_DL_UART_0_init)
                  00001e40    00000070     ti_msp_dl_config.o (.text.SYSCFG_DL_initPower)
                  00001eb0    00000064     main.o (.text.UART0_IRQHandler)
                  00001f14    00000062     libc.a : memset16.S.obj (.text:memset)
                  00001f76    00000002     --HOLE-- [fill = 0]
                  00001f78    00000060     mpu6050_angle.o (.text.MPU6050_Angle_update)
                  00001fd8    00000060     ti_msp_dl_config.o (.text.SYSCFG_DL_UART_1_init)
                  00002038    0000005e     driverlib.a : dl_i2c.o (.text.DL_I2C_fillControllerTXFIFO)
                  00002096    00000002     --HOLE-- [fill = 0]
                  00002098    0000005a     libclang_rt.builtins.a : aeabi_fcmp.S.obj (.text)
                  000020f2    00000002     --HOLE-- [fill = 0]
                  000020f4    00000058     motor_control.o (.text.MotorControl_init)
                  0000214c    00000056     libclang_rt.builtins.a : aeabi_idivmod.S.obj (.text)
                  000021a2    00000002     --HOLE-- [fill = 0]
                  000021a4    00000054     ti_msp_dl_config.o (.text.SYSCFG_DL_I2C_MPU6050_init)
                  000021f8    0000004e     libclang_rt.builtins.a : floatdisf.S.obj (.text)
                  00002246    00000002     --HOLE-- [fill = 0]
                  00002248    00000048     driverlib.a : dl_uart.o (.text.DL_UART_init)
                  00002290    00000044     main.o (.text.TIMA1_IRQHandler)
                  000022d4    00000040     ti_msp_dl_config.o (.text.SYSCFG_DL_SYSCTL_init)
                  00002314    00000040     libclang_rt.builtins.a : aeabi_uidivmod.S.obj (.text)
                  00002354    0000003e     car_control.o (.text.CarControl_init)
                  00002392    00000002     --HOLE-- [fill = 0]
                  00002394    0000003c     driverlib.a : dl_i2c.o (.text.DL_I2C_flushControllerTXFIFO)
                  000023d0    0000003c     ti_msp_dl_config.o (.text.SYSCFG_DL_init)
                  0000240c    0000003c     libc.a : autoinit.c.obj (.text:__TI_auto_init_nobinit_nopinit)
                  00002448    0000003c     libclang_rt.builtins.a : floatsisf.S.obj (.text)
                  00002484    0000003a                            : muldsi3.S.obj (.text)
                  000024be    00000002     --HOLE-- [fill = 0]
                  000024c0    00000038     ti_msp_dl_config.o (.text.SYSCFG_DL_TIMER_PID_init)
                  000024f8    00000038     libclang_rt.builtins.a : fixsfsi.S.obj (.text)
                  00002530    00000032     motor_control.o (.text.MotorControl_handleEncoderEdge)
                  00002562    00000002     --HOLE-- [fill = 0]
                  00002564    00000030     driverlib.a : dl_i2c.o (.text.DL_I2C_flushControllerRXFIFO)
                  00002594    00000030                 : dl_uart.o (.text.DL_UART_transmitDataBlocking)
                  000025c4    00000028     car_control.o (.text.CarControl_stop)
                  000025ec    00000028     libc.a : boot_cortex_m.c.obj (.text:_c_int00_noargs)
                  00002614    00000028     libclang_rt.builtins.a : floatunsisf.S.obj (.text)
                  0000263c    00000026     driverlib.a : dl_i2c.o (.text.DL_I2C_setClockConfig)
                  00002662    00000002     --HOLE-- [fill = 0]
                  00002664    0000001c                 : dl_timer.o (.text.DL_Timer_setCaptCompUpdateMethod)
                  00002680    0000001c                 : dl_timer.o (.text.DL_Timer_setClockConfig)
                  0000269c    0000001a     libclang_rt.builtins.a : aeabi_memset.S.obj (.text)
                  000026b6    00000002     --HOLE-- [fill = 0]
                  000026b8    00000018     driverlib.a : dl_timer.o (.text.DL_Timer_setCaptureCompareOutCtl)
                  000026d0    00000018     motor_control.o (.text.MotorControl_setTargetRpm)
                  000026e8    00000016     libc.a : copy_zero_init.c.obj (.text:decompress:ZI:__TI_zero_init_nomemset)
                  000026fe    00000012     driverlib.a : dl_uart.o (.text.DL_UART_setClockConfig)
                  00002710    00000010                 : dl_timer.o (.text.DL_Timer_setCaptureCompareValue)
                  00002720    0000000c     mpu6050_angle.o (.text.MPU6050_Angle_getDeviceId)
                  0000272c    0000000c     mpu6050_angle.o (.text.MPU6050_Angle_getZDegrees)
                  00002738    0000000c     mpu6050_angle.o (.text.MPU6050_Angle_reset)
                  00002744    0000000a     driverlib.a : dl_common.o (.text.DL_Common_delayCycles)
                  0000274e    00000002     --HOLE-- [fill = 0]
                  00002750    00000008     libclang_rt.builtins.a : aeabi_memcpy.S.obj (.text)
                  00002758    00000006     car_control.o (.text.CarControl_getSpeedRpm)
                  0000275e    00000006     libc.a : exit.c.obj (.text:abort)
                  00002764    00000004     car_control.o (.text.CarControl_getTurnInnerPercent)
                  00002768    00000004     libsysbm.a : hostexit.c.obj (.text.HOSTexit)
                  0000276c    00000004     startup_mspm0g350x_ticlang.o (.text.Reset_Handler)
                  00002770    00000004     libc.a : pre_init.c.obj (.text._system_pre_init)
                  00002774    00000004     --HOLE-- [fill = 0]

.cinit     0    00002990    00000018     
                  00002990    00000008     (.cinit..bss.load) [load image, compression = zero_init]
                  00002998    00000004     (__TI_handler_table)
                  0000299c    00000008     (__TI_cinit_table)
                  000029a4    00000004     --HOLE-- [fill = 0]

.rodata    0    00002778    00000218     
                  00002778    00000050     main.o (.rodata.gMotorAConfig)
                  000027c8    00000050     main.o (.rodata.gMotorBConfig)
                  00002818    00000050     main.o (.rodata.gMotorCConfig)
                  00002868    00000050     main.o (.rodata.gMotorDConfig)
                  000028b8    0000003b     main.o (.rodata.str1.15159059442110792349.1)
                  000028f3    00000027     main.o (.rodata.str1.17100691992556644108.1)
                  0000291a    00000002     ti_msp_dl_config.o (.rodata.gI2C_MPU6050ClockConfig)
                  0000291c    0000001c     main.o (.rodata.gCarConfig)
                  00002938    00000014     ti_msp_dl_config.o (.rodata.gTIMER_PIDTimerConfig)
                  0000294c    00000011     main.o (.rodata.str1.887240019932590441.1)
                  0000295d    00000001     --HOLE-- [fill = 0]
                  0000295e    0000000a     ti_msp_dl_config.o (.rodata.gUART_0Config)
                  00002968    0000000a     ti_msp_dl_config.o (.rodata.gUART_1Config)
                  00002972    00000002     ti_msp_dl_config.o (.rodata.gUART_0ClockConfig)
                  00002974    00000008     ti_msp_dl_config.o (.rodata.gPWM_MOTOR_ABConfig)
                  0000297c    00000008     ti_msp_dl_config.o (.rodata.gPWM_MOTOR_CDConfig)
                  00002984    00000003     ti_msp_dl_config.o (.rodata.gPWM_MOTOR_ABClockConfig)
                  00002987    00000003     ti_msp_dl_config.o (.rodata.gPWM_MOTOR_CDClockConfig)
                  0000298a    00000003     ti_msp_dl_config.o (.rodata.gTIMER_PIDClockConfig)
                  0000298d    00000002     ti_msp_dl_config.o (.rodata.gUART_1ClockConfig)
                  0000298f    00000001     --HOLE-- [fill = 0]

.init_array 
*          0    00000000    00000000     UNINITIALIZED

.binit     0    00000000    00000000     

.bss       0    20200000    000003a9     UNINITIALIZED
                  20200000    000000bc     (.common:gPWM_MOTOR_CDBackup)
                  202000bc    000000bc     (.common:gTIMER_PIDBackup)
                  20200178    00000078     main.o (.bss.gMotorA)
                  202001f0    00000078     main.o (.bss.gMotorB)
                  20200268    00000078     main.o (.bss.gMotorC)
                  202002e0    00000078     main.o (.bss.gMotorD)
                  20200358    00000020     main.o (.bss.gCar)
                  20200378    00000020     main.o (.bss.gUartCommand)
                  20200398    00000004     mpu6050_angle.o (.bss.gGyroZBiasRaw)
                  2020039c    00000004     mpu6050_angle.o (.bss.gZAngleDegrees)
                  202003a0    00000004     mpu6050_angle.o (.bss.gZRateDps)
                  202003a4    00000001     mpu6050_angle.o (.bss.gDeviceId)
                  202003a5    00000001     main.o (.bss.gMpu6050Ready)
                  202003a6    00000001     main.o (.bss.gMpu6050SampleDue)
                  202003a7    00000001     main.o (.bss.gUartCommandLength)
                  202003a8    00000001     main.o (.bss.gUartCommandReady)

.stack     0    20207e00    00000200     UNINITIALIZED
                  20207e00    00000004     libc.a : boot_cortex_m.c.obj (.stack)
                  20207e04    000001fc     --HOLE--

__llvm_prf_cnts 
*          0    20200000    00000000     UNINITIALIZED

__llvm_prf_bits 
*          0    20200000    00000000     UNINITIALIZED

MODULE SUMMARY

       Module                         code   ro data   rw data
       ------                         ----   -------   -------
    .\
       main.o                         3260   463       548    
       ti_msp_dl_config.o             1164   71        376    
       mpu6050_angle.o                1552   0         13     
       motor_control.o                902    0         0      
       car_control.o                  424    0         0      
       startup_mspm0g350x_ticlang.o   6      192       0      
    +--+------------------------------+------+---------+---------+
       Total:                         7308   726       937    
                                                              
    C:/ti/mspm0_sdk_2_11_00_07/source/ti/driverlib/lib/ticlang/m0p/mspm0g1x0x_g3x0x/driverlib.a
       dl_timer.o                     608    0         0      
       dl_i2c.o                       240    0         0      
       dl_uart.o                      138    0         0      
       dl_common.o                    10     0         0      
    +--+------------------------------+------+---------+---------+
       Total:                         996    0         0      
                                                              
    C:\ti\ccs2100\ccs\tools\compiler\ti-cgt-armllvm_5.1.1.LTS\lib\armv6m-ti-none-eabi/c/libc.a
       memcpy16.S.obj                 154    0         0      
       memset16.S.obj                 98     0         0      
       autoinit.c.obj                 60     0         0      
       boot_cortex_m.c.obj            40     0         0      
       copy_zero_init.c.obj           22     0         0      
       exit.c.obj                     6      0         0      
       pre_init.c.obj                 4      0         0      
    +--+------------------------------+------+---------+---------+
       Total:                         384    0         0      
                                                              
    C:\ti\ccs2100\ccs\tools\compiler\ti-cgt-armllvm_5.1.1.LTS\lib\armv6m-ti-none-eabi/c/libsysbm.a
       hostexit.c.obj                 4      0         0      
    +--+------------------------------+------+---------+---------+
       Total:                         4      0         0      
                                                              
    C:\ti\ccs2100\ccs\tools\compiler\ti-cgt-armllvm_5.1.1.LTS\lib\armv6m-ti-none-eabi/libclang_rt.builtins.a
       addsf3.S.obj                   216    0         0      
       comparesf2.S.obj               140    0         0      
       mulsf3.S.obj                   140    0         0      
       divsf3.S.obj                   130    0         0      
       aeabi_fcmp.S.obj               90     0         0      
       aeabi_idivmod.S.obj            86     0         0      
       floatdisf.S.obj                78     0         0      
       aeabi_uidivmod.S.obj           64     0         0      
       floatsisf.S.obj                60     0         0      
       muldsi3.S.obj                  58     0         0      
       fixsfsi.S.obj                  56     0         0      
       floatunsisf.S.obj              40     0         0      
       aeabi_memset.S.obj             26     0         0      
       aeabi_memcpy.S.obj             8      0         0      
       aeabi_div0.c.obj               2      0         0      
    +--+------------------------------+------+---------+---------+
       Total:                         1194   0         0      
                                                              
       Stack:                         0      0         512    
       Linker Generated:              0      20        0      
    +--+------------------------------+------+---------+---------+
       Grand Total:                   9886   746       1449   


LINKER GENERATED COPY TABLES

__TI_cinit_table @ 0000299c records: 1, size/record: 8, table size: 8
	.bss: load addr=00002990, load size=00000008 bytes, run addr=20200000, run size=000003a9 bytes, compression=zero_init


LINKER GENERATED HANDLER TABLE

__TI_handler_table @ 00002998 records: 1, size/record: 4, table size: 4
	index: 0, handler: __TI_zero_init


GLOBAL SYMBOLS: SORTED ALPHABETICALLY BY Name 

address   name                            
-------   ----                            
00001a93  ADC0_IRQHandler                 
00001a93  ADC1_IRQHandler                 
00001a93  AES_IRQHandler                  
00002768  C$$EXIT                         
00001a93  CANFD0_IRQHandler               
00002759  CarControl_getSpeedRpm          
00002765  CarControl_getTurnInnerPercent  
00002355  CarControl_init                 
000013c1  CarControl_setMotion            
000025c5  CarControl_stop                 
00001a93  DAC0_IRQHandler                 
00002745  DL_Common_delayCycles           
00002039  DL_I2C_fillControllerTXFIFO     
00002565  DL_I2C_flushControllerRXFIFO    
00002395  DL_I2C_flushControllerTXFIFO    
0000263d  DL_I2C_setClockConfig           
0000161d  DL_Timer_initFourCCPWMMode      
00001825  DL_Timer_initTimerMode          
00002665  DL_Timer_setCaptCompUpdateMethod
000026b9  DL_Timer_setCaptureCompareOutCtl
00002711  DL_Timer_setCaptureCompareValue 
00002681  DL_Timer_setClockConfig         
00002249  DL_UART_init                    
000026ff  DL_UART_setClockConfig          
00002595  DL_UART_transmitDataBlocking    
00001a93  DMA_IRQHandler                  
00001a93  Default_Handler                 
00001a93  GROUP0_IRQHandler               
00001d51  GROUP1_IRQHandler               
00002769  HOSTexit                        
00001a93  HardFault_Handler               
00001a93  I2C0_IRQHandler                 
00001a93  I2C1_IRQHandler                 
00002721  MPU6050_Angle_getDeviceId       
0000272d  MPU6050_Angle_getZDegrees       
00000f39  MPU6050_Angle_init              
00002739  MPU6050_Angle_reset             
00001f79  MPU6050_Angle_update            
00002531  MotorControl_handleEncoderEdge  
000020f5  MotorControl_init               
000026d1  MotorControl_setTargetRpm       
00000c55  MotorControl_update             
00001a93  NMI_Handler                     
00001a93  PendSV_Handler                  
00001a93  RTC_IRQHandler                  
0000276d  Reset_Handler                   
00001a93  SPI0_IRQHandler                 
00001a93  SPI1_IRQHandler                 
00001a93  SVC_Handler                     
000014f9  SYSCFG_DL_GPIO_init             
000021a5  SYSCFG_DL_I2C_MPU6050_init      
00001a95  SYSCFG_DL_PWM_MOTOR_AB_init     
00001b25  SYSCFG_DL_PWM_MOTOR_CD_init     
000022d5  SYSCFG_DL_SYSCTL_init           
000024c1  SYSCFG_DL_TIMER_PID_init        
00001dd1  SYSCFG_DL_UART_0_init           
00001fd9  SYSCFG_DL_UART_1_init           
000023d1  SYSCFG_DL_init                  
00001e41  SYSCFG_DL_initPower             
00001a93  SysTick_Handler                 
00001a93  TIMA0_IRQHandler                
00002291  TIMA1_IRQHandler                
00001a93  TIMG0_IRQHandler                
00001a93  TIMG12_IRQHandler               
00001a93  TIMG6_IRQHandler                
00001a93  TIMG7_IRQHandler                
00001a93  TIMG8_IRQHandler                
00001eb1  UART0_IRQHandler                
00001a93  UART1_IRQHandler                
00001a93  UART2_IRQHandler                
00001a93  UART3_IRQHandler                
20208000  __STACK_END                     
00000200  __STACK_SIZE                    
00000000  __TI_ATRegion0_region_sz        
00000000  __TI_ATRegion0_src_addr         
00000000  __TI_ATRegion0_trg_addr         
00000000  __TI_ATRegion1_region_sz        
00000000  __TI_ATRegion1_src_addr         
00000000  __TI_ATRegion1_trg_addr         
00000000  __TI_ATRegion2_region_sz        
00000000  __TI_ATRegion2_src_addr         
00000000  __TI_ATRegion2_trg_addr         
0000299c  __TI_CINIT_Base                 
000029a4  __TI_CINIT_Limit                
000029a4  __TI_CINIT_Warm                 
00002998  __TI_Handler_Table_Base         
0000299c  __TI_Handler_Table_Limit        
0000240d  __TI_auto_init_nobinit_nopinit  
ffffffff  __TI_pprof_out_hndl             
ffffffff  __TI_prof_data_size             
ffffffff  __TI_prof_data_start            
00000000  __TI_static_base__              
000026e9  __TI_zero_init_nomemset         
0000192b  __addsf3                        
000024f9  __aeabi_f2iz                    
0000192b  __aeabi_fadd                    
00002099  __aeabi_fcmpeq                  
000020cf  __aeabi_fcmpge                  
000020e1  __aeabi_fcmpgt                  
000020bd  __aeabi_fcmple                  
000020ab  __aeabi_fcmplt                  
00001c2b  __aeabi_fcmpun                  
00001ccd  __aeabi_fdiv                    
00001c41  __aeabi_fmul                    
00001921  __aeabi_fsub                    
00002449  __aeabi_i2f                     
0000214d  __aeabi_idiv                    
00001d4f  __aeabi_idiv0                   
0000214d  __aeabi_idivmod                 
000021f9  __aeabi_l2f                     
000026ab  __aeabi_memclr                  
000026ab  __aeabi_memclr4                 
000026ab  __aeabi_memclr8                 
00002751  __aeabi_memcpy                  
00002751  __aeabi_memcpy4                 
00002751  __aeabi_memcpy8                 
0000269d  __aeabi_memset                  
0000269d  __aeabi_memset4                 
0000269d  __aeabi_memset8                 
00002615  __aeabi_ui2f                    
00002315  __aeabi_uidiv                   
00002315  __aeabi_uidivmod                
ffffffff  __binit__                       
00001bb5  __cmpsf2                        
00001ccd  __divsf3                        
00001bb5  __eqsf2                         
000024f9  __fixsfsi                       
000021f9  __floatdisf                     
00002449  __floatsisf                     
00002615  __floatunsisf                   
00001bef  __gesf2                         
00001bef  __gtsf2                         
00001bb5  __lesf2                         
00001bb5  __ltsf2                         
UNDEFED   __mpu_init                      
00002485  __muldsi3                       
00001c41  __mulsf3                        
00001bb5  __nesf2                         
20207e00  __stack                         
20200000  __start___llvm_prf_bits         
20200000  __start___llvm_prf_cnts         
20200000  __stop___llvm_prf_bits          
20200000  __stop___llvm_prf_cnts          
00001921  __subsf3                        
00001c2b  __unordsf2                      
000025ed  _c_int00_noargs                 
UNDEFED   _system_post_cinit              
00002771  _system_pre_init                
0000275f  abort                           
ffffffff  binit                           
20200000  gPWM_MOTOR_CDBackup             
202000bc  gTIMER_PIDBackup                
00000000  interruptVectors                
000000c1  main                            
000019f9  memcpy                          
00001f15  memset                          


GLOBAL SYMBOLS: SORTED BY Symbol Address 

address   name                            
-------   ----                            
00000000  __TI_ATRegion0_region_sz        
00000000  __TI_ATRegion0_src_addr         
00000000  __TI_ATRegion0_trg_addr         
00000000  __TI_ATRegion1_region_sz        
00000000  __TI_ATRegion1_src_addr         
00000000  __TI_ATRegion1_trg_addr         
00000000  __TI_ATRegion2_region_sz        
00000000  __TI_ATRegion2_src_addr         
00000000  __TI_ATRegion2_trg_addr         
00000000  __TI_static_base__              
00000000  interruptVectors                
000000c1  main                            
00000200  __STACK_SIZE                    
00000c55  MotorControl_update             
00000f39  MPU6050_Angle_init              
000013c1  CarControl_setMotion            
000014f9  SYSCFG_DL_GPIO_init             
0000161d  DL_Timer_initFourCCPWMMode      
00001825  DL_Timer_initTimerMode          
00001921  __aeabi_fsub                    
00001921  __subsf3                        
0000192b  __addsf3                        
0000192b  __aeabi_fadd                    
000019f9  memcpy                          
00001a93  ADC0_IRQHandler                 
00001a93  ADC1_IRQHandler                 
00001a93  AES_IRQHandler                  
00001a93  CANFD0_IRQHandler               
00001a93  DAC0_IRQHandler                 
00001a93  DMA_IRQHandler                  
00001a93  Default_Handler                 
00001a93  GROUP0_IRQHandler               
00001a93  HardFault_Handler               
00001a93  I2C0_IRQHandler                 
00001a93  I2C1_IRQHandler                 
00001a93  NMI_Handler                     
00001a93  PendSV_Handler                  
00001a93  RTC_IRQHandler                  
00001a93  SPI0_IRQHandler                 
00001a93  SPI1_IRQHandler                 
00001a93  SVC_Handler                     
00001a93  SysTick_Handler                 
00001a93  TIMA0_IRQHandler                
00001a93  TIMG0_IRQHandler                
00001a93  TIMG12_IRQHandler               
00001a93  TIMG6_IRQHandler                
00001a93  TIMG7_IRQHandler                
00001a93  TIMG8_IRQHandler                
00001a93  UART1_IRQHandler                
00001a93  UART2_IRQHandler                
00001a93  UART3_IRQHandler                
00001a95  SYSCFG_DL_PWM_MOTOR_AB_init     
00001b25  SYSCFG_DL_PWM_MOTOR_CD_init     
00001bb5  __cmpsf2                        
00001bb5  __eqsf2                         
00001bb5  __lesf2                         
00001bb5  __ltsf2                         
00001bb5  __nesf2                         
00001bef  __gesf2                         
00001bef  __gtsf2                         
00001c2b  __aeabi_fcmpun                  
00001c2b  __unordsf2                      
00001c41  __aeabi_fmul                    
00001c41  __mulsf3                        
00001ccd  __aeabi_fdiv                    
00001ccd  __divsf3                        
00001d4f  __aeabi_idiv0                   
00001d51  GROUP1_IRQHandler               
00001dd1  SYSCFG_DL_UART_0_init           
00001e41  SYSCFG_DL_initPower             
00001eb1  UART0_IRQHandler                
00001f15  memset                          
00001f79  MPU6050_Angle_update            
00001fd9  SYSCFG_DL_UART_1_init           
00002039  DL_I2C_fillControllerTXFIFO     
00002099  __aeabi_fcmpeq                  
000020ab  __aeabi_fcmplt                  
000020bd  __aeabi_fcmple                  
000020cf  __aeabi_fcmpge                  
000020e1  __aeabi_fcmpgt                  
000020f5  MotorControl_init               
0000214d  __aeabi_idiv                    
0000214d  __aeabi_idivmod                 
000021a5  SYSCFG_DL_I2C_MPU6050_init      
000021f9  __aeabi_l2f                     
000021f9  __floatdisf                     
00002249  DL_UART_init                    
00002291  TIMA1_IRQHandler                
000022d5  SYSCFG_DL_SYSCTL_init           
00002315  __aeabi_uidiv                   
00002315  __aeabi_uidivmod                
00002355  CarControl_init                 
00002395  DL_I2C_flushControllerTXFIFO    
000023d1  SYSCFG_DL_init                  
0000240d  __TI_auto_init_nobinit_nopinit  
00002449  __aeabi_i2f                     
00002449  __floatsisf                     
00002485  __muldsi3                       
000024c1  SYSCFG_DL_TIMER_PID_init        
000024f9  __aeabi_f2iz                    
000024f9  __fixsfsi                       
00002531  MotorControl_handleEncoderEdge  
00002565  DL_I2C_flushControllerRXFIFO    
00002595  DL_UART_transmitDataBlocking    
000025c5  CarControl_stop                 
000025ed  _c_int00_noargs                 
00002615  __aeabi_ui2f                    
00002615  __floatunsisf                   
0000263d  DL_I2C_setClockConfig           
00002665  DL_Timer_setCaptCompUpdateMethod
00002681  DL_Timer_setClockConfig         
0000269d  __aeabi_memset                  
0000269d  __aeabi_memset4                 
0000269d  __aeabi_memset8                 
000026ab  __aeabi_memclr                  
000026ab  __aeabi_memclr4                 
000026ab  __aeabi_memclr8                 
000026b9  DL_Timer_setCaptureCompareOutCtl
000026d1  MotorControl_setTargetRpm       
000026e9  __TI_zero_init_nomemset         
000026ff  DL_UART_setClockConfig          
00002711  DL_Timer_setCaptureCompareValue 
00002721  MPU6050_Angle_getDeviceId       
0000272d  MPU6050_Angle_getZDegrees       
00002739  MPU6050_Angle_reset             
00002745  DL_Common_delayCycles           
00002751  __aeabi_memcpy                  
00002751  __aeabi_memcpy4                 
00002751  __aeabi_memcpy8                 
00002759  CarControl_getSpeedRpm          
0000275f  abort                           
00002765  CarControl_getTurnInnerPercent  
00002768  C$$EXIT                         
00002769  HOSTexit                        
0000276d  Reset_Handler                   
00002771  _system_pre_init                
00002998  __TI_Handler_Table_Base         
0000299c  __TI_CINIT_Base                 
0000299c  __TI_Handler_Table_Limit        
000029a4  __TI_CINIT_Limit                
000029a4  __TI_CINIT_Warm                 
20200000  __start___llvm_prf_bits         
20200000  __start___llvm_prf_cnts         
20200000  __stop___llvm_prf_bits          
20200000  __stop___llvm_prf_cnts          
20200000  gPWM_MOTOR_CDBackup             
202000bc  gTIMER_PIDBackup                
20207e00  __stack                         
20208000  __STACK_END                     
ffffffff  __TI_pprof_out_hndl             
ffffffff  __TI_prof_data_size             
ffffffff  __TI_prof_data_start            
ffffffff  __binit__                       
ffffffff  binit                           
UNDEFED   __mpu_init                      
UNDEFED   _system_post_cinit              

[156 symbols]
