******************************************************************************
            TI ARM Clang Linker PC v5.1.1                      
******************************************************************************
>> Linked Mon Jul 20 16:57:09 2026

OUTPUT FILE NAME:   <main.out>
ENTRY POINT SYMBOL: "_c_int00_noargs"  address: 0000764d


MEMORY CONFIGURATION

         name            origin    length      used     unused   attr    fill
----------------------  --------  ---------  --------  --------  ----  --------
  FLASH                 00000000   00020000  00007de8  00018218  R  X
  SRAM                  20200000   00008000  00000625  000079db  RW X
  BCR_CONFIG            41c00000   000000ff  00000000  000000ff  R   
  BSL_CONFIG            41c00100   00000080  00000000  00000080  R   


SEGMENT ALLOCATION MAP

run origin  load origin   length   init length attrs members
----------  ----------- ---------- ----------- ----- -------
00000000    00000000    00007de8   00007de8    r-x
  00000000    00000000    000000c0   000000c0    r-- .intvecs
  000000c0    000000c0    000077c8   000077c8    r-x .text
  00007888    00007888    00000548   00000548    r-- .rodata
  00007dd0    00007dd0    00000018   00000018    r-- .cinit
20200000    20200000    00000425   00000000    rw-
  20200000    20200000    00000425   00000000    rw- .bss
20207e00    20207e00    00000200   00000000    rw-
  20207e00    20207e00    00000200   00000000    rw- .stack


SECTION ALLOCATION MAP

 output                                  attributes/
section   page    origin      length       input sections
--------  ----  ----------  ----------   ----------------
.intvecs   0    00000000    000000c0     
                  00000000    000000c0     startup_mspm0g350x_ticlang.o (.intvecs)

.text      0    000000c0    000077c8     
                  000000c0    00004a6c     main.o (.text.main)
                  00004b2c    000005d4     main.o (.text.UART_reportMotorStatus)
                  00005100    000002f8     motor_control.o (.text.MotorControl_update)
                  000053f8    000002b4     mpu6050_angle.o (.text.MPU6050_Angle_init)
                  000056ac    00000244     main.o (.text.UART_reportGrayscale)
                  000058f0    00000238     main.o (.text.UART_reportZAngle)
                  00005b28    00000218     angle_turn_control.o (.text.AngleTurnControl_update)
                  00005d40    000001d4     mpu6050_angle.o (.text.MPU6050_readRegisters)
                  00005f14    00000174     grayscale_sensor.o (.text.Grayscale_Sensor_ReadAll)
                  00006088    00000154     ti_msp_dl_config.o (.text.SYSCFG_DL_GPIO_init)
                  000061dc    00000138     car_control.o (.text.CarControl_setMotion)
                  00006314    00000104     driverlib.a : dl_timer.o (.text.DL_Timer_initFourCCPWMMode)
                  00006418    00000104     mpu6050_angle.o (.text.MPU6050_writeRegister)
                  0000651c    000000fc     driverlib.a : dl_timer.o (.text.DL_Timer_initTimerMode)
                  00006618    000000d8     libclang_rt.builtins.a : addsf3.S.obj (.text)
                  000066f0    000000a2                            : udivmoddi4.S.obj (.text)
                  00006792    0000009a     libc.a : memcpy16.S.obj (.text:memcpy)
                  0000682c    00000090     ti_msp_dl_config.o (.text.SYSCFG_DL_PWM_MOTOR_AB_init)
                  000068bc    00000090     ti_msp_dl_config.o (.text.SYSCFG_DL_PWM_MOTOR_CD_init)
                  0000694c    0000008c     libclang_rt.builtins.a : comparesf2.S.obj (.text)
                  000069d8    0000008c                            : mulsf3.S.obj (.text)
                  00006a64    0000008a     motor_control.o (.text.MotorControl_takeStatus)
                  00006aee    00000002     startup_mspm0g350x_ticlang.o (.text.Default_Handler)
                  00006af0    00000084     angle_turn_control.o (.text.AngleTurnControl_start)
                  00006b74    00000082     libclang_rt.builtins.a : divsf3.S.obj (.text)
                  00006bf6    00000002                            : aeabi_div0.c.obj (.text.__aeabi_idiv0)
                  00006bf8    00000080     main.o (.text.GROUP1_IRQHandler)
                  00006c78    0000007c     ti_msp_dl_config.o (.text.SYSCFG_DL_initPower)
                  00006cf4    00000070     ti_msp_dl_config.o (.text.SYSCFG_DL_UART_0_init)
                  00006d64    0000006e     angle_turn_control.o (.text.AngleTurnControl_getCoastDistanceDegrees)
                  00006dd2    00000002     libclang_rt.builtins.a : aeabi_div0.c.obj (.text.__aeabi_ldiv0)
                  00006dd4    00000064     main.o (.text.UART0_IRQHandler)
                  00006e38    00000062     libc.a : memset16.S.obj (.text:memset)
                  00006e9a    00000002     --HOLE-- [fill = 0]
                  00006e9c    00000060     mpu6050_angle.o (.text.MPU6050_Angle_update)
                  00006efc    00000060     ti_msp_dl_config.o (.text.SYSCFG_DL_UART_1_init)
                  00006f5c    0000005e     driverlib.a : dl_i2c.o (.text.DL_I2C_fillControllerTXFIFO)
                  00006fba    00000002     --HOLE-- [fill = 0]
                  00006fbc    0000005a     libclang_rt.builtins.a : aeabi_fcmp.S.obj (.text)
                  00007016    00000002     --HOLE-- [fill = 0]
                  00007018    00000058     motor_control.o (.text.MotorControl_init)
                  00007070    00000056     libclang_rt.builtins.a : aeabi_idivmod.S.obj (.text)
                  000070c6    00000002     --HOLE-- [fill = 0]
                  000070c8    00000054     ti_msp_dl_config.o (.text.SYSCFG_DL_I2C_MPU6050_init)
                  0000711c    0000004e     libclang_rt.builtins.a : floatdisf.S.obj (.text)
                  0000716a    00000002     --HOLE-- [fill = 0]
                  0000716c    00000048     driverlib.a : dl_uart.o (.text.DL_UART_init)
                  000071b4    00000044     main.o (.text.TIMA1_IRQHandler)
                  000071f8    00000040     ti_msp_dl_config.o (.text.SYSCFG_DL_SYSCTL_init)
                  00007238    00000040     ti_msp_dl_config.o (.text.SYSCFG_DL_init)
                  00007278    00000040     libclang_rt.builtins.a : aeabi_uidivmod.S.obj (.text)
                  000072b8    0000003e     car_control.o (.text.CarControl_init)
                  000072f6    0000003e     libclang_rt.builtins.a : divmoddi4.c.obj (.text.__divmoddi4)
                  00007334    0000003c     driverlib.a : dl_i2c.o (.text.DL_I2C_flushControllerTXFIFO)
                  00007370    0000003c     libc.a : autoinit.c.obj (.text:__TI_auto_init_nobinit_nopinit)
                  000073ac    0000003c     libclang_rt.builtins.a : floatsisf.S.obj (.text)
                  000073e8    0000003a     motor_control.o (.text.MotorControl_coast)
                  00007422    00000002     --HOLE-- [fill = 0]
                  00007424    0000003a     libclang_rt.builtins.a : muldsi3.S.obj (.text)
                  0000745e    00000038     angle_turn_control.o (.text.AngleTurnControl_enterCreep)
                  00007496    00000002     --HOLE-- [fill = 0]
                  00007498    00000038     ti_msp_dl_config.o (.text.SYSCFG_DL_TIMER_PID_init)
                  000074d0    00000038     libclang_rt.builtins.a : fixsfsi.S.obj (.text)
                  00007508    00000032     motor_control.o (.text.MotorControl_handleEncoderEdge)
                  0000753a    00000002     --HOLE-- [fill = 0]
                  0000753c    00000030     driverlib.a : dl_i2c.o (.text.DL_I2C_flushControllerRXFIFO)
                  0000756c    00000030                 : dl_uart.o (.text.DL_UART_transmitDataBlocking)
                  0000759c    00000030     ti_msp_dl_config.o (.text.SYSCFG_DL_I2C_OLED_init)
                  000075cc    0000002c     angle_turn_control.o (.text.AngleTurnControl_init)
                  000075f8    0000002c     grayscale_sensor.o (.text.Grayscale_Sensor_Init)
                  00007624    00000028     car_control.o (.text.CarControl_stop)
                  0000764c    00000028     libc.a : boot_cortex_m.c.obj (.text:_c_int00_noargs)
                  00007674    00000028     libclang_rt.builtins.a : floatunsisf.S.obj (.text)
                  0000769c    00000026     driverlib.a : dl_i2c.o (.text.DL_I2C_setClockConfig)
                  000076c2    00000024     angle_turn_control.o (.text.AngleTurnControl_cancel)
                  000076e6    00000002     --HOLE-- [fill = 0]
                  000076e8    00000024     libclang_rt.builtins.a : muldi3.S.obj (.text)
                  0000770c    0000001e     car_control.o (.text.CarControl_coast)
                  0000772a    0000001e     motor_control.o (.text.MotorControl_setTargetRpm)
                  00007748    0000001e     libclang_rt.builtins.a : ashldi3.S.obj (.text)
                  00007766    00000002     --HOLE-- [fill = 0]
                  00007768    0000001c     driverlib.a : dl_timer.o (.text.DL_Timer_setCaptCompUpdateMethod)
                  00007784    0000001c                 : dl_timer.o (.text.DL_Timer_setClockConfig)
                  000077a0    0000001a     libclang_rt.builtins.a : aeabi_memset.S.obj (.text)
                  000077ba    00000002     --HOLE-- [fill = 0]
                  000077bc    00000018     driverlib.a : dl_timer.o (.text.DL_Timer_setCaptureCompareOutCtl)
                  000077d4    00000014     libclang_rt.builtins.a : aeabi_ldivmod.S.obj (.text)
                  000077e8    00000012     driverlib.a : dl_uart.o (.text.DL_UART_setClockConfig)
                  000077fa    00000002     --HOLE-- [fill = 0]
                  000077fc    00000010                 : dl_timer.o (.text.DL_Timer_setCaptureCompareValue)
                  0000780c    00000010     libc.a : copy_zero_init.c.obj (.text:decompress:ZI)
                  0000781c    0000000c     mpu6050_angle.o (.text.MPU6050_Angle_getDeviceId)
                  00007828    0000000c     mpu6050_angle.o (.text.MPU6050_Angle_getZDegrees)
                  00007834    0000000c     mpu6050_angle.o (.text.MPU6050_Angle_getZRateDps)
                  00007840    0000000c     mpu6050_angle.o (.text.MPU6050_Angle_reset)
                  0000784c    0000000a     driverlib.a : dl_common.o (.text.DL_Common_delayCycles)
                  00007856    00000002     --HOLE-- [fill = 0]
                  00007858    00000008     libclang_rt.builtins.a : aeabi_memcpy.S.obj (.text)
                  00007860    00000006     angle_turn_control.o (.text.AngleTurnControl_isActive)
                  00007866    00000006     car_control.o (.text.CarControl_getSpeedRpm)
                  0000786c    00000006     libc.a : exit.c.obj (.text:abort)
                  00007872    00000004     car_control.o (.text.CarControl_getTurnInnerPercent)
                  00007876    00000004     libsysbm.a : hostexit.c.obj (.text.HOSTexit)
                  0000787a    00000004     startup_mspm0g350x_ticlang.o (.text.Reset_Handler)
                  0000787e    00000004     libc.a : pre_init.c.obj (.text._system_pre_init)
                  00007882    00000006     --HOLE-- [fill = 0]

.cinit     0    00007dd0    00000018     
                  00007dd0    00000008     (.cinit..bss.load) [load image, compression = zero_init]
                  00007dd8    00000004     (__TI_handler_table)
                  00007ddc    00000008     (__TI_cinit_table)
                  00007de4    00000004     --HOLE-- [fill = 0]

.rodata    0    00007888    00000548     
                  00007888    00000050     main.o (.rodata.gMotorAConfig)
                  000078d8    00000050     main.o (.rodata.gMotorBConfig)
                  00007928    00000050     main.o (.rodata.gMotorCConfig)
                  00007978    00000050     main.o (.rodata.gMotorDConfig)
                  000079c8    00000039     main.o (.rodata.str1.15159059442110792349.1)
                  00007a01    00000036     main.o (.rodata.str1.11121730273200050387.1)
                  00007a37    00000032     main.o (.rodata.str1.16265332423659789559.1)
                  00007a69    00000032     main.o (.rodata.str1.2846389346932560359.1)
                  00007a9b    0000002d     main.o (.rodata.str1.16485475968410363649.1)
                  00007ac8    0000002c     main.o (.rodata.str1.17770841602246103764.1)
                  00007af4    0000002a     main.o (.rodata.str1.16285091658156303515.1)
                  00007b1e    00000029     main.o (.rodata.str1.14466178792657420020.1)
                  00007b47    00000029     main.o (.rodata.str1.4829115146054326934.1)
                  00007b70    00000028     main.o (.rodata.str1.11702106008850790973.1)
                  00007b98    00000028     main.o (.rodata.str1.11777244287787065045.1)
                  00007bc0    00000028     main.o (.rodata.str1.9060162316564048117.1)
                  00007be8    00000027     main.o (.rodata.str1.10313062130652730376.1)
                  00007c0f    00000027     main.o (.rodata.str1.14079361385603432444.1)
                  00007c36    00000027     main.o (.rodata.str1.1928638051441818890.1)
                  00007c5d    00000027     main.o (.rodata.str1.2763581881760962609.1)
                  00007c84    00000026     main.o (.rodata.str1.5630281060179367396.1)
                  00007caa    00000025     main.o (.rodata.str1.10224226614597680209.1)
                  00007ccf    00000025     main.o (.rodata.str1.10720410773482754683.1)
                  00007cf4    00000024     main.o (.rodata.str1.2255554096259913709.1)
                  00007d18    00000020     main.o (.rodata.gAngleTurnConfig)
                  00007d38    0000001c     main.o (.rodata.gCarConfig)
                  00007d54    00000014     ti_msp_dl_config.o (.rodata.gTIMER_PIDTimerConfig)
                  00007d68    00000011     main.o (.rodata.str1.887240019932590441.1)
                  00007d79    00000003     ti_msp_dl_config.o (.rodata.gPWM_MOTOR_ABClockConfig)
                  00007d7c    00000010     main.o (.rodata..Lswitch.table.main.93)
                  00007d8c    0000000a     ti_msp_dl_config.o (.rodata.gUART_0Config)
                  00007d96    0000000a     ti_msp_dl_config.o (.rodata.gUART_1Config)
                  00007da0    00000008     main.o (.rodata.cst8)
                  00007da8    00000008     ti_msp_dl_config.o (.rodata.gPWM_MOTOR_ABConfig)
                  00007db0    00000008     ti_msp_dl_config.o (.rodata.gPWM_MOTOR_CDConfig)
                  00007db8    00000004     main.o (.rodata.str1.11321157723316767883.1)
                  00007dbc    00000004     main.o (.rodata.str1.5043408953494467246.1)
                  00007dc0    00000003     ti_msp_dl_config.o (.rodata.gPWM_MOTOR_CDClockConfig)
                  00007dc3    00000003     ti_msp_dl_config.o (.rodata.gTIMER_PIDClockConfig)
                  00007dc6    00000002     ti_msp_dl_config.o (.rodata.gI2C_MPU6050ClockConfig)
                  00007dc8    00000002     ti_msp_dl_config.o (.rodata.gI2C_OLEDClockConfig)
                  00007dca    00000002     ti_msp_dl_config.o (.rodata.gUART_0ClockConfig)
                  00007dcc    00000002     ti_msp_dl_config.o (.rodata.gUART_1ClockConfig)
                  00007dce    00000002     --HOLE-- [fill = 0]

.init_array 
*          0    00000000    00000000     UNINITIALIZED

.binit     0    00000000    00000000     

.bss       0    20200000    00000425     UNINITIALIZED
                  20200000    000000bc     (.common:gPWM_MOTOR_CDBackup)
                  202000bc    000000bc     (.common:gTIMER_PIDBackup)
                  20200178    00000078     main.o (.bss.gMotorA)
                  202001f0    00000078     main.o (.bss.gMotorB)
                  20200268    00000078     main.o (.bss.gMotorC)
                  202002e0    00000078     main.o (.bss.gMotorD)
                  20200358    00000034     main.o (.bss.gAngleTurn)
                  2020038c    00000020     main.o (.bss.gCar)
                  202003ac    00000020     main.o (.bss.gUartCommand)
                  202003cc    00000010     main.o (.bss.UART_serviceMotorStatus.motorAStatus)
                  202003dc    00000010     main.o (.bss.UART_serviceMotorStatus.motorBStatus)
                  202003ec    00000010     main.o (.bss.UART_serviceMotorStatus.motorCStatus)
                  202003fc    00000010     main.o (.bss.UART_serviceMotorStatus.motorDStatus)
                  2020040c    00000004     mpu6050_angle.o (.bss.gGyroZBiasRaw)
                  20200410    00000004     mpu6050_angle.o (.bss.gZAngleDegrees)
                  20200414    00000004     mpu6050_angle.o (.bss.gZRateDps)
                  20200418    00000001     main.o (.bss.UART_serviceMotorStatus.motorAStatusReady)
                  20200419    00000001     main.o (.bss.UART_serviceMotorStatus.motorBStatusReady)
                  2020041a    00000001     main.o (.bss.UART_serviceMotorStatus.motorCStatusReady)
                  2020041b    00000001     main.o (.bss.UART_serviceMotorStatus.motorDStatusReady)
                  2020041c    00000001     mpu6050_angle.o (.bss.gDeviceId)
                  2020041d    00000001     main.o (.bss.gGrayscaleStreamDivider)
                  2020041e    00000001     main.o (.bss.gGrayscaleStreamEnabled)
                  2020041f    00000001     main.o (.bss.gMotorStatusReportOnce)
                  20200420    00000001     main.o (.bss.gMotorStatusStreamEnabled)
                  20200421    00000001     main.o (.bss.gMpu6050Ready)
                  20200422    00000001     main.o (.bss.gMpu6050SampleDue)
                  20200423    00000001     main.o (.bss.gUartCommandLength)
                  20200424    00000001     main.o (.bss.gUartCommandReady)

.stack     0    20207e00    00000200     UNINITIALIZED
                  20207e00    00000004     libc.a : boot_cortex_m.c.obj (.stack)
                  20207e04    000001fc     --HOLE--

__llvm_prf_cnts 
*          0    20200000    00000000     UNINITIALIZED

__llvm_prf_bits 
*          0    20200000    00000000     UNINITIALIZED

MODULE SUMMARY

       Module                         code    ro data   rw data
       ------                         ----    -------   -------
    .\
       main.o                         21988   1277      672    
       ti_msp_dl_config.o             1276    73        376    
       mpu6050_angle.o                1564    0         13     
       motor_control.o                1124    0         0      
       angle_turn_control.o           920     0         0      
       car_control.o                  454     0         0      
       grayscale_sensor.o             416     0         0      
       startup_mspm0g350x_ticlang.o   6       192       0      
    +--+------------------------------+-------+---------+---------+
       Total:                         27748   1542      1061   
                                                               
    C:/ti/mspm0_sdk_2_11_00_07/source/ti/driverlib/lib/ticlang/m0p/mspm0g1x0x_g3x0x/driverlib.a
       dl_timer.o                     608     0         0      
       dl_i2c.o                       240     0         0      
       dl_uart.o                      138     0         0      
       dl_common.o                    10      0         0      
    +--+------------------------------+-------+---------+---------+
       Total:                         996     0         0      
                                                               
    C:\ti\ccs2100\ccs\tools\compiler\ti-cgt-armllvm_5.1.1.LTS\lib\armv6m-ti-none-eabi/c/libc.a
       memcpy16.S.obj                 154     0         0      
       memset16.S.obj                 98      0         0      
       autoinit.c.obj                 60      0         0      
       boot_cortex_m.c.obj            40      0         0      
       copy_zero_init.c.obj           16      0         0      
       exit.c.obj                     6       0         0      
       pre_init.c.obj                 4       0         0      
    +--+------------------------------+-------+---------+---------+
       Total:                         378     0         0      
                                                               
    C:\ti\ccs2100\ccs\tools\compiler\ti-cgt-armllvm_5.1.1.LTS\lib\armv6m-ti-none-eabi/c/libsysbm.a
       hostexit.c.obj                 4       0         0      
    +--+------------------------------+-------+---------+---------+
       Total:                         4       0         0      
                                                               
    C:\ti\ccs2100\ccs\tools\compiler\ti-cgt-armllvm_5.1.1.LTS\lib\armv6m-ti-none-eabi/libclang_rt.builtins.a
       addsf3.S.obj                   216     0         0      
       udivmoddi4.S.obj               162     0         0      
       comparesf2.S.obj               140     0         0      
       mulsf3.S.obj                   140     0         0      
       divsf3.S.obj                   130     0         0      
       aeabi_fcmp.S.obj               90      0         0      
       aeabi_idivmod.S.obj            86      0         0      
       floatdisf.S.obj                78      0         0      
       aeabi_uidivmod.S.obj           64      0         0      
       divmoddi4.c.obj                62      0         0      
       floatsisf.S.obj                60      0         0      
       muldsi3.S.obj                  58      0         0      
       fixsfsi.S.obj                  56      0         0      
       floatunsisf.S.obj              40      0         0      
       muldi3.S.obj                   36      0         0      
       ashldi3.S.obj                  30      0         0      
       aeabi_memset.S.obj             26      0         0      
       aeabi_ldivmod.S.obj            20      0         0      
       aeabi_memcpy.S.obj             8       0         0      
       aeabi_div0.c.obj               4       0         0      
    +--+------------------------------+-------+---------+---------+
       Total:                         1506    0         0      
                                                               
       Stack:                         0       0         512    
       Linker Generated:              0       20        0      
    +--+------------------------------+-------+---------+---------+
       Grand Total:                   30632   1562      1573   


LINKER GENERATED COPY TABLES

__TI_cinit_table @ 00007ddc records: 1, size/record: 8, table size: 8
	.bss: load addr=00007dd0, load size=00000008 bytes, run addr=20200000, run size=00000425 bytes, compression=zero_init


LINKER GENERATED HANDLER TABLE

__TI_handler_table @ 00007dd8 records: 1, size/record: 4, table size: 4
	index: 0, handler: __TI_zero_init


GLOBAL SYMBOLS: SORTED ALPHABETICALLY BY Name 

address   name                            
-------   ----                            
00006aef  ADC0_IRQHandler                 
00006aef  ADC1_IRQHandler                 
00006aef  AES_IRQHandler                  
000076c3  AngleTurnControl_cancel         
000075cd  AngleTurnControl_init           
00007861  AngleTurnControl_isActive       
00006af1  AngleTurnControl_start          
00005b29  AngleTurnControl_update         
00007876  C$$EXIT                         
00006aef  CANFD0_IRQHandler               
0000770d  CarControl_coast                
00007867  CarControl_getSpeedRpm          
00007873  CarControl_getTurnInnerPercent  
000072b9  CarControl_init                 
000061dd  CarControl_setMotion            
00007625  CarControl_stop                 
00006aef  DAC0_IRQHandler                 
0000784d  DL_Common_delayCycles           
00006f5d  DL_I2C_fillControllerTXFIFO     
0000753d  DL_I2C_flushControllerRXFIFO    
00007335  DL_I2C_flushControllerTXFIFO    
0000769d  DL_I2C_setClockConfig           
00006315  DL_Timer_initFourCCPWMMode      
0000651d  DL_Timer_initTimerMode          
00007769  DL_Timer_setCaptCompUpdateMethod
000077bd  DL_Timer_setCaptureCompareOutCtl
000077fd  DL_Timer_setCaptureCompareValue 
00007785  DL_Timer_setClockConfig         
0000716d  DL_UART_init                    
000077e9  DL_UART_setClockConfig          
0000756d  DL_UART_transmitDataBlocking    
00006aef  DMA_IRQHandler                  
00006aef  Default_Handler                 
00006aef  GROUP0_IRQHandler               
00006bf9  GROUP1_IRQHandler               
000075f9  Grayscale_Sensor_Init           
00005f15  Grayscale_Sensor_ReadAll        
00007877  HOSTexit                        
00006aef  HardFault_Handler               
00006aef  I2C0_IRQHandler                 
00006aef  I2C1_IRQHandler                 
0000781d  MPU6050_Angle_getDeviceId       
00007829  MPU6050_Angle_getZDegrees       
00007835  MPU6050_Angle_getZRateDps       
000053f9  MPU6050_Angle_init              
00007841  MPU6050_Angle_reset             
00006e9d  MPU6050_Angle_update            
000073e9  MotorControl_coast              
00007509  MotorControl_handleEncoderEdge  
00007019  MotorControl_init               
0000772b  MotorControl_setTargetRpm       
00006a65  MotorControl_takeStatus         
00005101  MotorControl_update             
00006aef  NMI_Handler                     
00006aef  PendSV_Handler                  
00006aef  RTC_IRQHandler                  
0000787b  Reset_Handler                   
00006aef  SPI0_IRQHandler                 
00006aef  SPI1_IRQHandler                 
00006aef  SVC_Handler                     
00006089  SYSCFG_DL_GPIO_init             
000070c9  SYSCFG_DL_I2C_MPU6050_init      
0000759d  SYSCFG_DL_I2C_OLED_init         
0000682d  SYSCFG_DL_PWM_MOTOR_AB_init     
000068bd  SYSCFG_DL_PWM_MOTOR_CD_init     
000071f9  SYSCFG_DL_SYSCTL_init           
00007499  SYSCFG_DL_TIMER_PID_init        
00006cf5  SYSCFG_DL_UART_0_init           
00006efd  SYSCFG_DL_UART_1_init           
00007239  SYSCFG_DL_init                  
00006c79  SYSCFG_DL_initPower             
00006aef  SysTick_Handler                 
00006aef  TIMA0_IRQHandler                
000071b5  TIMA1_IRQHandler                
00006aef  TIMG0_IRQHandler                
00006aef  TIMG12_IRQHandler               
00006aef  TIMG6_IRQHandler                
00006aef  TIMG7_IRQHandler                
00006aef  TIMG8_IRQHandler                
00006dd5  UART0_IRQHandler                
00006aef  UART1_IRQHandler                
00006aef  UART2_IRQHandler                
00006aef  UART3_IRQHandler                
20208000  __STACK_END                     
00000200  __STACK_SIZE                    
00000000  __TI_ATRegion0_region_sz        
00000000  __TI_ATRegion0_src_addr         
00000000  __TI_ATRegion0_trg_addr         
00000000  __TI_ATRegion1_region_sz        
00000000  __TI_ATRegion1_src_addr         
00000000  __TI_ATRegion1_trg_addr         
00000000  __TI_ATRegion2_region_sz        
00000000  __TI_ATRegion2_src_addr         
00000000  __TI_ATRegion2_trg_addr         
00007ddc  __TI_CINIT_Base                 
00007de4  __TI_CINIT_Limit                
00007de4  __TI_CINIT_Warm                 
00007dd8  __TI_Handler_Table_Base         
00007ddc  __TI_Handler_Table_Limit        
00007371  __TI_auto_init_nobinit_nopinit  
ffffffff  __TI_pprof_out_hndl             
ffffffff  __TI_prof_data_size             
ffffffff  __TI_prof_data_start            
00000000  __TI_static_base__              
0000780d  __TI_zero_init                  
00006623  __addsf3                        
000074d1  __aeabi_f2iz                    
00006623  __aeabi_fadd                    
00006fbd  __aeabi_fcmpeq                  
00006ff3  __aeabi_fcmpge                  
00007005  __aeabi_fcmpgt                  
00006fe1  __aeabi_fcmple                  
00006fcf  __aeabi_fcmplt                  
000069c3  __aeabi_fcmpun                  
00006b75  __aeabi_fdiv                    
000069d9  __aeabi_fmul                    
00006619  __aeabi_fsub                    
000073ad  __aeabi_i2f                     
00007071  __aeabi_idiv                    
00006bf7  __aeabi_idiv0                   
00007071  __aeabi_idivmod                 
0000711d  __aeabi_l2f                     
00006dd3  __aeabi_ldiv0                   
000077d5  __aeabi_ldivmod                 
00007749  __aeabi_llsl                    
000076e9  __aeabi_lmul                    
000077af  __aeabi_memclr                  
000077af  __aeabi_memclr4                 
000077af  __aeabi_memclr8                 
00007859  __aeabi_memcpy                  
00007859  __aeabi_memcpy4                 
00007859  __aeabi_memcpy8                 
000077a1  __aeabi_memset                  
000077a1  __aeabi_memset4                 
000077a1  __aeabi_memset8                 
00007675  __aeabi_ui2f                    
00007279  __aeabi_uidiv                   
00007279  __aeabi_uidivmod                
00007749  __ashldi3                       
ffffffff  __binit__                       
0000694d  __cmpsf2                        
000072f7  __divmoddi4                     
00006b75  __divsf3                        
0000694d  __eqsf2                         
000074d1  __fixsfsi                       
0000711d  __floatdisf                     
000073ad  __floatsisf                     
00007675  __floatunsisf                   
00006987  __gesf2                         
00006987  __gtsf2                         
0000694d  __lesf2                         
0000694d  __ltsf2                         
UNDEFED   __mpu_init                      
000076e9  __muldi3                        
00007425  __muldsi3                       
000069d9  __mulsf3                        
0000694d  __nesf2                         
20207e00  __stack                         
20200000  __start___llvm_prf_bits         
20200000  __start___llvm_prf_cnts         
20200000  __stop___llvm_prf_bits          
20200000  __stop___llvm_prf_cnts          
00006619  __subsf3                        
000066f1  __udivmoddi4                    
000069c3  __unordsf2                      
0000764d  _c_int00_noargs                 
UNDEFED   _system_post_cinit              
0000787f  _system_pre_init                
0000786d  abort                           
ffffffff  binit                           
20200000  gPWM_MOTOR_CDBackup             
202000bc  gTIMER_PIDBackup                
00000000  interruptVectors                
000000c1  main                            
00006793  memcpy                          
00006e39  memset                          


GLOBAL SYMBOLS: SORTED BY Symbol Address 

address   name                            
-------   ----                            
00000000  __TI_ATRegion0_region_sz        
00000000  __TI_ATRegion0_src_addr         
00000000  __TI_ATRegion0_trg_addr         
00000000  __TI_ATRegion1_region_sz        
00000000  __TI_ATRegion1_src_addr         
00000000  __TI_ATRegion1_trg_addr         
00000000  __TI_ATRegion2_region_sz        
00000000  __TI_ATRegion2_src_addr         
00000000  __TI_ATRegion2_trg_addr         
00000000  __TI_static_base__              
00000000  interruptVectors                
000000c1  main                            
00000200  __STACK_SIZE                    
00005101  MotorControl_update             
000053f9  MPU6050_Angle_init              
00005b29  AngleTurnControl_update         
00005f15  Grayscale_Sensor_ReadAll        
00006089  SYSCFG_DL_GPIO_init             
000061dd  CarControl_setMotion            
00006315  DL_Timer_initFourCCPWMMode      
0000651d  DL_Timer_initTimerMode          
00006619  __aeabi_fsub                    
00006619  __subsf3                        
00006623  __addsf3                        
00006623  __aeabi_fadd                    
000066f1  __udivmoddi4                    
00006793  memcpy                          
0000682d  SYSCFG_DL_PWM_MOTOR_AB_init     
000068bd  SYSCFG_DL_PWM_MOTOR_CD_init     
0000694d  __cmpsf2                        
0000694d  __eqsf2                         
0000694d  __lesf2                         
0000694d  __ltsf2                         
0000694d  __nesf2                         
00006987  __gesf2                         
00006987  __gtsf2                         
000069c3  __aeabi_fcmpun                  
000069c3  __unordsf2                      
000069d9  __aeabi_fmul                    
000069d9  __mulsf3                        
00006a65  MotorControl_takeStatus         
00006aef  ADC0_IRQHandler                 
00006aef  ADC1_IRQHandler                 
00006aef  AES_IRQHandler                  
00006aef  CANFD0_IRQHandler               
00006aef  DAC0_IRQHandler                 
00006aef  DMA_IRQHandler                  
00006aef  Default_Handler                 
00006aef  GROUP0_IRQHandler               
00006aef  HardFault_Handler               
00006aef  I2C0_IRQHandler                 
00006aef  I2C1_IRQHandler                 
00006aef  NMI_Handler                     
00006aef  PendSV_Handler                  
00006aef  RTC_IRQHandler                  
00006aef  SPI0_IRQHandler                 
00006aef  SPI1_IRQHandler                 
00006aef  SVC_Handler                     
00006aef  SysTick_Handler                 
00006aef  TIMA0_IRQHandler                
00006aef  TIMG0_IRQHandler                
00006aef  TIMG12_IRQHandler               
00006aef  TIMG6_IRQHandler                
00006aef  TIMG7_IRQHandler                
00006aef  TIMG8_IRQHandler                
00006aef  UART1_IRQHandler                
00006aef  UART2_IRQHandler                
00006aef  UART3_IRQHandler                
00006af1  AngleTurnControl_start          
00006b75  __aeabi_fdiv                    
00006b75  __divsf3                        
00006bf7  __aeabi_idiv0                   
00006bf9  GROUP1_IRQHandler               
00006c79  SYSCFG_DL_initPower             
00006cf5  SYSCFG_DL_UART_0_init           
00006dd3  __aeabi_ldiv0                   
00006dd5  UART0_IRQHandler                
00006e39  memset                          
00006e9d  MPU6050_Angle_update            
00006efd  SYSCFG_DL_UART_1_init           
00006f5d  DL_I2C_fillControllerTXFIFO     
00006fbd  __aeabi_fcmpeq                  
00006fcf  __aeabi_fcmplt                  
00006fe1  __aeabi_fcmple                  
00006ff3  __aeabi_fcmpge                  
00007005  __aeabi_fcmpgt                  
00007019  MotorControl_init               
00007071  __aeabi_idiv                    
00007071  __aeabi_idivmod                 
000070c9  SYSCFG_DL_I2C_MPU6050_init      
0000711d  __aeabi_l2f                     
0000711d  __floatdisf                     
0000716d  DL_UART_init                    
000071b5  TIMA1_IRQHandler                
000071f9  SYSCFG_DL_SYSCTL_init           
00007239  SYSCFG_DL_init                  
00007279  __aeabi_uidiv                   
00007279  __aeabi_uidivmod                
000072b9  CarControl_init                 
000072f7  __divmoddi4                     
00007335  DL_I2C_flushControllerTXFIFO    
00007371  __TI_auto_init_nobinit_nopinit  
000073ad  __aeabi_i2f                     
000073ad  __floatsisf                     
000073e9  MotorControl_coast              
00007425  __muldsi3                       
00007499  SYSCFG_DL_TIMER_PID_init        
000074d1  __aeabi_f2iz                    
000074d1  __fixsfsi                       
00007509  MotorControl_handleEncoderEdge  
0000753d  DL_I2C_flushControllerRXFIFO    
0000756d  DL_UART_transmitDataBlocking    
0000759d  SYSCFG_DL_I2C_OLED_init         
000075cd  AngleTurnControl_init           
000075f9  Grayscale_Sensor_Init           
00007625  CarControl_stop                 
0000764d  _c_int00_noargs                 
00007675  __aeabi_ui2f                    
00007675  __floatunsisf                   
0000769d  DL_I2C_setClockConfig           
000076c3  AngleTurnControl_cancel         
000076e9  __aeabi_lmul                    
000076e9  __muldi3                        
0000770d  CarControl_coast                
0000772b  MotorControl_setTargetRpm       
00007749  __aeabi_llsl                    
00007749  __ashldi3                       
00007769  DL_Timer_setCaptCompUpdateMethod
00007785  DL_Timer_setClockConfig         
000077a1  __aeabi_memset                  
000077a1  __aeabi_memset4                 
000077a1  __aeabi_memset8                 
000077af  __aeabi_memclr                  
000077af  __aeabi_memclr4                 
000077af  __aeabi_memclr8                 
000077bd  DL_Timer_setCaptureCompareOutCtl
000077d5  __aeabi_ldivmod                 
000077e9  DL_UART_setClockConfig          
000077fd  DL_Timer_setCaptureCompareValue 
0000780d  __TI_zero_init                  
0000781d  MPU6050_Angle_getDeviceId       
00007829  MPU6050_Angle_getZDegrees       
00007835  MPU6050_Angle_getZRateDps       
00007841  MPU6050_Angle_reset             
0000784d  DL_Common_delayCycles           
00007859  __aeabi_memcpy                  
00007859  __aeabi_memcpy4                 
00007859  __aeabi_memcpy8                 
00007861  AngleTurnControl_isActive       
00007867  CarControl_getSpeedRpm          
0000786d  abort                           
00007873  CarControl_getTurnInnerPercent  
00007876  C$$EXIT                         
00007877  HOSTexit                        
0000787b  Reset_Handler                   
0000787f  _system_pre_init                
00007dd8  __TI_Handler_Table_Base         
00007ddc  __TI_CINIT_Base                 
00007ddc  __TI_Handler_Table_Limit        
00007de4  __TI_CINIT_Limit                
00007de4  __TI_CINIT_Warm                 
20200000  __start___llvm_prf_bits         
20200000  __start___llvm_prf_cnts         
20200000  __stop___llvm_prf_bits          
20200000  __stop___llvm_prf_cnts          
20200000  gPWM_MOTOR_CDBackup             
202000bc  gTIMER_PIDBackup                
20207e00  __stack                         
20208000  __STACK_END                     
ffffffff  __TI_pprof_out_hndl             
ffffffff  __TI_prof_data_size             
ffffffff  __TI_prof_data_start            
ffffffff  __binit__                       
ffffffff  binit                           
UNDEFED   __mpu_init                      
UNDEFED   _system_post_cinit              

[176 symbols]
