******************************************************************************
            TI ARM Clang Linker PC v5.1.1                      
******************************************************************************
>> Linked Mon Jul 27 04:19:47 2026

OUTPUT FILE NAME:   <main.out>
ENTRY POINT SYMBOL: "_c_int00_noargs"  address: 0000b559


MEMORY CONFIGURATION

         name            origin    length      used     unused   attr    fill
----------------------  --------  ---------  --------  --------  ----  --------
  FLASH                 00000000   00020000  0000c9b8  00013648  R  X
  SRAM                  20200000   00008000  00000786  0000787a  RW X
  BCR_CONFIG            41c00000   000000ff  00000000  000000ff  R   
  BSL_CONFIG            41c00100   00000080  00000000  00000080  R   


SEGMENT ALLOCATION MAP

run origin  load origin   length   init length attrs members
----------  ----------- ---------- ----------- ----- -------
00000000    00000000    0000c9b8   0000c9b8    r-x
  00000000    00000000    000000c0   000000c0    r-- .intvecs
  000000c0    000000c0    0000b7a8   0000b7a8    r-x .text
  0000b868    0000b868    00001138   00001138    r-- .rodata
  0000c9a0    0000c9a0    00000018   00000018    r-- .cinit
20200000    20200000    00000586   00000000    rw-
  20200000    20200000    00000586   00000000    rw- .bss
20207e00    20207e00    00000200   00000000    rw-
  20207e00    20207e00    00000200   00000000    rw- .stack


SECTION ALLOCATION MAP

 output                                  attributes/
section   page    origin      length       input sections
--------  ----  ----------  ----------   ----------------
.intvecs   0    00000000    000000c0     
                  00000000    000000c0     startup_mspm0g350x_ticlang.o (.intvecs)

.text      0    000000c0    0000b7a8     
                  000000c0    00005ad0     main.o (.text.main)
                  00005b90    00000954     main.o (.text.LineTracking_update)
                  000064e4    000006a0     task3_control.o (.text.Task3Control_update)
                  00006b84    000005d4     main.o (.text.UART_reportMotorStatus)
                  00007158    000005b0     task1_control.o (.text.Task1Control_update)
                  00007708    00000568     task2_control.o (.text.Task2Control_update)
                  00007c70    000003d2     oled.o (.text.OLED_Init)
                  00008042    00000002     startup_mspm0g350x_ticlang.o (.text.Default_Handler)
                  00008044    000002f4     motor_control.o (.text.MotorControl_update)
                  00008338    00000294     oled.o (.text.OLED_ShowTaskEndpoint)
                  000085cc    00000278     mpu6050_angle.o (.text.MPU6050_Angle_initWithProgress)
                  00008844    0000026c     oled.o (.text.OLED_ShowCalibration)
                  00008ab0    00000244     main.o (.text.UART_reportGrayscale)
                  00008cf4    00000238     main.o (.text.UART_reportZAngle)
                  00008f2c    00000218     angle_turn_control.o (.text.AngleTurnControl_update)
                  00009144    000001d4     mpu6050_angle.o (.text.MPU6050_readRegisters)
                  00009318    000001a0     oled.o (.text.OLED_writeString)
                  000094b8    00000198     task_manager.o (.text.TaskManager_update)
                  00009650    00000174     grayscale_sensor.o (.text.Grayscale_Sensor_ReadAll)
                  000097c4    0000016c     ti_msp_dl_config.o (.text.SYSCFG_DL_GPIO_init)
                  00009930    00000138     car_control.o (.text.CarControl_setMotion)
                  00009a68    00000104     driverlib.a : dl_timer.o (.text.DL_Timer_initFourCCPWMMode)
                  00009b6c    00000104     mpu6050_angle.o (.text.MPU6050_writeRegister)
                  00009c70    00000104     oled.o (.text.OLED_writeByte)
                  00009d74    000000fc     driverlib.a : dl_timer.o (.text.DL_Timer_initTimerMode)
                  00009e70    000000e8     task_manager.o (.text.TaskManager_init)
                  00009f58    000000d8     libclang_rt.builtins.a : addsf3.S.obj (.text)
                  0000a030    000000a2     main.o (.text.Task1_readActiveChannelCount)
                  0000a0d2    00000002     libclang_rt.builtins.a : aeabi_div0.c.obj (.text.__aeabi_idiv0)
                  0000a0d4    000000a2                            : udivmoddi4.S.obj (.text)
                  0000a176    0000009a     libc.a : memcpy16.S.obj (.text:memcpy)
                  0000a210    00000090     ti_msp_dl_config.o (.text.SYSCFG_DL_PWM_MOTOR_AB_init)
                  0000a2a0    00000090     ti_msp_dl_config.o (.text.SYSCFG_DL_PWM_MOTOR_CD_init)
                  0000a330    0000008c     task3_control.o (.text.Task3Control_start)
                  0000a3bc    0000008c     libclang_rt.builtins.a : comparesf2.S.obj (.text)
                  0000a448    0000008c                            : mulsf3.S.obj (.text)
                  0000a4d4    0000008a     motor_control.o (.text.MotorControl_takeStatus)
                  0000a55e    00000002     libclang_rt.builtins.a : aeabi_div0.c.obj (.text.__aeabi_ldiv0)
                  0000a560    00000084     angle_turn_control.o (.text.AngleTurnControl_start)
                  0000a5e4    00000082     libclang_rt.builtins.a : divsf3.S.obj (.text)
                  0000a666    00000002     --HOLE-- [fill = 0]
                  0000a668    00000080     main.o (.text.GROUP1_IRQHandler)
                  0000a6e8    0000007c     ti_msp_dl_config.o (.text.SYSCFG_DL_initPower)
                  0000a764    0000007c     main.o (.text.Task1_readActiveChannelMask)
                  0000a7e0    00000070     ti_msp_dl_config.o (.text.SYSCFG_DL_UART_0_init)
                  0000a850    00000070     ti_msp_dl_config.o (.text.SYSCFG_DL_UART_OPENMV_init)
                  0000a8c0    00000070     task2_control.o (.text.Task2Control_start)
                  0000a930    0000006e     angle_turn_control.o (.text.AngleTurnControl_getCoastDistanceDegrees)
                  0000a99e    00000002     --HOLE-- [fill = 0]
                  0000a9a0    00000064     main.o (.text.UART0_IRQHandler)
                  0000aa04    00000062     libc.a : memset16.S.obj (.text:memset)
                  0000aa66    00000002     --HOLE-- [fill = 0]
                  0000aa68    00000060     mpu6050_angle.o (.text.MPU6050_Angle_update)
                  0000aac8    0000005e     driverlib.a : dl_i2c.o (.text.DL_I2C_fillControllerTXFIFO)
                  0000ab26    00000002     --HOLE-- [fill = 0]
                  0000ab28    0000005a     libclang_rt.builtins.a : aeabi_fcmp.S.obj (.text)
                  0000ab82    00000002     --HOLE-- [fill = 0]
                  0000ab84    00000058     motor_control.o (.text.MotorControl_init)
                  0000abdc    00000058     main.o (.text.UART1_IRQHandler)
                  0000ac34    00000056     libclang_rt.builtins.a : aeabi_idivmod.S.obj (.text)
                  0000ac8a    00000002     --HOLE-- [fill = 0]
                  0000ac8c    00000054     ti_msp_dl_config.o (.text.SYSCFG_DL_I2C_MPU6050_init)
                  0000ace0    00000054     ti_msp_dl_config.o (.text.SYSCFG_DL_I2C_OLED_init)
                  0000ad34    00000054     task2_control.o (.text.Task2Control_carStopped)
                  0000ad88    00000054     task3_control.o (.text.Task3Control_carStopped)
                  0000addc    00000054     task3_control.o (.text.Task3Control_init)
                  0000ae30    00000050     task1_control.o (.text.Task1Control_init)
                  0000ae80    0000004e     libclang_rt.builtins.a : floatdisf.S.obj (.text)
                  0000aece    00000002     --HOLE-- [fill = 0]
                  0000aed0    00000048     driverlib.a : dl_uart.o (.text.DL_UART_init)
                  0000af18    00000048     task2_control.o (.text.Task2Control_init)
                  0000af60    00000044     main.o (.text.LineTracking_resetPid)
                  0000afa4    00000044     main.o (.text.TIMA1_IRQHandler)
                  0000afe8    00000044     task3_control.o (.text.Task3Control_reset)
                  0000b02c    00000040     ti_msp_dl_config.o (.text.SYSCFG_DL_SYSCTL_init)
                  0000b06c    00000040     ti_msp_dl_config.o (.text.SYSCFG_DL_init)
                  0000b0ac    00000040     main.o (.text.UART_sendString)
                  0000b0ec    00000040     libclang_rt.builtins.a : aeabi_uidivmod.S.obj (.text)
                  0000b12c    0000003e     car_control.o (.text.CarControl_init)
                  0000b16a    0000003e     task1_control.o (.text.Task1Control_reset)
                  0000b1a8    0000003e     libclang_rt.builtins.a : divmoddi4.c.obj (.text.__divmoddi4)
                  0000b1e6    00000002     --HOLE-- [fill = 0]
                  0000b1e8    0000003c     driverlib.a : dl_i2c.o (.text.DL_I2C_flushControllerTXFIFO)
                  0000b224    0000003c     libc.a : autoinit.c.obj (.text:__TI_auto_init_nobinit_nopinit)
                  0000b260    0000003c     libclang_rt.builtins.a : floatsisf.S.obj (.text)
                  0000b29c    0000003a     motor_control.o (.text.MotorControl_coast)
                  0000b2d6    00000002     --HOLE-- [fill = 0]
                  0000b2d8    0000003a     libclang_rt.builtins.a : muldsi3.S.obj (.text)
                  0000b312    00000038     angle_turn_control.o (.text.AngleTurnControl_enterCreep)
                  0000b34a    00000002     --HOLE-- [fill = 0]
                  0000b34c    00000038     ti_msp_dl_config.o (.text.SYSCFG_DL_TIMER_PID_init)
                  0000b384    00000038     libclang_rt.builtins.a : fixsfsi.S.obj (.text)
                  0000b3bc    00000036     task2_control.o (.text.Task2Control_reset)
                  0000b3f2    00000032     motor_control.o (.text.MotorControl_handleEncoderEdge)
                  0000b424    00000030     driverlib.a : dl_i2c.o (.text.DL_I2C_flushControllerRXFIFO)
                  0000b454    00000030                 : dl_uart.o (.text.DL_UART_transmitDataBlocking)
                  0000b484    0000002c     angle_turn_control.o (.text.AngleTurnControl_init)
                  0000b4b0    0000002c     grayscale_sensor.o (.text.Grayscale_Sensor_Init)
                  0000b4dc    0000002a     task2_control.o (.text.Task2Control_beginAdvance)
                  0000b506    0000002a     task3_control.o (.text.Task3Control_beginAdvance)
                  0000b530    00000028     car_control.o (.text.CarControl_stop)
                  0000b558    00000028     libc.a : boot_cortex_m.c.obj (.text:_c_int00_noargs)
                  0000b580    00000028     libclang_rt.builtins.a : floatunsisf.S.obj (.text)
                  0000b5a8    00000026     driverlib.a : dl_i2c.o (.text.DL_I2C_setClockConfig)
                  0000b5ce    00000024     angle_turn_control.o (.text.AngleTurnControl_cancel)
                  0000b5f2    00000002     --HOLE-- [fill = 0]
                  0000b5f4    00000024     libclang_rt.builtins.a : muldi3.S.obj (.text)
                  0000b618    0000001e     car_control.o (.text.CarControl_coast)
                  0000b636    0000001e     car_control.o (.text.CarControl_emergencyStop)
                  0000b654    0000001e     motor_control.o (.text.MotorControl_setTargetRpm)
                  0000b672    00000002     --HOLE-- [fill = 0]
                  0000b674    0000001e     libclang_rt.builtins.a : ashldi3.S.obj (.text)
                  0000b692    00000002     --HOLE-- [fill = 0]
                  0000b694    0000001c     driverlib.a : dl_timer.o (.text.DL_Timer_setCaptCompUpdateMethod)
                  0000b6b0    0000001c                 : dl_timer.o (.text.DL_Timer_setClockConfig)
                  0000b6cc    0000001a     libclang_rt.builtins.a : aeabi_memset.S.obj (.text)
                  0000b6e6    00000002     --HOLE-- [fill = 0]
                  0000b6e8    00000018     driverlib.a : dl_timer.o (.text.DL_Timer_setCaptureCompareOutCtl)
                  0000b700    00000018     main.o (.text.OLED_showCalibrationProgress)
                  0000b718    00000014     main.o (.text.Task1_lineTrackingSetEnabled)
                  0000b72c    00000014     main.o (.text.Task1_setGreenLed)
                  0000b740    00000014     main.o (.text.Task1_setRedLed)
                  0000b754    00000014     libclang_rt.builtins.a : aeabi_ldivmod.S.obj (.text)
                  0000b768    00000012     driverlib.a : dl_uart.o (.text.DL_UART_setClockConfig)
                  0000b77a    00000002     --HOLE-- [fill = 0]
                  0000b77c    00000010                 : dl_timer.o (.text.DL_Timer_setCaptureCompareValue)
                  0000b78c    00000010     task_manager.o (.text.TaskManager_takeStatusPressed)
                  0000b79c    00000010     task_manager.o (.text.TaskManager_takeStatusReleased)
                  0000b7ac    00000010     libc.a : copy_zero_init.c.obj (.text:decompress:ZI)
                  0000b7bc    0000000c     mpu6050_angle.o (.text.MPU6050_Angle_getDeviceId)
                  0000b7c8    0000000c     mpu6050_angle.o (.text.MPU6050_Angle_getZDegrees)
                  0000b7d4    0000000c     mpu6050_angle.o (.text.MPU6050_Angle_getZRateDps)
                  0000b7e0    0000000c     mpu6050_angle.o (.text.MPU6050_Angle_reset)
                  0000b7ec    0000000c     main.o (.text.Task1_lineTrackingSetSpeed)
                  0000b7f8    0000000c     task_manager.o (.text.TaskManager_getActiveTask)
                  0000b804    0000000c     task_manager.o (.text.TaskManager_getTask1Endpoint)
                  0000b810    0000000c     task_manager.o (.text.TaskManager_getTask2Endpoint)
                  0000b81c    0000000c     task_manager.o (.text.TaskManager_getTask3Endpoint)
                  0000b828    0000000a     driverlib.a : dl_common.o (.text.DL_Common_delayCycles)
                  0000b832    0000000a     task1_control.o (.text.Task1Control_isActive)
                  0000b83c    00000008     libclang_rt.builtins.a : aeabi_memcpy.S.obj (.text)
                  0000b844    00000006     angle_turn_control.o (.text.AngleTurnControl_isActive)
                  0000b84a    00000006     car_control.o (.text.CarControl_getSpeedRpm)
                  0000b850    00000006     libc.a : exit.c.obj (.text:abort)
                  0000b856    00000004     car_control.o (.text.CarControl_getTurnInnerPercent)
                  0000b85a    00000004     libsysbm.a : hostexit.c.obj (.text.HOSTexit)
                  0000b85e    00000004     startup_mspm0g350x_ticlang.o (.text.Reset_Handler)
                  0000b862    00000004     libc.a : pre_init.c.obj (.text._system_pre_init)
                  0000b866    00000002     --HOLE-- [fill = 0]

.cinit     0    0000c9a0    00000018     
                  0000c9a0    00000008     (.cinit..bss.load) [load image, compression = zero_init]
                  0000c9a8    00000004     (__TI_handler_table)
                  0000c9ac    00000008     (__TI_cinit_table)
                  0000c9b4    00000004     --HOLE-- [fill = 0]

.rodata    0    0000b868    00001138     
                  0000b868    00000050     main.o (.rodata.gMotorAConfig)
                  0000b8b8    00000050     main.o (.rodata.gMotorBConfig)
                  0000b908    00000050     main.o (.rodata.gMotorCConfig)
                  0000b958    00000050     main.o (.rodata.gMotorDConfig)
                  0000b9a8    0000003c     main.o (.rodata..L__const.main.taskIo)
                  0000b9e4    00000039     main.o (.rodata.str1.17100691992556644108.1)
                  0000ba1d    00000036     main.o (.rodata.str1.16856034117330037696.1)
                  0000ba53    00000036     main.o (.rodata.str1.4237830143243313753.1)
                  0000ba89    00000032     main.o (.rodata.str1.14402440632258215044.1)
                  0000babb    00000032     main.o (.rodata.str1.288608917962107522.1)
                  0000baed    00000031     main.o (.rodata.str1.2256192789054937243.1)
                  0000bb1e    00000031     main.o (.rodata.str1.5456361711443481037.1)
                  0000bb4f    0000002e     main.o (.rodata.str1.10753028060609409702.1)
                  0000bb7d    0000002e     main.o (.rodata.str1.8154729771448623357.1)
                  0000bbab    0000002d     main.o (.rodata.str1.17045314124001216156.1)
                  0000bbd8    0000002d     main.o (.rodata.str1.922313780387552641.1)
                  0000bc05    0000002b     task1_control.o (.rodata.str1.5072012943682014062.1)
                  0000bc30    0000002b     task1_control.o (.rodata.str1.7167319297664269649.1)
                  0000bc5b    0000002b     main.o (.rodata.str1.7190843550371250464.1)
                  0000bc86    0000002a     main.o (.rodata.str1.9582546670787941090.1)
                  0000bcb0    00000029     main.o (.rodata.str1.10992214574315303902.1)
                  0000bcd9    00000029     main.o (.rodata.str1.11822182024223342093.1)
                  0000bd02    00000028     task3_control.o (.rodata.str1.10714953977156648286.1)
                  0000bd2a    00000028     main.o (.rodata.str1.1311392489248731986.1)
                  0000bd52    00000028     task3_control.o (.rodata.str1.1530538117983905378.1)
                  0000bd7a    00000028     task3_control.o (.rodata.str1.17742943977157018344.1)
                  0000bda2    00000028     main.o (.rodata.str1.3060844030163134499.1)
                  0000bdca    00000028     main.o (.rodata.str1.6689794204546696417.1)
                  0000bdf2    00000028     main.o (.rodata.str1.8739739109796348711.1)
                  0000be1a    00000027     main.o (.rodata.str1.10313062130652730376.1)
                  0000be41    00000027     task3_control.o (.rodata.str1.11464780133565186819.1)
                  0000be68    00000027     main.o (.rodata.str1.13782249893155712474.1)
                  0000be8f    00000027     task2_control.o (.rodata.str1.14025851417321292610.1)
                  0000beb6    00000027     task3_control.o (.rodata.str1.3077699260501814661.1)
                  0000bedd    00000027     task2_control.o (.rodata.str1.3638024698144622018.1)
                  0000bf04    00000027     main.o (.rodata.str1.5353031162939221829.1)
                  0000bf2b    00000027     main.o (.rodata.str1.6891813955777630061.1)
                  0000bf52    00000026     main.o (.rodata.str1.10003710380724733530.1)
                  0000bf78    00000026     main.o (.rodata.str1.13203255162302409502.1)
                  0000bf9e    00000026     task3_control.o (.rodata.str1.1843960043978944682.1)
                  0000bfc4    00000026     task3_control.o (.rodata.str1.4603985363564379921.1)
                  0000bfea    00000025     main.o (.rodata.str1.14032527501195285070.1)
                  0000c00f    00000025     task2_control.o (.rodata.str1.1628526607423136685.1)
                  0000c034    00000025     main.o (.rodata.str1.16709704744796600189.1)
                  0000c059    00000025     task3_control.o (.rodata.str1.601139265022799329.1)
                  0000c07e    00000025     task2_control.o (.rodata.str1.7090294568815480483.1)
                  0000c0a3    00000025     main.o (.rodata.str1.729616968063973023.1)
                  0000c0c8    00000024     main.o (.rodata.str1.11639152155638730617.1)
                  0000c0ec    00000024     main.o (.rodata.str1.2597068879322958637.1)
                  0000c110    00000024     main.o (.rodata.str1.3530083166107438000.1)
                  0000c134    00000023     task1_control.o (.rodata.str1.10712477198116260179.1)
                  0000c157    00000023     task2_control.o (.rodata.str1.15775494250041859350.1)
                  0000c17a    00000023     task1_control.o (.rodata.str1.16573475286117157899.1)
                  0000c19d    00000023     task3_control.o (.rodata.str1.18014998611804953487.1)
                  0000c1c0    00000023     main.o (.rodata.str1.18420373917905513025.1)
                  0000c1e3    00000023     task2_control.o (.rodata.str1.4061836901473561847.1)
                  0000c206    00000021     task3_control.o (.rodata.str1.10757935120034291889.1)
                  0000c227    00000021     task3_control.o (.rodata.str1.12456770628134079107.1)
                  0000c248    00000021     task3_control.o (.rodata.str1.14615866358383963931.1)
                  0000c269    00000021     task2_control.o (.rodata.str1.16724707500957770379.1)
                  0000c28a    00000021     task1_control.o (.rodata.str1.5329556652197092282.1)
                  0000c2ab    00000021     task1_control.o (.rodata.str1.780947688790857278.1)
                  0000c2cc    00000021     task2_control.o (.rodata.str1.857297799885851934.1)
                  0000c2ed    00000003     ti_msp_dl_config.o (.rodata.gPWM_MOTOR_ABClockConfig)
                  0000c2f0    00000020     main.o (.rodata.gAngleTurnConfig)
                  0000c310    00000020     task3_control.o (.rodata.str1.13799171880534650351.1)
                  0000c330    00000020     task2_control.o (.rodata.str1.787478558197861448.1)
                  0000c350    00000020     task1_control.o (.rodata.str1.9111940014424574115.1)
                  0000c370    0000001f     task3_control.o (.rodata.str1.13968557383028585213.1)
                  0000c38f    0000001f     task3_control.o (.rodata.str1.7108331918649983267.1)
                  0000c3ae    0000001f     task2_control.o (.rodata.str1.779357304166587961.1)
                  0000c3cd    0000001d     task3_control.o (.rodata.str1.13478968704624540161.1)
                  0000c3ea    0000001d     task1_control.o (.rodata.str1.17703183304565864469.1)
                  0000c407    0000001d     task2_control.o (.rodata.str1.4912559704527292690.1)
                  0000c424    0000001d     task1_control.o (.rodata.str1.5673791145989345652.1)
                  0000c441    00000003     ti_msp_dl_config.o (.rodata.gPWM_MOTOR_CDClockConfig)
                  0000c444    0000001c     main.o (.rodata.gCarConfig)
                  0000c460    0000001c     task3_control.o (.rodata.str1.10894465688668152876.1)
                  0000c47c    0000001c     task1_control.o (.rodata.str1.11647944105263845624.1)
                  0000c498    0000001c     task2_control.o (.rodata.str1.13308325904492038610.1)
                  0000c4b4    0000001c     task1_control.o (.rodata.str1.13504222442027447956.1)
                  0000c4d0    0000001c     task2_control.o (.rodata.str1.16578859671398076769.1)
                  0000c4ec    0000001c     task2_control.o (.rodata.str1.17645577992017749075.1)
                  0000c508    0000001c     task3_control.o (.rodata.str1.17762541261837276227.1)
                  0000c524    0000001c     task3_control.o (.rodata.str1.4390551223382838700.1)
                  0000c540    0000001c     task3_control.o (.rodata.str1.4421287429490978571.1)
                  0000c55c    0000001b     task2_control.o (.rodata.str1.14197853469494480492.1)
                  0000c577    0000001b     task2_control.o (.rodata.str1.17042308375733631086.1)
                  0000c592    0000001b     task3_control.o (.rodata.str1.3066080717975895145.1)
                  0000c5ad    0000001b     task3_control.o (.rodata.str1.6124995119480340558.1)
                  0000c5c8    0000001a     task2_control.o (.rodata.str1.12448517965670614867.1)
                  0000c5e2    0000001a     task1_control.o (.rodata.str1.12698551298906023704.1)
                  0000c5fc    0000001a     task1_control.o (.rodata.str1.1301023707294879454.1)
                  0000c616    0000001a     task1_control.o (.rodata.str1.16488425795326280447.1)
                  0000c630    0000001a     task2_control.o (.rodata.str1.1765354637263211733.1)
                  0000c64a    0000001a     task3_control.o (.rodata.str1.4084967515313157478.1)
                  0000c664    0000001a     task3_control.o (.rodata.str1.4657032458276037942.1)
                  0000c67e    0000001a     task1_control.o (.rodata.str1.5073775311335364789.1)
                  0000c698    0000001a     task3_control.o (.rodata.str1.6077859282985349844.1)
                  0000c6b2    0000001a     task2_control.o (.rodata.str1.8147180075112146762.1)
                  0000c6cc    0000001a     task2_control.o (.rodata.str1.90916997495567756.1)
                  0000c6e6    0000001a     task3_control.o (.rodata.str1.9174252252544830677.1)
                  0000c700    0000001a     task3_control.o (.rodata.str1.958059989718987969.1)
                  0000c71a    00000019     task3_control.o (.rodata.str1.11413199885560925264.1)
                  0000c733    00000019     task2_control.o (.rodata.str1.11940043588096350355.1)
                  0000c74c    00000019     task1_control.o (.rodata.str1.14105142409552207332.1)
                  0000c765    00000019     task2_control.o (.rodata.str1.17851180878497962304.1)
                  0000c77e    00000019     task3_control.o (.rodata.str1.1850700791820965167.1)
                  0000c797    00000016     task1_control.o (.rodata.str1.18066269245873339749.1)
                  0000c7ad    00000003     ti_msp_dl_config.o (.rodata.gTIMER_PIDClockConfig)
                  0000c7b0    00000014     ti_msp_dl_config.o (.rodata.gTIMER_PIDTimerConfig)
                  0000c7c4    00000014     task1_control.o (.rodata.str1.1119584794306885221.1)
                  0000c7d8    00000014     task2_control.o (.rodata.str1.13131536749193968856.1)
                  0000c7ec    00000014     task3_control.o (.rodata.str1.18379798598726859586.1)
                  0000c800    00000014     task2_control.o (.rodata.str1.8856071296570933582.1)
                  0000c814    00000014     task1_control.o (.rodata.str1.887100724783716056.1)
                  0000c828    00000014     task3_control.o (.rodata.str1.9266434510774515849.1)
                  0000c83c    00000014     task1_control.o (.rodata.str1.9681430095799678388.1)
                  0000c850    00000013     task2_control.o (.rodata.str1.11372880792608547621.1)
                  0000c863    00000013     task3_control.o (.rodata.str1.11808787519652951809.1)
                  0000c876    00000013     main.o (.rodata.str1.6976963560179378225.1)
                  0000c889    00000013     task1_control.o (.rodata.str1.7414329305395923872.1)
                  0000c89c    00000012     main.o (.rodata.str1.17770841602246103764.1)
                  0000c8ae    00000011     main.o (.rodata.str1.887240019932590441.1)
                  0000c8bf    00000001     --HOLE-- [fill = 0]
                  0000c8c0    00000010     main.o (.rodata..Lswitch.table.main.118)
                  0000c8d0    0000000e     main.o (.rodata.str1.15159059442110792349.1)
                  0000c8de    0000000b     main.o (.rodata.str1.13030671760666898970.1)
                  0000c8e9    0000000b     main.o (.rodata.str1.403738606202455663.1)
                  0000c8f4    0000000a     ti_msp_dl_config.o (.rodata.gUART_0Config)
                  0000c8fe    0000000a     ti_msp_dl_config.o (.rodata.gUART_OPENMVConfig)
                  0000c908    00000008     main.o (.rodata.cst8)
                  0000c910    00000008     ti_msp_dl_config.o (.rodata.gPWM_MOTOR_ABConfig)
                  0000c918    00000008     ti_msp_dl_config.o (.rodata.gPWM_MOTOR_CDConfig)
                  0000c920    00000005     oled.o (.rodata.OLED_getGlyph.A)
                  0000c925    00000005     oled.o (.rodata.OLED_getGlyph.C)
                  0000c92a    00000005     oled.o (.rodata.OLED_getGlyph.D)
                  0000c92f    00000005     oled.o (.rodata.OLED_getGlyph.E)
                  0000c934    00000005     oled.o (.rodata.OLED_getGlyph.K)
                  0000c939    00000005     oled.o (.rodata.OLED_getGlyph.L)
                  0000c93e    00000005     oled.o (.rodata.OLED_getGlyph.N)
                  0000c943    00000005     oled.o (.rodata.OLED_getGlyph.R)
                  0000c948    00000005     oled.o (.rodata.OLED_getGlyph.S)
                  0000c94d    00000005     oled.o (.rodata.OLED_getGlyph.T)
                  0000c952    00000005     oled.o (.rodata.OLED_getGlyph.eight)
                  0000c957    00000005     oled.o (.rodata.OLED_getGlyph.five)
                  0000c95c    00000005     oled.o (.rodata.OLED_getGlyph.four)
                  0000c961    00000005     oled.o (.rodata.OLED_getGlyph.nine)
                  0000c966    00000005     oled.o (.rodata.OLED_getGlyph.one)
                  0000c96b    00000005     oled.o (.rodata.OLED_getGlyph.seven)
                  0000c970    00000005     oled.o (.rodata.OLED_getGlyph.six)
                  0000c975    00000005     oled.o (.rodata.OLED_getGlyph.space)
                  0000c97a    00000005     oled.o (.rodata.OLED_getGlyph.three)
                  0000c97f    00000005     oled.o (.rodata.OLED_getGlyph.two)
                  0000c984    00000005     oled.o (.rodata.OLED_getGlyph.zero)
                  0000c989    00000004     main.o (.rodata.str1.10720410773482754683.1)
                  0000c98d    00000004     main.o (.rodata.str1.10865113624938808685.1)
                  0000c991    00000002     ti_msp_dl_config.o (.rodata.gI2C_MPU6050ClockConfig)
                  0000c993    00000002     ti_msp_dl_config.o (.rodata.gI2C_OLEDClockConfig)
                  0000c995    00000002     ti_msp_dl_config.o (.rodata.gUART_0ClockConfig)
                  0000c997    00000002     ti_msp_dl_config.o (.rodata.gUART_OPENMVClockConfig)
                  0000c999    00000007     --HOLE-- [fill = 0]

.init_array 
*          0    00000000    00000000     UNINITIALIZED

.binit     0    00000000    00000000     

.bss       0    20200000    00000586     UNINITIALIZED
                  20200000    000000bc     (.common:gPWM_MOTOR_CDBackup)
                  202000bc    000000bc     (.common:gTIMER_PIDBackup)
                  20200178    00000078     main.o (.bss.gMotorA)
                  202001f0    00000078     main.o (.bss.gMotorB)
                  20200268    00000078     main.o (.bss.gMotorC)
                  202002e0    00000078     main.o (.bss.gMotorD)
                  20200358    00000050     main.o (.bss.gTask3Control)
                  202003a8    0000004c     main.o (.bss.gTask1Control)
                  202003f4    0000004c     main.o (.bss.gTask2Control)
                  20200440    00000040     main.o (.bss.gOpenMvDebugRxBuffer)
                  20200480    00000034     main.o (.bss.gAngleTurn)
                  202004b4    00000020     main.o (.bss.gCar)
                  202004d4    00000020     main.o (.bss.gUartCommand)
                  202004f4    00000010     main.o (.bss.UART_serviceMotorStatus.motorAStatus)
                  20200504    00000010     main.o (.bss.UART_serviceMotorStatus.motorBStatus)
                  20200514    00000010     main.o (.bss.UART_serviceMotorStatus.motorCStatus)
                  20200524    00000010     main.o (.bss.UART_serviceMotorStatus.motorDStatus)
                  20200534    00000004     mpu6050_angle.o (.bss.gGyroZBiasRaw)
                  20200538    00000008     main.o (.bss.gLineFilteredValues)
                  20200540    00000008     main.o (.bss.gLinePendingCount)
                  20200548    00000008     main.o (.bss.gLinePendingValues)
                  20200550    00000004     main.o (.bss.gLineTrackingIntegral)
                  20200554    00000004     mpu6050_angle.o (.bss.gZAngleDegrees)
                  20200558    00000004     mpu6050_angle.o (.bss.gZRateDps)
                  2020055c    00000002     main.o (.bss.gLineTrackingBaseSpeedRpm)
                  2020055e    00000002     main.o (.bss.gLineTrackingLastErr)
                  20200560    00000001     main.o (.bss.UART_serviceMotorStatus.motorAStatusReady)
                  20200561    00000001     main.o (.bss.UART_serviceMotorStatus.motorBStatusReady)
                  20200562    00000001     main.o (.bss.UART_serviceMotorStatus.motorCStatusReady)
                  20200563    00000001     main.o (.bss.UART_serviceMotorStatus.motorDStatusReady)
                  20200564    00000001     task_manager.o (.bss.gActiveTask)
                  20200565    00000001     mpu6050_angle.o (.bss.gDeviceId)
                  20200566    00000001     main.o (.bss.gGrayscaleStreamDivider)
                  20200567    00000001     main.o (.bss.gGrayscaleStreamEnabled)
                  20200568    00000001     main.o (.bss.gLineFilterReady)
                  20200569    00000001     main.o (.bss.gLineTrackingDebugDivider)
                  2020056a    00000001     main.o (.bss.gLineTrackingDebugEnabled)
                  2020056b    00000001     main.o (.bss.gLineTrackingEnabled)
                  2020056c    00000001     main.o (.bss.gMotorStatusReportOnce)
                  2020056d    00000001     main.o (.bss.gMotorStatusStreamEnabled)
                  2020056e    00000001     main.o (.bss.gMpu6050Ready)
                  2020056f    00000001     main.o (.bss.gMpu6050SampleDue)
                  20200570    00000001     main.o (.bss.gOledReady)
                  20200571    00000001     task_manager.o (.bss.gOledReady)
                  20200572    00000001     main.o (.bss.gOpenMvDebugEnabled)
                  20200573    00000001     main.o (.bss.gOpenMvDebugRxHead)
                  20200574    00000001     main.o (.bss.gOpenMvDebugRxOverflow)
                  20200575    00000001     main.o (.bss.gOpenMvDebugRxTail)
                  20200576    00000001     task_manager.o (.bss.gStatusButton.0)
                  20200577    00000001     task_manager.o (.bss.gStatusButton.1)
                  20200578    00000001     task_manager.o (.bss.gStatusButton.2)
                  20200579    00000001     task_manager.o (.bss.gStatusPressPending)
                  2020057a    00000001     task_manager.o (.bss.gStatusReleasePending)
                  2020057b    00000001     task_manager.o (.bss.gTask1Endpoint)
                  2020057c    00000001     task_manager.o (.bss.gTask1EndpointButton.0)
                  2020057d    00000001     task_manager.o (.bss.gTask1EndpointButton.1)
                  2020057e    00000001     task_manager.o (.bss.gTask1EndpointButton.2)
                  2020057f    00000001     task_manager.o (.bss.gTask2Endpoint)
                  20200580    00000001     task_manager.o (.bss.gTask3Endpoint)
                  20200581    00000001     task_manager.o (.bss.gTaskButton.0)
                  20200582    00000001     task_manager.o (.bss.gTaskButton.1)
                  20200583    00000001     task_manager.o (.bss.gTaskButton.2)
                  20200584    00000001     main.o (.bss.gUartCommandLength)
                  20200585    00000001     main.o (.bss.gUartCommandReady)

.stack     0    20207e00    00000200     UNINITIALIZED
                  20207e00    00000004     libc.a : boot_cortex_m.c.obj (.stack)
                  20207e04    000001fc     --HOLE--

__llvm_prf_cnts 
*          0    20200000    00000000     UNINITIALIZED

__llvm_prf_bits 
*          0    20200000    00000000     UNINITIALIZED

MODULE SUMMARY

       Module                         code    ro data   rw data
       ------                         ----    -------   -------
    .\
       main.o                         29174   1920      1009   
       task3_control.o                2114    973       0      
       oled.o                         2934    105       0      
       task2_control.o                1748    731       0      
       task1_control.o                1608    598       0      
       ti_msp_dl_config.o             1352    73        376    
       mpu6050_angle.o                1504    0         13     
       motor_control.o                1120    0         0      
       angle_turn_control.o           920     0         0      
       task_manager.o                 720     0         16     
       car_control.o                  484     0         0      
       grayscale_sensor.o             416     0         0      
       startup_mspm0g350x_ticlang.o   6       192       0      
    +--+------------------------------+-------+---------+---------+
       Total:                         44100   4592      1414   
                                                               
    C:/ti/mspm0_sdk_2_11_00_07/source/ti/driverlib/lib/ticlang/m0p/mspm0g1x0x_g3x0x/driverlib.a
       dl_timer.o                     608     0         0      
       dl_i2c.o                       240     0         0      
       dl_uart.o                      138     0         0      
       dl_common.o                    10      0         0      
    +--+------------------------------+-------+---------+---------+
       Total:                         996     0         0      
                                                               
    C:\ti\ccs2100\ccs\tools\compiler\ti-cgt-armllvm_5.1.1.LTS\lib\armv6m-ti-none-eabi/c/libc.a
       memcpy16.S.obj                 154     0         0      
       memset16.S.obj                 98      0         0      
       autoinit.c.obj                 60      0         0      
       boot_cortex_m.c.obj            40      0         0      
       copy_zero_init.c.obj           16      0         0      
       exit.c.obj                     6       0         0      
       pre_init.c.obj                 4       0         0      
    +--+------------------------------+-------+---------+---------+
       Total:                         378     0         0      
                                                               
    C:\ti\ccs2100\ccs\tools\compiler\ti-cgt-armllvm_5.1.1.LTS\lib\armv6m-ti-none-eabi/c/libsysbm.a
       hostexit.c.obj                 4       0         0      
    +--+------------------------------+-------+---------+---------+
       Total:                         4       0         0      
                                                               
    C:\ti\ccs2100\ccs\tools\compiler\ti-cgt-armllvm_5.1.1.LTS\lib\armv6m-ti-none-eabi/libclang_rt.builtins.a
       addsf3.S.obj                   216     0         0      
       udivmoddi4.S.obj               162     0         0      
       comparesf2.S.obj               140     0         0      
       mulsf3.S.obj                   140     0         0      
       divsf3.S.obj                   130     0         0      
       aeabi_fcmp.S.obj               90      0         0      
       aeabi_idivmod.S.obj            86      0         0      
       floatdisf.S.obj                78      0         0      
       aeabi_uidivmod.S.obj           64      0         0      
       divmoddi4.c.obj                62      0         0      
       floatsisf.S.obj                60      0         0      
       muldsi3.S.obj                  58      0         0      
       fixsfsi.S.obj                  56      0         0      
       floatunsisf.S.obj              40      0         0      
       muldi3.S.obj                   36      0         0      
       ashldi3.S.obj                  30      0         0      
       aeabi_memset.S.obj             26      0         0      
       aeabi_ldivmod.S.obj            20      0         0      
       aeabi_memcpy.S.obj             8       0         0      
       aeabi_div0.c.obj               4       0         0      
    +--+------------------------------+-------+---------+---------+
       Total:                         1506    0         0      
                                                               
       Stack:                         0       0         512    
       Linker Generated:              0       20        0      
    +--+------------------------------+-------+---------+---------+
       Grand Total:                   46984   4612      1926   


LINKER GENERATED COPY TABLES

__TI_cinit_table @ 0000c9ac records: 1, size/record: 8, table size: 8
	.bss: load addr=0000c9a0, load size=00000008 bytes, run addr=20200000, run size=00000586 bytes, compression=zero_init


LINKER GENERATED HANDLER TABLE

__TI_handler_table @ 0000c9a8 records: 1, size/record: 4, table size: 4
	index: 0, handler: __TI_zero_init


GLOBAL SYMBOLS: SORTED ALPHABETICALLY BY Name 

address   name                            
-------   ----                            
00008043  ADC0_IRQHandler                 
00008043  ADC1_IRQHandler                 
00008043  AES_IRQHandler                  
0000b5cf  AngleTurnControl_cancel         
0000b485  AngleTurnControl_init           
0000b845  AngleTurnControl_isActive       
0000a561  AngleTurnControl_start          
00008f2d  AngleTurnControl_update         
0000b85a  C$$EXIT                         
00008043  CANFD0_IRQHandler               
0000b619  CarControl_coast                
0000b637  CarControl_emergencyStop        
0000b84b  CarControl_getSpeedRpm          
0000b857  CarControl_getTurnInnerPercent  
0000b12d  CarControl_init                 
00009931  CarControl_setMotion            
0000b531  CarControl_stop                 
00008043  DAC0_IRQHandler                 
0000b829  DL_Common_delayCycles           
0000aac9  DL_I2C_fillControllerTXFIFO     
0000b425  DL_I2C_flushControllerRXFIFO    
0000b1e9  DL_I2C_flushControllerTXFIFO    
0000b5a9  DL_I2C_setClockConfig           
00009a69  DL_Timer_initFourCCPWMMode      
00009d75  DL_Timer_initTimerMode          
0000b695  DL_Timer_setCaptCompUpdateMethod
0000b6e9  DL_Timer_setCaptureCompareOutCtl
0000b77d  DL_Timer_setCaptureCompareValue 
0000b6b1  DL_Timer_setClockConfig         
0000aed1  DL_UART_init                    
0000b769  DL_UART_setClockConfig          
0000b455  DL_UART_transmitDataBlocking    
00008043  DMA_IRQHandler                  
00008043  Default_Handler                 
00008043  GROUP0_IRQHandler               
0000a669  GROUP1_IRQHandler               
0000b4b1  Grayscale_Sensor_Init           
00009651  Grayscale_Sensor_ReadAll        
0000b85b  HOSTexit                        
00008043  HardFault_Handler               
00008043  I2C0_IRQHandler                 
00008043  I2C1_IRQHandler                 
0000b7bd  MPU6050_Angle_getDeviceId       
0000b7c9  MPU6050_Angle_getZDegrees       
0000b7d5  MPU6050_Angle_getZRateDps       
000085cd  MPU6050_Angle_initWithProgress  
0000b7e1  MPU6050_Angle_reset             
0000aa69  MPU6050_Angle_update            
0000b29d  MotorControl_coast              
0000b3f3  MotorControl_handleEncoderEdge  
0000ab85  MotorControl_init               
0000b655  MotorControl_setTargetRpm       
0000a4d5  MotorControl_takeStatus         
00008045  MotorControl_update             
00008043  NMI_Handler                     
00007c71  OLED_Init                       
00008845  OLED_ShowCalibration            
00008339  OLED_ShowTaskEndpoint           
00008043  PendSV_Handler                  
00008043  RTC_IRQHandler                  
0000b85f  Reset_Handler                   
00008043  SPI0_IRQHandler                 
00008043  SPI1_IRQHandler                 
00008043  SVC_Handler                     
000097c5  SYSCFG_DL_GPIO_init             
0000ac8d  SYSCFG_DL_I2C_MPU6050_init      
0000ace1  SYSCFG_DL_I2C_OLED_init         
0000a211  SYSCFG_DL_PWM_MOTOR_AB_init     
0000a2a1  SYSCFG_DL_PWM_MOTOR_CD_init     
0000b02d  SYSCFG_DL_SYSCTL_init           
0000b34d  SYSCFG_DL_TIMER_PID_init        
0000a7e1  SYSCFG_DL_UART_0_init           
0000a851  SYSCFG_DL_UART_OPENMV_init      
0000b06d  SYSCFG_DL_init                  
0000a6e9  SYSCFG_DL_initPower             
00008043  SysTick_Handler                 
00008043  TIMA0_IRQHandler                
0000afa5  TIMA1_IRQHandler                
00008043  TIMG0_IRQHandler                
00008043  TIMG12_IRQHandler               
00008043  TIMG6_IRQHandler                
00008043  TIMG7_IRQHandler                
00008043  TIMG8_IRQHandler                
0000ae31  Task1Control_init               
0000b833  Task1Control_isActive           
0000b16b  Task1Control_reset              
00007159  Task1Control_update             
0000af19  Task2Control_init               
0000b3bd  Task2Control_reset              
00007709  Task2Control_update             
0000addd  Task3Control_init               
0000afe9  Task3Control_reset              
000064e5  Task3Control_update             
0000b7f9  TaskManager_getActiveTask       
0000b805  TaskManager_getTask1Endpoint    
0000b811  TaskManager_getTask2Endpoint    
0000b81d  TaskManager_getTask3Endpoint    
00009e71  TaskManager_init                
0000b78d  TaskManager_takeStatusPressed   
0000b79d  TaskManager_takeStatusReleased  
000094b9  TaskManager_update              
0000a9a1  UART0_IRQHandler                
0000abdd  UART1_IRQHandler                
00008043  UART2_IRQHandler                
00008043  UART3_IRQHandler                
20208000  __STACK_END                     
00000200  __STACK_SIZE                    
00000000  __TI_ATRegion0_region_sz        
00000000  __TI_ATRegion0_src_addr         
00000000  __TI_ATRegion0_trg_addr         
00000000  __TI_ATRegion1_region_sz        
00000000  __TI_ATRegion1_src_addr         
00000000  __TI_ATRegion1_trg_addr         
00000000  __TI_ATRegion2_region_sz        
00000000  __TI_ATRegion2_src_addr         
00000000  __TI_ATRegion2_trg_addr         
0000c9ac  __TI_CINIT_Base                 
0000c9b4  __TI_CINIT_Limit                
0000c9b4  __TI_CINIT_Warm                 
0000c9a8  __TI_Handler_Table_Base         
0000c9ac  __TI_Handler_Table_Limit        
0000b225  __TI_auto_init_nobinit_nopinit  
ffffffff  __TI_pprof_out_hndl             
ffffffff  __TI_prof_data_size             
ffffffff  __TI_prof_data_start            
00000000  __TI_static_base__              
0000b7ad  __TI_zero_init                  
00009f63  __addsf3                        
0000b385  __aeabi_f2iz                    
00009f63  __aeabi_fadd                    
0000ab29  __aeabi_fcmpeq                  
0000ab5f  __aeabi_fcmpge                  
0000ab71  __aeabi_fcmpgt                  
0000ab4d  __aeabi_fcmple                  
0000ab3b  __aeabi_fcmplt                  
0000a433  __aeabi_fcmpun                  
0000a5e5  __aeabi_fdiv                    
0000a449  __aeabi_fmul                    
00009f59  __aeabi_fsub                    
0000b261  __aeabi_i2f                     
0000ac35  __aeabi_idiv                    
0000a0d3  __aeabi_idiv0                   
0000ac35  __aeabi_idivmod                 
0000ae81  __aeabi_l2f                     
0000a55f  __aeabi_ldiv0                   
0000b755  __aeabi_ldivmod                 
0000b675  __aeabi_llsl                    
0000b5f5  __aeabi_lmul                    
0000b6db  __aeabi_memclr                  
0000b6db  __aeabi_memclr4                 
0000b6db  __aeabi_memclr8                 
0000b83d  __aeabi_memcpy                  
0000b83d  __aeabi_memcpy4                 
0000b83d  __aeabi_memcpy8                 
0000b6cd  __aeabi_memset                  
0000b6cd  __aeabi_memset4                 
0000b6cd  __aeabi_memset8                 
0000b581  __aeabi_ui2f                    
0000b0ed  __aeabi_uidiv                   
0000b0ed  __aeabi_uidivmod                
0000b675  __ashldi3                       
ffffffff  __binit__                       
0000a3bd  __cmpsf2                        
0000b1a9  __divmoddi4                     
0000a5e5  __divsf3                        
0000a3bd  __eqsf2                         
0000b385  __fixsfsi                       
0000ae81  __floatdisf                     
0000b261  __floatsisf                     
0000b581  __floatunsisf                   
0000a3f7  __gesf2                         
0000a3f7  __gtsf2                         
0000a3bd  __lesf2                         
0000a3bd  __ltsf2                         
UNDEFED   __mpu_init                      
0000b5f5  __muldi3                        
0000b2d9  __muldsi3                       
0000a449  __mulsf3                        
0000a3bd  __nesf2                         
20207e00  __stack                         
20200000  __start___llvm_prf_bits         
20200000  __start___llvm_prf_cnts         
20200000  __stop___llvm_prf_bits          
20200000  __stop___llvm_prf_cnts          
00009f59  __subsf3                        
0000a0d5  __udivmoddi4                    
0000a433  __unordsf2                      
0000b559  _c_int00_noargs                 
UNDEFED   _system_post_cinit              
0000b863  _system_pre_init                
0000b851  abort                           
ffffffff  binit                           
20200000  gPWM_MOTOR_CDBackup             
202000bc  gTIMER_PIDBackup                
00000000  interruptVectors                
000000c1  main                            
0000a177  memcpy                          
0000aa05  memset                          


GLOBAL SYMBOLS: SORTED BY Symbol Address 

address   name                            
-------   ----                            
00000000  __TI_ATRegion0_region_sz        
00000000  __TI_ATRegion0_src_addr         
00000000  __TI_ATRegion0_trg_addr         
00000000  __TI_ATRegion1_region_sz        
00000000  __TI_ATRegion1_src_addr         
00000000  __TI_ATRegion1_trg_addr         
00000000  __TI_ATRegion2_region_sz        
00000000  __TI_ATRegion2_src_addr         
00000000  __TI_ATRegion2_trg_addr         
00000000  __TI_static_base__              
00000000  interruptVectors                
000000c1  main                            
00000200  __STACK_SIZE                    
000064e5  Task3Control_update             
00007159  Task1Control_update             
00007709  Task2Control_update             
00007c71  OLED_Init                       
00008043  ADC0_IRQHandler                 
00008043  ADC1_IRQHandler                 
00008043  AES_IRQHandler                  
00008043  CANFD0_IRQHandler               
00008043  DAC0_IRQHandler                 
00008043  DMA_IRQHandler                  
00008043  Default_Handler                 
00008043  GROUP0_IRQHandler               
00008043  HardFault_Handler               
00008043  I2C0_IRQHandler                 
00008043  I2C1_IRQHandler                 
00008043  NMI_Handler                     
00008043  PendSV_Handler                  
00008043  RTC_IRQHandler                  
00008043  SPI0_IRQHandler                 
00008043  SPI1_IRQHandler                 
00008043  SVC_Handler                     
00008043  SysTick_Handler                 
00008043  TIMA0_IRQHandler                
00008043  TIMG0_IRQHandler                
00008043  TIMG12_IRQHandler               
00008043  TIMG6_IRQHandler                
00008043  TIMG7_IRQHandler                
00008043  TIMG8_IRQHandler                
00008043  UART2_IRQHandler                
00008043  UART3_IRQHandler                
00008045  MotorControl_update             
00008339  OLED_ShowTaskEndpoint           
000085cd  MPU6050_Angle_initWithProgress  
00008845  OLED_ShowCalibration            
00008f2d  AngleTurnControl_update         
000094b9  TaskManager_update              
00009651  Grayscale_Sensor_ReadAll        
000097c5  SYSCFG_DL_GPIO_init             
00009931  CarControl_setMotion            
00009a69  DL_Timer_initFourCCPWMMode      
00009d75  DL_Timer_initTimerMode          
00009e71  TaskManager_init                
00009f59  __aeabi_fsub                    
00009f59  __subsf3                        
00009f63  __addsf3                        
00009f63  __aeabi_fadd                    
0000a0d3  __aeabi_idiv0                   
0000a0d5  __udivmoddi4                    
0000a177  memcpy                          
0000a211  SYSCFG_DL_PWM_MOTOR_AB_init     
0000a2a1  SYSCFG_DL_PWM_MOTOR_CD_init     
0000a3bd  __cmpsf2                        
0000a3bd  __eqsf2                         
0000a3bd  __lesf2                         
0000a3bd  __ltsf2                         
0000a3bd  __nesf2                         
0000a3f7  __gesf2                         
0000a3f7  __gtsf2                         
0000a433  __aeabi_fcmpun                  
0000a433  __unordsf2                      
0000a449  __aeabi_fmul                    
0000a449  __mulsf3                        
0000a4d5  MotorControl_takeStatus         
0000a55f  __aeabi_ldiv0                   
0000a561  AngleTurnControl_start          
0000a5e5  __aeabi_fdiv                    
0000a5e5  __divsf3                        
0000a669  GROUP1_IRQHandler               
0000a6e9  SYSCFG_DL_initPower             
0000a7e1  SYSCFG_DL_UART_0_init           
0000a851  SYSCFG_DL_UART_OPENMV_init      
0000a9a1  UART0_IRQHandler                
0000aa05  memset                          
0000aa69  MPU6050_Angle_update            
0000aac9  DL_I2C_fillControllerTXFIFO     
0000ab29  __aeabi_fcmpeq                  
0000ab3b  __aeabi_fcmplt                  
0000ab4d  __aeabi_fcmple                  
0000ab5f  __aeabi_fcmpge                  
0000ab71  __aeabi_fcmpgt                  
0000ab85  MotorControl_init               
0000abdd  UART1_IRQHandler                
0000ac35  __aeabi_idiv                    
0000ac35  __aeabi_idivmod                 
0000ac8d  SYSCFG_DL_I2C_MPU6050_init      
0000ace1  SYSCFG_DL_I2C_OLED_init         
0000addd  Task3Control_init               
0000ae31  Task1Control_init               
0000ae81  __aeabi_l2f                     
0000ae81  __floatdisf                     
0000aed1  DL_UART_init                    
0000af19  Task2Control_init               
0000afa5  TIMA1_IRQHandler                
0000afe9  Task3Control_reset              
0000b02d  SYSCFG_DL_SYSCTL_init           
0000b06d  SYSCFG_DL_init                  
0000b0ed  __aeabi_uidiv                   
0000b0ed  __aeabi_uidivmod                
0000b12d  CarControl_init                 
0000b16b  Task1Control_reset              
0000b1a9  __divmoddi4                     
0000b1e9  DL_I2C_flushControllerTXFIFO    
0000b225  __TI_auto_init_nobinit_nopinit  
0000b261  __aeabi_i2f                     
0000b261  __floatsisf                     
0000b29d  MotorControl_coast              
0000b2d9  __muldsi3                       
0000b34d  SYSCFG_DL_TIMER_PID_init        
0000b385  __aeabi_f2iz                    
0000b385  __fixsfsi                       
0000b3bd  Task2Control_reset              
0000b3f3  MotorControl_handleEncoderEdge  
0000b425  DL_I2C_flushControllerRXFIFO    
0000b455  DL_UART_transmitDataBlocking    
0000b485  AngleTurnControl_init           
0000b4b1  Grayscale_Sensor_Init           
0000b531  CarControl_stop                 
0000b559  _c_int00_noargs                 
0000b581  __aeabi_ui2f                    
0000b581  __floatunsisf                   
0000b5a9  DL_I2C_setClockConfig           
0000b5cf  AngleTurnControl_cancel         
0000b5f5  __aeabi_lmul                    
0000b5f5  __muldi3                        
0000b619  CarControl_coast                
0000b637  CarControl_emergencyStop        
0000b655  MotorControl_setTargetRpm       
0000b675  __aeabi_llsl                    
0000b675  __ashldi3                       
0000b695  DL_Timer_setCaptCompUpdateMethod
0000b6b1  DL_Timer_setClockConfig         
0000b6cd  __aeabi_memset                  
0000b6cd  __aeabi_memset4                 
0000b6cd  __aeabi_memset8                 
0000b6db  __aeabi_memclr                  
0000b6db  __aeabi_memclr4                 
0000b6db  __aeabi_memclr8                 
0000b6e9  DL_Timer_setCaptureCompareOutCtl
0000b755  __aeabi_ldivmod                 
0000b769  DL_UART_setClockConfig          
0000b77d  DL_Timer_setCaptureCompareValue 
0000b78d  TaskManager_takeStatusPressed   
0000b79d  TaskManager_takeStatusReleased  
0000b7ad  __TI_zero_init                  
0000b7bd  MPU6050_Angle_getDeviceId       
0000b7c9  MPU6050_Angle_getZDegrees       
0000b7d5  MPU6050_Angle_getZRateDps       
0000b7e1  MPU6050_Angle_reset             
0000b7f9  TaskManager_getActiveTask       
0000b805  TaskManager_getTask1Endpoint    
0000b811  TaskManager_getTask2Endpoint    
0000b81d  TaskManager_getTask3Endpoint    
0000b829  DL_Common_delayCycles           
0000b833  Task1Control_isActive           
0000b83d  __aeabi_memcpy                  
0000b83d  __aeabi_memcpy4                 
0000b83d  __aeabi_memcpy8                 
0000b845  AngleTurnControl_isActive       
0000b84b  CarControl_getSpeedRpm          
0000b851  abort                           
0000b857  CarControl_getTurnInnerPercent  
0000b85a  C$$EXIT                         
0000b85b  HOSTexit                        
0000b85f  Reset_Handler                   
0000b863  _system_pre_init                
0000c9a8  __TI_Handler_Table_Base         
0000c9ac  __TI_CINIT_Base                 
0000c9ac  __TI_Handler_Table_Limit        
0000c9b4  __TI_CINIT_Limit                
0000c9b4  __TI_CINIT_Warm                 
20200000  __start___llvm_prf_bits         
20200000  __start___llvm_prf_cnts         
20200000  __stop___llvm_prf_bits          
20200000  __stop___llvm_prf_cnts          
20200000  gPWM_MOTOR_CDBackup             
202000bc  gTIMER_PIDBackup                
20207e00  __stack                         
20208000  __STACK_END                     
ffffffff  __TI_pprof_out_hndl             
ffffffff  __TI_prof_data_size             
ffffffff  __TI_prof_data_start            
ffffffff  __binit__                       
ffffffff  binit                           
UNDEFED   __mpu_init                      
UNDEFED   _system_post_cinit              

[198 symbols]
