******************************************************************************
            TI ARM Clang Linker PC v5.1.1                      
******************************************************************************
>> Linked Mon Jul 20 17:29:02 2026

OUTPUT FILE NAME:   <main.out>
ENTRY POINT SYMBOL: "_c_int00_noargs"  address: 00008519


MEMORY CONFIGURATION

         name            origin    length      used     unused   attr    fill
----------------------  --------  ---------  --------  --------  ----  --------
  FLASH                 00000000   00020000  00008da0  00017260  R  X
  SRAM                  20200000   00008000  00000630  000079d0  RW X
  BCR_CONFIG            41c00000   000000ff  00000000  000000ff  R   
  BSL_CONFIG            41c00100   00000080  00000000  00000080  R   


SEGMENT ALLOCATION MAP

run origin  load origin   length   init length attrs members
----------  ----------- ---------- ----------- ----- -------
00000000    00000000    00008da0   00008da0    r-x
  00000000    00000000    000000c0   000000c0    r-- .intvecs
  000000c0    000000c0    00008690   00008690    r-x .text
  00008750    00008750    00000638   00000638    r-- .rodata
  00008d88    00008d88    00000018   00000018    r-- .cinit
20200000    20200000    00000430   00000000    rw-
  20200000    20200000    00000430   00000000    rw- .bss
20207e00    20207e00    00000200   00000000    rw-
  20207e00    20207e00    00000200   00000000    rw- .stack


SECTION ALLOCATION MAP

 output                                  attributes/
section   page    origin      length       input sections
--------  ----  ----------  ----------   ----------------
.intvecs   0    00000000    000000c0     
                  00000000    000000c0     startup_mspm0g350x_ticlang.o (.intvecs)

.text      0    000000c0    00008690     
                  000000c0    00005938     main.o (.text.main)
                  000059f8    000005d4     main.o (.text.UART_reportMotorStatus)
                  00005fcc    000002f8     motor_control.o (.text.MotorControl_update)
                  000062c4    000002b4     mpu6050_angle.o (.text.MPU6050_Angle_init)
                  00006578    00000244     main.o (.text.UART_reportGrayscale)
                  000067bc    00000238     main.o (.text.UART_reportZAngle)
                  000069f4    00000218     angle_turn_control.o (.text.AngleTurnControl_update)
                  00006c0c    000001d4     mpu6050_angle.o (.text.MPU6050_readRegisters)
                  00006de0    00000174     grayscale_sensor.o (.text.Grayscale_Sensor_ReadAll)
                  00006f54    00000154     ti_msp_dl_config.o (.text.SYSCFG_DL_GPIO_init)
                  000070a8    00000138     car_control.o (.text.CarControl_setMotion)
                  000071e0    00000104     driverlib.a : dl_timer.o (.text.DL_Timer_initFourCCPWMMode)
                  000072e4    00000104     mpu6050_angle.o (.text.MPU6050_writeRegister)
                  000073e8    000000fc     driverlib.a : dl_timer.o (.text.DL_Timer_initTimerMode)
                  000074e4    000000d8     libclang_rt.builtins.a : addsf3.S.obj (.text)
                  000075bc    000000a2                            : udivmoddi4.S.obj (.text)
                  0000765e    0000009a     libc.a : memcpy16.S.obj (.text:memcpy)
                  000076f8    00000090     ti_msp_dl_config.o (.text.SYSCFG_DL_PWM_MOTOR_AB_init)
                  00007788    00000090     ti_msp_dl_config.o (.text.SYSCFG_DL_PWM_MOTOR_CD_init)
                  00007818    0000008c     libclang_rt.builtins.a : comparesf2.S.obj (.text)
                  000078a4    0000008c                            : mulsf3.S.obj (.text)
                  00007930    0000008a     motor_control.o (.text.MotorControl_takeStatus)
                  000079ba    00000002     startup_mspm0g350x_ticlang.o (.text.Default_Handler)
                  000079bc    00000084     angle_turn_control.o (.text.AngleTurnControl_start)
                  00007a40    00000082     libclang_rt.builtins.a : divsf3.S.obj (.text)
                  00007ac2    00000002                            : aeabi_div0.c.obj (.text.__aeabi_idiv0)
                  00007ac4    00000080     main.o (.text.GROUP1_IRQHandler)
                  00007b44    0000007c     ti_msp_dl_config.o (.text.SYSCFG_DL_initPower)
                  00007bc0    00000070     ti_msp_dl_config.o (.text.SYSCFG_DL_UART_0_init)
                  00007c30    0000006e     angle_turn_control.o (.text.AngleTurnControl_getCoastDistanceDegrees)
                  00007c9e    00000002     libclang_rt.builtins.a : aeabi_div0.c.obj (.text.__aeabi_ldiv0)
                  00007ca0    00000064     main.o (.text.UART0_IRQHandler)
                  00007d04    00000062     libc.a : memset16.S.obj (.text:memset)
                  00007d66    00000002     --HOLE-- [fill = 0]
                  00007d68    00000060     mpu6050_angle.o (.text.MPU6050_Angle_update)
                  00007dc8    00000060     ti_msp_dl_config.o (.text.SYSCFG_DL_UART_1_init)
                  00007e28    0000005e     driverlib.a : dl_i2c.o (.text.DL_I2C_fillControllerTXFIFO)
                  00007e86    00000002     --HOLE-- [fill = 0]
                  00007e88    0000005a     libclang_rt.builtins.a : aeabi_fcmp.S.obj (.text)
                  00007ee2    00000002     --HOLE-- [fill = 0]
                  00007ee4    00000058     motor_control.o (.text.MotorControl_init)
                  00007f3c    00000056     libclang_rt.builtins.a : aeabi_idivmod.S.obj (.text)
                  00007f92    00000002     --HOLE-- [fill = 0]
                  00007f94    00000054     ti_msp_dl_config.o (.text.SYSCFG_DL_I2C_MPU6050_init)
                  00007fe8    0000004e     libclang_rt.builtins.a : floatdisf.S.obj (.text)
                  00008036    00000002     --HOLE-- [fill = 0]
                  00008038    00000048     driverlib.a : dl_uart.o (.text.DL_UART_init)
                  00008080    00000044     main.o (.text.TIMA1_IRQHandler)
                  000080c4    00000040     ti_msp_dl_config.o (.text.SYSCFG_DL_SYSCTL_init)
                  00008104    00000040     ti_msp_dl_config.o (.text.SYSCFG_DL_init)
                  00008144    00000040     libclang_rt.builtins.a : aeabi_uidivmod.S.obj (.text)
                  00008184    0000003e     car_control.o (.text.CarControl_init)
                  000081c2    0000003e     libclang_rt.builtins.a : divmoddi4.c.obj (.text.__divmoddi4)
                  00008200    0000003c     driverlib.a : dl_i2c.o (.text.DL_I2C_flushControllerTXFIFO)
                  0000823c    0000003c     libc.a : autoinit.c.obj (.text:__TI_auto_init_nobinit_nopinit)
                  00008278    0000003c     libclang_rt.builtins.a : floatsisf.S.obj (.text)
                  000082b4    0000003a     motor_control.o (.text.MotorControl_coast)
                  000082ee    00000002     --HOLE-- [fill = 0]
                  000082f0    0000003a     libclang_rt.builtins.a : muldsi3.S.obj (.text)
                  0000832a    00000038     angle_turn_control.o (.text.AngleTurnControl_enterCreep)
                  00008362    00000002     --HOLE-- [fill = 0]
                  00008364    00000038     ti_msp_dl_config.o (.text.SYSCFG_DL_TIMER_PID_init)
                  0000839c    00000038     libclang_rt.builtins.a : fixsfsi.S.obj (.text)
                  000083d4    00000032     motor_control.o (.text.MotorControl_handleEncoderEdge)
                  00008406    00000002     --HOLE-- [fill = 0]
                  00008408    00000030     driverlib.a : dl_i2c.o (.text.DL_I2C_flushControllerRXFIFO)
                  00008438    00000030                 : dl_uart.o (.text.DL_UART_transmitDataBlocking)
                  00008468    00000030     ti_msp_dl_config.o (.text.SYSCFG_DL_I2C_OLED_init)
                  00008498    0000002c     angle_turn_control.o (.text.AngleTurnControl_init)
                  000084c4    0000002c     grayscale_sensor.o (.text.Grayscale_Sensor_Init)
                  000084f0    00000028     car_control.o (.text.CarControl_stop)
                  00008518    00000028     libc.a : boot_cortex_m.c.obj (.text:_c_int00_noargs)
                  00008540    00000028     libclang_rt.builtins.a : floatunsisf.S.obj (.text)
                  00008568    00000026     driverlib.a : dl_i2c.o (.text.DL_I2C_setClockConfig)
                  0000858e    00000024     angle_turn_control.o (.text.AngleTurnControl_cancel)
                  000085b2    00000002     --HOLE-- [fill = 0]
                  000085b4    00000024     libclang_rt.builtins.a : muldi3.S.obj (.text)
                  000085d8    0000001e     car_control.o (.text.CarControl_coast)
                  000085f6    0000001e     motor_control.o (.text.MotorControl_setTargetRpm)
                  00008614    0000001e     libclang_rt.builtins.a : ashldi3.S.obj (.text)
                  00008632    00000002     --HOLE-- [fill = 0]
                  00008634    0000001c     driverlib.a : dl_timer.o (.text.DL_Timer_setCaptCompUpdateMethod)
                  00008650    0000001c                 : dl_timer.o (.text.DL_Timer_setClockConfig)
                  0000866c    0000001a     libclang_rt.builtins.a : aeabi_memset.S.obj (.text)
                  00008686    00000002     --HOLE-- [fill = 0]
                  00008688    00000018     driverlib.a : dl_timer.o (.text.DL_Timer_setCaptureCompareOutCtl)
                  000086a0    00000014     libclang_rt.builtins.a : aeabi_ldivmod.S.obj (.text)
                  000086b4    00000012     driverlib.a : dl_uart.o (.text.DL_UART_setClockConfig)
                  000086c6    00000002     --HOLE-- [fill = 0]
                  000086c8    00000010                 : dl_timer.o (.text.DL_Timer_setCaptureCompareValue)
                  000086d8    00000010     libc.a : copy_zero_init.c.obj (.text:decompress:ZI)
                  000086e8    0000000c     mpu6050_angle.o (.text.MPU6050_Angle_getDeviceId)
                  000086f4    0000000c     mpu6050_angle.o (.text.MPU6050_Angle_getZDegrees)
                  00008700    0000000c     mpu6050_angle.o (.text.MPU6050_Angle_getZRateDps)
                  0000870c    0000000c     mpu6050_angle.o (.text.MPU6050_Angle_reset)
                  00008718    0000000a     driverlib.a : dl_common.o (.text.DL_Common_delayCycles)
                  00008722    00000002     --HOLE-- [fill = 0]
                  00008724    00000008     libclang_rt.builtins.a : aeabi_memcpy.S.obj (.text)
                  0000872c    00000006     angle_turn_control.o (.text.AngleTurnControl_isActive)
                  00008732    00000006     car_control.o (.text.CarControl_getSpeedRpm)
                  00008738    00000006     libc.a : exit.c.obj (.text:abort)
                  0000873e    00000004     car_control.o (.text.CarControl_getTurnInnerPercent)
                  00008742    00000004     libsysbm.a : hostexit.c.obj (.text.HOSTexit)
                  00008746    00000004     startup_mspm0g350x_ticlang.o (.text.Reset_Handler)
                  0000874a    00000004     libc.a : pre_init.c.obj (.text._system_pre_init)
                  0000874e    00000002     --HOLE-- [fill = 0]

.cinit     0    00008d88    00000018     
                  00008d88    00000008     (.cinit..bss.load) [load image, compression = zero_init]
                  00008d90    00000004     (__TI_handler_table)
                  00008d94    00000008     (__TI_cinit_table)
                  00008d9c    00000004     --HOLE-- [fill = 0]

.rodata    0    00008750    00000638     
                  00008750    00000050     main.o (.rodata.gMotorAConfig)
                  000087a0    00000050     main.o (.rodata.gMotorBConfig)
                  000087f0    00000050     main.o (.rodata.gMotorCConfig)
                  00008840    00000050     main.o (.rodata.gMotorDConfig)
                  00008890    00000039     main.o (.rodata.str1.15159059442110792349.1)
                  000088c9    00000036     main.o (.rodata.str1.10992214574315303902.1)
                  000088ff    00000036     main.o (.rodata.str1.6365796992934770792.1)
                  00008935    00000032     main.o (.rodata.str1.16265332423659789559.1)
                  00008967    00000032     main.o (.rodata.str1.2846389346932560359.1)
                  00008999    0000002d     main.o (.rodata.str1.11321157723316767883.1)
                  000089c6    0000002d     main.o (.rodata.str1.7190843550371250464.1)
                  000089f3    0000002c     main.o (.rodata.str1.5630281060179367396.1)
                  00008a1f    0000002b     main.o (.rodata.str1.3306105329219470413.1)
                  00008a4a    0000002a     main.o (.rodata.str1.5456361711443481037.1)
                  00008a74    00000029     main.o (.rodata.str1.11022512878759027374.1)
                  00008a9d    00000029     main.o (.rodata.str1.403738606202455663.1)
                  00008ac6    00000028     main.o (.rodata.str1.10635229749459437609.1)
                  00008aee    00000028     main.o (.rodata.str1.1499083853040407199.1)
                  00008b16    00000028     main.o (.rodata.str1.2182841224059738574.1)
                  00008b3e    00000027     main.o (.rodata.str1.10313062130652730376.1)
                  00008b65    00000027     main.o (.rodata.str1.14079361385603432444.1)
                  00008b8c    00000027     main.o (.rodata.str1.2763581881760962609.1)
                  00008bb3    00000027     main.o (.rodata.str1.709365579099624991.1)
                  00008bda    00000026     main.o (.rodata.str1.16856034117330037696.1)
                  00008c00    00000026     main.o (.rodata.str1.729616968063973023.1)
                  00008c26    00000025     main.o (.rodata.str1.2597068879322958637.1)
                  00008c4b    00000025     main.o (.rodata.str1.4787932902692149498.1)
                  00008c70    00000024     main.o (.rodata.str1.11702106008850790973.1)
                  00008c94    00000024     main.o (.rodata.str1.9060162316564048117.1)
                  00008cb8    00000020     main.o (.rodata.gAngleTurnConfig)
                  00008cd8    0000001c     main.o (.rodata.gCarConfig)
                  00008cf4    00000014     ti_msp_dl_config.o (.rodata.gTIMER_PIDTimerConfig)
                  00008d08    00000011     main.o (.rodata.str1.887240019932590441.1)
                  00008d19    00000003     ti_msp_dl_config.o (.rodata.gPWM_MOTOR_ABClockConfig)
                  00008d1c    00000010     main.o (.rodata..Lswitch.table.main.106)
                  00008d2c    0000000b     main.o (.rodata.str1.39260288392874984.1)
                  00008d37    0000000b     main.o (.rodata.str1.6554448696319176064.1)
                  00008d42    0000000a     ti_msp_dl_config.o (.rodata.gUART_0Config)
                  00008d4c    0000000a     ti_msp_dl_config.o (.rodata.gUART_1Config)
                  00008d56    00000008     main.o (.rodata.cst8)
                  00008d5e    00000002     ti_msp_dl_config.o (.rodata.gI2C_MPU6050ClockConfig)
                  00008d60    00000008     ti_msp_dl_config.o (.rodata.gPWM_MOTOR_ABConfig)
                  00008d68    00000008     ti_msp_dl_config.o (.rodata.gPWM_MOTOR_CDConfig)
                  00008d70    00000004     main.o (.rodata.str1.11822182024223342093.1)
                  00008d74    00000004     main.o (.rodata.str1.2624144126699937905.1)
                  00008d78    00000003     ti_msp_dl_config.o (.rodata.gPWM_MOTOR_CDClockConfig)
                  00008d7b    00000003     ti_msp_dl_config.o (.rodata.gTIMER_PIDClockConfig)
                  00008d7e    00000002     ti_msp_dl_config.o (.rodata.gI2C_OLEDClockConfig)
                  00008d80    00000002     ti_msp_dl_config.o (.rodata.gUART_0ClockConfig)
                  00008d82    00000002     ti_msp_dl_config.o (.rodata.gUART_1ClockConfig)
                  00008d84    00000004     --HOLE-- [fill = 0]

.init_array 
*          0    00000000    00000000     UNINITIALIZED

.binit     0    00000000    00000000     

.bss       0    20200000    00000430     UNINITIALIZED
                  20200000    000000bc     (.common:gPWM_MOTOR_CDBackup)
                  202000bc    000000bc     (.common:gTIMER_PIDBackup)
                  20200178    00000078     main.o (.bss.gMotorA)
                  202001f0    00000078     main.o (.bss.gMotorB)
                  20200268    00000078     main.o (.bss.gMotorC)
                  202002e0    00000078     main.o (.bss.gMotorD)
                  20200358    00000034     main.o (.bss.gAngleTurn)
                  2020038c    00000020     main.o (.bss.gCar)
                  202003ac    00000020     main.o (.bss.gUartCommand)
                  202003cc    00000010     main.o (.bss.UART_serviceMotorStatus.motorAStatus)
                  202003dc    00000010     main.o (.bss.UART_serviceMotorStatus.motorBStatus)
                  202003ec    00000010     main.o (.bss.UART_serviceMotorStatus.motorCStatus)
                  202003fc    00000010     main.o (.bss.UART_serviceMotorStatus.motorDStatus)
                  2020040c    00000004     mpu6050_angle.o (.bss.gGyroZBiasRaw)
                  20200410    00000004     main.o (.bss.gLineTrackingIntegral)
                  20200414    00000004     mpu6050_angle.o (.bss.gZAngleDegrees)
                  20200418    00000004     mpu6050_angle.o (.bss.gZRateDps)
                  2020041c    00000002     main.o (.bss.gLineTrackingBaseSpeedRpm)
                  2020041e    00000002     main.o (.bss.gLineTrackingLastErr)
                  20200420    00000001     main.o (.bss.UART_serviceMotorStatus.motorAStatusReady)
                  20200421    00000001     main.o (.bss.UART_serviceMotorStatus.motorBStatusReady)
                  20200422    00000001     main.o (.bss.UART_serviceMotorStatus.motorCStatusReady)
                  20200423    00000001     main.o (.bss.UART_serviceMotorStatus.motorDStatusReady)
                  20200424    00000001     mpu6050_angle.o (.bss.gDeviceId)
                  20200425    00000001     main.o (.bss.gGrayscaleStreamDivider)
                  20200426    00000001     main.o (.bss.gGrayscaleStreamEnabled)
                  20200427    00000001     main.o (.bss.gLineTrackingDebugDivider)
                  20200428    00000001     main.o (.bss.gLineTrackingDebugEnabled)
                  20200429    00000001     main.o (.bss.gLineTrackingEnabled)
                  2020042a    00000001     main.o (.bss.gMotorStatusReportOnce)
                  2020042b    00000001     main.o (.bss.gMotorStatusStreamEnabled)
                  2020042c    00000001     main.o (.bss.gMpu6050Ready)
                  2020042d    00000001     main.o (.bss.gMpu6050SampleDue)
                  2020042e    00000001     main.o (.bss.gUartCommandLength)
                  2020042f    00000001     main.o (.bss.gUartCommandReady)

.stack     0    20207e00    00000200     UNINITIALIZED
                  20207e00    00000004     libc.a : boot_cortex_m.c.obj (.stack)
                  20207e04    000001fc     --HOLE--

__llvm_prf_cnts 
*          0    20200000    00000000     UNINITIALIZED

__llvm_prf_bits 
*          0    20200000    00000000     UNINITIALIZED

MODULE SUMMARY

       Module                         code    ro data   rw data
       ------                         ----    -------   -------
    .\
       main.o                         25776   1515      683    
       ti_msp_dl_config.o             1276    73        376    
       mpu6050_angle.o                1564    0         13     
       motor_control.o                1124    0         0      
       angle_turn_control.o           920     0         0      
       car_control.o                  454     0         0      
       grayscale_sensor.o             416     0         0      
       startup_mspm0g350x_ticlang.o   6       192       0      
    +--+------------------------------+-------+---------+---------+
       Total:                         31536   1780      1072   
                                                               
    C:/ti/mspm0_sdk_2_11_00_07/source/ti/driverlib/lib/ticlang/m0p/mspm0g1x0x_g3x0x/driverlib.a
       dl_timer.o                     608     0         0      
       dl_i2c.o                       240     0         0      
       dl_uart.o                      138     0         0      
       dl_common.o                    10      0         0      
    +--+------------------------------+-------+---------+---------+
       Total:                         996     0         0      
                                                               
    C:\ti\ccs2100\ccs\tools\compiler\ti-cgt-armllvm_5.1.1.LTS\lib\armv6m-ti-none-eabi/c/libc.a
       memcpy16.S.obj                 154     0         0      
       memset16.S.obj                 98      0         0      
       autoinit.c.obj                 60      0         0      
       boot_cortex_m.c.obj            40      0         0      
       copy_zero_init.c.obj           16      0         0      
       exit.c.obj                     6       0         0      
       pre_init.c.obj                 4       0         0      
    +--+------------------------------+-------+---------+---------+
       Total:                         378     0         0      
                                                               
    C:\ti\ccs2100\ccs\tools\compiler\ti-cgt-armllvm_5.1.1.LTS\lib\armv6m-ti-none-eabi/c/libsysbm.a
       hostexit.c.obj                 4       0         0      
    +--+------------------------------+-------+---------+---------+
       Total:                         4       0         0      
                                                               
    C:\ti\ccs2100\ccs\tools\compiler\ti-cgt-armllvm_5.1.1.LTS\lib\armv6m-ti-none-eabi/libclang_rt.builtins.a
       addsf3.S.obj                   216     0         0      
       udivmoddi4.S.obj               162     0         0      
       comparesf2.S.obj               140     0         0      
       mulsf3.S.obj                   140     0         0      
       divsf3.S.obj                   130     0         0      
       aeabi_fcmp.S.obj               90      0         0      
       aeabi_idivmod.S.obj            86      0         0      
       floatdisf.S.obj                78      0         0      
       aeabi_uidivmod.S.obj           64      0         0      
       divmoddi4.c.obj                62      0         0      
       floatsisf.S.obj                60      0         0      
       muldsi3.S.obj                  58      0         0      
       fixsfsi.S.obj                  56      0         0      
       floatunsisf.S.obj              40      0         0      
       muldi3.S.obj                   36      0         0      
       ashldi3.S.obj                  30      0         0      
       aeabi_memset.S.obj             26      0         0      
       aeabi_ldivmod.S.obj            20      0         0      
       aeabi_memcpy.S.obj             8       0         0      
       aeabi_div0.c.obj               4       0         0      
    +--+------------------------------+-------+---------+---------+
       Total:                         1506    0         0      
                                                               
       Stack:                         0       0         512    
       Linker Generated:              0       20        0      
    +--+------------------------------+-------+---------+---------+
       Grand Total:                   34420   1800      1584   


LINKER GENERATED COPY TABLES

__TI_cinit_table @ 00008d94 records: 1, size/record: 8, table size: 8
	.bss: load addr=00008d88, load size=00000008 bytes, run addr=20200000, run size=00000430 bytes, compression=zero_init


LINKER GENERATED HANDLER TABLE

__TI_handler_table @ 00008d90 records: 1, size/record: 4, table size: 4
	index: 0, handler: __TI_zero_init


GLOBAL SYMBOLS: SORTED ALPHABETICALLY BY Name 

address   name                            
-------   ----                            
000079bb  ADC0_IRQHandler                 
000079bb  ADC1_IRQHandler                 
000079bb  AES_IRQHandler                  
0000858f  AngleTurnControl_cancel         
00008499  AngleTurnControl_init           
0000872d  AngleTurnControl_isActive       
000079bd  AngleTurnControl_start          
000069f5  AngleTurnControl_update         
00008742  C$$EXIT                         
000079bb  CANFD0_IRQHandler               
000085d9  CarControl_coast                
00008733  CarControl_getSpeedRpm          
0000873f  CarControl_getTurnInnerPercent  
00008185  CarControl_init                 
000070a9  CarControl_setMotion            
000084f1  CarControl_stop                 
000079bb  DAC0_IRQHandler                 
00008719  DL_Common_delayCycles           
00007e29  DL_I2C_fillControllerTXFIFO     
00008409  DL_I2C_flushControllerRXFIFO    
00008201  DL_I2C_flushControllerTXFIFO    
00008569  DL_I2C_setClockConfig           
000071e1  DL_Timer_initFourCCPWMMode      
000073e9  DL_Timer_initTimerMode          
00008635  DL_Timer_setCaptCompUpdateMethod
00008689  DL_Timer_setCaptureCompareOutCtl
000086c9  DL_Timer_setCaptureCompareValue 
00008651  DL_Timer_setClockConfig         
00008039  DL_UART_init                    
000086b5  DL_UART_setClockConfig          
00008439  DL_UART_transmitDataBlocking    
000079bb  DMA_IRQHandler                  
000079bb  Default_Handler                 
000079bb  GROUP0_IRQHandler               
00007ac5  GROUP1_IRQHandler               
000084c5  Grayscale_Sensor_Init           
00006de1  Grayscale_Sensor_ReadAll        
00008743  HOSTexit                        
000079bb  HardFault_Handler               
000079bb  I2C0_IRQHandler                 
000079bb  I2C1_IRQHandler                 
000086e9  MPU6050_Angle_getDeviceId       
000086f5  MPU6050_Angle_getZDegrees       
00008701  MPU6050_Angle_getZRateDps       
000062c5  MPU6050_Angle_init              
0000870d  MPU6050_Angle_reset             
00007d69  MPU6050_Angle_update            
000082b5  MotorControl_coast              
000083d5  MotorControl_handleEncoderEdge  
00007ee5  MotorControl_init               
000085f7  MotorControl_setTargetRpm       
00007931  MotorControl_takeStatus         
00005fcd  MotorControl_update             
000079bb  NMI_Handler                     
000079bb  PendSV_Handler                  
000079bb  RTC_IRQHandler                  
00008747  Reset_Handler                   
000079bb  SPI0_IRQHandler                 
000079bb  SPI1_IRQHandler                 
000079bb  SVC_Handler                     
00006f55  SYSCFG_DL_GPIO_init             
00007f95  SYSCFG_DL_I2C_MPU6050_init      
00008469  SYSCFG_DL_I2C_OLED_init         
000076f9  SYSCFG_DL_PWM_MOTOR_AB_init     
00007789  SYSCFG_DL_PWM_MOTOR_CD_init     
000080c5  SYSCFG_DL_SYSCTL_init           
00008365  SYSCFG_DL_TIMER_PID_init        
00007bc1  SYSCFG_DL_UART_0_init           
00007dc9  SYSCFG_DL_UART_1_init           
00008105  SYSCFG_DL_init                  
00007b45  SYSCFG_DL_initPower             
000079bb  SysTick_Handler                 
000079bb  TIMA0_IRQHandler                
00008081  TIMA1_IRQHandler                
000079bb  TIMG0_IRQHandler                
000079bb  TIMG12_IRQHandler               
000079bb  TIMG6_IRQHandler                
000079bb  TIMG7_IRQHandler                
000079bb  TIMG8_IRQHandler                
00007ca1  UART0_IRQHandler                
000079bb  UART1_IRQHandler                
000079bb  UART2_IRQHandler                
000079bb  UART3_IRQHandler                
20208000  __STACK_END                     
00000200  __STACK_SIZE                    
00000000  __TI_ATRegion0_region_sz        
00000000  __TI_ATRegion0_src_addr         
00000000  __TI_ATRegion0_trg_addr         
00000000  __TI_ATRegion1_region_sz        
00000000  __TI_ATRegion1_src_addr         
00000000  __TI_ATRegion1_trg_addr         
00000000  __TI_ATRegion2_region_sz        
00000000  __TI_ATRegion2_src_addr         
00000000  __TI_ATRegion2_trg_addr         
00008d94  __TI_CINIT_Base                 
00008d9c  __TI_CINIT_Limit                
00008d9c  __TI_CINIT_Warm                 
00008d90  __TI_Handler_Table_Base         
00008d94  __TI_Handler_Table_Limit        
0000823d  __TI_auto_init_nobinit_nopinit  
ffffffff  __TI_pprof_out_hndl             
ffffffff  __TI_prof_data_size             
ffffffff  __TI_prof_data_start            
00000000  __TI_static_base__              
000086d9  __TI_zero_init                  
000074ef  __addsf3                        
0000839d  __aeabi_f2iz                    
000074ef  __aeabi_fadd                    
00007e89  __aeabi_fcmpeq                  
00007ebf  __aeabi_fcmpge                  
00007ed1  __aeabi_fcmpgt                  
00007ead  __aeabi_fcmple                  
00007e9b  __aeabi_fcmplt                  
0000788f  __aeabi_fcmpun                  
00007a41  __aeabi_fdiv                    
000078a5  __aeabi_fmul                    
000074e5  __aeabi_fsub                    
00008279  __aeabi_i2f                     
00007f3d  __aeabi_idiv                    
00007ac3  __aeabi_idiv0                   
00007f3d  __aeabi_idivmod                 
00007fe9  __aeabi_l2f                     
00007c9f  __aeabi_ldiv0                   
000086a1  __aeabi_ldivmod                 
00008615  __aeabi_llsl                    
000085b5  __aeabi_lmul                    
0000867b  __aeabi_memclr                  
0000867b  __aeabi_memclr4                 
0000867b  __aeabi_memclr8                 
00008725  __aeabi_memcpy                  
00008725  __aeabi_memcpy4                 
00008725  __aeabi_memcpy8                 
0000866d  __aeabi_memset                  
0000866d  __aeabi_memset4                 
0000866d  __aeabi_memset8                 
00008541  __aeabi_ui2f                    
00008145  __aeabi_uidiv                   
00008145  __aeabi_uidivmod                
00008615  __ashldi3                       
ffffffff  __binit__                       
00007819  __cmpsf2                        
000081c3  __divmoddi4                     
00007a41  __divsf3                        
00007819  __eqsf2                         
0000839d  __fixsfsi                       
00007fe9  __floatdisf                     
00008279  __floatsisf                     
00008541  __floatunsisf                   
00007853  __gesf2                         
00007853  __gtsf2                         
00007819  __lesf2                         
00007819  __ltsf2                         
UNDEFED   __mpu_init                      
000085b5  __muldi3                        
000082f1  __muldsi3                       
000078a5  __mulsf3                        
00007819  __nesf2                         
20207e00  __stack                         
20200000  __start___llvm_prf_bits         
20200000  __start___llvm_prf_cnts         
20200000  __stop___llvm_prf_bits          
20200000  __stop___llvm_prf_cnts          
000074e5  __subsf3                        
000075bd  __udivmoddi4                    
0000788f  __unordsf2                      
00008519  _c_int00_noargs                 
UNDEFED   _system_post_cinit              
0000874b  _system_pre_init                
00008739  abort                           
ffffffff  binit                           
20200000  gPWM_MOTOR_CDBackup             
202000bc  gTIMER_PIDBackup                
00000000  interruptVectors                
000000c1  main                            
0000765f  memcpy                          
00007d05  memset                          


GLOBAL SYMBOLS: SORTED BY Symbol Address 

address   name                            
-------   ----                            
00000000  __TI_ATRegion0_region_sz        
00000000  __TI_ATRegion0_src_addr         
00000000  __TI_ATRegion0_trg_addr         
00000000  __TI_ATRegion1_region_sz        
00000000  __TI_ATRegion1_src_addr         
00000000  __TI_ATRegion1_trg_addr         
00000000  __TI_ATRegion2_region_sz        
00000000  __TI_ATRegion2_src_addr         
00000000  __TI_ATRegion2_trg_addr         
00000000  __TI_static_base__              
00000000  interruptVectors                
000000c1  main                            
00000200  __STACK_SIZE                    
00005fcd  MotorControl_update             
000062c5  MPU6050_Angle_init              
000069f5  AngleTurnControl_update         
00006de1  Grayscale_Sensor_ReadAll        
00006f55  SYSCFG_DL_GPIO_init             
000070a9  CarControl_setMotion            
000071e1  DL_Timer_initFourCCPWMMode      
000073e9  DL_Timer_initTimerMode          
000074e5  __aeabi_fsub                    
000074e5  __subsf3                        
000074ef  __addsf3                        
000074ef  __aeabi_fadd                    
000075bd  __udivmoddi4                    
0000765f  memcpy                          
000076f9  SYSCFG_DL_PWM_MOTOR_AB_init     
00007789  SYSCFG_DL_PWM_MOTOR_CD_init     
00007819  __cmpsf2                        
00007819  __eqsf2                         
00007819  __lesf2                         
00007819  __ltsf2                         
00007819  __nesf2                         
00007853  __gesf2                         
00007853  __gtsf2                         
0000788f  __aeabi_fcmpun                  
0000788f  __unordsf2                      
000078a5  __aeabi_fmul                    
000078a5  __mulsf3                        
00007931  MotorControl_takeStatus         
000079bb  ADC0_IRQHandler                 
000079bb  ADC1_IRQHandler                 
000079bb  AES_IRQHandler                  
000079bb  CANFD0_IRQHandler               
000079bb  DAC0_IRQHandler                 
000079bb  DMA_IRQHandler                  
000079bb  Default_Handler                 
000079bb  GROUP0_IRQHandler               
000079bb  HardFault_Handler               
000079bb  I2C0_IRQHandler                 
000079bb  I2C1_IRQHandler                 
000079bb  NMI_Handler                     
000079bb  PendSV_Handler                  
000079bb  RTC_IRQHandler                  
000079bb  SPI0_IRQHandler                 
000079bb  SPI1_IRQHandler                 
000079bb  SVC_Handler                     
000079bb  SysTick_Handler                 
000079bb  TIMA0_IRQHandler                
000079bb  TIMG0_IRQHandler                
000079bb  TIMG12_IRQHandler               
000079bb  TIMG6_IRQHandler                
000079bb  TIMG7_IRQHandler                
000079bb  TIMG8_IRQHandler                
000079bb  UART1_IRQHandler                
000079bb  UART2_IRQHandler                
000079bb  UART3_IRQHandler                
000079bd  AngleTurnControl_start          
00007a41  __aeabi_fdiv                    
00007a41  __divsf3                        
00007ac3  __aeabi_idiv0                   
00007ac5  GROUP1_IRQHandler               
00007b45  SYSCFG_DL_initPower             
00007bc1  SYSCFG_DL_UART_0_init           
00007c9f  __aeabi_ldiv0                   
00007ca1  UART0_IRQHandler                
00007d05  memset                          
00007d69  MPU6050_Angle_update            
00007dc9  SYSCFG_DL_UART_1_init           
00007e29  DL_I2C_fillControllerTXFIFO     
00007e89  __aeabi_fcmpeq                  
00007e9b  __aeabi_fcmplt                  
00007ead  __aeabi_fcmple                  
00007ebf  __aeabi_fcmpge                  
00007ed1  __aeabi_fcmpgt                  
00007ee5  MotorControl_init               
00007f3d  __aeabi_idiv                    
00007f3d  __aeabi_idivmod                 
00007f95  SYSCFG_DL_I2C_MPU6050_init      
00007fe9  __aeabi_l2f                     
00007fe9  __floatdisf                     
00008039  DL_UART_init                    
00008081  TIMA1_IRQHandler                
000080c5  SYSCFG_DL_SYSCTL_init           
00008105  SYSCFG_DL_init                  
00008145  __aeabi_uidiv                   
00008145  __aeabi_uidivmod                
00008185  CarControl_init                 
000081c3  __divmoddi4                     
00008201  DL_I2C_flushControllerTXFIFO    
0000823d  __TI_auto_init_nobinit_nopinit  
00008279  __aeabi_i2f                     
00008279  __floatsisf                     
000082b5  MotorControl_coast              
000082f1  __muldsi3                       
00008365  SYSCFG_DL_TIMER_PID_init        
0000839d  __aeabi_f2iz                    
0000839d  __fixsfsi                       
000083d5  MotorControl_handleEncoderEdge  
00008409  DL_I2C_flushControllerRXFIFO    
00008439  DL_UART_transmitDataBlocking    
00008469  SYSCFG_DL_I2C_OLED_init         
00008499  AngleTurnControl_init           
000084c5  Grayscale_Sensor_Init           
000084f1  CarControl_stop                 
00008519  _c_int00_noargs                 
00008541  __aeabi_ui2f                    
00008541  __floatunsisf                   
00008569  DL_I2C_setClockConfig           
0000858f  AngleTurnControl_cancel         
000085b5  __aeabi_lmul                    
000085b5  __muldi3                        
000085d9  CarControl_coast                
000085f7  MotorControl_setTargetRpm       
00008615  __aeabi_llsl                    
00008615  __ashldi3                       
00008635  DL_Timer_setCaptCompUpdateMethod
00008651  DL_Timer_setClockConfig         
0000866d  __aeabi_memset                  
0000866d  __aeabi_memset4                 
0000866d  __aeabi_memset8                 
0000867b  __aeabi_memclr                  
0000867b  __aeabi_memclr4                 
0000867b  __aeabi_memclr8                 
00008689  DL_Timer_setCaptureCompareOutCtl
000086a1  __aeabi_ldivmod                 
000086b5  DL_UART_setClockConfig          
000086c9  DL_Timer_setCaptureCompareValue 
000086d9  __TI_zero_init                  
000086e9  MPU6050_Angle_getDeviceId       
000086f5  MPU6050_Angle_getZDegrees       
00008701  MPU6050_Angle_getZRateDps       
0000870d  MPU6050_Angle_reset             
00008719  DL_Common_delayCycles           
00008725  __aeabi_memcpy                  
00008725  __aeabi_memcpy4                 
00008725  __aeabi_memcpy8                 
0000872d  AngleTurnControl_isActive       
00008733  CarControl_getSpeedRpm          
00008739  abort                           
0000873f  CarControl_getTurnInnerPercent  
00008742  C$$EXIT                         
00008743  HOSTexit                        
00008747  Reset_Handler                   
0000874b  _system_pre_init                
00008d90  __TI_Handler_Table_Base         
00008d94  __TI_CINIT_Base                 
00008d94  __TI_Handler_Table_Limit        
00008d9c  __TI_CINIT_Limit                
00008d9c  __TI_CINIT_Warm                 
20200000  __start___llvm_prf_bits         
20200000  __start___llvm_prf_cnts         
20200000  __stop___llvm_prf_bits          
20200000  __stop___llvm_prf_cnts          
20200000  gPWM_MOTOR_CDBackup             
202000bc  gTIMER_PIDBackup                
20207e00  __stack                         
20208000  __STACK_END                     
ffffffff  __TI_pprof_out_hndl             
ffffffff  __TI_prof_data_size             
ffffffff  __TI_prof_data_start            
ffffffff  __binit__                       
ffffffff  binit                           
UNDEFED   __mpu_init                      
UNDEFED   _system_post_cinit              

[176 symbols]
