******************************************************************************
            TI ARM Clang Linker PC v5.1.1                      
******************************************************************************
>> Linked Sun Jul 26 09:48:12 2026

OUTPUT FILE NAME:   <main.out>
ENTRY POINT SYMBOL: "_c_int00_noargs"  address: 0000af91


MEMORY CONFIGURATION

         name            origin    length      used     unused   attr    fill
----------------------  --------  ---------  --------  --------  ----  --------
  FLASH                 00000000   00020000  0000bb50  000144b0  R  X
  SRAM                  20200000   00008000  00000665  0000799b  RW X
  BCR_CONFIG            41c00000   000000ff  00000000  000000ff  R   
  BSL_CONFIG            41c00100   00000080  00000000  00000080  R   


SEGMENT ALLOCATION MAP

run origin  load origin   length   init length attrs members
----------  ----------- ---------- ----------- ----- -------
00000000    00000000    0000bb50   0000bb50    r-x
  00000000    00000000    000000c0   000000c0    r-- .intvecs
  000000c0    000000c0    0000b178   0000b178    r-x .text
  0000b238    0000b238    00000900   00000900    r-- .rodata
  0000bb38    0000bb38    00000018   00000018    r-- .cinit
20200000    20200000    00000465   00000000    rw-
  20200000    20200000    00000465   00000000    rw- .bss
20207e00    20207e00    00000200   00000000    rw-
  20207e00    20207e00    00000200   00000000    rw- .stack


SECTION ALLOCATION MAP

 output                                  attributes/
section   page    origin      length       input sections
--------  ----  ----------  ----------   ----------------
.intvecs   0    00000000    000000c0     
                  00000000    000000c0     startup_mspm0g350x_ticlang.o (.intvecs)

.text      0    000000c0    0000b178     
                  000000c0    00006a94     main.o (.text.main)
                  00006b54    00000954     main.o (.text.LineTracking_update)
                  000074a8    000005d4     main.o (.text.UART_reportMotorStatus)
                  00007a7c    000003d2     oled.o (.text.OLED_Init)
                  00007e4e    00000002     startup_mspm0g350x_ticlang.o (.text.Default_Handler)
                  00007e50    000002f4     motor_control.o (.text.MotorControl_update)
                  00008144    00000280     oled.o (.text.OLED_ShowTask1Endpoint)
                  000083c4    00000278     mpu6050_angle.o (.text.MPU6050_Angle_initWithProgress)
                  0000863c    00000278     oled.o (.text.OLED_ShowTask)
                  000088b4    0000026c     oled.o (.text.OLED_ShowCalibration)
                  00008b20    00000244     main.o (.text.UART_reportGrayscale)
                  00008d64    00000238     main.o (.text.UART_reportZAngle)
                  00008f9c    00000218     angle_turn_control.o (.text.AngleTurnControl_update)
                  000091b4    000001d4     mpu6050_angle.o (.text.MPU6050_readRegisters)
                  00009388    00000174     grayscale_sensor.o (.text.Grayscale_Sensor_ReadAll)
                  000094fc    00000170     oled.o (.text.OLED_writeString)
                  0000966c    0000016c     ti_msp_dl_config.o (.text.SYSCFG_DL_GPIO_init)
                  000097d8    0000014c     task_manager.o (.text.TaskManager_update)
                  00009924    00000138     car_control.o (.text.CarControl_setMotion)
                  00009a5c    00000104     driverlib.a : dl_timer.o (.text.DL_Timer_initFourCCPWMMode)
                  00009b60    00000104     mpu6050_angle.o (.text.MPU6050_writeRegister)
                  00009c64    00000104     oled.o (.text.OLED_writeByte)
                  00009d68    000000fc     driverlib.a : dl_timer.o (.text.DL_Timer_initTimerMode)
                  00009e64    000000d8     libclang_rt.builtins.a : addsf3.S.obj (.text)
                  00009f3c    000000d4     task_manager.o (.text.TaskManager_init)
                  0000a010    000000a2     libclang_rt.builtins.a : udivmoddi4.S.obj (.text)
                  0000a0b2    0000009a     libc.a : memcpy16.S.obj (.text:memcpy)
                  0000a14c    00000090     ti_msp_dl_config.o (.text.SYSCFG_DL_PWM_MOTOR_AB_init)
                  0000a1dc    00000090     ti_msp_dl_config.o (.text.SYSCFG_DL_PWM_MOTOR_CD_init)
                  0000a26c    0000008c     libclang_rt.builtins.a : comparesf2.S.obj (.text)
                  0000a2f8    0000008c                            : mulsf3.S.obj (.text)
                  0000a384    0000008a     motor_control.o (.text.MotorControl_takeStatus)
                  0000a40e    00000002     libclang_rt.builtins.a : aeabi_div0.c.obj (.text.__aeabi_idiv0)
                  0000a410    00000084     angle_turn_control.o (.text.AngleTurnControl_start)
                  0000a494    00000082     libclang_rt.builtins.a : divsf3.S.obj (.text)
                  0000a516    00000002                            : aeabi_div0.c.obj (.text.__aeabi_ldiv0)
                  0000a518    00000080     main.o (.text.GROUP1_IRQHandler)
                  0000a598    0000007c     ti_msp_dl_config.o (.text.SYSCFG_DL_initPower)
                  0000a614    00000070     ti_msp_dl_config.o (.text.SYSCFG_DL_UART_0_init)
                  0000a684    0000006e     angle_turn_control.o (.text.AngleTurnControl_getCoastDistanceDegrees)
                  0000a6f2    00000002     --HOLE-- [fill = 0]
                  0000a6f4    00000064     main.o (.text.UART0_IRQHandler)
                  0000a758    00000062     libc.a : memset16.S.obj (.text:memset)
                  0000a7ba    00000002     --HOLE-- [fill = 0]
                  0000a7bc    00000060     mpu6050_angle.o (.text.MPU6050_Angle_update)
                  0000a81c    00000060     ti_msp_dl_config.o (.text.SYSCFG_DL_UART_OPENMV_init)
                  0000a87c    0000005e     driverlib.a : dl_i2c.o (.text.DL_I2C_fillControllerTXFIFO)
                  0000a8da    00000002     --HOLE-- [fill = 0]
                  0000a8dc    0000005a     libclang_rt.builtins.a : aeabi_fcmp.S.obj (.text)
                  0000a936    00000002     --HOLE-- [fill = 0]
                  0000a938    00000058     motor_control.o (.text.MotorControl_init)
                  0000a990    00000056     libclang_rt.builtins.a : aeabi_idivmod.S.obj (.text)
                  0000a9e6    00000002     --HOLE-- [fill = 0]
                  0000a9e8    00000054     ti_msp_dl_config.o (.text.SYSCFG_DL_I2C_MPU6050_init)
                  0000aa3c    00000054     ti_msp_dl_config.o (.text.SYSCFG_DL_I2C_OLED_init)
                  0000aa90    0000004e     libclang_rt.builtins.a : floatdisf.S.obj (.text)
                  0000aade    00000002     --HOLE-- [fill = 0]
                  0000aae0    00000048     driverlib.a : dl_uart.o (.text.DL_UART_init)
                  0000ab28    00000044     main.o (.text.TIMA1_IRQHandler)
                  0000ab6c    00000040     ti_msp_dl_config.o (.text.SYSCFG_DL_SYSCTL_init)
                  0000abac    00000040     ti_msp_dl_config.o (.text.SYSCFG_DL_init)
                  0000abec    00000040     libclang_rt.builtins.a : aeabi_uidivmod.S.obj (.text)
                  0000ac2c    0000003e     car_control.o (.text.CarControl_init)
                  0000ac6a    0000003e     libclang_rt.builtins.a : divmoddi4.c.obj (.text.__divmoddi4)
                  0000aca8    0000003c     driverlib.a : dl_i2c.o (.text.DL_I2C_flushControllerTXFIFO)
                  0000ace4    0000003c     libc.a : autoinit.c.obj (.text:__TI_auto_init_nobinit_nopinit)
                  0000ad20    0000003c     libclang_rt.builtins.a : floatsisf.S.obj (.text)
                  0000ad5c    0000003a     motor_control.o (.text.MotorControl_coast)
                  0000ad96    00000002     --HOLE-- [fill = 0]
                  0000ad98    0000003a     libclang_rt.builtins.a : muldsi3.S.obj (.text)
                  0000add2    00000038     angle_turn_control.o (.text.AngleTurnControl_enterCreep)
                  0000ae0a    00000002     --HOLE-- [fill = 0]
                  0000ae0c    00000038     ti_msp_dl_config.o (.text.SYSCFG_DL_TIMER_PID_init)
                  0000ae44    00000038     libclang_rt.builtins.a : fixsfsi.S.obj (.text)
                  0000ae7c    00000032     motor_control.o (.text.MotorControl_handleEncoderEdge)
                  0000aeae    00000002     --HOLE-- [fill = 0]
                  0000aeb0    00000030     driverlib.a : dl_i2c.o (.text.DL_I2C_flushControllerRXFIFO)
                  0000aee0    00000030                 : dl_uart.o (.text.DL_UART_transmitDataBlocking)
                  0000af10    0000002c     angle_turn_control.o (.text.AngleTurnControl_init)
                  0000af3c    0000002c     grayscale_sensor.o (.text.Grayscale_Sensor_Init)
                  0000af68    00000028     car_control.o (.text.CarControl_stop)
                  0000af90    00000028     libc.a : boot_cortex_m.c.obj (.text:_c_int00_noargs)
                  0000afb8    00000028     libclang_rt.builtins.a : floatunsisf.S.obj (.text)
                  0000afe0    00000026     driverlib.a : dl_i2c.o (.text.DL_I2C_setClockConfig)
                  0000b006    00000024     angle_turn_control.o (.text.AngleTurnControl_cancel)
                  0000b02a    00000002     --HOLE-- [fill = 0]
                  0000b02c    00000024     libclang_rt.builtins.a : muldi3.S.obj (.text)
                  0000b050    0000001e     car_control.o (.text.CarControl_coast)
                  0000b06e    0000001e     car_control.o (.text.CarControl_emergencyStop)
                  0000b08c    0000001e     motor_control.o (.text.MotorControl_setTargetRpm)
                  0000b0aa    00000002     --HOLE-- [fill = 0]
                  0000b0ac    0000001e     libclang_rt.builtins.a : ashldi3.S.obj (.text)
                  0000b0ca    00000002     --HOLE-- [fill = 0]
                  0000b0cc    0000001c     driverlib.a : dl_timer.o (.text.DL_Timer_setCaptCompUpdateMethod)
                  0000b0e8    0000001c                 : dl_timer.o (.text.DL_Timer_setClockConfig)
                  0000b104    0000001a     libclang_rt.builtins.a : aeabi_memset.S.obj (.text)
                  0000b11e    00000002     --HOLE-- [fill = 0]
                  0000b120    00000018     driverlib.a : dl_timer.o (.text.DL_Timer_setCaptureCompareOutCtl)
                  0000b138    00000018     main.o (.text.OLED_showCalibrationProgress)
                  0000b150    00000014     libclang_rt.builtins.a : aeabi_ldivmod.S.obj (.text)
                  0000b164    00000012     driverlib.a : dl_uart.o (.text.DL_UART_setClockConfig)
                  0000b176    00000002     --HOLE-- [fill = 0]
                  0000b178    00000010                 : dl_timer.o (.text.DL_Timer_setCaptureCompareValue)
                  0000b188    00000010     task_manager.o (.text.TaskManager_takeStatusPressed)
                  0000b198    00000010     task_manager.o (.text.TaskManager_takeStatusReleased)
                  0000b1a8    00000010     libc.a : copy_zero_init.c.obj (.text:decompress:ZI)
                  0000b1b8    0000000c     mpu6050_angle.o (.text.MPU6050_Angle_getDeviceId)
                  0000b1c4    0000000c     mpu6050_angle.o (.text.MPU6050_Angle_getZDegrees)
                  0000b1d0    0000000c     mpu6050_angle.o (.text.MPU6050_Angle_getZRateDps)
                  0000b1dc    0000000c     mpu6050_angle.o (.text.MPU6050_Angle_reset)
                  0000b1e8    0000000c     task_manager.o (.text.TaskManager_getActiveTask)
                  0000b1f4    0000000c     task_manager.o (.text.TaskManager_getTask1Endpoint)
                  0000b200    0000000a     driverlib.a : dl_common.o (.text.DL_Common_delayCycles)
                  0000b20a    00000002     --HOLE-- [fill = 0]
                  0000b20c    00000008     libclang_rt.builtins.a : aeabi_memcpy.S.obj (.text)
                  0000b214    00000006     angle_turn_control.o (.text.AngleTurnControl_isActive)
                  0000b21a    00000006     car_control.o (.text.CarControl_getSpeedRpm)
                  0000b220    00000006     libc.a : exit.c.obj (.text:abort)
                  0000b226    00000004     car_control.o (.text.CarControl_getTurnInnerPercent)
                  0000b22a    00000004     libsysbm.a : hostexit.c.obj (.text.HOSTexit)
                  0000b22e    00000004     startup_mspm0g350x_ticlang.o (.text.Reset_Handler)
                  0000b232    00000004     libc.a : pre_init.c.obj (.text._system_pre_init)
                  0000b236    00000002     --HOLE-- [fill = 0]

.cinit     0    0000bb38    00000018     
                  0000bb38    00000008     (.cinit..bss.load) [load image, compression = zero_init]
                  0000bb40    00000004     (__TI_handler_table)
                  0000bb44    00000008     (__TI_cinit_table)
                  0000bb4c    00000004     --HOLE-- [fill = 0]

.rodata    0    0000b238    00000900     
                  0000b238    00000050     main.o (.rodata.gMotorAConfig)
                  0000b288    00000050     main.o (.rodata.gMotorBConfig)
                  0000b2d8    00000050     main.o (.rodata.gMotorCConfig)
                  0000b328    00000050     main.o (.rodata.gMotorDConfig)
                  0000b378    00000039     main.o (.rodata.str1.17100691992556644108.1)
                  0000b3b1    00000036     main.o (.rodata.str1.2110678906774669609.1)
                  0000b3e7    00000036     main.o (.rodata.str1.5456361711443481037.1)
                  0000b41d    00000032     main.o (.rodata.str1.14402440632258215044.1)
                  0000b44f    00000032     main.o (.rodata.str1.288608917962107522.1)
                  0000b481    00000031     main.o (.rodata.str1.11639152155638730617.1)
                  0000b4b2    00000031     main.o (.rodata.str1.13708788609136157861.1)
                  0000b4e3    0000002e     main.o (.rodata.str1.729616968063973023.1)
                  0000b511    0000002e     main.o (.rodata.str1.8154729771448623357.1)
                  0000b53f    0000002d     main.o (.rodata.str1.11529847267458053600.1)
                  0000b56c    0000002d     main.o (.rodata.str1.489408286258209761.1)
                  0000b599    0000002b     main.o (.rodata.str1.1400108336782646092.1)
                  0000b5c4    0000002b     main.o (.rodata.str1.16709704744796600189.1)
                  0000b5ef    0000002b     main.o (.rodata.str1.3292798375424520613.1)
                  0000b61a    0000002a     main.o (.rodata.str1.12382793645740270115.1)
                  0000b644    00000029     main.o (.rodata.str1.13510909575694371129.1)
                  0000b66d    00000029     main.o (.rodata.str1.564043066809513926.1)
                  0000b696    00000028     main.o (.rodata.str1.1311392489248731986.1)
                  0000b6be    00000028     main.o (.rodata.str1.5266312244614669333.1)
                  0000b6e6    00000028     main.o (.rodata.str1.5735500672252279554.1)
                  0000b70e    00000027     main.o (.rodata.str1.10313062130652730376.1)
                  0000b735    00000027     main.o (.rodata.str1.13080826312907008127.1)
                  0000b75c    00000027     main.o (.rodata.str1.13782249893155712474.1)
                  0000b783    00000027     main.o (.rodata.str1.6891813955777630061.1)
                  0000b7aa    00000026     main.o (.rodata.str1.2117079376983516436.1)
                  0000b7d0    00000026     main.o (.rodata.str1.3789019053998632041.1)
                  0000b7f6    00000025     main.o (.rodata.str1.11022512878759027374.1)
                  0000b81b    00000025     main.o (.rodata.str1.4551914367444790281.1)
                  0000b840    00000025     main.o (.rodata.str1.5789451164904352291.1)
                  0000b865    00000024     main.o (.rodata.str1.3530083166107438000.1)
                  0000b889    00000024     main.o (.rodata.str1.5931264416680793241.1)
                  0000b8ad    00000023     main.o (.rodata.str1.2597068879322958637.1)
                  0000b8d0    00000023     main.o (.rodata.str1.7440231181708086392.1)
                  0000b8f3    00000021     main.o (.rodata.str1.10224226614597680209.1)
                  0000b914    00000021     main.o (.rodata.str1.11822182024223342093.1)
                  0000b935    00000021     main.o (.rodata.str1.5043408953494467246.1)
                  0000b956    00000002     ti_msp_dl_config.o (.rodata.gI2C_MPU6050ClockConfig)
                  0000b958    00000020     main.o (.rodata.gAngleTurnConfig)
                  0000b978    00000020     main.o (.rodata.str1.11321157723316767883.1)
                  0000b998    0000001f     main.o (.rodata.str1.10720410773482754683.1)
                  0000b9b7    0000001f     main.o (.rodata.str1.10865113624938808685.1)
                  0000b9d6    00000002     ti_msp_dl_config.o (.rodata.gI2C_OLEDClockConfig)
                  0000b9d8    0000001c     main.o (.rodata.gCarConfig)
                  0000b9f4    00000019     main.o (.rodata.str1.17770841602246103764.1)
                  0000ba0d    00000019     main.o (.rodata.str1.8428454045432808059.1)
                  0000ba26    00000015     main.o (.rodata.str1.13030671760666898970.1)
                  0000ba3b    00000015     main.o (.rodata.str1.403738606202455663.1)
                  0000ba50    00000014     ti_msp_dl_config.o (.rodata.gTIMER_PIDTimerConfig)
                  0000ba64    00000011     main.o (.rodata.str1.887240019932590441.1)
                  0000ba75    00000003     ti_msp_dl_config.o (.rodata.gPWM_MOTOR_ABClockConfig)
                  0000ba78    00000010     main.o (.rodata..Lswitch.table.main.135)
                  0000ba88    0000000e     main.o (.rodata.str1.15159059442110792349.1)
                  0000ba96    0000000b     main.o (.rodata.str1.1499083853040407199.1)
                  0000baa1    0000000b     main.o (.rodata.str1.1928638051441818890.1)
                  0000baac    0000000a     ti_msp_dl_config.o (.rodata.gUART_0Config)
                  0000bab6    0000000a     ti_msp_dl_config.o (.rodata.gUART_OPENMVConfig)
                  0000bac0    00000008     main.o (.rodata.cst8)
                  0000bac8    00000008     ti_msp_dl_config.o (.rodata.gPWM_MOTOR_ABConfig)
                  0000bad0    00000008     ti_msp_dl_config.o (.rodata.gPWM_MOTOR_CDConfig)
                  0000bad8    00000005     oled.o (.rodata.OLED_getGlyph.A)
                  0000badd    00000005     oled.o (.rodata.OLED_getGlyph.C)
                  0000bae2    00000005     oled.o (.rodata.OLED_getGlyph.D)
                  0000bae7    00000005     oled.o (.rodata.OLED_getGlyph.E)
                  0000baec    00000005     oled.o (.rodata.OLED_getGlyph.K)
                  0000baf1    00000005     oled.o (.rodata.OLED_getGlyph.L)
                  0000baf6    00000005     oled.o (.rodata.OLED_getGlyph.N)
                  0000bafb    00000005     oled.o (.rodata.OLED_getGlyph.S)
                  0000bb00    00000005     oled.o (.rodata.OLED_getGlyph.T)
                  0000bb05    00000005     oled.o (.rodata.OLED_getGlyph.five)
                  0000bb0a    00000005     oled.o (.rodata.OLED_getGlyph.four)
                  0000bb0f    00000005     oled.o (.rodata.OLED_getGlyph.one)
                  0000bb14    00000005     oled.o (.rodata.OLED_getGlyph.space)
                  0000bb19    00000005     oled.o (.rodata.OLED_getGlyph.three)
                  0000bb1e    00000005     oled.o (.rodata.OLED_getGlyph.two)
                  0000bb23    00000004     main.o (.rodata.str1.13959864503700487862.1)
                  0000bb27    00000004     main.o (.rodata.str1.2255554096259913709.1)
                  0000bb2b    00000003     ti_msp_dl_config.o (.rodata.gPWM_MOTOR_CDClockConfig)
                  0000bb2e    00000003     ti_msp_dl_config.o (.rodata.gTIMER_PIDClockConfig)
                  0000bb31    00000002     ti_msp_dl_config.o (.rodata.gUART_0ClockConfig)
                  0000bb33    00000002     ti_msp_dl_config.o (.rodata.gUART_OPENMVClockConfig)
                  0000bb35    00000003     --HOLE-- [fill = 0]

.init_array 
*          0    00000000    00000000     UNINITIALIZED

.binit     0    00000000    00000000     

.bss       0    20200000    00000465     UNINITIALIZED
                  20200000    000000bc     (.common:gPWM_MOTOR_CDBackup)
                  202000bc    000000bc     (.common:gTIMER_PIDBackup)
                  20200178    00000078     main.o (.bss.gMotorA)
                  202001f0    00000078     main.o (.bss.gMotorB)
                  20200268    00000078     main.o (.bss.gMotorC)
                  202002e0    00000078     main.o (.bss.gMotorD)
                  20200358    00000034     main.o (.bss.gAngleTurn)
                  2020038c    00000020     main.o (.bss.gCar)
                  202003ac    00000020     main.o (.bss.gUartCommand)
                  202003cc    00000010     main.o (.bss.UART_serviceMotorStatus.motorAStatus)
                  202003dc    00000010     main.o (.bss.UART_serviceMotorStatus.motorBStatus)
                  202003ec    00000010     main.o (.bss.UART_serviceMotorStatus.motorCStatus)
                  202003fc    00000010     main.o (.bss.UART_serviceMotorStatus.motorDStatus)
                  2020040c    00000004     mpu6050_angle.o (.bss.gGyroZBiasRaw)
                  20200410    00000008     main.o (.bss.gLineFilteredValues)
                  20200418    00000008     main.o (.bss.gLinePendingCount)
                  20200420    00000008     main.o (.bss.gLinePendingValues)
                  20200428    00000004     main.o (.bss.gLineTrackingIntegral)
                  2020042c    00000004     mpu6050_angle.o (.bss.gZAngleDegrees)
                  20200430    00000004     mpu6050_angle.o (.bss.gZRateDps)
                  20200434    00000002     main.o (.bss.gLineTrackingBaseSpeedRpm)
                  20200436    00000002     main.o (.bss.gLineTrackingLastErr)
                  20200438    00000002     main.o (.bss.gTask1BrakeSamples)
                  2020043a    00000001     main.o (.bss.UART_serviceMotorStatus.motorAStatusReady)
                  2020043b    00000001     main.o (.bss.UART_serviceMotorStatus.motorBStatusReady)
                  2020043c    00000001     main.o (.bss.UART_serviceMotorStatus.motorCStatusReady)
                  2020043d    00000001     main.o (.bss.UART_serviceMotorStatus.motorDStatusReady)
                  2020043e    00000001     task_manager.o (.bss.gActiveTask)
                  2020043f    00000001     mpu6050_angle.o (.bss.gDeviceId)
                  20200440    00000001     main.o (.bss.gGrayscaleStreamDivider)
                  20200441    00000001     main.o (.bss.gGrayscaleStreamEnabled)
                  20200442    00000001     main.o (.bss.gLineFilterReady)
                  20200443    00000001     main.o (.bss.gLineTrackingDebugDivider)
                  20200444    00000001     main.o (.bss.gLineTrackingDebugEnabled)
                  20200445    00000001     main.o (.bss.gLineTrackingEnabled)
                  20200446    00000001     main.o (.bss.gMotorStatusReportOnce)
                  20200447    00000001     main.o (.bss.gMotorStatusStreamEnabled)
                  20200448    00000001     main.o (.bss.gMpu6050Ready)
                  20200449    00000001     main.o (.bss.gMpu6050SampleDue)
                  2020044a    00000001     main.o (.bss.gOledReady)
                  2020044b    00000001     task_manager.o (.bss.gOledReady)
                  2020044c    00000001     task_manager.o (.bss.gStatusButton.0)
                  2020044d    00000001     task_manager.o (.bss.gStatusButton.1)
                  2020044e    00000001     task_manager.o (.bss.gStatusButton.2)
                  2020044f    00000001     task_manager.o (.bss.gStatusPressPending)
                  20200450    00000001     task_manager.o (.bss.gStatusReleasePending)
                  20200451    00000001     main.o (.bss.gTask1AccelerationSamples)
                  20200452    00000001     main.o (.bss.gTask1BlankCount)
                  20200453    00000001     main.o (.bss.gTask1EndReverseSamples)
                  20200454    00000001     main.o (.bss.gTask1Endpoint2)
                  20200455    00000001     task_manager.o (.bss.gTask1Endpoint)
                  20200456    00000001     task_manager.o (.bss.gTask1EndpointButton.0)
                  20200457    00000001     task_manager.o (.bss.gTask1EndpointButton.1)
                  20200458    00000001     task_manager.o (.bss.gTask1EndpointButton.2)
                  20200459    00000001     main.o (.bss.gTask1FinalBrakeSettledCount)
                  2020045a    00000001     main.o (.bss.gTask1IntersectionAdvanceSamples)
                  2020045b    00000001     main.o (.bss.gTask1IntersectionPartialCount)
                  2020045c    00000001     main.o (.bss.gTask1LineSeenAfterTurn)
                  2020045d    00000001     main.o (.bss.gTask1NextTurnRight)
                  2020045e    00000001     main.o (.bss.gTask1ReturnPhase)
                  2020045f    00000001     main.o (.bss.gTask1State)
                  20200460    00000001     task_manager.o (.bss.gTaskButton.0)
                  20200461    00000001     task_manager.o (.bss.gTaskButton.1)
                  20200462    00000001     task_manager.o (.bss.gTaskButton.2)
                  20200463    00000001     main.o (.bss.gUartCommandLength)
                  20200464    00000001     main.o (.bss.gUartCommandReady)

.stack     0    20207e00    00000200     UNINITIALIZED
                  20207e00    00000004     libc.a : boot_cortex_m.c.obj (.stack)
                  20207e04    000001fc     --HOLE--

__llvm_prf_cnts 
*          0    20200000    00000000     UNINITIALIZED

__llvm_prf_bits 
*          0    20200000    00000000     UNINITIALIZED

MODULE SUMMARY

       Module                         code    ro data   rw data
       ------                         ----    -------   -------
    .\
       main.o                         32632   2153      722    
       oled.o                         3498    75        0      
       ti_msp_dl_config.o             1336    73        376    
       mpu6050_angle.o                1504    0         13     
       motor_control.o                1120    0         0      
       angle_turn_control.o           920     0         0      
       task_manager.o                 600     0         14     
       car_control.o                  484     0         0      
       grayscale_sensor.o             416     0         0      
       startup_mspm0g350x_ticlang.o   6       192       0      
    +--+------------------------------+-------+---------+---------+
       Total:                         42516   2493      1125   
                                                               
    C:/ti/mspm0_sdk_2_11_00_07/source/ti/driverlib/lib/ticlang/m0p/mspm0g1x0x_g3x0x/driverlib.a
       dl_timer.o                     608     0         0      
       dl_i2c.o                       240     0         0      
       dl_uart.o                      138     0         0      
       dl_common.o                    10      0         0      
    +--+------------------------------+-------+---------+---------+
       Total:                         996     0         0      
                                                               
    C:\ti\ccs2100\ccs\tools\compiler\ti-cgt-armllvm_5.1.1.LTS\lib\armv6m-ti-none-eabi/c/libc.a
       memcpy16.S.obj                 154     0         0      
       memset16.S.obj                 98      0         0      
       autoinit.c.obj                 60      0         0      
       boot_cortex_m.c.obj            40      0         0      
       copy_zero_init.c.obj           16      0         0      
       exit.c.obj                     6       0         0      
       pre_init.c.obj                 4       0         0      
    +--+------------------------------+-------+---------+---------+
       Total:                         378     0         0      
                                                               
    C:\ti\ccs2100\ccs\tools\compiler\ti-cgt-armllvm_5.1.1.LTS\lib\armv6m-ti-none-eabi/c/libsysbm.a
       hostexit.c.obj                 4       0         0      
    +--+------------------------------+-------+---------+---------+
       Total:                         4       0         0      
                                                               
    C:\ti\ccs2100\ccs\tools\compiler\ti-cgt-armllvm_5.1.1.LTS\lib\armv6m-ti-none-eabi/libclang_rt.builtins.a
       addsf3.S.obj                   216     0         0      
       udivmoddi4.S.obj               162     0         0      
       comparesf2.S.obj               140     0         0      
       mulsf3.S.obj                   140     0         0      
       divsf3.S.obj                   130     0         0      
       aeabi_fcmp.S.obj               90      0         0      
       aeabi_idivmod.S.obj            86      0         0      
       floatdisf.S.obj                78      0         0      
       aeabi_uidivmod.S.obj           64      0         0      
       divmoddi4.c.obj                62      0         0      
       floatsisf.S.obj                60      0         0      
       muldsi3.S.obj                  58      0         0      
       fixsfsi.S.obj                  56      0         0      
       floatunsisf.S.obj              40      0         0      
       muldi3.S.obj                   36      0         0      
       ashldi3.S.obj                  30      0         0      
       aeabi_memset.S.obj             26      0         0      
       aeabi_ldivmod.S.obj            20      0         0      
       aeabi_memcpy.S.obj             8       0         0      
       aeabi_div0.c.obj               4       0         0      
    +--+------------------------------+-------+---------+---------+
       Total:                         1506    0         0      
                                                               
       Stack:                         0       0         512    
       Linker Generated:              0       20        0      
    +--+------------------------------+-------+---------+---------+
       Grand Total:                   45400   2513      1637   


LINKER GENERATED COPY TABLES

__TI_cinit_table @ 0000bb44 records: 1, size/record: 8, table size: 8
	.bss: load addr=0000bb38, load size=00000008 bytes, run addr=20200000, run size=00000465 bytes, compression=zero_init


LINKER GENERATED HANDLER TABLE

__TI_handler_table @ 0000bb40 records: 1, size/record: 4, table size: 4
	index: 0, handler: __TI_zero_init


GLOBAL SYMBOLS: SORTED ALPHABETICALLY BY Name 

address   name                            
-------   ----                            
00007e4f  ADC0_IRQHandler                 
00007e4f  ADC1_IRQHandler                 
00007e4f  AES_IRQHandler                  
0000b007  AngleTurnControl_cancel         
0000af11  AngleTurnControl_init           
0000b215  AngleTurnControl_isActive       
0000a411  AngleTurnControl_start          
00008f9d  AngleTurnControl_update         
0000b22a  C$$EXIT                         
00007e4f  CANFD0_IRQHandler               
0000b051  CarControl_coast                
0000b06f  CarControl_emergencyStop        
0000b21b  CarControl_getSpeedRpm          
0000b227  CarControl_getTurnInnerPercent  
0000ac2d  CarControl_init                 
00009925  CarControl_setMotion            
0000af69  CarControl_stop                 
00007e4f  DAC0_IRQHandler                 
0000b201  DL_Common_delayCycles           
0000a87d  DL_I2C_fillControllerTXFIFO     
0000aeb1  DL_I2C_flushControllerRXFIFO    
0000aca9  DL_I2C_flushControllerTXFIFO    
0000afe1  DL_I2C_setClockConfig           
00009a5d  DL_Timer_initFourCCPWMMode      
00009d69  DL_Timer_initTimerMode          
0000b0cd  DL_Timer_setCaptCompUpdateMethod
0000b121  DL_Timer_setCaptureCompareOutCtl
0000b179  DL_Timer_setCaptureCompareValue 
0000b0e9  DL_Timer_setClockConfig         
0000aae1  DL_UART_init                    
0000b165  DL_UART_setClockConfig          
0000aee1  DL_UART_transmitDataBlocking    
00007e4f  DMA_IRQHandler                  
00007e4f  Default_Handler                 
00007e4f  GROUP0_IRQHandler               
0000a519  GROUP1_IRQHandler               
0000af3d  Grayscale_Sensor_Init           
00009389  Grayscale_Sensor_ReadAll        
0000b22b  HOSTexit                        
00007e4f  HardFault_Handler               
00007e4f  I2C0_IRQHandler                 
00007e4f  I2C1_IRQHandler                 
0000b1b9  MPU6050_Angle_getDeviceId       
0000b1c5  MPU6050_Angle_getZDegrees       
0000b1d1  MPU6050_Angle_getZRateDps       
000083c5  MPU6050_Angle_initWithProgress  
0000b1dd  MPU6050_Angle_reset             
0000a7bd  MPU6050_Angle_update            
0000ad5d  MotorControl_coast              
0000ae7d  MotorControl_handleEncoderEdge  
0000a939  MotorControl_init               
0000b08d  MotorControl_setTargetRpm       
0000a385  MotorControl_takeStatus         
00007e51  MotorControl_update             
00007e4f  NMI_Handler                     
00007a7d  OLED_Init                       
000088b5  OLED_ShowCalibration            
0000863d  OLED_ShowTask                   
00008145  OLED_ShowTask1Endpoint          
00007e4f  PendSV_Handler                  
00007e4f  RTC_IRQHandler                  
0000b22f  Reset_Handler                   
00007e4f  SPI0_IRQHandler                 
00007e4f  SPI1_IRQHandler                 
00007e4f  SVC_Handler                     
0000966d  SYSCFG_DL_GPIO_init             
0000a9e9  SYSCFG_DL_I2C_MPU6050_init      
0000aa3d  SYSCFG_DL_I2C_OLED_init         
0000a14d  SYSCFG_DL_PWM_MOTOR_AB_init     
0000a1dd  SYSCFG_DL_PWM_MOTOR_CD_init     
0000ab6d  SYSCFG_DL_SYSCTL_init           
0000ae0d  SYSCFG_DL_TIMER_PID_init        
0000a615  SYSCFG_DL_UART_0_init           
0000a81d  SYSCFG_DL_UART_OPENMV_init      
0000abad  SYSCFG_DL_init                  
0000a599  SYSCFG_DL_initPower             
00007e4f  SysTick_Handler                 
00007e4f  TIMA0_IRQHandler                
0000ab29  TIMA1_IRQHandler                
00007e4f  TIMG0_IRQHandler                
00007e4f  TIMG12_IRQHandler               
00007e4f  TIMG6_IRQHandler                
00007e4f  TIMG7_IRQHandler                
00007e4f  TIMG8_IRQHandler                
0000b1e9  TaskManager_getActiveTask       
0000b1f5  TaskManager_getTask1Endpoint    
00009f3d  TaskManager_init                
0000b189  TaskManager_takeStatusPressed   
0000b199  TaskManager_takeStatusReleased  
000097d9  TaskManager_update              
0000a6f5  UART0_IRQHandler                
00007e4f  UART1_IRQHandler                
00007e4f  UART2_IRQHandler                
00007e4f  UART3_IRQHandler                
20208000  __STACK_END                     
00000200  __STACK_SIZE                    
00000000  __TI_ATRegion0_region_sz        
00000000  __TI_ATRegion0_src_addr         
00000000  __TI_ATRegion0_trg_addr         
00000000  __TI_ATRegion1_region_sz        
00000000  __TI_ATRegion1_src_addr         
00000000  __TI_ATRegion1_trg_addr         
00000000  __TI_ATRegion2_region_sz        
00000000  __TI_ATRegion2_src_addr         
00000000  __TI_ATRegion2_trg_addr         
0000bb44  __TI_CINIT_Base                 
0000bb4c  __TI_CINIT_Limit                
0000bb4c  __TI_CINIT_Warm                 
0000bb40  __TI_Handler_Table_Base         
0000bb44  __TI_Handler_Table_Limit        
0000ace5  __TI_auto_init_nobinit_nopinit  
ffffffff  __TI_pprof_out_hndl             
ffffffff  __TI_prof_data_size             
ffffffff  __TI_prof_data_start            
00000000  __TI_static_base__              
0000b1a9  __TI_zero_init                  
00009e6f  __addsf3                        
0000ae45  __aeabi_f2iz                    
00009e6f  __aeabi_fadd                    
0000a8dd  __aeabi_fcmpeq                  
0000a913  __aeabi_fcmpge                  
0000a925  __aeabi_fcmpgt                  
0000a901  __aeabi_fcmple                  
0000a8ef  __aeabi_fcmplt                  
0000a2e3  __aeabi_fcmpun                  
0000a495  __aeabi_fdiv                    
0000a2f9  __aeabi_fmul                    
00009e65  __aeabi_fsub                    
0000ad21  __aeabi_i2f                     
0000a991  __aeabi_idiv                    
0000a40f  __aeabi_idiv0                   
0000a991  __aeabi_idivmod                 
0000aa91  __aeabi_l2f                     
0000a517  __aeabi_ldiv0                   
0000b151  __aeabi_ldivmod                 
0000b0ad  __aeabi_llsl                    
0000b02d  __aeabi_lmul                    
0000b113  __aeabi_memclr                  
0000b113  __aeabi_memclr4                 
0000b113  __aeabi_memclr8                 
0000b20d  __aeabi_memcpy                  
0000b20d  __aeabi_memcpy4                 
0000b20d  __aeabi_memcpy8                 
0000b105  __aeabi_memset                  
0000b105  __aeabi_memset4                 
0000b105  __aeabi_memset8                 
0000afb9  __aeabi_ui2f                    
0000abed  __aeabi_uidiv                   
0000abed  __aeabi_uidivmod                
0000b0ad  __ashldi3                       
ffffffff  __binit__                       
0000a26d  __cmpsf2                        
0000ac6b  __divmoddi4                     
0000a495  __divsf3                        
0000a26d  __eqsf2                         
0000ae45  __fixsfsi                       
0000aa91  __floatdisf                     
0000ad21  __floatsisf                     
0000afb9  __floatunsisf                   
0000a2a7  __gesf2                         
0000a2a7  __gtsf2                         
0000a26d  __lesf2                         
0000a26d  __ltsf2                         
UNDEFED   __mpu_init                      
0000b02d  __muldi3                        
0000ad99  __muldsi3                       
0000a2f9  __mulsf3                        
0000a26d  __nesf2                         
20207e00  __stack                         
20200000  __start___llvm_prf_bits         
20200000  __start___llvm_prf_cnts         
20200000  __stop___llvm_prf_bits          
20200000  __stop___llvm_prf_cnts          
00009e65  __subsf3                        
0000a011  __udivmoddi4                    
0000a2e3  __unordsf2                      
0000af91  _c_int00_noargs                 
UNDEFED   _system_post_cinit              
0000b233  _system_pre_init                
0000b221  abort                           
ffffffff  binit                           
20200000  gPWM_MOTOR_CDBackup             
202000bc  gTIMER_PIDBackup                
00000000  interruptVectors                
000000c1  main                            
0000a0b3  memcpy                          
0000a759  memset                          


GLOBAL SYMBOLS: SORTED BY Symbol Address 

address   name                            
-------   ----                            
00000000  __TI_ATRegion0_region_sz        
00000000  __TI_ATRegion0_src_addr         
00000000  __TI_ATRegion0_trg_addr         
00000000  __TI_ATRegion1_region_sz        
00000000  __TI_ATRegion1_src_addr         
00000000  __TI_ATRegion1_trg_addr         
00000000  __TI_ATRegion2_region_sz        
00000000  __TI_ATRegion2_src_addr         
00000000  __TI_ATRegion2_trg_addr         
00000000  __TI_static_base__              
00000000  interruptVectors                
000000c1  main                            
00000200  __STACK_SIZE                    
00007a7d  OLED_Init                       
00007e4f  ADC0_IRQHandler                 
00007e4f  ADC1_IRQHandler                 
00007e4f  AES_IRQHandler                  
00007e4f  CANFD0_IRQHandler               
00007e4f  DAC0_IRQHandler                 
00007e4f  DMA_IRQHandler                  
00007e4f  Default_Handler                 
00007e4f  GROUP0_IRQHandler               
00007e4f  HardFault_Handler               
00007e4f  I2C0_IRQHandler                 
00007e4f  I2C1_IRQHandler                 
00007e4f  NMI_Handler                     
00007e4f  PendSV_Handler                  
00007e4f  RTC_IRQHandler                  
00007e4f  SPI0_IRQHandler                 
00007e4f  SPI1_IRQHandler                 
00007e4f  SVC_Handler                     
00007e4f  SysTick_Handler                 
00007e4f  TIMA0_IRQHandler                
00007e4f  TIMG0_IRQHandler                
00007e4f  TIMG12_IRQHandler               
00007e4f  TIMG6_IRQHandler                
00007e4f  TIMG7_IRQHandler                
00007e4f  TIMG8_IRQHandler                
00007e4f  UART1_IRQHandler                
00007e4f  UART2_IRQHandler                
00007e4f  UART3_IRQHandler                
00007e51  MotorControl_update             
00008145  OLED_ShowTask1Endpoint          
000083c5  MPU6050_Angle_initWithProgress  
0000863d  OLED_ShowTask                   
000088b5  OLED_ShowCalibration            
00008f9d  AngleTurnControl_update         
00009389  Grayscale_Sensor_ReadAll        
0000966d  SYSCFG_DL_GPIO_init             
000097d9  TaskManager_update              
00009925  CarControl_setMotion            
00009a5d  DL_Timer_initFourCCPWMMode      
00009d69  DL_Timer_initTimerMode          
00009e65  __aeabi_fsub                    
00009e65  __subsf3                        
00009e6f  __addsf3                        
00009e6f  __aeabi_fadd                    
00009f3d  TaskManager_init                
0000a011  __udivmoddi4                    
0000a0b3  memcpy                          
0000a14d  SYSCFG_DL_PWM_MOTOR_AB_init     
0000a1dd  SYSCFG_DL_PWM_MOTOR_CD_init     
0000a26d  __cmpsf2                        
0000a26d  __eqsf2                         
0000a26d  __lesf2                         
0000a26d  __ltsf2                         
0000a26d  __nesf2                         
0000a2a7  __gesf2                         
0000a2a7  __gtsf2                         
0000a2e3  __aeabi_fcmpun                  
0000a2e3  __unordsf2                      
0000a2f9  __aeabi_fmul                    
0000a2f9  __mulsf3                        
0000a385  MotorControl_takeStatus         
0000a40f  __aeabi_idiv0                   
0000a411  AngleTurnControl_start          
0000a495  __aeabi_fdiv                    
0000a495  __divsf3                        
0000a517  __aeabi_ldiv0                   
0000a519  GROUP1_IRQHandler               
0000a599  SYSCFG_DL_initPower             
0000a615  SYSCFG_DL_UART_0_init           
0000a6f5  UART0_IRQHandler                
0000a759  memset                          
0000a7bd  MPU6050_Angle_update            
0000a81d  SYSCFG_DL_UART_OPENMV_init      
0000a87d  DL_I2C_fillControllerTXFIFO     
0000a8dd  __aeabi_fcmpeq                  
0000a8ef  __aeabi_fcmplt                  
0000a901  __aeabi_fcmple                  
0000a913  __aeabi_fcmpge                  
0000a925  __aeabi_fcmpgt                  
0000a939  MotorControl_init               
0000a991  __aeabi_idiv                    
0000a991  __aeabi_idivmod                 
0000a9e9  SYSCFG_DL_I2C_MPU6050_init      
0000aa3d  SYSCFG_DL_I2C_OLED_init         
0000aa91  __aeabi_l2f                     
0000aa91  __floatdisf                     
0000aae1  DL_UART_init                    
0000ab29  TIMA1_IRQHandler                
0000ab6d  SYSCFG_DL_SYSCTL_init           
0000abad  SYSCFG_DL_init                  
0000abed  __aeabi_uidiv                   
0000abed  __aeabi_uidivmod                
0000ac2d  CarControl_init                 
0000ac6b  __divmoddi4                     
0000aca9  DL_I2C_flushControllerTXFIFO    
0000ace5  __TI_auto_init_nobinit_nopinit  
0000ad21  __aeabi_i2f                     
0000ad21  __floatsisf                     
0000ad5d  MotorControl_coast              
0000ad99  __muldsi3                       
0000ae0d  SYSCFG_DL_TIMER_PID_init        
0000ae45  __aeabi_f2iz                    
0000ae45  __fixsfsi                       
0000ae7d  MotorControl_handleEncoderEdge  
0000aeb1  DL_I2C_flushControllerRXFIFO    
0000aee1  DL_UART_transmitDataBlocking    
0000af11  AngleTurnControl_init           
0000af3d  Grayscale_Sensor_Init           
0000af69  CarControl_stop                 
0000af91  _c_int00_noargs                 
0000afb9  __aeabi_ui2f                    
0000afb9  __floatunsisf                   
0000afe1  DL_I2C_setClockConfig           
0000b007  AngleTurnControl_cancel         
0000b02d  __aeabi_lmul                    
0000b02d  __muldi3                        
0000b051  CarControl_coast                
0000b06f  CarControl_emergencyStop        
0000b08d  MotorControl_setTargetRpm       
0000b0ad  __aeabi_llsl                    
0000b0ad  __ashldi3                       
0000b0cd  DL_Timer_setCaptCompUpdateMethod
0000b0e9  DL_Timer_setClockConfig         
0000b105  __aeabi_memset                  
0000b105  __aeabi_memset4                 
0000b105  __aeabi_memset8                 
0000b113  __aeabi_memclr                  
0000b113  __aeabi_memclr4                 
0000b113  __aeabi_memclr8                 
0000b121  DL_Timer_setCaptureCompareOutCtl
0000b151  __aeabi_ldivmod                 
0000b165  DL_UART_setClockConfig          
0000b179  DL_Timer_setCaptureCompareValue 
0000b189  TaskManager_takeStatusPressed   
0000b199  TaskManager_takeStatusReleased  
0000b1a9  __TI_zero_init                  
0000b1b9  MPU6050_Angle_getDeviceId       
0000b1c5  MPU6050_Angle_getZDegrees       
0000b1d1  MPU6050_Angle_getZRateDps       
0000b1dd  MPU6050_Angle_reset             
0000b1e9  TaskManager_getActiveTask       
0000b1f5  TaskManager_getTask1Endpoint    
0000b201  DL_Common_delayCycles           
0000b20d  __aeabi_memcpy                  
0000b20d  __aeabi_memcpy4                 
0000b20d  __aeabi_memcpy8                 
0000b215  AngleTurnControl_isActive       
0000b21b  CarControl_getSpeedRpm          
0000b221  abort                           
0000b227  CarControl_getTurnInnerPercent  
0000b22a  C$$EXIT                         
0000b22b  HOSTexit                        
0000b22f  Reset_Handler                   
0000b233  _system_pre_init                
0000bb40  __TI_Handler_Table_Base         
0000bb44  __TI_CINIT_Base                 
0000bb44  __TI_Handler_Table_Limit        
0000bb4c  __TI_CINIT_Limit                
0000bb4c  __TI_CINIT_Warm                 
20200000  __start___llvm_prf_bits         
20200000  __start___llvm_prf_cnts         
20200000  __stop___llvm_prf_bits          
20200000  __stop___llvm_prf_cnts          
20200000  gPWM_MOTOR_CDBackup             
202000bc  gTIMER_PIDBackup                
20207e00  __stack                         
20208000  __STACK_END                     
ffffffff  __TI_pprof_out_hndl             
ffffffff  __TI_prof_data_size             
ffffffff  __TI_prof_data_start            
ffffffff  __binit__                       
ffffffff  binit                           
UNDEFED   __mpu_init                      
UNDEFED   _system_post_cinit              

[187 symbols]
