******************************************************************************
            TI ARM Clang Linker PC v5.1.1                      
******************************************************************************
>> Linked Wed Jul 29 20:04:24 2026

OUTPUT FILE NAME:   <main.out>
ENTRY POINT SYMBOL: "_c_int00_noargs"  address: 0000cecd


MEMORY CONFIGURATION

         name            origin    length      used     unused   attr    fill
----------------------  --------  ---------  --------  --------  ----  --------
  FLASH                 00000000   00020000  0000e150  00011eb0  R  X
  SRAM                  20200000   00008000  0000088d  00007773  RW X
  BCR_CONFIG            41c00000   000000ff  00000000  000000ff  R   
  BSL_CONFIG            41c00100   00000080  00000000  00000080  R   


SEGMENT ALLOCATION MAP

run origin  load origin   length   init length attrs members
----------  ----------- ---------- ----------- ----- -------
00000000    00000000    0000e150   0000e150    r-x
  00000000    00000000    000000c0   000000c0    r-- .intvecs
  000000c0    000000c0    0000d0e8   0000d0e8    r-x .text
  0000d1a8    0000d1a8    00000f90   00000f90    r-- .rodata
  0000e138    0000e138    00000018   00000018    r-- .cinit
20200000    20200000    0000068d   00000000    rw-
  20200000    20200000    0000068d   00000000    rw- .bss
20207e00    20207e00    00000200   00000000    rw-
  20207e00    20207e00    00000200   00000000    rw- .stack


SECTION ALLOCATION MAP

 output                                  attributes/
section   page    origin      length       input sections
--------  ----  ----------  ----------   ----------------
.intvecs   0    00000000    000000c0     
                  00000000    000000c0     startup_mspm0g350x_ticlang.o (.intvecs)

.text      0    000000c0    0000d0e8     
                  000000c0    00006880     main.o (.text.main)
                  00006940    000008a8     main.o (.text.LineTracking_update)
                  000071e8    00000830     task3_control.o (.text.Task3Control_update)
                  00007a18    000005d4     main.o (.text.UART_reportMotorStatus)
                  00007fec    00000538     task1_control.o (.text.Task1Control_update)
                  00008524    000004e4     oled.o (.text.OLED_ShowTask2Endpoint)
                  00008a08    000004e4     oled.o (.text.OLED_ShowTask3Endpoint)
                  00008eec    00000494     task2_control.o (.text.Task2Control_update)
                  00009380    00000438     main.o (.text.UART_sendVofaMotorChannels)
                  000097b8    000003d2     oled.o (.text.OLED_Init)
                  00009b8a    00000002     startup_mspm0g350x_ticlang.o (.text.Default_Handler)
                  00009b8c    000002f4     motor_control.o (.text.MotorControl_update)
                  00009e80    00000280     oled.o (.text.OLED_ShowTask1Endpoint)
                  0000a100    00000278     mpu6050_angle.o (.text.MPU6050_Angle_initWithProgress)
                  0000a378    00000278     oled.o (.text.OLED_ShowTask)
                  0000a5f0    0000026c     oled.o (.text.OLED_ShowCalibration)
                  0000a85c    00000238     main.o (.text.UART_reportZAngle)
                  0000aa94    000001d4     mpu6050_angle.o (.text.MPU6050_readRegisters)
                  0000ac68    000001b8     task_manager.o (.text.TaskManager_update)
                  0000ae20    000001b0     oled.o (.text.OLED_writeString)
                  0000afd0    00000180     grayscale_sensor.o (.text.Grayscale_Sensor_ReadAll)
                  0000b150    00000160     ti_msp_dl_config.o (.text.SYSCFG_DL_GPIO_init)
                  0000b2b0    00000138     car_control.o (.text.CarControl_setMotion)
                  0000b3e8    00000104     driverlib.a : dl_timer.o (.text.DL_Timer_initFourCCPWMMode)
                  0000b4ec    00000104     mpu6050_angle.o (.text.MPU6050_writeRegister)
                  0000b5f0    00000104     oled.o (.text.OLED_writeByte)
                  0000b6f4    000000fc     driverlib.a : dl_timer.o (.text.DL_Timer_initTimerMode)
                  0000b7f0    000000e8     angle_turn_control.o (.text.AngleTurnControl_update)
                  0000b8d8    000000e4     task_manager.o (.text.TaskManager_init)
                  0000b9bc    000000d8     libclang_rt.builtins.a : addsf3.S.obj (.text)
                  0000ba94    000000b0     main.o (.text.UART1_IRQHandler)
                  0000bb44    000000a2     main.o (.text.Task1_readActiveChannelCount)
                  0000bbe6    00000002     libclang_rt.builtins.a : aeabi_div0.c.obj (.text.__aeabi_idiv0)
                  0000bbe8    000000a2                            : udivmoddi4.S.obj (.text)
                  0000bc8a    0000009a     libc.a : memcpy16.S.obj (.text:memcpy)
                  0000bd24    00000090     ti_msp_dl_config.o (.text.SYSCFG_DL_PWM_MOTOR_AB_init)
                  0000bdb4    00000090     ti_msp_dl_config.o (.text.SYSCFG_DL_PWM_MOTOR_CD_init)
                  0000be44    0000008c     libclang_rt.builtins.a : comparesf2.S.obj (.text)
                  0000bed0    0000008c                            : mulsf3.S.obj (.text)
                  0000bf5c    0000008a     motor_control.o (.text.MotorControl_takeStatus)
                  0000bfe6    00000002     libclang_rt.builtins.a : aeabi_div0.c.obj (.text.__aeabi_ldiv0)
                  0000bfe8    00000088     ti_msp_dl_config.o (.text.SYSCFG_DL_initPower)
                  0000c070    00000084     angle_turn_control.o (.text.AngleTurnControl_start)
                  0000c0f4    00000082     libclang_rt.builtins.a : divsf3.S.obj (.text)
                  0000c176    0000007c     main.o (.text.Task1_readActiveChannelMask)
                  0000c1f2    00000002     --HOLE-- [fill = 0]
                  0000c1f4    00000074     main.o (.text.GROUP1_IRQHandler)
                  0000c268    00000070     ti_msp_dl_config.o (.text.SYSCFG_DL_UART_0_init)
                  0000c2d8    00000070     ti_msp_dl_config.o (.text.SYSCFG_DL_UART_1_init)
                  0000c348    00000070     ti_msp_dl_config.o (.text.SYSCFG_DL_UART_OPENMV_init)
                  0000c3b8    00000064     main.o (.text.UART0_IRQHandler)
                  0000c41c    00000062     libc.a : memset16.S.obj (.text:memset)
                  0000c47e    00000002     --HOLE-- [fill = 0]
                  0000c480    00000060     mpu6050_angle.o (.text.MPU6050_Angle_update)
                  0000c4e0    0000005e     driverlib.a : dl_i2c.o (.text.DL_I2C_fillControllerTXFIFO)
                  0000c53e    00000002     --HOLE-- [fill = 0]
                  0000c540    0000005a     libclang_rt.builtins.a : aeabi_fcmp.S.obj (.text)
                  0000c59a    00000002     --HOLE-- [fill = 0]
                  0000c59c    00000058     motor_control.o (.text.MotorControl_init)
                  0000c5f4    00000056     libclang_rt.builtins.a : aeabi_idivmod.S.obj (.text)
                  0000c64a    00000002     --HOLE-- [fill = 0]
                  0000c64c    00000054     ti_msp_dl_config.o (.text.SYSCFG_DL_I2C_MPU6050_init)
                  0000c6a0    00000054     ti_msp_dl_config.o (.text.SYSCFG_DL_I2C_OLED_init)
                  0000c6f4    00000050     ti_msp_dl_config.o (.text.SYSCFG_DL_init)
                  0000c744    0000004e     libclang_rt.builtins.a : floatdisf.S.obj (.text)
                  0000c792    00000002     --HOLE-- [fill = 0]
                  0000c794    0000004c     main.o (.text.UART3_IRQHandler)
                  0000c7e0    00000048     driverlib.a : dl_uart.o (.text.DL_UART_init)
                  0000c828    00000044     main.o (.text.LineTracking_resetPid)
                  0000c86c    00000044     main.o (.text.TIMA1_IRQHandler)
                  0000c8b0    00000040     ti_msp_dl_config.o (.text.SYSCFG_DL_SYSCTL_init)
                  0000c8f0    00000040     task1_control.o (.text.Task1Control_init)
                  0000c930    00000040     main.o (.text.UART_sendString)
                  0000c970    00000040     libclang_rt.builtins.a : aeabi_uidivmod.S.obj (.text)
                  0000c9b0    0000003e     car_control.o (.text.CarControl_init)
                  0000c9ee    0000003e     libclang_rt.builtins.a : divmoddi4.c.obj (.text.__divmoddi4)
                  0000ca2c    0000003c     driverlib.a : dl_i2c.o (.text.DL_I2C_flushControllerTXFIFO)
                  0000ca68    0000003c     oled.o (.text.OLED_ShowTask2Number)
                  0000caa4    0000003c     oled.o (.text.OLED_ShowTask2Turn)
                  0000cae0    0000003c     oled.o (.text.OLED_ShowTask3Number)
                  0000cb1c    0000003c     oled.o (.text.OLED_ShowTask3Turn)
                  0000cb58    0000003c     task2_control.o (.text.Task2Control_init)
                  0000cb94    0000003c     task3_control.o (.text.Task3Control_init)
                  0000cbd0    0000003c     libc.a : autoinit.c.obj (.text:__TI_auto_init_nobinit_nopinit)
                  0000cc0c    0000003c     libclang_rt.builtins.a : floatsisf.S.obj (.text)
                  0000cc48    0000003a     motor_control.o (.text.MotorControl_coast)
                  0000cc82    00000002     --HOLE-- [fill = 0]
                  0000cc84    0000003a     libclang_rt.builtins.a : muldsi3.S.obj (.text)
                  0000ccbe    00000002     --HOLE-- [fill = 0]
                  0000ccc0    00000038     ti_msp_dl_config.o (.text.SYSCFG_DL_TIMER_PID_init)
                  0000ccf8    00000038     libclang_rt.builtins.a : fixsfsi.S.obj (.text)
                  0000cd30    00000032     motor_control.o (.text.MotorControl_handleEncoderEdge)
                  0000cd62    00000002     --HOLE-- [fill = 0]
                  0000cd64    00000030     driverlib.a : dl_i2c.o (.text.DL_I2C_flushControllerRXFIFO)
                  0000cd94    00000030                 : dl_uart.o (.text.DL_UART_transmitDataBlocking)
                  0000cdc4    00000030     task1_control.o (.text.Task1Control_reset)
                  0000cdf4    0000002c     angle_turn_control.o (.text.AngleTurnControl_init)
                  0000ce20    0000002c     grayscale_sensor.o (.text.Grayscale_Sensor_Init)
                  0000ce4c    0000002c     task2_control.o (.text.Task2Control_reset)
                  0000ce78    0000002c     task3_control.o (.text.Task3Control_reset)
                  0000cea4    00000028     car_control.o (.text.CarControl_stop)
                  0000cecc    00000028     libc.a : boot_cortex_m.c.obj (.text:_c_int00_noargs)
                  0000cef4    00000028     libclang_rt.builtins.a : floatunsisf.S.obj (.text)
                  0000cf1c    00000026     driverlib.a : dl_i2c.o (.text.DL_I2C_setClockConfig)
                  0000cf42    00000024     angle_turn_control.o (.text.AngleTurnControl_cancel)
                  0000cf66    00000002     --HOLE-- [fill = 0]
                  0000cf68    00000024     libclang_rt.builtins.a : muldi3.S.obj (.text)
                  0000cf8c    0000001e     car_control.o (.text.CarControl_coast)
                  0000cfaa    0000001e     car_control.o (.text.CarControl_emergencyStop)
                  0000cfc8    0000001e     motor_control.o (.text.MotorControl_setTargetRpm)
                  0000cfe6    00000002     --HOLE-- [fill = 0]
                  0000cfe8    0000001e     libclang_rt.builtins.a : ashldi3.S.obj (.text)
                  0000d006    00000002     --HOLE-- [fill = 0]
                  0000d008    0000001c     driverlib.a : dl_timer.o (.text.DL_Timer_setCaptCompUpdateMethod)
                  0000d024    0000001c                 : dl_timer.o (.text.DL_Timer_setClockConfig)
                  0000d040    0000001a     libclang_rt.builtins.a : aeabi_memset.S.obj (.text)
                  0000d05a    00000002     --HOLE-- [fill = 0]
                  0000d05c    00000018     driverlib.a : dl_timer.o (.text.DL_Timer_setCaptureCompareOutCtl)
                  0000d074    00000018     main.o (.text.OLED_showCalibrationProgress)
                  0000d08c    00000014     main.o (.text.Task1_lineTrackingSetEnabled)
                  0000d0a0    00000014     libclang_rt.builtins.a : aeabi_ldivmod.S.obj (.text)
                  0000d0b4    00000012     driverlib.a : dl_uart.o (.text.DL_UART_setClockConfig)
                  0000d0c6    00000002     --HOLE-- [fill = 0]
                  0000d0c8    00000010                 : dl_timer.o (.text.DL_Timer_setCaptureCompareValue)
                  0000d0d8    00000010     task_manager.o (.text.TaskManager_takeStatusPressed)
                  0000d0e8    00000010     task_manager.o (.text.TaskManager_takeStatusReleased)
                  0000d0f8    00000010     libc.a : copy_zero_init.c.obj (.text:decompress:ZI)
                  0000d108    0000000c     mpu6050_angle.o (.text.MPU6050_Angle_getDeviceId)
                  0000d114    0000000c     mpu6050_angle.o (.text.MPU6050_Angle_getZDegrees)
                  0000d120    0000000c     mpu6050_angle.o (.text.MPU6050_Angle_reset)
                  0000d12c    0000000c     main.o (.text.Task1_lineTrackingSetSpeed)
                  0000d138    0000000c     task_manager.o (.text.TaskManager_getActiveTask)
                  0000d144    0000000c     task_manager.o (.text.TaskManager_getTask1Endpoint)
                  0000d150    0000000c     task_manager.o (.text.TaskManager_getTask2Endpoint)
                  0000d15c    0000000c     task_manager.o (.text.TaskManager_getTask3Endpoint)
                  0000d168    0000000a     driverlib.a : dl_common.o (.text.DL_Common_delayCycles)
                  0000d172    0000000a     task1_control.o (.text.Task1Control_isActive)
                  0000d17c    00000008     libclang_rt.builtins.a : aeabi_memcpy.S.obj (.text)
                  0000d184    00000006     angle_turn_control.o (.text.AngleTurnControl_isActive)
                  0000d18a    00000006     car_control.o (.text.CarControl_getSpeedRpm)
                  0000d190    00000006     libc.a : exit.c.obj (.text:abort)
                  0000d196    00000004     car_control.o (.text.CarControl_getTurnInnerPercent)
                  0000d19a    00000004     libsysbm.a : hostexit.c.obj (.text.HOSTexit)
                  0000d19e    00000004     startup_mspm0g350x_ticlang.o (.text.Reset_Handler)
                  0000d1a2    00000004     libc.a : pre_init.c.obj (.text._system_pre_init)
                  0000d1a6    00000002     --HOLE-- [fill = 0]

.cinit     0    0000e138    00000018     
                  0000e138    00000008     (.cinit..bss.load) [load image, compression = zero_init]
                  0000e140    00000004     (__TI_handler_table)
                  0000e144    00000008     (__TI_cinit_table)
                  0000e14c    00000004     --HOLE-- [fill = 0]

.rodata    0    0000d1a8    00000f90     
                  0000d1a8    00000050     main.o (.rodata.gMotorAConfig)
                  0000d1f8    00000050     main.o (.rodata.gMotorBConfig)
                  0000d248    00000050     main.o (.rodata.gMotorCConfig)
                  0000d298    00000050     main.o (.rodata.gMotorDConfig)
                  0000d2e8    00000039     main.o (.rodata.str1.17100691992556644108.1)
                  0000d321    00000036     main.o (.rodata.str1.16856034117330037696.1)
                  0000d357    00000036     main.o (.rodata.str1.4237830143243313753.1)
                  0000d38d    00000035     main.o (.rodata.str1.5635195992058134992.1)
                  0000d3c2    00000035     main.o (.rodata.str1.922313780387552641.1)
                  0000d3f7    00000001     --HOLE-- [fill = 0]
                  0000d3f8    00000034     main.o (.rodata..L__const.main.taskIo)
                  0000d42c    00000034     main.o (.rodata.str1.288608917962107522.1)
                  0000d460    00000032     main.o (.rodata.str1.14402440632258215044.1)
                  0000d492    00000031     main.o (.rodata.str1.2256192789054937243.1)
                  0000d4c3    00000031     main.o (.rodata.str1.5456361711443481037.1)
                  0000d4f4    0000002f     main.o (.rodata.str1.3060844030163134499.1)
                  0000d523    0000002f     main.o (.rodata.str1.9582546670787941090.1)
                  0000d552    0000002e     main.o (.rodata.str1.10753028060609409702.1)
                  0000d580    0000002e     main.o (.rodata.str1.8154729771448623357.1)
                  0000d5ae    0000002d     main.o (.rodata.str1.17045314124001216156.1)
                  0000d5db    0000002b     task1_control.o (.rodata.str1.5072012943682014062.1)
                  0000d606    0000002b     task1_control.o (.rodata.str1.7167319297664269649.1)
                  0000d631    0000002b     main.o (.rodata.str1.7190843550371250464.1)
                  0000d65c    00000029     main.o (.rodata.str1.10992214574315303902.1)
                  0000d685    00000029     main.o (.rodata.str1.11822182024223342093.1)
                  0000d6ae    00000029     task1_control.o (.rodata.str1.16573475286117157899.1)
                  0000d6d7    00000028     main.o (.rodata.str1.13080826312907008127.1)
                  0000d6ff    00000028     main.o (.rodata.str1.1311392489248731986.1)
                  0000d727    00000028     task3_control.o (.rodata.str1.17762541261837276227.1)
                  0000d74f    00000028     main.o (.rodata.str1.5630281060179367396.1)
                  0000d777    00000028     main.o (.rodata.str1.6689794204546696417.1)
                  0000d79f    00000028     main.o (.rodata.str1.8739739109796348711.1)
                  0000d7c7    00000027     main.o (.rodata.str1.10313062130652730376.1)
                  0000d7ee    00000027     main.o (.rodata.str1.13782249893155712474.1)
                  0000d815    00000027     main.o (.rodata.str1.5353031162939221829.1)
                  0000d83c    00000027     main.o (.rodata.str1.6891813955777630061.1)
                  0000d863    00000026     main.o (.rodata.str1.10003710380724733530.1)
                  0000d889    00000026     main.o (.rodata.str1.13203255162302409502.1)
                  0000d8af    00000026     task3_control.o (.rodata.str1.18379798598726859586.1)
                  0000d8d5    00000026     main.o (.rodata.str1.5043408953494467246.1)
                  0000d8fb    00000025     task3_control.o (.rodata.str1.10894465688668152876.1)
                  0000d920    00000025     task3_control.o (.rodata.str1.11413199885560925264.1)
                  0000d945    00000025     main.o (.rodata.str1.14032527501195285070.1)
                  0000d96a    00000025     main.o (.rodata.str1.16709704744796600189.1)
                  0000d98f    00000025     main.o (.rodata.str1.729616968063973023.1)
                  0000d9b4    00000025     task2_control.o (.rodata.str1.787478558197861448.1)
                  0000d9d9    00000024     main.o (.rodata.str1.11639152155638730617.1)
                  0000d9fd    00000024     task3_control.o (.rodata.str1.1843960043978944682.1)
                  0000da21    00000024     main.o (.rodata.str1.2597068879322958637.1)
                  0000da45    00000024     main.o (.rodata.str1.3530083166107438000.1)
                  0000da69    00000023     task3_control.o (.rodata.str1.13799171880534650351.1)
                  0000da8c    00000023     main.o (.rodata.str1.18420373917905513025.1)
                  0000daaf    00000022     task1_control.o (.rodata.str1.10712477198116260179.1)
                  0000dad1    00000022     task3_control.o (.rodata.str1.11464780133565186819.1)
                  0000daf3    00000022     task3_control.o (.rodata.str1.13478968704624540161.1)
                  0000db15    00000022     task3_control.o (.rodata.str1.4603985363564379921.1)
                  0000db37    00000022     task3_control.o (.rodata.str1.6077859282985349844.1)
                  0000db59    00000021     task1_control.o (.rodata.str1.5329556652197092282.1)
                  0000db7a    00000021     task1_control.o (.rodata.str1.780947688790857278.1)
                  0000db9b    00000001     --HOLE-- [fill = 0]
                  0000db9c    00000020     main.o (.rodata.gAngleTurnConfig)
                  0000dbbc    00000020     task3_control.o (.rodata.str1.17742943977157018344.1)
                  0000dbdc    00000020     task3_control.o (.rodata.str1.3066080717975895145.1)
                  0000dbfc    00000020     task1_control.o (.rodata.str1.9111940014424574115.1)
                  0000dc1c    0000001f     task3_control.o (.rodata.str1.958059989718987969.1)
                  0000dc3b    0000001e     task3_control.o (.rodata.str1.10714953977156648286.1)
                  0000dc59    0000001d     task3_control.o (.rodata.str1.1530538117983905378.1)
                  0000dc76    0000001d     task1_control.o (.rodata.str1.17703183304565864469.1)
                  0000dc93    0000001d     task1_control.o (.rodata.str1.5673791145989345652.1)
                  0000dcb0    0000001d     task3_control.o (.rodata.str1.9174252252544830677.1)
                  0000dccd    00000003     ti_msp_dl_config.o (.rodata.gPWM_MOTOR_ABClockConfig)
                  0000dcd0    0000001c     main.o (.rodata.gCarConfig)
                  0000dcec    0000001c     task1_control.o (.rodata.str1.11647944105263845624.1)
                  0000dd08    0000001c     task1_control.o (.rodata.str1.13504222442027447956.1)
                  0000dd24    0000001c     task3_control.o (.rodata.str1.13968557383028585213.1)
                  0000dd40    0000001c     task3_control.o (.rodata.str1.4421287429490978571.1)
                  0000dd5c    0000001c     task3_control.o (.rodata.str1.601139265022799329.1)
                  0000dd78    0000001b     task3_control.o (.rodata.str1.4390551223382838700.1)
                  0000dd93    0000001b     task3_control.o (.rodata.str1.6124995119480340558.1)
                  0000ddae    0000001a     task3_control.o (.rodata.str1.10757935120034291889.1)
                  0000ddc8    0000001a     task3_control.o (.rodata.str1.11808787519652951809.1)
                  0000dde2    0000001a     task1_control.o (.rodata.str1.12698551298906023704.1)
                  0000ddfc    0000001a     task1_control.o (.rodata.str1.1301023707294879454.1)
                  0000de16    0000001a     task1_control.o (.rodata.str1.16488425795326280447.1)
                  0000de30    0000001a     task3_control.o (.rodata.str1.18014998611804953487.1)
                  0000de4a    0000001a     task3_control.o (.rodata.str1.4084967515313157478.1)
                  0000de64    0000001a     task1_control.o (.rodata.str1.5073775311335364789.1)
                  0000de7e    00000019     task2_control.o (.rodata.str1.11940043588096350355.1)
                  0000de97    00000019     task1_control.o (.rodata.str1.14105142409552207332.1)
                  0000deb0    00000019     task3_control.o (.rodata.str1.4657032458276037942.1)
                  0000dec9    00000016     task1_control.o (.rodata.str1.18066269245873339749.1)
                  0000dedf    00000016     task2_control.o (.rodata.str1.857297799885851934.1)
                  0000def5    00000015     task2_control.o (.rodata.str1.4061836901473561847.1)
                  0000df0a    00000002     ti_msp_dl_config.o (.rodata.gI2C_MPU6050ClockConfig)
                  0000df0c    00000014     ti_msp_dl_config.o (.rodata.gTIMER_PIDTimerConfig)
                  0000df20    00000014     task1_control.o (.rodata.str1.1119584794306885221.1)
                  0000df34    00000014     task3_control.o (.rodata.str1.12456770628134079107.1)
                  0000df48    00000014     task3_control.o (.rodata.str1.1850700791820965167.1)
                  0000df5c    00000014     task1_control.o (.rodata.str1.887100724783716056.1)
                  0000df70    00000014     task1_control.o (.rodata.str1.9681430095799678388.1)
                  0000df84    00000013     task3_control.o (.rodata.str1.14615866358383963931.1)
                  0000df97    00000013     main.o (.rodata.str1.6976963560179378225.1)
                  0000dfaa    00000013     task1_control.o (.rodata.str1.7414329305395923872.1)
                  0000dfbd    00000013     task2_control.o (.rodata.str1.779357304166587961.1)
                  0000dfd0    00000013     task3_control.o (.rodata.str1.9266434510774515849.1)
                  0000dfe3    00000012     main.o (.rodata.str1.17770841602246103764.1)
                  0000dff5    00000012     task2_control.o (.rodata.str1.4912559704527292690.1)
                  0000e007    00000012     task3_control.o (.rodata.str1.7108331918649983267.1)
                  0000e019    00000011     main.o (.rodata.str1.887240019932590441.1)
                  0000e02a    00000002     ti_msp_dl_config.o (.rodata.gI2C_OLEDClockConfig)
                  0000e02c    00000010     main.o (.rodata..Lswitch.table.main.123)
                  0000e03c    0000000e     main.o (.rodata.str1.15159059442110792349.1)
                  0000e04a    0000000b     oled.o (.rodata.str1.10612175213412870912.1)
                  0000e055    0000000b     oled.o (.rodata.str1.11378841450994995266.1)
                  0000e060    0000000b     main.o (.rodata.str1.13030671760666898970.1)
                  0000e06b    0000000b     main.o (.rodata.str1.403738606202455663.1)
                  0000e076    0000000a     ti_msp_dl_config.o (.rodata.gUART_0Config)
                  0000e080    0000000a     ti_msp_dl_config.o (.rodata.gUART_1Config)
                  0000e08a    0000000a     ti_msp_dl_config.o (.rodata.gUART_OPENMVConfig)
                  0000e094    00000008     main.o (.rodata.cst8)
                  0000e09c    00000008     ti_msp_dl_config.o (.rodata.gPWM_MOTOR_ABConfig)
                  0000e0a4    00000008     ti_msp_dl_config.o (.rodata.gPWM_MOTOR_CDConfig)
                  0000e0ac    00000005     oled.o (.rodata.OLED_getGlyph.A)
                  0000e0b1    00000005     oled.o (.rodata.OLED_getGlyph.C)
                  0000e0b6    00000005     oled.o (.rodata.OLED_getGlyph.D)
                  0000e0bb    00000005     oled.o (.rodata.OLED_getGlyph.E)
                  0000e0c0    00000005     oled.o (.rodata.OLED_getGlyph.K)
                  0000e0c5    00000005     oled.o (.rodata.OLED_getGlyph.L)
                  0000e0ca    00000005     oled.o (.rodata.OLED_getGlyph.N)
                  0000e0cf    00000005     oled.o (.rodata.OLED_getGlyph.O)
                  0000e0d4    00000005     oled.o (.rodata.OLED_getGlyph.R)
                  0000e0d9    00000005     oled.o (.rodata.OLED_getGlyph.S)
                  0000e0de    00000005     oled.o (.rodata.OLED_getGlyph.T)
                  0000e0e3    00000005     oled.o (.rodata.OLED_getGlyph.U)
                  0000e0e8    00000005     oled.o (.rodata.OLED_getGlyph.eight)
                  0000e0ed    00000005     oled.o (.rodata.OLED_getGlyph.five)
                  0000e0f2    00000005     oled.o (.rodata.OLED_getGlyph.four)
                  0000e0f7    00000005     oled.o (.rodata.OLED_getGlyph.nine)
                  0000e0fc    00000005     oled.o (.rodata.OLED_getGlyph.one)
                  0000e101    00000005     oled.o (.rodata.OLED_getGlyph.seven)
                  0000e106    00000005     oled.o (.rodata.OLED_getGlyph.six)
                  0000e10b    00000005     oled.o (.rodata.OLED_getGlyph.space)
                  0000e110    00000005     oled.o (.rodata.OLED_getGlyph.three)
                  0000e115    00000005     oled.o (.rodata.OLED_getGlyph.two)
                  0000e11a    00000005     oled.o (.rodata.OLED_getGlyph.zero)
                  0000e11f    00000004     main.o (.rodata.str1.10720410773482754683.1)
                  0000e123    00000004     main.o (.rodata.str1.10865113624938808685.1)
                  0000e127    00000003     ti_msp_dl_config.o (.rodata.gPWM_MOTOR_CDClockConfig)
                  0000e12a    00000003     ti_msp_dl_config.o (.rodata.gTIMER_PIDClockConfig)
                  0000e12d    00000002     ti_msp_dl_config.o (.rodata.gUART_0ClockConfig)
                  0000e12f    00000002     ti_msp_dl_config.o (.rodata.gUART_1ClockConfig)
                  0000e131    00000002     ti_msp_dl_config.o (.rodata.gUART_OPENMVClockConfig)
                  0000e133    00000005     --HOLE-- [fill = 0]

.init_array 
*          0    00000000    00000000     UNINITIALIZED

.binit     0    00000000    00000000     

.bss       0    20200000    0000068d     UNINITIALIZED
                  20200000    000000bc     (.common:gPWM_MOTOR_CDBackup)
                  202000bc    000000bc     (.common:gTIMER_PIDBackup)
                  20200178    00000080     main.o (.bss.gUart3ForwardRxBuffer)
                  202001f8    00000080     main.o (.bss.gUartCommand)
                  20200278    00000078     main.o (.bss.gMotorA)
                  202002f0    00000078     main.o (.bss.gMotorB)
                  20200368    00000078     main.o (.bss.gMotorC)
                  202003e0    00000078     main.o (.bss.gMotorD)
                  20200458    00000048     main.o (.bss.gTask2Control)
                  202004a0    00000048     main.o (.bss.gTask3Control)
                  202004e8    00000044     main.o (.bss.gTask1Control)
                  2020052c    00000040     main.o (.bss.gOpenMvDebugRxBuffer)
                  2020056c    00000034     main.o (.bss.gAngleTurn)
                  202005a0    00000030     (.common:gUART_1Backup)
                  202005d0    00000020     main.o (.bss.gCar)
                  202005f0    00000010     main.o (.bss.UART_serviceMotorStatus.motorAStatus)
                  20200600    00000010     main.o (.bss.UART_serviceMotorStatus.motorBStatus)
                  20200610    00000010     main.o (.bss.UART_serviceMotorStatus.motorCStatus)
                  20200620    00000010     main.o (.bss.UART_serviceMotorStatus.motorDStatus)
                  20200630    00000008     main.o (.bss.gLineFilteredValues)
                  20200638    00000008     main.o (.bss.gLinePendingCount)
                  20200640    00000008     main.o (.bss.gLinePendingValues)
                  20200648    00000004     mpu6050_angle.o (.bss.gGyroZBiasRaw)
                  2020064c    00000004     main.o (.bss.gLineTrackingIntegral)
                  20200650    00000004     mpu6050_angle.o (.bss.gZAngleDegrees)
                  20200654    00000004     mpu6050_angle.o (.bss.gZRateDps)
                  20200658    00000002     main.o (.bss.gLineTrackingBaseSpeedRpm)
                  2020065a    00000002     main.o (.bss.gLineTrackingLastErr)
                  2020065c    00000001     main.o (.bss.UART_serviceMotorStatus.motorAStatusReady)
                  2020065d    00000001     main.o (.bss.UART_serviceMotorStatus.motorBStatusReady)
                  2020065e    00000001     main.o (.bss.UART_serviceMotorStatus.motorCStatusReady)
                  2020065f    00000001     main.o (.bss.UART_serviceMotorStatus.motorDStatusReady)
                  20200660    00000001     task_manager.o (.bss.gActiveTask)
                  20200661    00000001     mpu6050_angle.o (.bss.gDeviceId)
                  20200662    00000001     main.o (.bss.gGrayscaleStreamDivider)
                  20200663    00000001     main.o (.bss.gGrayscaleStreamEnabled)
                  20200664    00000001     main.o (.bss.gLineFilterReady)
                  20200665    00000001     main.o (.bss.gLineTrackingDebugDivider)
                  20200666    00000001     main.o (.bss.gLineTrackingDebugEnabled)
                  20200667    00000001     main.o (.bss.gLineTrackingEnabled)
                  20200668    00000001     main.o (.bss.gMotorStatusReportOnce)
                  20200669    00000001     main.o (.bss.gMotorStatusStreamEnabled)
                  2020066a    00000001     main.o (.bss.gMpu6050Ready)
                  2020066b    00000001     main.o (.bss.gMpu6050SampleDue)
                  2020066c    00000001     main.o (.bss.gOledReady)
                  2020066d    00000001     task_manager.o (.bss.gOledReady)
                  2020066e    00000001     main.o (.bss.gOpenMvDebugEnabled)
                  2020066f    00000001     main.o (.bss.gOpenMvDebugRxHead)
                  20200670    00000001     main.o (.bss.gOpenMvDebugRxOverflow)
                  20200671    00000001     main.o (.bss.gOpenMvDebugRxTail)
                  20200672    00000001     main.o (.bss.gOpenMvDisplayPending)
                  20200673    00000001     main.o (.bss.gOpenMvLastDisplayed)
                  20200674    00000001     main.o (.bss.gOpenMvLastDisplayedTask)
                  20200675    00000001     main.o (.bss.gOpenMvNumber)
                  20200676    00000001     main.o (.bss.gOpenMvNumberValid)
                  20200677    00000001     main.o (.bss.gOpenMvTask2NumberPending)
                  20200678    00000001     main.o (.bss.gOpenMvTask3NumberPending)
                  20200679    00000001     main.o (.bss.gOpenMvTurnPending)
                  2020067a    00000001     task_manager.o (.bss.gStatusButton.0)
                  2020067b    00000001     task_manager.o (.bss.gStatusButton.1)
                  2020067c    00000001     task_manager.o (.bss.gStatusButton.2)
                  2020067d    00000001     task_manager.o (.bss.gStatusPressPending)
                  2020067e    00000001     task_manager.o (.bss.gStatusReleasePending)
                  2020067f    00000001     task_manager.o (.bss.gTask1Endpoint)
                  20200680    00000001     task_manager.o (.bss.gTask1EndpointButton.0)
                  20200681    00000001     task_manager.o (.bss.gTask1EndpointButton.1)
                  20200682    00000001     task_manager.o (.bss.gTask1EndpointButton.2)
                  20200683    00000001     task_manager.o (.bss.gTask2Endpoint)
                  20200684    00000001     task_manager.o (.bss.gTask3Endpoint)
                  20200685    00000001     task_manager.o (.bss.gTaskButton.0)
                  20200686    00000001     task_manager.o (.bss.gTaskButton.1)
                  20200687    00000001     task_manager.o (.bss.gTaskButton.2)
                  20200688    00000001     main.o (.bss.gUart3ForwardRxHead)
                  20200689    00000001     main.o (.bss.gUart3ForwardRxOverflow)
                  2020068a    00000001     main.o (.bss.gUart3ForwardRxTail)
                  2020068b    00000001     main.o (.bss.gUartCommandLength)
                  2020068c    00000001     main.o (.bss.gUartCommandReady)

.stack     0    20207e00    00000200     UNINITIALIZED
                  20207e00    00000004     libc.a : boot_cortex_m.c.obj (.stack)
                  20207e04    000001fc     --HOLE--

__llvm_prf_cnts 
*          0    20200000    00000000     UNINITIALIZED

__llvm_prf_bits 
*          0    20200000    00000000     UNINITIALIZED

MODULE SUMMARY

       Module                         code    ro data   rw data
       ------                         ----    -------   -------
    .\
       main.o                         33118   2105      1224   
       oled.o                         6306    137       0      
       task3_control.o                2200    905       0      
       task1_control.o                1458    603       0      
       ti_msp_dl_config.o             1480    85        424    
       mpu6050_angle.o                1492    0         13     
       task2_control.o                1276    142       0      
       motor_control.o                1120    0         0      
       task_manager.o                 748     0         16     
       car_control.o                  484     0         0      
       angle_turn_control.o           450     0         0      
       grayscale_sensor.o             428     0         0      
       startup_mspm0g350x_ticlang.o   6       192       0      
    +--+------------------------------+-------+---------+---------+
       Total:                         50566   4169      1677   
                                                               
    E:/ti/ccs2100/mspm0_sdk_2_11_00_07/source/ti/driverlib/lib/ticlang/m0p/mspm0g1x0x_g3x0x/driverlib.a
       dl_timer.o                     608     0         0      
       dl_i2c.o                       240     0         0      
       dl_uart.o                      138     0         0      
       dl_common.o                    10      0         0      
    +--+------------------------------+-------+---------+---------+
       Total:                         996     0         0      
                                                               
    E:\ti\ccs2100\ccs\tools\compiler\ti-cgt-armllvm_5.1.1.LTS\lib\armv6m-ti-none-eabi/c/libc.a
       memcpy16.S.obj                 154     0         0      
       memset16.S.obj                 98      0         0      
       autoinit.c.obj                 60      0         0      
       boot_cortex_m.c.obj            40      0         0      
       copy_zero_init.c.obj           16      0         0      
       exit.c.obj                     6       0         0      
       pre_init.c.obj                 4       0         0      
    +--+------------------------------+-------+---------+---------+
       Total:                         378     0         0      
                                                               
    E:\ti\ccs2100\ccs\tools\compiler\ti-cgt-armllvm_5.1.1.LTS\lib\armv6m-ti-none-eabi/c/libsysbm.a
       hostexit.c.obj                 4       0         0      
    +--+------------------------------+-------+---------+---------+
       Total:                         4       0         0      
                                                               
    E:\ti\ccs2100\ccs\tools\compiler\ti-cgt-armllvm_5.1.1.LTS\lib\armv6m-ti-none-eabi/libclang_rt.builtins.a
       addsf3.S.obj                   216     0         0      
       udivmoddi4.S.obj               162     0         0      
       comparesf2.S.obj               140     0         0      
       mulsf3.S.obj                   140     0         0      
       divsf3.S.obj                   130     0         0      
       aeabi_fcmp.S.obj               90      0         0      
       aeabi_idivmod.S.obj            86      0         0      
       floatdisf.S.obj                78      0         0      
       aeabi_uidivmod.S.obj           64      0         0      
       divmoddi4.c.obj                62      0         0      
       floatsisf.S.obj                60      0         0      
       muldsi3.S.obj                  58      0         0      
       fixsfsi.S.obj                  56      0         0      
       floatunsisf.S.obj              40      0         0      
       muldi3.S.obj                   36      0         0      
       ashldi3.S.obj                  30      0         0      
       aeabi_memset.S.obj             26      0         0      
       aeabi_ldivmod.S.obj            20      0         0      
       aeabi_memcpy.S.obj             8       0         0      
       aeabi_div0.c.obj               4       0         0      
    +--+------------------------------+-------+---------+---------+
       Total:                         1506    0         0      
                                                               
       Stack:                         0       0         512    
       Linker Generated:              0       20        0      
    +--+------------------------------+-------+---------+---------+
       Grand Total:                   53450   4189      2189   


LINKER GENERATED COPY TABLES

__TI_cinit_table @ 0000e144 records: 1, size/record: 8, table size: 8
	.bss: load addr=0000e138, load size=00000008 bytes, run addr=20200000, run size=0000068d bytes, compression=zero_init


LINKER GENERATED HANDLER TABLE

__TI_handler_table @ 0000e140 records: 1, size/record: 4, table size: 4
	index: 0, handler: __TI_zero_init


GLOBAL SYMBOLS: SORTED ALPHABETICALLY BY Name 

address   name                            
-------   ----                            
00009b8b  ADC0_IRQHandler                 
00009b8b  ADC1_IRQHandler                 
00009b8b  AES_IRQHandler                  
0000cf43  AngleTurnControl_cancel         
0000cdf5  AngleTurnControl_init           
0000d185  AngleTurnControl_isActive       
0000c071  AngleTurnControl_start          
0000b7f1  AngleTurnControl_update         
0000d19a  C$$EXIT                         
00009b8b  CANFD0_IRQHandler               
0000cf8d  CarControl_coast                
0000cfab  CarControl_emergencyStop        
0000d18b  CarControl_getSpeedRpm          
0000d197  CarControl_getTurnInnerPercent  
0000c9b1  CarControl_init                 
0000b2b1  CarControl_setMotion            
0000cea5  CarControl_stop                 
00009b8b  DAC0_IRQHandler                 
0000d169  DL_Common_delayCycles           
0000c4e1  DL_I2C_fillControllerTXFIFO     
0000cd65  DL_I2C_flushControllerRXFIFO    
0000ca2d  DL_I2C_flushControllerTXFIFO    
0000cf1d  DL_I2C_setClockConfig           
0000b3e9  DL_Timer_initFourCCPWMMode      
0000b6f5  DL_Timer_initTimerMode          
0000d009  DL_Timer_setCaptCompUpdateMethod
0000d05d  DL_Timer_setCaptureCompareOutCtl
0000d0c9  DL_Timer_setCaptureCompareValue 
0000d025  DL_Timer_setClockConfig         
0000c7e1  DL_UART_init                    
0000d0b5  DL_UART_setClockConfig          
0000cd95  DL_UART_transmitDataBlocking    
00009b8b  DMA_IRQHandler                  
00009b8b  Default_Handler                 
00009b8b  GROUP0_IRQHandler               
0000c1f5  GROUP1_IRQHandler               
0000ce21  Grayscale_Sensor_Init           
0000afd1  Grayscale_Sensor_ReadAll        
0000d19b  HOSTexit                        
00009b8b  HardFault_Handler               
00009b8b  I2C0_IRQHandler                 
00009b8b  I2C1_IRQHandler                 
0000d109  MPU6050_Angle_getDeviceId       
0000d115  MPU6050_Angle_getZDegrees       
0000a101  MPU6050_Angle_initWithProgress  
0000d121  MPU6050_Angle_reset             
0000c481  MPU6050_Angle_update            
0000cc49  MotorControl_coast              
0000cd31  MotorControl_handleEncoderEdge  
0000c59d  MotorControl_init               
0000cfc9  MotorControl_setTargetRpm       
0000bf5d  MotorControl_takeStatus         
00009b8d  MotorControl_update             
00009b8b  NMI_Handler                     
000097b9  OLED_Init                       
0000a5f1  OLED_ShowCalibration            
0000a379  OLED_ShowTask                   
00009e81  OLED_ShowTask1Endpoint          
00008525  OLED_ShowTask2Endpoint          
0000ca69  OLED_ShowTask2Number            
0000caa5  OLED_ShowTask2Turn              
00008a09  OLED_ShowTask3Endpoint          
0000cae1  OLED_ShowTask3Number            
0000cb1d  OLED_ShowTask3Turn              
00009b8b  PendSV_Handler                  
00009b8b  RTC_IRQHandler                  
0000d19f  Reset_Handler                   
00009b8b  SPI0_IRQHandler                 
00009b8b  SPI1_IRQHandler                 
00009b8b  SVC_Handler                     
0000b151  SYSCFG_DL_GPIO_init             
0000c64d  SYSCFG_DL_I2C_MPU6050_init      
0000c6a1  SYSCFG_DL_I2C_OLED_init         
0000bd25  SYSCFG_DL_PWM_MOTOR_AB_init     
0000bdb5  SYSCFG_DL_PWM_MOTOR_CD_init     
0000c8b1  SYSCFG_DL_SYSCTL_init           
0000ccc1  SYSCFG_DL_TIMER_PID_init        
0000c269  SYSCFG_DL_UART_0_init           
0000c2d9  SYSCFG_DL_UART_1_init           
0000c349  SYSCFG_DL_UART_OPENMV_init      
0000c6f5  SYSCFG_DL_init                  
0000bfe9  SYSCFG_DL_initPower             
00009b8b  SysTick_Handler                 
00009b8b  TIMA0_IRQHandler                
0000c86d  TIMA1_IRQHandler                
00009b8b  TIMG0_IRQHandler                
00009b8b  TIMG12_IRQHandler               
00009b8b  TIMG6_IRQHandler                
00009b8b  TIMG7_IRQHandler                
00009b8b  TIMG8_IRQHandler                
0000c8f1  Task1Control_init               
0000d173  Task1Control_isActive           
0000cdc5  Task1Control_reset              
00007fed  Task1Control_update             
0000cb59  Task2Control_init               
0000ce4d  Task2Control_reset              
00008eed  Task2Control_update             
0000cb95  Task3Control_init               
0000ce79  Task3Control_reset              
000071e9  Task3Control_update             
0000d139  TaskManager_getActiveTask       
0000d145  TaskManager_getTask1Endpoint    
0000d151  TaskManager_getTask2Endpoint    
0000d15d  TaskManager_getTask3Endpoint    
0000b8d9  TaskManager_init                
0000d0d9  TaskManager_takeStatusPressed   
0000d0e9  TaskManager_takeStatusReleased  
0000ac69  TaskManager_update              
0000c3b9  UART0_IRQHandler                
0000ba95  UART1_IRQHandler                
00009b8b  UART2_IRQHandler                
0000c795  UART3_IRQHandler                
20208000  __STACK_END                     
00000200  __STACK_SIZE                    
00000000  __TI_ATRegion0_region_sz        
00000000  __TI_ATRegion0_src_addr         
00000000  __TI_ATRegion0_trg_addr         
00000000  __TI_ATRegion1_region_sz        
00000000  __TI_ATRegion1_src_addr         
00000000  __TI_ATRegion1_trg_addr         
00000000  __TI_ATRegion2_region_sz        
00000000  __TI_ATRegion2_src_addr         
00000000  __TI_ATRegion2_trg_addr         
0000e144  __TI_CINIT_Base                 
0000e14c  __TI_CINIT_Limit                
0000e14c  __TI_CINIT_Warm                 
0000e140  __TI_Handler_Table_Base         
0000e144  __TI_Handler_Table_Limit        
0000cbd1  __TI_auto_init_nobinit_nopinit  
ffffffff  __TI_pprof_out_hndl             
ffffffff  __TI_prof_data_size             
ffffffff  __TI_prof_data_start            
00000000  __TI_static_base__              
0000d0f9  __TI_zero_init                  
0000b9c7  __addsf3                        
0000ccf9  __aeabi_f2iz                    
0000b9c7  __aeabi_fadd                    
0000c541  __aeabi_fcmpeq                  
0000c577  __aeabi_fcmpge                  
0000c589  __aeabi_fcmpgt                  
0000c565  __aeabi_fcmple                  
0000c553  __aeabi_fcmplt                  
0000bebb  __aeabi_fcmpun                  
0000c0f5  __aeabi_fdiv                    
0000bed1  __aeabi_fmul                    
0000b9bd  __aeabi_fsub                    
0000cc0d  __aeabi_i2f                     
0000c5f5  __aeabi_idiv                    
0000bbe7  __aeabi_idiv0                   
0000c5f5  __aeabi_idivmod                 
0000c745  __aeabi_l2f                     
0000bfe7  __aeabi_ldiv0                   
0000d0a1  __aeabi_ldivmod                 
0000cfe9  __aeabi_llsl                    
0000cf69  __aeabi_lmul                    
0000d04f  __aeabi_memclr                  
0000d04f  __aeabi_memclr4                 
0000d04f  __aeabi_memclr8                 
0000d17d  __aeabi_memcpy                  
0000d17d  __aeabi_memcpy4                 
0000d17d  __aeabi_memcpy8                 
0000d041  __aeabi_memset                  
0000d041  __aeabi_memset4                 
0000d041  __aeabi_memset8                 
0000cef5  __aeabi_ui2f                    
0000c971  __aeabi_uidiv                   
0000c971  __aeabi_uidivmod                
0000cfe9  __ashldi3                       
ffffffff  __binit__                       
0000be45  __cmpsf2                        
0000c9ef  __divmoddi4                     
0000c0f5  __divsf3                        
0000be45  __eqsf2                         
0000ccf9  __fixsfsi                       
0000c745  __floatdisf                     
0000cc0d  __floatsisf                     
0000cef5  __floatunsisf                   
0000be7f  __gesf2                         
0000be7f  __gtsf2                         
0000be45  __lesf2                         
0000be45  __ltsf2                         
UNDEFED   __mpu_init                      
0000cf69  __muldi3                        
0000cc85  __muldsi3                       
0000bed1  __mulsf3                        
0000be45  __nesf2                         
20207e00  __stack                         
20200000  __start___llvm_prf_bits         
20200000  __start___llvm_prf_cnts         
20200000  __stop___llvm_prf_bits          
20200000  __stop___llvm_prf_cnts          
0000b9bd  __subsf3                        
0000bbe9  __udivmoddi4                    
0000bebb  __unordsf2                      
0000cecd  _c_int00_noargs                 
UNDEFED   _system_post_cinit              
0000d1a3  _system_pre_init                
0000d191  abort                           
ffffffff  binit                           
20200000  gPWM_MOTOR_CDBackup             
202000bc  gTIMER_PIDBackup                
202005a0  gUART_1Backup                   
00000000  interruptVectors                
000000c1  main                            
0000bc8b  memcpy                          
0000c41d  memset                          


GLOBAL SYMBOLS: SORTED BY Symbol Address 

address   name                            
-------   ----                            
00000000  __TI_ATRegion0_region_sz        
00000000  __TI_ATRegion0_src_addr         
00000000  __TI_ATRegion0_trg_addr         
00000000  __TI_ATRegion1_region_sz        
00000000  __TI_ATRegion1_src_addr         
00000000  __TI_ATRegion1_trg_addr         
00000000  __TI_ATRegion2_region_sz        
00000000  __TI_ATRegion2_src_addr         
00000000  __TI_ATRegion2_trg_addr         
00000000  __TI_static_base__              
00000000  interruptVectors                
000000c1  main                            
00000200  __STACK_SIZE                    
000071e9  Task3Control_update             
00007fed  Task1Control_update             
00008525  OLED_ShowTask2Endpoint          
00008a09  OLED_ShowTask3Endpoint          
00008eed  Task2Control_update             
000097b9  OLED_Init                       
00009b8b  ADC0_IRQHandler                 
00009b8b  ADC1_IRQHandler                 
00009b8b  AES_IRQHandler                  
00009b8b  CANFD0_IRQHandler               
00009b8b  DAC0_IRQHandler                 
00009b8b  DMA_IRQHandler                  
00009b8b  Default_Handler                 
00009b8b  GROUP0_IRQHandler               
00009b8b  HardFault_Handler               
00009b8b  I2C0_IRQHandler                 
00009b8b  I2C1_IRQHandler                 
00009b8b  NMI_Handler                     
00009b8b  PendSV_Handler                  
00009b8b  RTC_IRQHandler                  
00009b8b  SPI0_IRQHandler                 
00009b8b  SPI1_IRQHandler                 
00009b8b  SVC_Handler                     
00009b8b  SysTick_Handler                 
00009b8b  TIMA0_IRQHandler                
00009b8b  TIMG0_IRQHandler                
00009b8b  TIMG12_IRQHandler               
00009b8b  TIMG6_IRQHandler                
00009b8b  TIMG7_IRQHandler                
00009b8b  TIMG8_IRQHandler                
00009b8b  UART2_IRQHandler                
00009b8d  MotorControl_update             
00009e81  OLED_ShowTask1Endpoint          
0000a101  MPU6050_Angle_initWithProgress  
0000a379  OLED_ShowTask                   
0000a5f1  OLED_ShowCalibration            
0000ac69  TaskManager_update              
0000afd1  Grayscale_Sensor_ReadAll        
0000b151  SYSCFG_DL_GPIO_init             
0000b2b1  CarControl_setMotion            
0000b3e9  DL_Timer_initFourCCPWMMode      
0000b6f5  DL_Timer_initTimerMode          
0000b7f1  AngleTurnControl_update         
0000b8d9  TaskManager_init                
0000b9bd  __aeabi_fsub                    
0000b9bd  __subsf3                        
0000b9c7  __addsf3                        
0000b9c7  __aeabi_fadd                    
0000ba95  UART1_IRQHandler                
0000bbe7  __aeabi_idiv0                   
0000bbe9  __udivmoddi4                    
0000bc8b  memcpy                          
0000bd25  SYSCFG_DL_PWM_MOTOR_AB_init     
0000bdb5  SYSCFG_DL_PWM_MOTOR_CD_init     
0000be45  __cmpsf2                        
0000be45  __eqsf2                         
0000be45  __lesf2                         
0000be45  __ltsf2                         
0000be45  __nesf2                         
0000be7f  __gesf2                         
0000be7f  __gtsf2                         
0000bebb  __aeabi_fcmpun                  
0000bebb  __unordsf2                      
0000bed1  __aeabi_fmul                    
0000bed1  __mulsf3                        
0000bf5d  MotorControl_takeStatus         
0000bfe7  __aeabi_ldiv0                   
0000bfe9  SYSCFG_DL_initPower             
0000c071  AngleTurnControl_start          
0000c0f5  __aeabi_fdiv                    
0000c0f5  __divsf3                        
0000c1f5  GROUP1_IRQHandler               
0000c269  SYSCFG_DL_UART_0_init           
0000c2d9  SYSCFG_DL_UART_1_init           
0000c349  SYSCFG_DL_UART_OPENMV_init      
0000c3b9  UART0_IRQHandler                
0000c41d  memset                          
0000c481  MPU6050_Angle_update            
0000c4e1  DL_I2C_fillControllerTXFIFO     
0000c541  __aeabi_fcmpeq                  
0000c553  __aeabi_fcmplt                  
0000c565  __aeabi_fcmple                  
0000c577  __aeabi_fcmpge                  
0000c589  __aeabi_fcmpgt                  
0000c59d  MotorControl_init               
0000c5f5  __aeabi_idiv                    
0000c5f5  __aeabi_idivmod                 
0000c64d  SYSCFG_DL_I2C_MPU6050_init      
0000c6a1  SYSCFG_DL_I2C_OLED_init         
0000c6f5  SYSCFG_DL_init                  
0000c745  __aeabi_l2f                     
0000c745  __floatdisf                     
0000c795  UART3_IRQHandler                
0000c7e1  DL_UART_init                    
0000c86d  TIMA1_IRQHandler                
0000c8b1  SYSCFG_DL_SYSCTL_init           
0000c8f1  Task1Control_init               
0000c971  __aeabi_uidiv                   
0000c971  __aeabi_uidivmod                
0000c9b1  CarControl_init                 
0000c9ef  __divmoddi4                     
0000ca2d  DL_I2C_flushControllerTXFIFO    
0000ca69  OLED_ShowTask2Number            
0000caa5  OLED_ShowTask2Turn              
0000cae1  OLED_ShowTask3Number            
0000cb1d  OLED_ShowTask3Turn              
0000cb59  Task2Control_init               
0000cb95  Task3Control_init               
0000cbd1  __TI_auto_init_nobinit_nopinit  
0000cc0d  __aeabi_i2f                     
0000cc0d  __floatsisf                     
0000cc49  MotorControl_coast              
0000cc85  __muldsi3                       
0000ccc1  SYSCFG_DL_TIMER_PID_init        
0000ccf9  __aeabi_f2iz                    
0000ccf9  __fixsfsi                       
0000cd31  MotorControl_handleEncoderEdge  
0000cd65  DL_I2C_flushControllerRXFIFO    
0000cd95  DL_UART_transmitDataBlocking    
0000cdc5  Task1Control_reset              
0000cdf5  AngleTurnControl_init           
0000ce21  Grayscale_Sensor_Init           
0000ce4d  Task2Control_reset              
0000ce79  Task3Control_reset              
0000cea5  CarControl_stop                 
0000cecd  _c_int00_noargs                 
0000cef5  __aeabi_ui2f                    
0000cef5  __floatunsisf                   
0000cf1d  DL_I2C_setClockConfig           
0000cf43  AngleTurnControl_cancel         
0000cf69  __aeabi_lmul                    
0000cf69  __muldi3                        
0000cf8d  CarControl_coast                
0000cfab  CarControl_emergencyStop        
0000cfc9  MotorControl_setTargetRpm       
0000cfe9  __aeabi_llsl                    
0000cfe9  __ashldi3                       
0000d009  DL_Timer_setCaptCompUpdateMethod
0000d025  DL_Timer_setClockConfig         
0000d041  __aeabi_memset                  
0000d041  __aeabi_memset4                 
0000d041  __aeabi_memset8                 
0000d04f  __aeabi_memclr                  
0000d04f  __aeabi_memclr4                 
0000d04f  __aeabi_memclr8                 
0000d05d  DL_Timer_setCaptureCompareOutCtl
0000d0a1  __aeabi_ldivmod                 
0000d0b5  DL_UART_setClockConfig          
0000d0c9  DL_Timer_setCaptureCompareValue 
0000d0d9  TaskManager_takeStatusPressed   
0000d0e9  TaskManager_takeStatusReleased  
0000d0f9  __TI_zero_init                  
0000d109  MPU6050_Angle_getDeviceId       
0000d115  MPU6050_Angle_getZDegrees       
0000d121  MPU6050_Angle_reset             
0000d139  TaskManager_getActiveTask       
0000d145  TaskManager_getTask1Endpoint    
0000d151  TaskManager_getTask2Endpoint    
0000d15d  TaskManager_getTask3Endpoint    
0000d169  DL_Common_delayCycles           
0000d173  Task1Control_isActive           
0000d17d  __aeabi_memcpy                  
0000d17d  __aeabi_memcpy4                 
0000d17d  __aeabi_memcpy8                 
0000d185  AngleTurnControl_isActive       
0000d18b  CarControl_getSpeedRpm          
0000d191  abort                           
0000d197  CarControl_getTurnInnerPercent  
0000d19a  C$$EXIT                         
0000d19b  HOSTexit                        
0000d19f  Reset_Handler                   
0000d1a3  _system_pre_init                
0000e140  __TI_Handler_Table_Base         
0000e144  __TI_CINIT_Base                 
0000e144  __TI_Handler_Table_Limit        
0000e14c  __TI_CINIT_Limit                
0000e14c  __TI_CINIT_Warm                 
20200000  __start___llvm_prf_bits         
20200000  __start___llvm_prf_cnts         
20200000  __stop___llvm_prf_bits          
20200000  __stop___llvm_prf_cnts          
20200000  gPWM_MOTOR_CDBackup             
202000bc  gTIMER_PIDBackup                
202005a0  gUART_1Backup                   
20207e00  __stack                         
20208000  __STACK_END                     
ffffffff  __TI_pprof_out_hndl             
ffffffff  __TI_prof_data_size             
ffffffff  __TI_prof_data_start            
ffffffff  __binit__                       
ffffffff  binit                           
UNDEFED   __mpu_init                      
UNDEFED   _system_post_cinit              

[206 symbols]
