******************************************************************************
            TI ARM Clang Linker PC v5.1.1                      
******************************************************************************
>> Linked Fri Jul 31 21:30:59 2026

OUTPUT FILE NAME:   <main.out>
ENTRY POINT SYMBOL: "_c_int00_noargs"  address: 00009991


MEMORY CONFIGURATION

         name            origin    length      used     unused   attr    fill
----------------------  --------  ---------  --------  --------  ----  --------
  FLASH                 00000000   00020000  0000a6c8  00015938  R  X
  SRAM                  20200000   00008000  0000083e  000077c2  RW X
  BCR_CONFIG            41c00000   000000ff  00000000  000000ff  R   
  BSL_CONFIG            41c00100   00000080  00000000  00000080  R   


SEGMENT ALLOCATION MAP

run origin  load origin   length   init length attrs members
----------  ----------- ---------- ----------- ----- -------
00000000    00000000    0000a6c8   0000a6c8    r-x
  00000000    00000000    000000c0   000000c0    r-- .intvecs
  000000c0    000000c0    00009c20   00009c20    r-x .text
  00009ce0    00009ce0    000009b8   000009b8    r-- .rodata
  0000a698    0000a698    00000030   00000030    r-- .cinit
20200000    20200000    00000641   00000000    rw-
  20200000    20200000    00000625   00000000    rw- .bss
  20200628    20200628    00000019   00000000    rw- .data
20207e00    20207e00    00000200   00000000    rw-
  20207e00    20207e00    00000200   00000000    rw- .stack


SECTION ALLOCATION MAP

 output                                  attributes/
section   page    origin      length       input sections
--------  ----  ----------  ----------   ----------------
.intvecs   0    00000000    000000c0     
                  00000000    000000c0     startup_mspm0g350x_ticlang.o (.intvecs)

.text      0    000000c0    00009c20     
                  000000c0    00005324     main.o (.text.main)
                  000053e4    000005d4     main.o (.text.UART_reportMotorStatus)
                  000059b8    000005b4     line_tracking.o (.text.LineTracking_update)
                  00005f6c    0000056c     oled.o (.text.OLED_ShowStopwatch)
                  000064d8    00000438     main.o (.text.UART_sendVofaMotorChannels)
                  00006910    000003d2     oled.o (.text.OLED_Init)
                  00006ce2    00000002     startup_mspm0g350x_ticlang.o (.text.Default_Handler)
                  00006ce4    0000030c     motor_control.o (.text.MotorControl_update)
                  00006ff0    000002c8     lap_task_control.o (.text.LapTaskControl_update)
                  000072b8    00000280     task_executor.o (.text.TaskExecutor_update)
                  00007538    00000274     oled.o (.text.OLED_ShowTask)
                  000077ac    000001ac     oled.o (.text.OLED_writeString)
                  00007958    0000019c     straight_task_control.o (.text.StraightTaskControl_update)
                  00007af4    00000180     grayscale_sensor.o (.text.Grayscale_Sensor_ReadAll)
                  00007c74    00000160     ti_msp_dl_config.o (.text.SYSCFG_DL_GPIO_init)
                  00007dd4    00000150     straight_task_control.o (.text.StraightTaskControl_start)
                  00007f24    0000013c     car_control.o (.text.CarControl_setMotion)
                  00008060    00000118     lap_task_control.o (.text.LapTaskControl_start)
                  00008178    00000118     task_manager.o (.text.TaskManager_update)
                  00008290    00000104     driverlib.a : dl_timer.o (.text.DL_Timer_initFourCCPWMMode)
                  00008394    00000104     oled.o (.text.OLED_writeByte)
                  00008498    00000100     main.o (.text.UART_sendInt32)
                  00008598    000000fc     driverlib.a : dl_timer.o (.text.DL_Timer_initTimerMode)
                  00008694    000000d8     libclang_rt.builtins.a : addsf3.S.obj (.text)
                  0000876c    000000d4     task_manager.o (.text.TaskManager_init)
                  00008840    000000a2     line_tracking.o (.text.LineTracking_readActiveCount)
                  000088e2    00000002     libclang_rt.builtins.a : aeabi_div0.c.obj (.text.__aeabi_idiv0)
                  000088e4    000000a2                            : udivmoddi4.S.obj (.text)
                  00008986    0000009a     libc.a : memcpy16.S.obj (.text:memcpy)
                  00008a20    00000090     ti_msp_dl_config.o (.text.SYSCFG_DL_PWM_MOTOR_AB_init)
                  00008ab0    00000090     ti_msp_dl_config.o (.text.SYSCFG_DL_PWM_MOTOR_CD_init)
                  00008b40    0000008c     libclang_rt.builtins.a : comparesf2.S.obj (.text)
                  00008bcc    0000008c                            : mulsf3.S.obj (.text)
                  00008c58    0000008a     motor_control.o (.text.MotorControl_takeStatus)
                  00008ce2    00000002     libclang_rt.builtins.a : aeabi_div0.c.obj (.text.__aeabi_ldiv0)
                  00008ce4    00000088     ti_msp_dl_config.o (.text.SYSCFG_DL_initPower)
                  00008d6c    00000082     libclang_rt.builtins.a : divsf3.S.obj (.text)
                  00008dee    00000002     --HOLE-- [fill = 0]
                  00008df0    0000007c     libc.a : copy_decompress_lzss.c.obj (.text:decompress:lzss)
                  00008e6c    00000074     main.o (.text.GROUP1_IRQHandler)
                  00008ee0    00000070     ti_msp_dl_config.o (.text.SYSCFG_DL_UART_0_init)
                  00008f50    00000070     ti_msp_dl_config.o (.text.SYSCFG_DL_UART_1_init)
                  00008fc0    00000070     ti_msp_dl_config.o (.text.SYSCFG_DL_UART_OPENMV_init)
                  00009030    00000070     task_executor.o (.text.TaskExecutor_init)
                  000090a0    00000064     main.o (.text.UART0_IRQHandler)
                  00009104    00000062     libc.a : memset16.S.obj (.text:memset)
                  00009166    0000005e     driverlib.a : dl_i2c.o (.text.DL_I2C_fillControllerTXFIFO)
                  000091c4    0000005a     libclang_rt.builtins.a : aeabi_fcmp.S.obj (.text)
                  0000921e    00000002     --HOLE-- [fill = 0]
                  00009220    00000058     motor_control.o (.text.MotorControl_init)
                  00009278    00000058     main.o (.text.TIMA1_IRQHandler)
                  000092d0    00000058     main.o (.text.UART1_IRQHandler)
                  00009328    00000056     libclang_rt.builtins.a : aeabi_idivmod.S.obj (.text)
                  0000937e    00000002     --HOLE-- [fill = 0]
                  00009380    00000054     ti_msp_dl_config.o (.text.SYSCFG_DL_I2C_MPU6050_init)
                  000093d4    00000054     ti_msp_dl_config.o (.text.SYSCFG_DL_I2C_OLED_init)
                  00009428    00000050     ti_msp_dl_config.o (.text.SYSCFG_DL_init)
                  00009478    0000004c     lap_task_control.o (.text.LapTaskControl_init)
                  000094c4    0000004c     main.o (.text.UART3_IRQHandler)
                  00009510    00000048     driverlib.a : dl_uart.o (.text.DL_UART_init)
                  00009558    00000042     car_control.o (.text.CarControl_init)
                  0000959a    00000042     lap_task_control.o (.text.LapTaskControl_reset)
                  000095dc    00000040     ti_msp_dl_config.o (.text.SYSCFG_DL_SYSCTL_init)
                  0000961c    00000040     main.o (.text.UART_sendString)
                  0000965c    00000040     libclang_rt.builtins.a : aeabi_uidivmod.S.obj (.text)
                  0000969c    0000003e                            : divmoddi4.c.obj (.text.__divmoddi4)
                  000096da    00000002     --HOLE-- [fill = 0]
                  000096dc    0000003c     driverlib.a : dl_i2c.o (.text.DL_I2C_flushControllerTXFIFO)
                  00009718    0000003c     libc.a : autoinit.c.obj (.text:__TI_auto_init_nobinit_nopinit)
                  00009754    0000003c     libclang_rt.builtins.a : floatsisf.S.obj (.text)
                  00009790    0000003a     motor_control.o (.text.MotorControl_coast)
                  000097ca    00000002     --HOLE-- [fill = 0]
                  000097cc    0000003a     libclang_rt.builtins.a : muldsi3.S.obj (.text)
                  00009806    00000002     --HOLE-- [fill = 0]
                  00009808    00000038     ti_msp_dl_config.o (.text.SYSCFG_DL_TIMER_PID_init)
                  00009840    00000038     libclang_rt.builtins.a : fixsfsi.S.obj (.text)
                  00009878    00000032     motor_control.o (.text.MotorControl_handleEncoderEdge)
                  000098aa    00000002     --HOLE-- [fill = 0]
                  000098ac    00000030     driverlib.a : dl_uart.o (.text.DL_UART_transmitDataBlocking)
                  000098dc    00000030     stopwatch.o (.text.Stopwatch_getCurrentMs)
                  0000990c    00000030     straight_task_control.o (.text.StraightTaskControl_init)
                  0000993c    0000002c     grayscale_sensor.o (.text.Grayscale_Sensor_Init)
                  00009968    00000028     car_control.o (.text.CarControl_stop)
                  00009990    00000028     libc.a : boot_cortex_m.c.obj (.text:_c_int00_noargs)
                  000099b8    00000028     libclang_rt.builtins.a : floatunsisf.S.obj (.text)
                  000099e0    00000026     driverlib.a : dl_i2c.o (.text.DL_I2C_setClockConfig)
                  00009a06    00000026     straight_task_control.o (.text.StraightTaskControl_reset)
                  00009a2c    00000026     task_executor.o (.text.TaskExecutor_reset)
                  00009a52    00000002     --HOLE-- [fill = 0]
                  00009a54    00000024     libclang_rt.builtins.a : muldi3.S.obj (.text)
                  00009a78    00000022     task_executor.o (.text.TaskExecutor_isRunning)
                  00009a9a    00000002     --HOLE-- [fill = 0]
                  00009a9c    00000020     stopwatch.o (.text.Stopwatch_start)
                  00009abc    00000020     stopwatch.o (.text.Stopwatch_stop)
                  00009adc    0000001e     car_control.o (.text.CarControl_emergencyStop)
                  00009afa    0000001e     line_tracking.o (.text.LineTracking_init)
                  00009b18    0000001e     motor_control.o (.text.MotorControl_setTargetRpm)
                  00009b36    00000002     --HOLE-- [fill = 0]
                  00009b38    0000001e     libclang_rt.builtins.a : ashldi3.S.obj (.text)
                  00009b56    00000002     --HOLE-- [fill = 0]
                  00009b58    0000001c     driverlib.a : dl_timer.o (.text.DL_Timer_setCaptCompUpdateMethod)
                  00009b74    0000001c                 : dl_timer.o (.text.DL_Timer_setClockConfig)
                  00009b90    0000001a     libclang_rt.builtins.a : aeabi_memset.S.obj (.text)
                  00009baa    00000002     --HOLE-- [fill = 0]
                  00009bac    00000018     driverlib.a : dl_timer.o (.text.DL_Timer_setCaptureCompareOutCtl)
                  00009bc4    00000014     libclang_rt.builtins.a : aeabi_ldivmod.S.obj (.text)
                  00009bd8    00000014                            : aeabi_uldivmod.S.obj (.text)
                  00009bec    00000012     driverlib.a : dl_uart.o (.text.DL_UART_setClockConfig)
                  00009bfe    00000012     lap_task_control.o (.text.LapTaskControl_isRunning)
                  00009c10    00000012     libc.a : copy_decompress_none.c.obj (.text:decompress:none)
                  00009c22    00000002     --HOLE-- [fill = 0]
                  00009c24    00000010     driverlib.a : dl_timer.o (.text.DL_Timer_setCaptureCompareValue)
                  00009c34    00000010     line_tracking.o (.text.LineTracking_reset)
                  00009c44    00000010     straight_task_control.o (.text.StraightTaskControl_isRunning)
                  00009c54    00000010     task_manager.o (.text.TaskManager_taskStartPressed)
                  00009c64    00000010     libc.a : copy_zero_init.c.obj (.text:decompress:ZI)
                  00009c74    0000000c     stopwatch.o (.text.Stopwatch_isEnabled)
                  00009c80    0000000c     task_manager.o (.text.TaskManager_getActiveTask)
                  00009c8c    0000000a     driverlib.a : dl_common.o (.text.DL_Common_delayCycles)
                  00009c96    00000008     line_tracking.o (.text.LineTracking_setLostLineRecoveryRpmOffset)
                  00009c9e    00000002     --HOLE-- [fill = 0]
                  00009ca0    00000008     libclang_rt.builtins.a : aeabi_memcpy.S.obj (.text)
                  00009ca8    00000006     car_control.o (.text.CarControl_getSpeedRpm)
                  00009cae    00000006     car_control.o (.text.CarControl_getTurnInnerPercent)
                  00009cb4    00000006     line_tracking.o (.text.LineTracking_getSpeed)
                  00009cba    00000006     libc.a : exit.c.obj (.text:abort)
                  00009cc0    00000004     car_control.o (.text.CarControl_getMotion)
                  00009cc4    00000004     libsysbm.a : hostexit.c.obj (.text.HOSTexit)
                  00009cc8    00000004     line_tracking.o (.text.LineTracking_isEnabled)
                  00009ccc    00000004     line_tracking.o (.text.LineTracking_setDebugEnabled)
                  00009cd0    00000004     line_tracking.o (.text.LineTracking_setEnabled)
                  00009cd4    00000004     line_tracking.o (.text.LineTracking_setSpeed)
                  00009cd8    00000004     startup_mspm0g350x_ticlang.o (.text.Reset_Handler)
                  00009cdc    00000004     libc.a : pre_init.c.obj (.text._system_pre_init)

.cinit     0    0000a698    00000030     
                  0000a698    0000000c     (__TI_handler_table)
                  0000a6a4    00000008     (.cinit..bss.load) [load image, compression = zero_init]
                  0000a6ac    00000008     (.cinit..data.load) [load image, compression = lzss]
                  0000a6b4    00000010     (__TI_cinit_table)
                  0000a6c4    00000004     --HOLE-- [fill = 0]

.rodata    0    00009ce0    000009b8     
                  00009ce0    00000050     main.o (.rodata.gMotorAConfig)
                  00009d30    00000050     main.o (.rodata.gMotorBConfig)
                  00009d80    00000050     main.o (.rodata.gMotorCConfig)
                  00009dd0    00000050     main.o (.rodata.gMotorDConfig)
                  00009e20    00000036     main.o (.rodata.str1.1928638051441818890.1)
                  00009e56    00000036     main.o (.rodata.str1.2624144126699937905.1)
                  00009e8c    00000035     main.o (.rodata.str1.2255554096259913709.1)
                  00009ec1    00000035     main.o (.rodata.str1.6689794204546696417.1)
                  00009ef6    00000034     main.o (.rodata.str1.17100691992556644108.1)
                  00009f2a    00000031     main.o (.rodata.str1.13030671760666898970.1)
                  00009f5b    00000031     main.o (.rodata.str1.2256192789054937243.1)
                  00009f8c    0000002f     main.o (.rodata.str1.10003710380724733530.1)
                  00009fbb    0000002f     main.o (.rodata.str1.4829115146054326934.1)
                  00009fea    0000002e     main.o (.rodata.str1.403738606202455663.1)
                  0000a018    0000002e     main.o (.rodata.str1.8154729771448623357.1)
                  0000a046    0000002d     main.o (.rodata.str1.10635229749459437609.1)
                  0000a073    0000002b     main.o (.rodata.str1.10753028060609409702.1)
                  0000a09e    00000029     task_executor.o (.rodata.str1.5714534095577331432.1)
                  0000a0c7    00000028     main.o (.rodata.str1.10313062130652730376.1)
                  0000a0ef    00000028     main.o (.rodata.str1.11321157723316767883.1)
                  0000a117    00000028     main.o (.rodata.str1.12462885530404721960.1)
                  0000a13f    00000028     main.o (.rodata.str1.13959864503700487862.1)
                  0000a167    00000028     main.o (.rodata.str1.17770841602246103764.1)
                  0000a18f    00000027     main.o (.rodata.str1.11777244287787065045.1)
                  0000a1b6    00000027     main.o (.rodata.str1.14402440632258215044.1)
                  0000a1dd    00000027     main.o (.rodata.str1.15996357275703397564.1)
                  0000a204    00000027     main.o (.rodata.str1.2123964117280943167.1)
                  0000a22b    00000026     main.o (.rodata.str1.16631870348416990953.1)
                  0000a251    00000026     main.o (.rodata.str1.16856034117330037696.1)
                  0000a277    00000026     straight_task_control.o (.rodata.str1.446793766109262494.1)
                  0000a29d    00000026     main.o (.rodata.str1.6976963560179378225.1)
                  0000a2c3    00000025     main.o (.rodata.str1.2563708670032483588.1)
                  0000a2e8    00000025     lap_task_control.o (.rodata.str1.6200913312131411637.1)
                  0000a30d    00000025     main.o (.rodata.str1.625103348304617710.1)
                  0000a332    00000025     main.o (.rodata.str1.8320541211001259012.1)
                  0000a357    00000024     main.o (.rodata.str1.18092426736022315238.1)
                  0000a37b    00000024     main.o (.rodata.str1.2763581881760962609.1)
                  0000a39f    00000023     main.o (.rodata.str1.489408286258209761.1)
                  0000a3c2    00000022     task_executor.o (.rodata.str1.240158867509335437.1)
                  0000a3e4    00000021     lap_task_control.o (.rodata.str1.2413759701585431130.1)
                  0000a405    0000001e     straight_task_control.o (.rodata.str1.5111848593538277940.1)
                  0000a423    00000001     --HOLE-- [fill = 0]
                  0000a424    0000001c     main.o (.rodata.gCarConfig)
                  0000a440    0000001a     task_executor.o (.rodata.str1.1157049911250168747.1)
                  0000a45a    00000019     lap_task_control.o (.rodata.str1.14284397962649984076.1)
                  0000a473    00000001     --HOLE-- [fill = 0]
                  0000a474    00000018     task_profiles.o (.rodata.gLapTask2Profile)
                  0000a48c    00000018     task_profiles.o (.rodata.gLapTask5Profile)
                  0000a4a4    00000018     task_profiles.o (.rodata.gLapTask6Profile)
                  0000a4bc    00000018     straight_task_control.o (.rodata.str1.7040808863327155277.1)
                  0000a4d4    00000017     task_executor.o (.rodata.str1.13736124676361268097.1)
                  0000a4eb    00000015     straight_task_control.o (.rodata.str1.7716800775287680474.1)
                  0000a500    00000014     ti_msp_dl_config.o (.rodata.gTIMER_PIDTimerConfig)
                  0000a514    00000013     lap_task_control.o (.rodata.str1.5950128082404191651.1)
                  0000a527    00000013     main.o (.rodata.str1.8096991282711418442.1)
                  0000a53a    00000012     task_profiles.o (.rodata.gStraightTask4Profile)
                  0000a54c    00000012     main.o (.rodata.str1.7996925722583989644.1)
                  0000a55e    00000011     main.o (.rodata.str1.887240019932590441.1)
                  0000a56f    00000001     --HOLE-- [fill = 0]
                  0000a570    00000010     main.o (.rodata..Lswitch.table.main.96)
                  0000a580    00000010     lap_task_control.o (.rodata.str1.4144015826523412668.1)
                  0000a590    0000000e     main.o (.rodata.str1.15159059442110792349.1)
                  0000a59e    0000000e     lap_task_control.o (.rodata.str1.15839785750238877193.1)
                  0000a5ac    0000000c     main.o (.rodata..L__const.main.lineTrackingConfig)
                  0000a5b8    0000000b     main.o (.rodata.str1.16302215771116645891.1)
                  0000a5c3    0000000b     main.o (.rodata.str1.7784929982665794503.1)
                  0000a5ce    0000000a     ti_msp_dl_config.o (.rodata.gUART_0Config)
                  0000a5d8    0000000a     ti_msp_dl_config.o (.rodata.gUART_1Config)
                  0000a5e2    0000000a     ti_msp_dl_config.o (.rodata.gUART_OPENMVConfig)
                  0000a5ec    00000008     main.o (.rodata.cst8)
                  0000a5f4    00000008     ti_msp_dl_config.o (.rodata.gPWM_MOTOR_ABConfig)
                  0000a5fc    00000008     ti_msp_dl_config.o (.rodata.gPWM_MOTOR_CDConfig)
                  0000a604    00000006     line_tracking.o (.rodata.str1.11697046603888022051.1)
                  0000a60a    00000005     oled.o (.rodata.OLED_getGlyph.A)
                  0000a60f    00000005     oled.o (.rodata.OLED_getGlyph.C)
                  0000a614    00000005     oled.o (.rodata.OLED_getGlyph.D)
                  0000a619    00000005     oled.o (.rodata.OLED_getGlyph.E)
                  0000a61e    00000005     oled.o (.rodata.OLED_getGlyph.K)
                  0000a623    00000005     oled.o (.rodata.OLED_getGlyph.L)
                  0000a628    00000005     oled.o (.rodata.OLED_getGlyph.N)
                  0000a62d    00000005     oled.o (.rodata.OLED_getGlyph.O)
                  0000a632    00000005     oled.o (.rodata.OLED_getGlyph.R)
                  0000a637    00000005     oled.o (.rodata.OLED_getGlyph.S)
                  0000a63c    00000005     oled.o (.rodata.OLED_getGlyph.T)
                  0000a641    00000005     oled.o (.rodata.OLED_getGlyph.U)
                  0000a646    00000005     oled.o (.rodata.OLED_getGlyph.eight)
                  0000a64b    00000005     oled.o (.rodata.OLED_getGlyph.five)
                  0000a650    00000005     oled.o (.rodata.OLED_getGlyph.four)
                  0000a655    00000005     oled.o (.rodata.OLED_getGlyph.nine)
                  0000a65a    00000005     oled.o (.rodata.OLED_getGlyph.one)
                  0000a65f    00000005     oled.o (.rodata.OLED_getGlyph.seven)
                  0000a664    00000005     oled.o (.rodata.OLED_getGlyph.six)
                  0000a669    00000005     oled.o (.rodata.OLED_getGlyph.space)
                  0000a66e    00000005     oled.o (.rodata.OLED_getGlyph.three)
                  0000a673    00000005     oled.o (.rodata.OLED_getGlyph.two)
                  0000a678    00000005     oled.o (.rodata.OLED_getGlyph.zero)
                  0000a67d    00000003     ti_msp_dl_config.o (.rodata.gPWM_MOTOR_ABClockConfig)
                  0000a680    00000003     ti_msp_dl_config.o (.rodata.gPWM_MOTOR_CDClockConfig)
                  0000a683    00000003     ti_msp_dl_config.o (.rodata.gTIMER_PIDClockConfig)
                  0000a686    00000003     line_tracking.o (.rodata.str1.1693154617505176771.1)
                  0000a689    00000002     ti_msp_dl_config.o (.rodata.gI2C_MPU6050ClockConfig)
                  0000a68b    00000002     ti_msp_dl_config.o (.rodata.gI2C_OLEDClockConfig)
                  0000a68d    00000002     ti_msp_dl_config.o (.rodata.gUART_0ClockConfig)
                  0000a68f    00000002     ti_msp_dl_config.o (.rodata.gUART_1ClockConfig)
                  0000a691    00000002     ti_msp_dl_config.o (.rodata.gUART_OPENMVClockConfig)
                  0000a693    00000002     line_tracking.o (.rodata.str1.5293172173144075206.1)
                  0000a695    00000003     --HOLE-- [fill = 0]

.init_array 
*          0    00000000    00000000     UNINITIALIZED

.binit     0    00000000    00000000     

.bss       0    20200000    00000625     UNINITIALIZED
                  20200000    000000bc     (.common:gPWM_MOTOR_CDBackup)
                  202000bc    000000bc     (.common:gTIMER_PIDBackup)
                  20200178    000000a0     main.o (.bss.gTaskExecutor)
                  20200218    00000080     main.o (.bss.gUart3ForwardRxBuffer)
                  20200298    00000080     main.o (.bss.gUartCommand)
                  20200318    00000078     main.o (.bss.gMotorA)
                  20200390    00000078     main.o (.bss.gMotorB)
                  20200408    00000078     main.o (.bss.gMotorC)
                  20200480    00000078     main.o (.bss.gMotorD)
                  202004f8    00000040     main.o (.bss.gOpenMvDebugRxBuffer)
                  20200538    00000038     main.o (.bss.gLineTracking)
                  20200570    00000030     (.common:gUART_1Backup)
                  202005a0    00000024     main.o (.bss.gCar)
                  202005c4    00000010     main.o (.bss.UART_serviceMotorStatus.motorAStatus)
                  202005d4    00000010     main.o (.bss.UART_serviceMotorStatus.motorBStatus)
                  202005e4    00000010     main.o (.bss.UART_serviceMotorStatus.motorCStatus)
                  202005f4    00000010     main.o (.bss.UART_serviceMotorStatus.motorDStatus)
                  20200604    00000001     main.o (.bss.UART_serviceMotorStatus.motorAStatusReady)
                  20200605    00000001     main.o (.bss.UART_serviceMotorStatus.motorBStatusReady)
                  20200606    00000001     main.o (.bss.UART_serviceMotorStatus.motorCStatusReady)
                  20200607    00000001     main.o (.bss.UART_serviceMotorStatus.motorDStatusReady)
                  20200608    00000001     task_manager.o (.bss.gActiveTask)
                  20200609    00000001     main.o (.bss.gControlSampleDue)
                  2020060a    00000001     main.o (.bss.gGrayscaleStreamDivider)
                  2020060b    00000001     main.o (.bss.gGrayscaleStreamEnabled)
                  2020060c    00000001     main.o (.bss.gMotorStatusReportOnce)
                  2020060d    00000001     main.o (.bss.gMotorStatusStreamEnabled)
                  2020060e    00000001     main.o (.bss.gOledReady)
                  2020060f    00000001     task_manager.o (.bss.gOledReady)
                  20200610    00000001     main.o (.bss.gOpenMvDebugEnabled)
                  20200611    00000001     main.o (.bss.gOpenMvDebugRxHead)
                  20200612    00000001     main.o (.bss.gOpenMvDebugRxOverflow)
                  20200613    00000001     main.o (.bss.gOpenMvDebugRxTail)
                  20200614    00000001     task_manager.o (.bss.gStatusButton.0)
                  20200615    00000001     task_manager.o (.bss.gStatusButton.1)
                  20200616    00000001     task_manager.o (.bss.gStatusButton.2)
                  20200617    00000001     task_manager.o (.bss.gStatusPressPending)
                  20200618    00000001     task_manager.o (.bss.gStatusReleasePending)
                  20200619    00000001     task_manager.o (.bss.gTaskButton.0)
                  2020061a    00000001     task_manager.o (.bss.gTaskButton.1)
                  2020061b    00000001     task_manager.o (.bss.gTaskButton.2)
                  2020061c    00000001     task_manager.o (.bss.gTaskStartButton.0)
                  2020061d    00000001     task_manager.o (.bss.gTaskStartButton.1)
                  2020061e    00000001     task_manager.o (.bss.gTaskStartButton.2)
                  2020061f    00000001     task_manager.o (.bss.gTaskStartPressPending)
                  20200620    00000001     main.o (.bss.gUart3ForwardRxHead)
                  20200621    00000001     main.o (.bss.gUart3ForwardRxOverflow)
                  20200622    00000001     main.o (.bss.gUart3ForwardRxTail)
                  20200623    00000001     main.o (.bss.gUartCommandLength)
                  20200624    00000001     main.o (.bss.gUartCommandReady)

.data      0    20200628    00000019     UNINITIALIZED
                  20200628    00000008     stopwatch.o (.data.startSystick)
                  20200630    00000008     stopwatch.o (.data.stopSystick)
                  20200638    00000008     main.o (.data.systick_ms)
                  20200640    00000001     stopwatch.o (.data.isEnabled)

.stack     0    20207e00    00000200     UNINITIALIZED
                  20207e00    00000004     libc.a : boot_cortex_m.c.obj (.stack)
                  20207e04    000001fc     --HOLE--

__llvm_prf_cnts 
*          0    20200000    00000000     UNINITIALIZED

__llvm_prf_bits 
*          0    20200000    00000000     UNINITIALIZED

MODULE SUMMARY

       Module                         code    ro data   rw data
       ------                         ----    -------   -------
    .\
       main.o                         24644   1800      1143   
       oled.o                         3682    115       0      
       ti_msp_dl_config.o             1480    85        424    
       line_tracking.o                1698    11        0      
       lap_task_control.o             1152    144       0      
       motor_control.o                1144    0         0      
       straight_task_control.o        850     113       0      
       task_executor.o                824     124       0      
       task_manager.o                 520     0         14     
       car_control.o                  468     0         0      
       grayscale_sensor.o             428     0         0      
       startup_mspm0g350x_ticlang.o   6       192       0      
       stopwatch.o                    124     0         17     
       task_profiles.o                0       90        0      
    +--+------------------------------+-------+---------+---------+
       Total:                         37020   2674      1598   
                                                               
    E:/ti/ccs2100/mspm0_sdk_2_11_00_07/source/ti/driverlib/lib/ticlang/m0p/mspm0g1x0x_g3x0x/driverlib.a
       dl_timer.o                     608     0         0      
       dl_i2c.o                       192     0         0      
       dl_uart.o                      138     0         0      
       dl_common.o                    10      0         0      
    +--+------------------------------+-------+---------+---------+
       Total:                         948     0         0      
                                                               
    E:\ti\ccs2100\ccs\tools\compiler\ti-cgt-armllvm_5.1.1.LTS\lib\armv6m-ti-none-eabi/c/libc.a
       memcpy16.S.obj                 154     0         0      
       copy_decompress_lzss.c.obj     124     0         0      
       memset16.S.obj                 98      0         0      
       autoinit.c.obj                 60      0         0      
       boot_cortex_m.c.obj            40      0         0      
       copy_decompress_none.c.obj     18      0         0      
       copy_zero_init.c.obj           16      0         0      
       exit.c.obj                     6       0         0      
       pre_init.c.obj                 4       0         0      
    +--+------------------------------+-------+---------+---------+
       Total:                         520     0         0      
                                                               
    E:\ti\ccs2100\ccs\tools\compiler\ti-cgt-armllvm_5.1.1.LTS\lib\armv6m-ti-none-eabi/c/libsysbm.a
       hostexit.c.obj                 4       0         0      
    +--+------------------------------+-------+---------+---------+
       Total:                         4       0         0      
                                                               
    E:\ti\ccs2100\ccs\tools\compiler\ti-cgt-armllvm_5.1.1.LTS\lib\armv6m-ti-none-eabi/libclang_rt.builtins.a
       addsf3.S.obj                   216     0         0      
       udivmoddi4.S.obj               162     0         0      
       comparesf2.S.obj               140     0         0      
       mulsf3.S.obj                   140     0         0      
       divsf3.S.obj                   130     0         0      
       aeabi_fcmp.S.obj               90      0         0      
       aeabi_idivmod.S.obj            86      0         0      
       aeabi_uidivmod.S.obj           64      0         0      
       divmoddi4.c.obj                62      0         0      
       floatsisf.S.obj                60      0         0      
       muldsi3.S.obj                  58      0         0      
       fixsfsi.S.obj                  56      0         0      
       floatunsisf.S.obj              40      0         0      
       muldi3.S.obj                   36      0         0      
       ashldi3.S.obj                  30      0         0      
       aeabi_memset.S.obj             26      0         0      
       aeabi_ldivmod.S.obj            20      0         0      
       aeabi_uldivmod.S.obj           20      0         0      
       aeabi_memcpy.S.obj             8       0         0      
       aeabi_div0.c.obj               4       0         0      
    +--+------------------------------+-------+---------+---------+
       Total:                         1448    0         0      
                                                               
       Stack:                         0       0         512    
       Linker Generated:              0       44        0      
    +--+------------------------------+-------+---------+---------+
       Grand Total:                   39940   2718      2110   


LINKER GENERATED COPY TABLES

__TI_cinit_table @ 0000a6b4 records: 2, size/record: 8, table size: 16
	.bss: load addr=0000a6a4, load size=00000008 bytes, run addr=20200000, run size=00000625 bytes, compression=zero_init
	.data: load addr=0000a6ac, load size=00000008 bytes, run addr=20200628, run size=00000019 bytes, compression=lzss


LINKER GENERATED HANDLER TABLE

__TI_handler_table @ 0000a698 records: 3, size/record: 4, table size: 12
	index: 0, handler: __TI_decompress_lzss
	index: 1, handler: __TI_decompress_none
	index: 2, handler: __TI_zero_init


GLOBAL SYMBOLS: SORTED ALPHABETICALLY BY Name 

address   name                                     
-------   ----                                     
00006ce3  ADC0_IRQHandler                          
00006ce3  ADC1_IRQHandler                          
00006ce3  AES_IRQHandler                           
00009cc4  C$$EXIT                                  
00006ce3  CANFD0_IRQHandler                        
00009add  CarControl_emergencyStop                 
00009cc1  CarControl_getMotion                     
00009ca9  CarControl_getSpeedRpm                   
00009caf  CarControl_getTurnInnerPercent           
00009559  CarControl_init                          
00007f25  CarControl_setMotion                     
00009969  CarControl_stop                          
00006ce3  DAC0_IRQHandler                          
00009c8d  DL_Common_delayCycles                    
00009167  DL_I2C_fillControllerTXFIFO              
000096dd  DL_I2C_flushControllerTXFIFO             
000099e1  DL_I2C_setClockConfig                    
00008291  DL_Timer_initFourCCPWMMode               
00008599  DL_Timer_initTimerMode                   
00009b59  DL_Timer_setCaptCompUpdateMethod         
00009bad  DL_Timer_setCaptureCompareOutCtl         
00009c25  DL_Timer_setCaptureCompareValue          
00009b75  DL_Timer_setClockConfig                  
00009511  DL_UART_init                             
00009bed  DL_UART_setClockConfig                   
000098ad  DL_UART_transmitDataBlocking             
00006ce3  DMA_IRQHandler                           
00006ce3  Default_Handler                          
00006ce3  GROUP0_IRQHandler                        
00008e6d  GROUP1_IRQHandler                        
0000993d  Grayscale_Sensor_Init                    
00007af5  Grayscale_Sensor_ReadAll                 
00009cc5  HOSTexit                                 
00006ce3  HardFault_Handler                        
00006ce3  I2C0_IRQHandler                          
00006ce3  I2C1_IRQHandler                          
00009479  LapTaskControl_init                      
00009bff  LapTaskControl_isRunning                 
0000959b  LapTaskControl_reset                     
00008061  LapTaskControl_start                     
00006ff1  LapTaskControl_update                    
00009cb5  LineTracking_getSpeed                    
00009afb  LineTracking_init                        
00009cc9  LineTracking_isEnabled                   
00008841  LineTracking_readActiveCount             
00009c35  LineTracking_reset                       
00009ccd  LineTracking_setDebugEnabled             
00009cd1  LineTracking_setEnabled                  
00009c97  LineTracking_setLostLineRecoveryRpmOffset
00009cd5  LineTracking_setSpeed                    
000059b9  LineTracking_update                      
00009791  MotorControl_coast                       
00009879  MotorControl_handleEncoderEdge           
00009221  MotorControl_init                        
00009b19  MotorControl_setTargetRpm                
00008c59  MotorControl_takeStatus                  
00006ce5  MotorControl_update                      
00006ce3  NMI_Handler                              
00006911  OLED_Init                                
00005f6d  OLED_ShowStopwatch                       
00007539  OLED_ShowTask                            
00006ce3  PendSV_Handler                           
00006ce3  RTC_IRQHandler                           
00009cd9  Reset_Handler                            
00006ce3  SPI0_IRQHandler                          
00006ce3  SPI1_IRQHandler                          
00006ce3  SVC_Handler                              
00007c75  SYSCFG_DL_GPIO_init                      
00009381  SYSCFG_DL_I2C_MPU6050_init               
000093d5  SYSCFG_DL_I2C_OLED_init                  
00008a21  SYSCFG_DL_PWM_MOTOR_AB_init              
00008ab1  SYSCFG_DL_PWM_MOTOR_CD_init              
000095dd  SYSCFG_DL_SYSCTL_init                    
00009809  SYSCFG_DL_TIMER_PID_init                 
00008ee1  SYSCFG_DL_UART_0_init                    
00008f51  SYSCFG_DL_UART_1_init                    
00008fc1  SYSCFG_DL_UART_OPENMV_init               
00009429  SYSCFG_DL_init                           
00008ce5  SYSCFG_DL_initPower                      
000098dd  Stopwatch_getCurrentMs                   
00009c75  Stopwatch_isEnabled                      
00009a9d  Stopwatch_start                          
00009abd  Stopwatch_stop                           
0000990d  StraightTaskControl_init                 
00009c45  StraightTaskControl_isRunning            
00009a07  StraightTaskControl_reset                
00007dd5  StraightTaskControl_start                
00007959  StraightTaskControl_update               
00006ce3  SysTick_Handler                          
00006ce3  TIMA0_IRQHandler                         
00009279  TIMA1_IRQHandler                         
00006ce3  TIMG0_IRQHandler                         
00006ce3  TIMG12_IRQHandler                        
00006ce3  TIMG6_IRQHandler                         
00006ce3  TIMG7_IRQHandler                         
00006ce3  TIMG8_IRQHandler                         
00009031  TaskExecutor_init                        
00009a79  TaskExecutor_isRunning                   
00009a2d  TaskExecutor_reset                       
000072b9  TaskExecutor_update                      
00009c81  TaskManager_getActiveTask                
0000876d  TaskManager_init                         
00009c55  TaskManager_taskStartPressed             
00008179  TaskManager_update                       
000090a1  UART0_IRQHandler                         
000092d1  UART1_IRQHandler                         
00006ce3  UART2_IRQHandler                         
000094c5  UART3_IRQHandler                         
20208000  __STACK_END                              
00000200  __STACK_SIZE                             
00000000  __TI_ATRegion0_region_sz                 
00000000  __TI_ATRegion0_src_addr                  
00000000  __TI_ATRegion0_trg_addr                  
00000000  __TI_ATRegion1_region_sz                 
00000000  __TI_ATRegion1_src_addr                  
00000000  __TI_ATRegion1_trg_addr                  
00000000  __TI_ATRegion2_region_sz                 
00000000  __TI_ATRegion2_src_addr                  
00000000  __TI_ATRegion2_trg_addr                  
0000a6b4  __TI_CINIT_Base                          
0000a6c4  __TI_CINIT_Limit                         
0000a6c4  __TI_CINIT_Warm                          
0000a698  __TI_Handler_Table_Base                  
0000a6a4  __TI_Handler_Table_Limit                 
00009719  __TI_auto_init_nobinit_nopinit           
00008df1  __TI_decompress_lzss                     
00009c11  __TI_decompress_none                     
ffffffff  __TI_pprof_out_hndl                      
ffffffff  __TI_prof_data_size                      
ffffffff  __TI_prof_data_start                     
00000000  __TI_static_base__                       
00009c65  __TI_zero_init                           
0000869f  __addsf3                                 
00009841  __aeabi_f2iz                             
0000869f  __aeabi_fadd                             
000091c5  __aeabi_fcmpeq                           
000091fb  __aeabi_fcmpge                           
0000920d  __aeabi_fcmpgt                           
000091e9  __aeabi_fcmple                           
000091d7  __aeabi_fcmplt                           
00008bb7  __aeabi_fcmpun                           
00008d6d  __aeabi_fdiv                             
00008bcd  __aeabi_fmul                             
00008695  __aeabi_fsub                             
00009755  __aeabi_i2f                              
00009329  __aeabi_idiv                             
000088e3  __aeabi_idiv0                            
00009329  __aeabi_idivmod                          
00008ce3  __aeabi_ldiv0                            
00009bc5  __aeabi_ldivmod                          
00009b39  __aeabi_llsl                             
00009a55  __aeabi_lmul                             
00009b9f  __aeabi_memclr                           
00009b9f  __aeabi_memclr4                          
00009b9f  __aeabi_memclr8                          
00009ca1  __aeabi_memcpy                           
00009ca1  __aeabi_memcpy4                          
00009ca1  __aeabi_memcpy8                          
00009b91  __aeabi_memset                           
00009b91  __aeabi_memset4                          
00009b91  __aeabi_memset8                          
000099b9  __aeabi_ui2f                             
0000965d  __aeabi_uidiv                            
0000965d  __aeabi_uidivmod                         
00009bd9  __aeabi_uldivmod                         
00009b39  __ashldi3                                
ffffffff  __binit__                                
00008b41  __cmpsf2                                 
0000969d  __divmoddi4                              
00008d6d  __divsf3                                 
00008b41  __eqsf2                                  
00009841  __fixsfsi                                
00009755  __floatsisf                              
000099b9  __floatunsisf                            
00008b7b  __gesf2                                  
00008b7b  __gtsf2                                  
00008b41  __lesf2                                  
00008b41  __ltsf2                                  
UNDEFED   __mpu_init                               
00009a55  __muldi3                                 
000097cd  __muldsi3                                
00008bcd  __mulsf3                                 
00008b41  __nesf2                                  
20207e00  __stack                                  
20200000  __start___llvm_prf_bits                  
20200000  __start___llvm_prf_cnts                  
20200000  __stop___llvm_prf_bits                   
20200000  __stop___llvm_prf_cnts                   
00008695  __subsf3                                 
000088e5  __udivmoddi4                             
00008bb7  __unordsf2                               
00009991  _c_int00_noargs                          
UNDEFED   _system_post_cinit                       
00009cdd  _system_pre_init                         
00009cbb  abort                                    
ffffffff  binit                                    
0000a474  gLapTask2Profile                         
0000a48c  gLapTask5Profile                         
0000a4a4  gLapTask6Profile                         
20200000  gPWM_MOTOR_CDBackup                      
0000a53a  gStraightTask4Profile                    
202000bc  gTIMER_PIDBackup                         
20200570  gUART_1Backup                            
00000000  interruptVectors                         
000000c1  main                                     
00008987  memcpy                                   
00009105  memset                                   
20200638  systick_ms                               


GLOBAL SYMBOLS: SORTED BY Symbol Address 

address   name                                     
-------   ----                                     
00000000  __TI_ATRegion0_region_sz                 
00000000  __TI_ATRegion0_src_addr                  
00000000  __TI_ATRegion0_trg_addr                  
00000000  __TI_ATRegion1_region_sz                 
00000000  __TI_ATRegion1_src_addr                  
00000000  __TI_ATRegion1_trg_addr                  
00000000  __TI_ATRegion2_region_sz                 
00000000  __TI_ATRegion2_src_addr                  
00000000  __TI_ATRegion2_trg_addr                  
00000000  __TI_static_base__                       
00000000  interruptVectors                         
000000c1  main                                     
00000200  __STACK_SIZE                             
000059b9  LineTracking_update                      
00005f6d  OLED_ShowStopwatch                       
00006911  OLED_Init                                
00006ce3  ADC0_IRQHandler                          
00006ce3  ADC1_IRQHandler                          
00006ce3  AES_IRQHandler                           
00006ce3  CANFD0_IRQHandler                        
00006ce3  DAC0_IRQHandler                          
00006ce3  DMA_IRQHandler                           
00006ce3  Default_Handler                          
00006ce3  GROUP0_IRQHandler                        
00006ce3  HardFault_Handler                        
00006ce3  I2C0_IRQHandler                          
00006ce3  I2C1_IRQHandler                          
00006ce3  NMI_Handler                              
00006ce3  PendSV_Handler                           
00006ce3  RTC_IRQHandler                           
00006ce3  SPI0_IRQHandler                          
00006ce3  SPI1_IRQHandler                          
00006ce3  SVC_Handler                              
00006ce3  SysTick_Handler                          
00006ce3  TIMA0_IRQHandler                         
00006ce3  TIMG0_IRQHandler                         
00006ce3  TIMG12_IRQHandler                        
00006ce3  TIMG6_IRQHandler                         
00006ce3  TIMG7_IRQHandler                         
00006ce3  TIMG8_IRQHandler                         
00006ce3  UART2_IRQHandler                         
00006ce5  MotorControl_update                      
00006ff1  LapTaskControl_update                    
000072b9  TaskExecutor_update                      
00007539  OLED_ShowTask                            
00007959  StraightTaskControl_update               
00007af5  Grayscale_Sensor_ReadAll                 
00007c75  SYSCFG_DL_GPIO_init                      
00007dd5  StraightTaskControl_start                
00007f25  CarControl_setMotion                     
00008061  LapTaskControl_start                     
00008179  TaskManager_update                       
00008291  DL_Timer_initFourCCPWMMode               
00008599  DL_Timer_initTimerMode                   
00008695  __aeabi_fsub                             
00008695  __subsf3                                 
0000869f  __addsf3                                 
0000869f  __aeabi_fadd                             
0000876d  TaskManager_init                         
00008841  LineTracking_readActiveCount             
000088e3  __aeabi_idiv0                            
000088e5  __udivmoddi4                             
00008987  memcpy                                   
00008a21  SYSCFG_DL_PWM_MOTOR_AB_init              
00008ab1  SYSCFG_DL_PWM_MOTOR_CD_init              
00008b41  __cmpsf2                                 
00008b41  __eqsf2                                  
00008b41  __lesf2                                  
00008b41  __ltsf2                                  
00008b41  __nesf2                                  
00008b7b  __gesf2                                  
00008b7b  __gtsf2                                  
00008bb7  __aeabi_fcmpun                           
00008bb7  __unordsf2                               
00008bcd  __aeabi_fmul                             
00008bcd  __mulsf3                                 
00008c59  MotorControl_takeStatus                  
00008ce3  __aeabi_ldiv0                            
00008ce5  SYSCFG_DL_initPower                      
00008d6d  __aeabi_fdiv                             
00008d6d  __divsf3                                 
00008df1  __TI_decompress_lzss                     
00008e6d  GROUP1_IRQHandler                        
00008ee1  SYSCFG_DL_UART_0_init                    
00008f51  SYSCFG_DL_UART_1_init                    
00008fc1  SYSCFG_DL_UART_OPENMV_init               
00009031  TaskExecutor_init                        
000090a1  UART0_IRQHandler                         
00009105  memset                                   
00009167  DL_I2C_fillControllerTXFIFO              
000091c5  __aeabi_fcmpeq                           
000091d7  __aeabi_fcmplt                           
000091e9  __aeabi_fcmple                           
000091fb  __aeabi_fcmpge                           
0000920d  __aeabi_fcmpgt                           
00009221  MotorControl_init                        
00009279  TIMA1_IRQHandler                         
000092d1  UART1_IRQHandler                         
00009329  __aeabi_idiv                             
00009329  __aeabi_idivmod                          
00009381  SYSCFG_DL_I2C_MPU6050_init               
000093d5  SYSCFG_DL_I2C_OLED_init                  
00009429  SYSCFG_DL_init                           
00009479  LapTaskControl_init                      
000094c5  UART3_IRQHandler                         
00009511  DL_UART_init                             
00009559  CarControl_init                          
0000959b  LapTaskControl_reset                     
000095dd  SYSCFG_DL_SYSCTL_init                    
0000965d  __aeabi_uidiv                            
0000965d  __aeabi_uidivmod                         
0000969d  __divmoddi4                              
000096dd  DL_I2C_flushControllerTXFIFO             
00009719  __TI_auto_init_nobinit_nopinit           
00009755  __aeabi_i2f                              
00009755  __floatsisf                              
00009791  MotorControl_coast                       
000097cd  __muldsi3                                
00009809  SYSCFG_DL_TIMER_PID_init                 
00009841  __aeabi_f2iz                             
00009841  __fixsfsi                                
00009879  MotorControl_handleEncoderEdge           
000098ad  DL_UART_transmitDataBlocking             
000098dd  Stopwatch_getCurrentMs                   
0000990d  StraightTaskControl_init                 
0000993d  Grayscale_Sensor_Init                    
00009969  CarControl_stop                          
00009991  _c_int00_noargs                          
000099b9  __aeabi_ui2f                             
000099b9  __floatunsisf                            
000099e1  DL_I2C_setClockConfig                    
00009a07  StraightTaskControl_reset                
00009a2d  TaskExecutor_reset                       
00009a55  __aeabi_lmul                             
00009a55  __muldi3                                 
00009a79  TaskExecutor_isRunning                   
00009a9d  Stopwatch_start                          
00009abd  Stopwatch_stop                           
00009add  CarControl_emergencyStop                 
00009afb  LineTracking_init                        
00009b19  MotorControl_setTargetRpm                
00009b39  __aeabi_llsl                             
00009b39  __ashldi3                                
00009b59  DL_Timer_setCaptCompUpdateMethod         
00009b75  DL_Timer_setClockConfig                  
00009b91  __aeabi_memset                           
00009b91  __aeabi_memset4                          
00009b91  __aeabi_memset8                          
00009b9f  __aeabi_memclr                           
00009b9f  __aeabi_memclr4                          
00009b9f  __aeabi_memclr8                          
00009bad  DL_Timer_setCaptureCompareOutCtl         
00009bc5  __aeabi_ldivmod                          
00009bd9  __aeabi_uldivmod                         
00009bed  DL_UART_setClockConfig                   
00009bff  LapTaskControl_isRunning                 
00009c11  __TI_decompress_none                     
00009c25  DL_Timer_setCaptureCompareValue          
00009c35  LineTracking_reset                       
00009c45  StraightTaskControl_isRunning            
00009c55  TaskManager_taskStartPressed             
00009c65  __TI_zero_init                           
00009c75  Stopwatch_isEnabled                      
00009c81  TaskManager_getActiveTask                
00009c8d  DL_Common_delayCycles                    
00009c97  LineTracking_setLostLineRecoveryRpmOffset
00009ca1  __aeabi_memcpy                           
00009ca1  __aeabi_memcpy4                          
00009ca1  __aeabi_memcpy8                          
00009ca9  CarControl_getSpeedRpm                   
00009caf  CarControl_getTurnInnerPercent           
00009cb5  LineTracking_getSpeed                    
00009cbb  abort                                    
00009cc1  CarControl_getMotion                     
00009cc4  C$$EXIT                                  
00009cc5  HOSTexit                                 
00009cc9  LineTracking_isEnabled                   
00009ccd  LineTracking_setDebugEnabled             
00009cd1  LineTracking_setEnabled                  
00009cd5  LineTracking_setSpeed                    
00009cd9  Reset_Handler                            
00009cdd  _system_pre_init                         
0000a474  gLapTask2Profile                         
0000a48c  gLapTask5Profile                         
0000a4a4  gLapTask6Profile                         
0000a53a  gStraightTask4Profile                    
0000a698  __TI_Handler_Table_Base                  
0000a6a4  __TI_Handler_Table_Limit                 
0000a6b4  __TI_CINIT_Base                          
0000a6c4  __TI_CINIT_Limit                         
0000a6c4  __TI_CINIT_Warm                          
20200000  __start___llvm_prf_bits                  
20200000  __start___llvm_prf_cnts                  
20200000  __stop___llvm_prf_bits                   
20200000  __stop___llvm_prf_cnts                   
20200000  gPWM_MOTOR_CDBackup                      
202000bc  gTIMER_PIDBackup                         
20200570  gUART_1Backup                            
20200638  systick_ms                               
20207e00  __stack                                  
20208000  __STACK_END                              
ffffffff  __TI_pprof_out_hndl                      
ffffffff  __TI_prof_data_size                      
ffffffff  __TI_prof_data_start                     
ffffffff  __binit__                                
ffffffff  binit                                    
UNDEFED   __mpu_init                               
UNDEFED   _system_post_cinit                       

[208 symbols]
