******************************************************************************
            TI ARM Clang Linker PC v5.1.1                      
******************************************************************************
>> Linked Sun Jul 19 18:25:30 2026

OUTPUT FILE NAME:   <main.out>
ENTRY POINT SYMBOL: "_c_int00_noargs"  address: 00001b0d


MEMORY CONFIGURATION

         name            origin    length      used     unused   attr    fill
----------------------  --------  ---------  --------  --------  ----  --------
  FLASH                 00000000   00020000  00001e68  0001e198  R  X
  SRAM                  20200000   00008000  000005aa  00007a56  RW X
  BCR_CONFIG            41c00000   000000ff  00000000  000000ff  R   
  BSL_CONFIG            41c00100   00000080  00000000  00000080  R   


SEGMENT ALLOCATION MAP

run origin  load origin   length   init length attrs members
----------  ----------- ---------- ----------- ----- -------
00000000    00000000    00001e68   00001e68    r-x
  00000000    00000000    000000c0   000000c0    r-- .intvecs
  000000c0    000000c0    00001c08   00001c08    r-x .text
  00001cc8    00001cc8    00000188   00000188    r-- .rodata
  00001e50    00001e50    00000018   00000018    r-- .cinit
20200000    20200000    000003aa   00000000    rw-
  20200000    20200000    000003aa   00000000    rw- .bss
20207e00    20207e00    00000200   00000000    rw-
  20207e00    20207e00    00000200   00000000    rw- .stack


SECTION ALLOCATION MAP

 output                                  attributes/
section   page    origin      length       input sections
--------  ----  ----------  ----------   ----------------
.intvecs   0    00000000    000000c0     
                  00000000    000000c0     startup_mspm0g350x_ticlang.o (.intvecs)

.text      0    000000c0    00001c08     
                  000000c0    000005d4     main.o (.text.UART_reportMotorStatus)
                  00000694    000002e4     motor_control.o (.text.MotorControl_update)
                  00000978    000001cc     main.o (.text.UART0_IRQHandler)
                  00000b44    00000178     main.o (.text.main)
                  00000cbc    00000120     ti_msp_dl_config.o (.text.SYSCFG_DL_GPIO_init)
                  00000ddc    00000104     driverlib.a : dl_timer.o (.text.DL_Timer_initFourCCPWMMode)
                  00000ee0    000000fc                 : dl_timer.o (.text.DL_Timer_initTimerMode)
                  00000fdc    000000d8     libclang_rt.builtins.a : addsf3.S.obj (.text)
                  000010b4    000000a2                            : udivmoddi4.S.obj (.text)
                  00001156    0000009a     libc.a : memcpy16.S.obj (.text:memcpy)
                  000011f0    00000090     ti_msp_dl_config.o (.text.SYSCFG_DL_PWM_MOTOR_AB_init)
                  00001280    00000090     ti_msp_dl_config.o (.text.SYSCFG_DL_PWM_MOTOR_CD_init)
                  00001310    0000008c     libclang_rt.builtins.a : comparesf2.S.obj (.text)
                  0000139c    0000008c                            : mulsf3.S.obj (.text)
                  00001428    0000008a     motor_control.o (.text.MotorControl_takeStatus)
                  000014b2    00000002     startup_mspm0g350x_ticlang.o (.text.Default_Handler)
                  000014b4    00000082     libclang_rt.builtins.a : divsf3.S.obj (.text)
                  00001536    00000002                            : aeabi_div0.c.obj (.text.__aeabi_idiv0)
                  00001538    00000080     main.o (.text.GROUP1_IRQHandler)
                  000015b8    00000070     ti_msp_dl_config.o (.text.SYSCFG_DL_UART_0_init)
                  00001628    00000070     ti_msp_dl_config.o (.text.SYSCFG_DL_initPower)
                  00001698    00000062     libc.a : memset16.S.obj (.text:memset)
                  000016fa    00000002     libclang_rt.builtins.a : aeabi_div0.c.obj (.text.__aeabi_ldiv0)
                  000016fc    00000060     ti_msp_dl_config.o (.text.SYSCFG_DL_UART_1_init)
                  0000175c    0000005a     libclang_rt.builtins.a : aeabi_fcmp.S.obj (.text)
                  000017b6    00000002     --HOLE-- [fill = 0]
                  000017b8    00000058     motor_control.o (.text.MotorControl_init)
                  00001810    00000048     driverlib.a : dl_uart.o (.text.DL_UART_init)
                  00001858    00000040     ti_msp_dl_config.o (.text.SYSCFG_DL_SYSCTL_init)
                  00001898    00000040     libclang_rt.builtins.a : aeabi_uidivmod.S.obj (.text)
                  000018d8    0000003e                            : divmoddi4.c.obj (.text.__divmoddi4)
                  00001916    00000002     --HOLE-- [fill = 0]
                  00001918    0000003c     ti_msp_dl_config.o (.text.SYSCFG_DL_init)
                  00001954    0000003c     main.o (.text.TIMA1_IRQHandler)
                  00001990    0000003c     libc.a : autoinit.c.obj (.text:__TI_auto_init_nobinit_nopinit)
                  000019cc    0000003a     libclang_rt.builtins.a : muldsi3.S.obj (.text)
                  00001a06    00000002     --HOLE-- [fill = 0]
                  00001a08    00000038     ti_msp_dl_config.o (.text.SYSCFG_DL_TIMER_PID_init)
                  00001a40    00000038     libclang_rt.builtins.a : fixsfsi.S.obj (.text)
                  00001a78    00000032     motor_control.o (.text.MotorControl_handleEncoderEdge)
                  00001aaa    00000002     --HOLE-- [fill = 0]
                  00001aac    00000030     driverlib.a : dl_uart.o (.text.DL_UART_transmitDataBlocking)
                  00001adc    00000030     ti_msp_dl_config.o (.text.SYSCFG_DL_I2C_0_init)
                  00001b0c    00000028     libc.a : boot_cortex_m.c.obj (.text:_c_int00_noargs)
                  00001b34    00000028     libclang_rt.builtins.a : floatunsisf.S.obj (.text)
                  00001b5c    00000026     driverlib.a : dl_i2c.o (.text.DL_I2C_setClockConfig)
                  00001b82    00000002     --HOLE-- [fill = 0]
                  00001b84    00000024     libclang_rt.builtins.a : muldi3.S.obj (.text)
                  00001ba8    0000001e                            : ashldi3.S.obj (.text)
                  00001bc6    00000002     --HOLE-- [fill = 0]
                  00001bc8    0000001c     driverlib.a : dl_timer.o (.text.DL_Timer_setCaptCompUpdateMethod)
                  00001be4    0000001c                 : dl_timer.o (.text.DL_Timer_setClockConfig)
                  00001c00    0000001a     libclang_rt.builtins.a : aeabi_memset.S.obj (.text)
                  00001c1a    00000002     --HOLE-- [fill = 0]
                  00001c1c    00000018     driverlib.a : dl_timer.o (.text.DL_Timer_setCaptureCompareOutCtl)
                  00001c34    00000018     motor_control.o (.text.MotorControl_setTargetRpm)
                  00001c4c    00000016     libc.a : copy_zero_init.c.obj (.text:decompress:ZI:__TI_zero_init_nomemset)
                  00001c62    00000002     --HOLE-- [fill = 0]
                  00001c64    00000014     libclang_rt.builtins.a : aeabi_ldivmod.S.obj (.text)
                  00001c78    00000012     driverlib.a : dl_uart.o (.text.DL_UART_setClockConfig)
                  00001c8a    00000002     --HOLE-- [fill = 0]
                  00001c8c    00000010                 : dl_timer.o (.text.DL_Timer_setCaptureCompareValue)
                  00001c9c    0000000a                 : dl_common.o (.text.DL_Common_delayCycles)
                  00001ca6    00000002     --HOLE-- [fill = 0]
                  00001ca8    00000008     libclang_rt.builtins.a : aeabi_memcpy.S.obj (.text)
                  00001cb0    00000006     libc.a : exit.c.obj (.text:abort)
                  00001cb6    00000004     libsysbm.a : hostexit.c.obj (.text.HOSTexit)
                  00001cba    00000004     startup_mspm0g350x_ticlang.o (.text.Reset_Handler)
                  00001cbe    00000004     libc.a : pre_init.c.obj (.text._system_pre_init)
                  00001cc2    00000006     --HOLE-- [fill = 0]

.cinit     0    00001e50    00000018     
                  00001e50    00000008     (.cinit..bss.load) [load image, compression = zero_init]
                  00001e58    00000004     (__TI_handler_table)
                  00001e5c    00000008     (__TI_cinit_table)
                  00001e64    00000004     --HOLE-- [fill = 0]

.rodata    0    00001cc8    00000188     
                  00001cc8    00000050     main.o (.rodata.gMotorAConfig)
                  00001d18    00000050     main.o (.rodata.gMotorBConfig)
                  00001d68    00000050     main.o (.rodata.gMotorCConfig)
                  00001db8    00000050     main.o (.rodata.gMotorDConfig)
                  00001e08    00000014     ti_msp_dl_config.o (.rodata.gTIMER_PIDTimerConfig)
                  00001e1c    0000000a     ti_msp_dl_config.o (.rodata.gUART_0Config)
                  00001e26    0000000a     ti_msp_dl_config.o (.rodata.gUART_1Config)
                  00001e30    00000008     ti_msp_dl_config.o (.rodata.gPWM_MOTOR_ABConfig)
                  00001e38    00000008     ti_msp_dl_config.o (.rodata.gPWM_MOTOR_CDConfig)
                  00001e40    00000003     ti_msp_dl_config.o (.rodata.gPWM_MOTOR_ABClockConfig)
                  00001e43    00000003     ti_msp_dl_config.o (.rodata.gPWM_MOTOR_CDClockConfig)
                  00001e46    00000003     ti_msp_dl_config.o (.rodata.gTIMER_PIDClockConfig)
                  00001e49    00000002     ti_msp_dl_config.o (.rodata.gI2C_0ClockConfig)
                  00001e4b    00000002     ti_msp_dl_config.o (.rodata.gUART_0ClockConfig)
                  00001e4d    00000002     ti_msp_dl_config.o (.rodata.gUART_1ClockConfig)
                  00001e4f    00000001     --HOLE-- [fill = 0]

.init_array 
*          0    00000000    00000000     UNINITIALIZED

.binit     0    00000000    00000000     

.bss       0    20200000    000003aa     UNINITIALIZED
                  20200000    000000bc     (.common:gPWM_MOTOR_CDBackup)
                  202000bc    000000bc     (.common:gTIMER_PIDBackup)
                  20200178    00000078     main.o (.bss.gMotorA)
                  202001f0    00000078     main.o (.bss.gMotorB)
                  20200268    00000078     main.o (.bss.gMotorC)
                  202002e0    00000078     main.o (.bss.gMotorD)
                  20200358    00000010     main.o (.bss.main.motorAStatus)
                  20200368    00000010     main.o (.bss.main.motorBStatus)
                  20200378    00000010     main.o (.bss.main.motorCStatus)
                  20200388    00000010     main.o (.bss.main.motorDStatus)
                  20200398    00000008     main.o (.bss.gRxTargets)
                  202003a0    00000002     main.o (.bss.gRxValue)
                  202003a2    00000001     main.o (.bss.gRxDigitCount)
                  202003a3    00000001     main.o (.bss.gRxInvalid)
                  202003a4    00000001     main.o (.bss.gRxMotorIndex)
                  202003a5    00000001     main.o (.bss.gRxNegative)
                  202003a6    00000001     main.o (.bss.main.motorAStatusReady)
                  202003a7    00000001     main.o (.bss.main.motorBStatusReady)
                  202003a8    00000001     main.o (.bss.main.motorCStatusReady)
                  202003a9    00000001     main.o (.bss.main.motorDStatusReady)

.stack     0    20207e00    00000200     UNINITIALIZED
                  20207e00    00000004     libc.a : boot_cortex_m.c.obj (.stack)
                  20207e04    000001fc     --HOLE--

__llvm_prf_cnts 
*          0    20200000    00000000     UNINITIALIZED

__llvm_prf_bits 
*          0    20200000    00000000     UNINITIALIZED

MODULE SUMMARY

       Module                         code   ro data   rw data
       ------                         ----   -------   -------
    .\
       main.o                         2516   320       562    
       ti_msp_dl_config.o             1124   71        376    
       motor_control.o                1040   0         0      
       startup_mspm0g350x_ticlang.o   6      192       0      
    +--+------------------------------+------+---------+---------+
       Total:                         4686   583       938    
                                                              
    C:/ti/mspm0_sdk_2_11_00_07/source/ti/driverlib/lib/ticlang/m0p/mspm0g1x0x_g3x0x/driverlib.a
       dl_timer.o                     608    0         0      
       dl_uart.o                      138    0         0      
       dl_i2c.o                       38     0         0      
       dl_common.o                    10     0         0      
    +--+------------------------------+------+---------+---------+
       Total:                         794    0         0      
                                                              
    C:\ti\ccs2100\ccs\tools\compiler\ti-cgt-armllvm_5.1.1.LTS\lib\armv6m-ti-none-eabi/c/libc.a
       memcpy16.S.obj                 154    0         0      
       memset16.S.obj                 98     0         0      
       autoinit.c.obj                 60     0         0      
       boot_cortex_m.c.obj            40     0         0      
       copy_zero_init.c.obj           22     0         0      
       exit.c.obj                     6      0         0      
       pre_init.c.obj                 4      0         0      
    +--+------------------------------+------+---------+---------+
       Total:                         384    0         0      
                                                              
    C:\ti\ccs2100\ccs\tools\compiler\ti-cgt-armllvm_5.1.1.LTS\lib\armv6m-ti-none-eabi/c/libsysbm.a
       hostexit.c.obj                 4      0         0      
    +--+------------------------------+------+---------+---------+
       Total:                         4      0         0      
                                                              
    C:\ti\ccs2100\ccs\tools\compiler\ti-cgt-armllvm_5.1.1.LTS\lib\armv6m-ti-none-eabi/libclang_rt.builtins.a
       addsf3.S.obj                   216    0         0      
       udivmoddi4.S.obj               162    0         0      
       comparesf2.S.obj               140    0         0      
       mulsf3.S.obj                   140    0         0      
       divsf3.S.obj                   130    0         0      
       aeabi_fcmp.S.obj               90     0         0      
       aeabi_uidivmod.S.obj           64     0         0      
       divmoddi4.c.obj                62     0         0      
       muldsi3.S.obj                  58     0         0      
       fixsfsi.S.obj                  56     0         0      
       floatunsisf.S.obj              40     0         0      
       muldi3.S.obj                   36     0         0      
       ashldi3.S.obj                  30     0         0      
       aeabi_memset.S.obj             26     0         0      
       aeabi_ldivmod.S.obj            20     0         0      
       aeabi_memcpy.S.obj             8      0         0      
       aeabi_div0.c.obj               4      0         0      
    +--+------------------------------+------+---------+---------+
       Total:                         1282   0         0      
                                                              
       Stack:                         0      0         512    
       Linker Generated:              0      20        0      
    +--+------------------------------+------+---------+---------+
       Grand Total:                   7150   603       1450   


LINKER GENERATED COPY TABLES

__TI_cinit_table @ 00001e5c records: 1, size/record: 8, table size: 8
	.bss: load addr=00001e50, load size=00000008 bytes, run addr=20200000, run size=000003aa bytes, compression=zero_init


LINKER GENERATED HANDLER TABLE

__TI_handler_table @ 00001e58 records: 1, size/record: 4, table size: 4
	index: 0, handler: __TI_zero_init


GLOBAL SYMBOLS: SORTED ALPHABETICALLY BY Name 

address   name                            
-------   ----                            
000014b3  ADC0_IRQHandler                 
000014b3  ADC1_IRQHandler                 
000014b3  AES_IRQHandler                  
00001cb6  C$$EXIT                         
000014b3  CANFD0_IRQHandler               
000014b3  DAC0_IRQHandler                 
00001c9d  DL_Common_delayCycles           
00001b5d  DL_I2C_setClockConfig           
00000ddd  DL_Timer_initFourCCPWMMode      
00000ee1  DL_Timer_initTimerMode          
00001bc9  DL_Timer_setCaptCompUpdateMethod
00001c1d  DL_Timer_setCaptureCompareOutCtl
00001c8d  DL_Timer_setCaptureCompareValue 
00001be5  DL_Timer_setClockConfig         
00001811  DL_UART_init                    
00001c79  DL_UART_setClockConfig          
00001aad  DL_UART_transmitDataBlocking    
000014b3  DMA_IRQHandler                  
000014b3  Default_Handler                 
000014b3  GROUP0_IRQHandler               
00001539  GROUP1_IRQHandler               
00001cb7  HOSTexit                        
000014b3  HardFault_Handler               
000014b3  I2C0_IRQHandler                 
000014b3  I2C1_IRQHandler                 
00001a79  MotorControl_handleEncoderEdge  
000017b9  MotorControl_init               
00001c35  MotorControl_setTargetRpm       
00001429  MotorControl_takeStatus         
00000695  MotorControl_update             
000014b3  NMI_Handler                     
000014b3  PendSV_Handler                  
000014b3  RTC_IRQHandler                  
00001cbb  Reset_Handler                   
000014b3  SPI0_IRQHandler                 
000014b3  SPI1_IRQHandler                 
000014b3  SVC_Handler                     
00000cbd  SYSCFG_DL_GPIO_init             
00001add  SYSCFG_DL_I2C_0_init            
000011f1  SYSCFG_DL_PWM_MOTOR_AB_init     
00001281  SYSCFG_DL_PWM_MOTOR_CD_init     
00001859  SYSCFG_DL_SYSCTL_init           
00001a09  SYSCFG_DL_TIMER_PID_init        
000015b9  SYSCFG_DL_UART_0_init           
000016fd  SYSCFG_DL_UART_1_init           
00001919  SYSCFG_DL_init                  
00001629  SYSCFG_DL_initPower             
000014b3  SysTick_Handler                 
000014b3  TIMA0_IRQHandler                
00001955  TIMA1_IRQHandler                
000014b3  TIMG0_IRQHandler                
000014b3  TIMG12_IRQHandler               
000014b3  TIMG6_IRQHandler                
000014b3  TIMG7_IRQHandler                
000014b3  TIMG8_IRQHandler                
00000979  UART0_IRQHandler                
000014b3  UART1_IRQHandler                
000014b3  UART2_IRQHandler                
000014b3  UART3_IRQHandler                
20208000  __STACK_END                     
00000200  __STACK_SIZE                    
00000000  __TI_ATRegion0_region_sz        
00000000  __TI_ATRegion0_src_addr         
00000000  __TI_ATRegion0_trg_addr         
00000000  __TI_ATRegion1_region_sz        
00000000  __TI_ATRegion1_src_addr         
00000000  __TI_ATRegion1_trg_addr         
00000000  __TI_ATRegion2_region_sz        
00000000  __TI_ATRegion2_src_addr         
00000000  __TI_ATRegion2_trg_addr         
00001e5c  __TI_CINIT_Base                 
00001e64  __TI_CINIT_Limit                
00001e64  __TI_CINIT_Warm                 
00001e58  __TI_Handler_Table_Base         
00001e5c  __TI_Handler_Table_Limit        
00001991  __TI_auto_init_nobinit_nopinit  
ffffffff  __TI_pprof_out_hndl             
ffffffff  __TI_prof_data_size             
ffffffff  __TI_prof_data_start            
00000000  __TI_static_base__              
00001c4d  __TI_zero_init_nomemset         
00000fe7  __addsf3                        
00001a41  __aeabi_f2iz                    
00000fe7  __aeabi_fadd                    
0000175d  __aeabi_fcmpeq                  
00001793  __aeabi_fcmpge                  
000017a5  __aeabi_fcmpgt                  
00001781  __aeabi_fcmple                  
0000176f  __aeabi_fcmplt                  
00001387  __aeabi_fcmpun                  
000014b5  __aeabi_fdiv                    
0000139d  __aeabi_fmul                    
00000fdd  __aeabi_fsub                    
00001537  __aeabi_idiv0                   
000016fb  __aeabi_ldiv0                   
00001c65  __aeabi_ldivmod                 
00001ba9  __aeabi_llsl                    
00001b85  __aeabi_lmul                    
00001c0f  __aeabi_memclr                  
00001c0f  __aeabi_memclr4                 
00001c0f  __aeabi_memclr8                 
00001ca9  __aeabi_memcpy                  
00001ca9  __aeabi_memcpy4                 
00001ca9  __aeabi_memcpy8                 
00001c01  __aeabi_memset                  
00001c01  __aeabi_memset4                 
00001c01  __aeabi_memset8                 
00001b35  __aeabi_ui2f                    
00001899  __aeabi_uidiv                   
00001899  __aeabi_uidivmod                
00001ba9  __ashldi3                       
ffffffff  __binit__                       
00001311  __cmpsf2                        
000018d9  __divmoddi4                     
000014b5  __divsf3                        
00001311  __eqsf2                         
00001a41  __fixsfsi                       
00001b35  __floatunsisf                   
0000134b  __gesf2                         
0000134b  __gtsf2                         
00001311  __lesf2                         
00001311  __ltsf2                         
UNDEFED   __mpu_init                      
00001b85  __muldi3                        
000019cd  __muldsi3                       
0000139d  __mulsf3                        
00001311  __nesf2                         
20207e00  __stack                         
20200000  __start___llvm_prf_bits         
20200000  __start___llvm_prf_cnts         
20200000  __stop___llvm_prf_bits          
20200000  __stop___llvm_prf_cnts          
00000fdd  __subsf3                        
000010b5  __udivmoddi4                    
00001387  __unordsf2                      
00001b0d  _c_int00_noargs                 
UNDEFED   _system_post_cinit              
00001cbf  _system_pre_init                
00001cb1  abort                           
ffffffff  binit                           
20200000  gPWM_MOTOR_CDBackup             
202000bc  gTIMER_PIDBackup                
00000000  interruptVectors                
00000b45  main                            
00001157  memcpy                          
00001699  memset                          


GLOBAL SYMBOLS: SORTED BY Symbol Address 

address   name                            
-------   ----                            
00000000  __TI_ATRegion0_region_sz        
00000000  __TI_ATRegion0_src_addr         
00000000  __TI_ATRegion0_trg_addr         
00000000  __TI_ATRegion1_region_sz        
00000000  __TI_ATRegion1_src_addr         
00000000  __TI_ATRegion1_trg_addr         
00000000  __TI_ATRegion2_region_sz        
00000000  __TI_ATRegion2_src_addr         
00000000  __TI_ATRegion2_trg_addr         
00000000  __TI_static_base__              
00000000  interruptVectors                
00000200  __STACK_SIZE                    
00000695  MotorControl_update             
00000979  UART0_IRQHandler                
00000b45  main                            
00000cbd  SYSCFG_DL_GPIO_init             
00000ddd  DL_Timer_initFourCCPWMMode      
00000ee1  DL_Timer_initTimerMode          
00000fdd  __aeabi_fsub                    
00000fdd  __subsf3                        
00000fe7  __addsf3                        
00000fe7  __aeabi_fadd                    
000010b5  __udivmoddi4                    
00001157  memcpy                          
000011f1  SYSCFG_DL_PWM_MOTOR_AB_init     
00001281  SYSCFG_DL_PWM_MOTOR_CD_init     
00001311  __cmpsf2                        
00001311  __eqsf2                         
00001311  __lesf2                         
00001311  __ltsf2                         
00001311  __nesf2                         
0000134b  __gesf2                         
0000134b  __gtsf2                         
00001387  __aeabi_fcmpun                  
00001387  __unordsf2                      
0000139d  __aeabi_fmul                    
0000139d  __mulsf3                        
00001429  MotorControl_takeStatus         
000014b3  ADC0_IRQHandler                 
000014b3  ADC1_IRQHandler                 
000014b3  AES_IRQHandler                  
000014b3  CANFD0_IRQHandler               
000014b3  DAC0_IRQHandler                 
000014b3  DMA_IRQHandler                  
000014b3  Default_Handler                 
000014b3  GROUP0_IRQHandler               
000014b3  HardFault_Handler               
000014b3  I2C0_IRQHandler                 
000014b3  I2C1_IRQHandler                 
000014b3  NMI_Handler                     
000014b3  PendSV_Handler                  
000014b3  RTC_IRQHandler                  
000014b3  SPI0_IRQHandler                 
000014b3  SPI1_IRQHandler                 
000014b3  SVC_Handler                     
000014b3  SysTick_Handler                 
000014b3  TIMA0_IRQHandler                
000014b3  TIMG0_IRQHandler                
000014b3  TIMG12_IRQHandler               
000014b3  TIMG6_IRQHandler                
000014b3  TIMG7_IRQHandler                
000014b3  TIMG8_IRQHandler                
000014b3  UART1_IRQHandler                
000014b3  UART2_IRQHandler                
000014b3  UART3_IRQHandler                
000014b5  __aeabi_fdiv                    
000014b5  __divsf3                        
00001537  __aeabi_idiv0                   
00001539  GROUP1_IRQHandler               
000015b9  SYSCFG_DL_UART_0_init           
00001629  SYSCFG_DL_initPower             
00001699  memset                          
000016fb  __aeabi_ldiv0                   
000016fd  SYSCFG_DL_UART_1_init           
0000175d  __aeabi_fcmpeq                  
0000176f  __aeabi_fcmplt                  
00001781  __aeabi_fcmple                  
00001793  __aeabi_fcmpge                  
000017a5  __aeabi_fcmpgt                  
000017b9  MotorControl_init               
00001811  DL_UART_init                    
00001859  SYSCFG_DL_SYSCTL_init           
00001899  __aeabi_uidiv                   
00001899  __aeabi_uidivmod                
000018d9  __divmoddi4                     
00001919  SYSCFG_DL_init                  
00001955  TIMA1_IRQHandler                
00001991  __TI_auto_init_nobinit_nopinit  
000019cd  __muldsi3                       
00001a09  SYSCFG_DL_TIMER_PID_init        
00001a41  __aeabi_f2iz                    
00001a41  __fixsfsi                       
00001a79  MotorControl_handleEncoderEdge  
00001aad  DL_UART_transmitDataBlocking    
00001add  SYSCFG_DL_I2C_0_init            
00001b0d  _c_int00_noargs                 
00001b35  __aeabi_ui2f                    
00001b35  __floatunsisf                   
00001b5d  DL_I2C_setClockConfig           
00001b85  __aeabi_lmul                    
00001b85  __muldi3                        
00001ba9  __aeabi_llsl                    
00001ba9  __ashldi3                       
00001bc9  DL_Timer_setCaptCompUpdateMethod
00001be5  DL_Timer_setClockConfig         
00001c01  __aeabi_memset                  
00001c01  __aeabi_memset4                 
00001c01  __aeabi_memset8                 
00001c0f  __aeabi_memclr                  
00001c0f  __aeabi_memclr4                 
00001c0f  __aeabi_memclr8                 
00001c1d  DL_Timer_setCaptureCompareOutCtl
00001c35  MotorControl_setTargetRpm       
00001c4d  __TI_zero_init_nomemset         
00001c65  __aeabi_ldivmod                 
00001c79  DL_UART_setClockConfig          
00001c8d  DL_Timer_setCaptureCompareValue 
00001c9d  DL_Common_delayCycles           
00001ca9  __aeabi_memcpy                  
00001ca9  __aeabi_memcpy4                 
00001ca9  __aeabi_memcpy8                 
00001cb1  abort                           
00001cb6  C$$EXIT                         
00001cb7  HOSTexit                        
00001cbb  Reset_Handler                   
00001cbf  _system_pre_init                
00001e58  __TI_Handler_Table_Base         
00001e5c  __TI_CINIT_Base                 
00001e5c  __TI_Handler_Table_Limit        
00001e64  __TI_CINIT_Limit                
00001e64  __TI_CINIT_Warm                 
20200000  __start___llvm_prf_bits         
20200000  __start___llvm_prf_cnts         
20200000  __stop___llvm_prf_bits          
20200000  __stop___llvm_prf_cnts          
20200000  gPWM_MOTOR_CDBackup             
202000bc  gTIMER_PIDBackup                
20207e00  __stack                         
20208000  __STACK_END                     
ffffffff  __TI_pprof_out_hndl             
ffffffff  __TI_prof_data_size             
ffffffff  __TI_prof_data_start            
ffffffff  __binit__                       
ffffffff  binit                           
UNDEFED   __mpu_init                      
UNDEFED   _system_post_cinit              

[146 symbols]
