******************************************************************************
            TI ARM Clang Linker PC v5.1.1                      
******************************************************************************
>> Linked Thu Jul 30 22:40:13 2026

OUTPUT FILE NAME:   <main.out>
ENTRY POINT SYMBOL: "_c_int00_noargs"  address: 0000a6c1


MEMORY CONFIGURATION

         name            origin    length      used     unused   attr    fill
----------------------  --------  ---------  --------  --------  ----  --------
  FLASH                 00000000   00020000  0000b788  00014878  R  X
  SRAM                  20200000   00008000  00000855  000077ab  RW X
  BCR_CONFIG            41c00000   000000ff  00000000  000000ff  R   
  BSL_CONFIG            41c00100   00000080  00000000  00000080  R   


SEGMENT ALLOCATION MAP

run origin  load origin   length   init length attrs members
----------  ----------- ---------- ----------- ----- -------
00000000    00000000    0000b788   0000b788    r-x
  00000000    00000000    000000c0   000000c0    r-- .intvecs
  000000c0    000000c0    0000aa08   0000aa08    r-x .text
  0000aac8    0000aac8    00000c90   00000c90    r-- .rodata
  0000b758    0000b758    00000030   00000030    r-- .cinit
20200000    20200000    00000655   00000000    rw-
  20200000    20200000    00000654   00000000    rw- .bss
  20200654    20200654    00000001   00000000    rw- .data
20207e00    20207e00    00000200   00000000    rw-
  20207e00    20207e00    00000200   00000000    rw- .stack


SECTION ALLOCATION MAP

 output                                  attributes/
section   page    origin      length       input sections
--------  ----  ----------  ----------   ----------------
.intvecs   0    00000000    000000c0     
                  00000000    000000c0     startup_mspm0g350x_ticlang.o (.intvecs)

.text      0    000000c0    0000aa08     
                  000000c0    000041c4     main.o (.text.Car_processUartCommand)
                  00004284    000015a0     main.o (.text.main)
                  00005824    000005d4     main.o (.text.UART_reportMotorStatus)
                  00005df8    00000548     line_tracking.o (.text.LineTracking_update)
                  00006340    00000348     main.o (.text.Car_setSingleMotorChassisRpm)
                  00006688    000002c8     lap_task_control.o (.text.LapTaskControl_update)
                  00006950    000002a8     motor_control.o (.text.MotorControl_update)
                  00006bf8    00000244     main.o (.text.UART_reportGrayscale)
                  00006e3c    00000238     main.o (.text.UART_reportZAngle)
                  00007074    00000218     angle_turn_control.o (.text.AngleTurnControl_update)
                  0000728c    0000020c     oled.o (.text.OLED_ShowStopwatch)
                  00007498    00000208     mpu6050_angle.o (.text.MPU6050_Angle_initWithProgress)
                  000076a0    000001e8     main.o (.text.Car_parseAngleTurnParameters)
                  00007888    000001d4     mpu6050_angle.o (.text.MPU6050_readRegisters)
                  00007a5c    000001b0     straight_task_control.o (.text.StraightTaskControl_update)
                  00007c0c    00000194     oled.o (.text.OLED_writePacket)
                  00007da0    00000180     oled.o (.text.OLED_ShowTaskResult)
                  00007f20    0000017c     grayscale_sensor.o (.text.Grayscale_Sensor_ReadAll)
                  0000809c    0000016c     oled.o (.text.OLED_writeLargeString)
                  00008208    00000154     straight_task_control.o (.text.StraightTaskControl_start)
                  0000835c    0000014c     ti_msp_dl_config.o (.text.SYSCFG_DL_GPIO_init)
                  000084a8    0000013c     task_executor.o (.text.TaskExecutor_update10ms)
                  000085e4    00000138     car_control.o (.text.CarControl_setMotion)
                  0000871c    00000138     task_executor.o (.text.TaskExecutor_startSelected)
                  00008854    00000124     main.o (.text.Car_parseOptionalSignedRpm)
                  00008978    00000114     oled.o (.text.OLED_writeCentered)
                  00008a8c    00000108     lap_task_control.o (.text.LapTaskControl_start)
                  00008b94    00000104     driverlib.a : dl_timer.o (.text.DL_Timer_initFourCCPWMMode)
                  00008c98    00000104     mpu6050_angle.o (.text.MPU6050_writeRegister)
                  00008d9c    00000100     main.o (.text.UART_sendInt32)
                  00008e9c    000000fc     driverlib.a : dl_timer.o (.text.DL_Timer_initTimerMode)
                  00008f98    000000e8     oled.o (.text.OLED_Init)
                  00009080    000000d8     libclang_rt.builtins.a : addsf3.S.obj (.text)
                  00009158    000000a4     task_manager.o (.text.TaskManager_update10ms)
                  000091fc    000000a2     libclang_rt.builtins.a : udivmoddi4.S.obj (.text)
                  0000929e    00000002     startup_mspm0g350x_ticlang.o (.text.Default_Handler)
                  000092a0    000000a0     oled.o (.text.OLED_ShowTask)
                  00009340    0000009a     libc.a : memcpy16.S.obj (.text:memcpy)
                  000093da    00000002     libclang_rt.builtins.a : aeabi_div0.c.obj (.text.__aeabi_idiv0)
                  000093dc    00000090     ti_msp_dl_config.o (.text.SYSCFG_DL_PWM_MOTOR_AB_init)
                  0000946c    00000090     ti_msp_dl_config.o (.text.SYSCFG_DL_PWM_MOTOR_CD_init)
                  000094fc    0000008c     task_manager.o (.text.TaskManager_init)
                  00009588    0000008c     libclang_rt.builtins.a : comparesf2.S.obj (.text)
                  00009614    0000008c                            : mulsf3.S.obj (.text)
                  000096a0    0000008a     motor_control.o (.text.MotorControl_takeStatus)
                  0000972a    00000002     libclang_rt.builtins.a : aeabi_div0.c.obj (.text.__aeabi_ldiv0)
                  0000972c    00000084     angle_turn_control.o (.text.AngleTurnControl_start)
                  000097b0    00000084     main.o (.text.Car_parseUnsignedValue)
                  00009834    00000082     libclang_rt.builtins.a : divsf3.S.obj (.text)
                  000098b6    00000002     --HOLE-- [fill = 0]
                  000098b8    00000080     main.o (.text.GROUP1_IRQHandler)
                  00009938    00000080     task_executor.o (.text.TaskExecutor_reset)
                  000099b8    0000007c     oled.o (.text.OLED_ShowMessage)
                  00009a34    0000007c     ti_msp_dl_config.o (.text.SYSCFG_DL_initPower)
                  00009ab0    0000007c     libc.a : copy_decompress_lzss.c.obj (.text:decompress:lzss)
                  00009b2c    00000070     ti_msp_dl_config.o (.text.SYSCFG_DL_UART_0_init)
                  00009b9c    0000006e     angle_turn_control.o (.text.AngleTurnControl_getCoastDistanceDegrees)
                  00009c0a    00000002     --HOLE-- [fill = 0]
                  00009c0c    00000064     main.o (.text.UART0_IRQHandler)
                  00009c70    00000062     libc.a : memset16.S.obj (.text:memset)
                  00009cd2    00000002     --HOLE-- [fill = 0]
                  00009cd4    00000060     mpu6050_angle.o (.text.MPU6050_Angle_update)
                  00009d34    00000060     ti_msp_dl_config.o (.text.SYSCFG_DL_UART_1_init)
                  00009d94    0000005e     driverlib.a : dl_i2c.o (.text.DL_I2C_fillControllerTXFIFO)
                  00009df2    00000002     --HOLE-- [fill = 0]
                  00009df4    0000005a     libclang_rt.builtins.a : aeabi_fcmp.S.obj (.text)
                  00009e4e    00000002     --HOLE-- [fill = 0]
                  00009e50    00000058     motor_control.o (.text.MotorControl_init)
                  00009ea8    00000058     task_executor.o (.text.TaskExecutor_init)
                  00009f00    00000056     libclang_rt.builtins.a : aeabi_idivmod.S.obj (.text)
                  00009f56    00000002     --HOLE-- [fill = 0]
                  00009f58    00000054     ti_msp_dl_config.o (.text.SYSCFG_DL_I2C_MPU6050_init)
                  00009fac    00000054     ti_msp_dl_config.o (.text.SYSCFG_DL_I2C_OLED_init)
                  0000a000    0000004e     lap_task_control.o (.text.LapTaskControl_init)
                  0000a04e    00000002     --HOLE-- [fill = 0]
                  0000a050    0000004e     libclang_rt.builtins.a : floatdisf.S.obj (.text)
                  0000a09e    00000002     --HOLE-- [fill = 0]
                  0000a0a0    00000048     driverlib.a : dl_uart.o (.text.DL_UART_init)
                  0000a0e8    00000048     main.o (.text.TIMA1_IRQHandler)
                  0000a130    00000040     car_control.o (.text.CarControl_init)
                  0000a170    00000040     ti_msp_dl_config.o (.text.SYSCFG_DL_SYSCTL_init)
                  0000a1b0    00000040     ti_msp_dl_config.o (.text.SYSCFG_DL_init)
                  0000a1f0    00000040     main.o (.text.UART_sendString)
                  0000a230    00000040     libclang_rt.builtins.a : aeabi_uidivmod.S.obj (.text)
                  0000a270    0000003e                            : divmoddi4.c.obj (.text.__divmoddi4)
                  0000a2ae    00000002     --HOLE-- [fill = 0]
                  0000a2b0    0000003c     driverlib.a : dl_i2c.o (.text.DL_I2C_flushControllerTXFIFO)
                  0000a2ec    0000003c     libc.a : autoinit.c.obj (.text:__TI_auto_init_nobinit_nopinit)
                  0000a328    0000003c     libclang_rt.builtins.a : floatsisf.S.obj (.text)
                  0000a364    0000003a     lap_task_control.o (.text.LapTaskControl_reset)
                  0000a39e    0000003a     motor_control.o (.text.MotorControl_coast)
                  0000a3d8    0000003a     libclang_rt.builtins.a : muldsi3.S.obj (.text)
                  0000a412    00000038     angle_turn_control.o (.text.AngleTurnControl_enterCreep)
                  0000a44a    00000002     --HOLE-- [fill = 0]
                  0000a44c    00000038     ti_msp_dl_config.o (.text.SYSCFG_DL_TIMER_PID_init)
                  0000a484    00000038     straight_task_control.o (.text.StraightTaskControl_init)
                  0000a4bc    00000038     libclang_rt.builtins.a : fixsfsi.S.obj (.text)
                  0000a4f4    00000034     grayscale_sensor.o (.text.Grayscale_Sensor_Init)
                  0000a528    00000032     motor_control.o (.text.MotorControl_handleEncoderEdge)
                  0000a55a    00000002     --HOLE-- [fill = 0]
                  0000a55c    00000030     driverlib.a : dl_i2c.o (.text.DL_I2C_flushControllerRXFIFO)
                  0000a58c    00000030                 : dl_uart.o (.text.DL_UART_transmitDataBlocking)
                  0000a5bc    00000030     oled.o (.text.OLED_ShowCalibration)
                  0000a5ec    0000002c     angle_turn_control.o (.text.AngleTurnControl_init)
                  0000a618    0000002c     line_tracking.o (.text.LineTracking_init)
                  0000a644    0000002c     stopwatch.o (.text.Stopwatch_stop)
                  0000a670    00000028     car_control.o (.text.CarControl_stop)
                  0000a698    00000028     stopwatch.o (.text.Stopwatch_getElapsedMs)
                  0000a6c0    00000028     libc.a : boot_cortex_m.c.obj (.text:_c_int00_noargs)
                  0000a6e8    00000028     libclang_rt.builtins.a : floatunsisf.S.obj (.text)
                  0000a710    00000026     driverlib.a : dl_i2c.o (.text.DL_I2C_setClockConfig)
                  0000a736    00000026     straight_task_control.o (.text.StraightTaskControl_reset)
                  0000a75c    00000024     angle_turn_control.o (.text.AngleTurnControl_cancel)
                  0000a780    00000024     stopwatch.o (.text.Stopwatch_reset)
                  0000a7a4    00000024     stopwatch.o (.text.Stopwatch_start)
                  0000a7c8    00000024     task_manager.o (.text.TaskManager_selectNextSupported)
                  0000a7ec    00000024     libclang_rt.builtins.a : muldi3.S.obj (.text)
                  0000a810    00000022     task_executor.o (.text.TaskExecutor_isRunning)
                  0000a832    0000001e     car_control.o (.text.CarControl_coast)
                  0000a850    0000001e     car_control.o (.text.CarControl_emergencyStop)
                  0000a86e    0000001e     motor_control.o (.text.MotorControl_setTargetRpm)
                  0000a88c    0000001e     libclang_rt.builtins.a : ashldi3.S.obj (.text)
                  0000a8aa    00000002     --HOLE-- [fill = 0]
                  0000a8ac    0000001c     driverlib.a : dl_timer.o (.text.DL_Timer_setCaptCompUpdateMethod)
                  0000a8c8    0000001c                 : dl_timer.o (.text.DL_Timer_setClockConfig)
                  0000a8e4    0000001c     task_manager.o (.text.TaskManager_select)
                  0000a900    0000001a     libclang_rt.builtins.a : aeabi_memset.S.obj (.text)
                  0000a91a    00000002     --HOLE-- [fill = 0]
                  0000a91c    00000018     driverlib.a : dl_timer.o (.text.DL_Timer_setCaptureCompareOutCtl)
                  0000a934    00000018     main.o (.text.OLED_showCalibrationProgress)
                  0000a94c    00000014     libclang_rt.builtins.a : aeabi_ldivmod.S.obj (.text)
                  0000a960    00000014                            : aeabi_uldivmod.S.obj (.text)
                  0000a974    00000012     driverlib.a : dl_uart.o (.text.DL_UART_setClockConfig)
                  0000a986    00000012     lap_task_control.o (.text.LapTaskControl_isRunning)
                  0000a998    00000012     libc.a : copy_decompress_none.c.obj (.text:decompress:none)
                  0000a9aa    00000002     --HOLE-- [fill = 0]
                  0000a9ac    00000010     driverlib.a : dl_timer.o (.text.DL_Timer_setCaptureCompareValue)
                  0000a9bc    00000010     line_tracking.o (.text.LineTracking_reset)
                  0000a9cc    00000010     straight_task_control.o (.text.StraightTaskControl_isRunning)
                  0000a9dc    00000010     system_time.o (.text.SystemTime_tick10ms)
                  0000a9ec    00000010     task_manager.o (.text.TaskManager_takeChangePressed)
                  0000a9fc    00000010     task_manager.o (.text.TaskManager_takeStartPressed)
                  0000aa0c    00000010     libc.a : copy_zero_init.c.obj (.text:decompress:ZI)
                  0000aa1c    0000000c     mpu6050_angle.o (.text.MPU6050_Angle_getDeviceId)
                  0000aa28    0000000c     mpu6050_angle.o (.text.MPU6050_Angle_getZDegrees)
                  0000aa34    0000000c     mpu6050_angle.o (.text.MPU6050_Angle_getZRateDps)
                  0000aa40    0000000c     mpu6050_angle.o (.text.MPU6050_Angle_reset)
                  0000aa4c    0000000c     system_time.o (.text.SystemTime_getMs)
                  0000aa58    0000000c     task_manager.o (.text.TaskManager_getSelected)
                  0000aa64    0000000a     driverlib.a : dl_common.o (.text.DL_Common_delayCycles)
                  0000aa6e    00000002     --HOLE-- [fill = 0]
                  0000aa70    00000008     libclang_rt.builtins.a : aeabi_memcpy.S.obj (.text)
                  0000aa78    00000006     angle_turn_control.o (.text.AngleTurnControl_isActive)
                  0000aa7e    00000006     car_control.o (.text.CarControl_getSpeedRpm)
                  0000aa84    00000006     line_tracking.o (.text.LineTracking_getActiveCount)
                  0000aa8a    00000006     line_tracking.o (.text.LineTracking_getSpeed)
                  0000aa90    00000006     task_executor.o (.text.TaskExecutor_getActiveTask)
                  0000aa96    00000006     task_executor.o (.text.TaskExecutor_lastTaskFault)
                  0000aa9c    00000006     libc.a : exit.c.obj (.text:abort)
                  0000aaa2    00000004     car_control.o (.text.CarControl_getMotion)
                  0000aaa6    00000004     car_control.o (.text.CarControl_getTurnInnerPercent)
                  0000aaaa    00000004     libsysbm.a : hostexit.c.obj (.text.HOSTexit)
                  0000aaae    00000004     line_tracking.o (.text.LineTracking_isEnabled)
                  0000aab2    00000004     line_tracking.o (.text.LineTracking_setDebugEnabled)
                  0000aab6    00000004     line_tracking.o (.text.LineTracking_setEnabled)
                  0000aaba    00000004     line_tracking.o (.text.LineTracking_setSpeed)
                  0000aabe    00000004     startup_mspm0g350x_ticlang.o (.text.Reset_Handler)
                  0000aac2    00000004     libc.a : pre_init.c.obj (.text._system_pre_init)
                  0000aac6    00000002     --HOLE-- [fill = 0]

.cinit     0    0000b758    00000030     
                  0000b758    0000000c     (__TI_handler_table)
                  0000b764    00000008     (.cinit..bss.load) [load image, compression = zero_init]
                  0000b76c    00000005     (.cinit..data.load) [load image, compression = lzss]
                  0000b771    00000003     --HOLE-- [fill = 0]
                  0000b774    00000010     (__TI_cinit_table)
                  0000b784    00000004     --HOLE-- [fill = 0]

.rodata    0    0000aac8    00000c90     
                  0000aac8    00000082     oled.o (.rodata.OLED_getGlyph.letters)
                  0000ab4a    00000080     oled.o (.rodata.OLED_clearPages.zeroPage)
                  0000abca    00000002     ti_msp_dl_config.o (.rodata.gI2C_MPU6050ClockConfig)
                  0000abcc    00000058     main.o (.rodata.gMotorAConfig)
                  0000ac24    00000058     main.o (.rodata.gMotorBConfig)
                  0000ac7c    00000058     main.o (.rodata.gMotorCConfig)
                  0000acd4    00000058     main.o (.rodata.gMotorDConfig)
                  0000ad2c    0000003c     main.o (.rodata.str1.5130420776781151933.1)
                  0000ad68    00000039     main.o (.rodata.str1.17100691992556644108.1)
                  0000ada1    00000039     main.o (.rodata.str1.269992495038567485.1)
                  0000adda    00000038     main.o (.rodata.str1.16617520904356106791.1)
                  0000ae12    00000037     task_executor.o (.rodata.str1.1157049911250168747.1)
                  0000ae49    00000036     main.o (.rodata.str1.709365579099624991.1)
                  0000ae7f    00000036     main.o (.rodata.str1.8739739109796348711.1)
                  0000aeb5    00000034     main.o (.rodata.str1.288608917962107522.1)
                  0000aee9    00000033     main.o (.rodata.str1.7996925722583989644.1)
                  0000af1c    00000032     oled.o (.rodata.OLED_getGlyph.digits)
                  0000af4e    00000032     main.o (.rodata.str1.13080826312907008127.1)
                  0000af80    00000032     main.o (.rodata.str1.14402440632258215044.1)
                  0000afb2    00000031     main.o (.rodata.str1.2255554096259913709.1)
                  0000afe3    00000031     main.o (.rodata.str1.9582546670787941090.1)
                  0000b014    00000030     main.o (.rodata.str1.10224226614597680209.1)
                  0000b044    00000030     main.o (.rodata.str1.2123964117280943167.1)
                  0000b074    0000002e     main.o (.rodata.str1.13959864503700487862.1)
                  0000b0a2    0000002e     main.o (.rodata.str1.8154729771448623357.1)
                  0000b0d0    0000002d     main.o (.rodata.str1.4551914367444790281.1)
                  0000b0fd    0000002d     main.o (.rodata.str1.8828068777338075035.1)
                  0000b12a    0000002b     main.o (.rodata.str1.2624144126699937905.1)
                  0000b155    0000002b     main.o (.rodata.str1.922313780387552641.1)
                  0000b180    0000002a     main.o (.rodata.str1.5931264416680793241.1)
                  0000b1aa    00000029     main.o (.rodata.str1.14712910685067215323.1)
                  0000b1d3    00000029     main.o (.rodata.str1.4237830143243313753.1)
                  0000b1fc    00000028     main.o (.rodata.str1.7440231181708086392.1)
                  0000b224    00000028     main.o (.rodata.str1.8096991282711418442.1)
                  0000b24c    00000028     main.o (.rodata.str1.9060162316564048117.1)
                  0000b274    00000027     main.o (.rodata.str1.13288086030101331538.1)
                  0000b29b    00000027     main.o (.rodata.str1.13455639105384664542.1)
                  0000b2c2    00000027     main.o (.rodata.str1.16631870348416990953.1)
                  0000b2e9    00000027     main.o (.rodata.str1.17376258722486336754.1)
                  0000b310    00000026     main.o (.rodata.str1.3060844030163134499.1)
                  0000b336    00000026     main.o (.rodata.str1.5353031162939221829.1)
                  0000b35c    00000025     main.o (.rodata.str1.13203255162302409502.1)
                  0000b381    00000025     main.o (.rodata.str1.1499083853040407199.1)
                  0000b3a6    00000025     main.o (.rodata.str1.2256192789054937243.1)
                  0000b3cb    00000001     --HOLE-- [fill = 0]
                  0000b3cc    00000024     main.o (.rodata..L__const.main.taskConfig)
                  0000b3f0    00000024     main.o (.rodata.str1.10720410773482754683.1)
                  0000b414    00000024     main.o (.rodata.str1.16302215771116645891.1)
                  0000b438    00000024     main.o (.rodata.str1.2182841224059738574.1)
                  0000b45c    00000023     main.o (.rodata.str1.2117079376983516436.1)
                  0000b47f    00000001     --HOLE-- [fill = 0]
                  0000b480    00000020     main.o (.rodata.gAngleTurnConfig)
                  0000b4a0    00000020     straight_task_control.o (.rodata.str1.7716800775287680474.1)
                  0000b4c0    0000001d     lap_task_control.o (.rodata.str1.6200913312131411637.1)
                  0000b4dd    00000003     ti_msp_dl_config.o (.rodata.gPWM_MOTOR_ABClockConfig)
                  0000b4e0    0000001c     main.o (.rodata.gCarConfig)
                  0000b4fc    0000001c     main.o (.rodata.str1.15159059442110792349.1)
                  0000b518    0000001c     straight_task_control.o (.rodata.str1.446793766109262494.1)
                  0000b534    00000019     oled.o (.rodata.OLED_Init.initCommands)
                  0000b54d    00000019     straight_task_control.o (.rodata.str1.15453738824876254627.1)
                  0000b566    00000018     straight_task_control.o (.rodata.str1.7040808863327155277.1)
                  0000b57e    00000017     task_executor.o (.rodata.str1.240158867509335437.1)
                  0000b595    00000001     --HOLE-- [fill = 0]
                  0000b596    00000016     task_profiles.o (.rodata.gLapTask2Profile)
                  0000b5ac    00000016     task_profiles.o (.rodata.gLapTask5Profile)
                  0000b5c2    00000016     task_profiles.o (.rodata.gLapTask6Profile)
                  0000b5d8    00000015     task_executor.o (.rodata.str1.13736124676361268097.1)
                  0000b5ed    00000015     straight_task_control.o (.rodata.str1.5111848593538277940.1)
                  0000b602    00000002     ti_msp_dl_config.o (.rodata.gI2C_OLEDClockConfig)
                  0000b604    00000014     ti_msp_dl_config.o (.rodata.gTIMER_PIDTimerConfig)
                  0000b618    00000014     lap_task_control.o (.rodata.str1.14284397962649984076.1)
                  0000b62c    00000013     lap_task_control.o (.rodata.str1.2413759701585431130.1)
                  0000b63f    00000013     lap_task_control.o (.rodata.str1.5950128082404191651.1)
                  0000b652    00000012     task_profiles.o (.rodata.gStraightTask4Profile)
                  0000b664    00000011     task_executor.o (.rodata.str1.5714534095577331432.1)
                  0000b675    00000011     main.o (.rodata.str1.887240019932590441.1)
                  0000b686    00000002     ti_msp_dl_config.o (.rodata.gUART_0ClockConfig)
                  0000b688    00000010     main.o (.rodata..Lswitch.table.Car_setSingleMotorChassisRpm.124)
                  0000b698    00000010     lap_task_control.o (.rodata.str1.4144015826523412668.1)
                  0000b6a8    0000000e     lap_task_control.o (.rodata.str1.15839785750238877193.1)
                  0000b6b6    00000002     ti_msp_dl_config.o (.rodata.gUART_1ClockConfig)
                  0000b6b8    0000000c     main.o (.rodata..L__const.main.lineConfig)
                  0000b6c4    0000000b     main.o (.rodata.str1.2597068879322958637.1)
                  0000b6cf    0000000b     main.o (.rodata.str1.6976963560179378225.1)
                  0000b6da    0000000a     ti_msp_dl_config.o (.rodata.gUART_0Config)
                  0000b6e4    0000000a     ti_msp_dl_config.o (.rodata.gUART_1Config)
                  0000b6ee    0000000a     line_tracking.o (.rodata.str1.11697046603888022051.1)
                  0000b6f8    0000000a     line_tracking.o (.rodata.str1.15307017852254737942.1)
                  0000b702    00000009     line_tracking.o (.rodata.str1.5293172173144075206.1)
                  0000b70b    00000001     --HOLE-- [fill = 0]
                  0000b70c    00000008     main.o (.rodata.cst8)
                  0000b714    00000008     ti_msp_dl_config.o (.rodata.gPWM_MOTOR_ABConfig)
                  0000b71c    00000008     ti_msp_dl_config.o (.rodata.gPWM_MOTOR_CDConfig)
                  0000b724    00000008     line_tracking.o (.rodata.str1.1693154617505176771.1)
                  0000b72c    00000007     oled.o (.rodata.str1.525651829783989558.1)
                  0000b733    00000006     oled.o (.rodata.str1.11378841450994995266.1)
                  0000b739    00000005     oled.o (.rodata.OLED_getGlyph.blank)
                  0000b73e    00000005     oled.o (.rodata.str1.10612175213412870912.1)
                  0000b743    00000004     main.o (.rodata.str1.16709704744796600189.1)
                  0000b747    00000004     main.o (.rodata.str1.3292798375424520613.1)
                  0000b74b    00000003     ti_msp_dl_config.o (.rodata.gPWM_MOTOR_CDClockConfig)
                  0000b74e    00000003     ti_msp_dl_config.o (.rodata.gTIMER_PIDClockConfig)
                  0000b751    00000003     task_executor.o (.rodata.str1.4451878036297079469.1)
                  0000b754    00000003     line_tracking.o (.rodata.str1.9692937873140040306.1)
                  0000b757    00000001     --HOLE-- [fill = 0]

.init_array 
*          0    00000000    00000000     UNINITIALIZED

.binit     0    00000000    00000000     

.bss       0    20200000    00000654     UNINITIALIZED
                  20200000    000000bc     (.common:gPWM_MOTOR_CDBackup)
                  202000bc    000000bc     (.common:gTIMER_PIDBackup)
                  20200178    0000009c     main.o (.bss.gTaskExecutor)
                  20200214    00000088     main.o (.bss.gMotorA)
                  2020029c    00000088     main.o (.bss.gMotorB)
                  20200324    00000088     main.o (.bss.gMotorC)
                  202003ac    00000088     main.o (.bss.gMotorD)
                  20200434    00000081     oled.o (.bss.gOledPacket)
                  202004b5    00000080     oled.o (.bss.gOledRenderBuffer)
                  20200535    00000001     main.o (.bss.UART_serviceMotorStatus.motorAStatusReady)
                  20200536    00000001     main.o (.bss.UART_serviceMotorStatus.motorBStatusReady)
                  20200537    00000001     main.o (.bss.UART_serviceMotorStatus.motorCStatusReady)
                  20200538    0000003c     main.o (.bss.gLineTracking)
                  20200574    00000034     main.o (.bss.gAngleTurn)
                  202005a8    00000020     main.o (.bss.gCar)
                  202005c8    00000020     main.o (.bss.gUartCommand)
                  202005e8    00000010     main.o (.bss.UART_serviceMotorStatus.motorAStatus)
                  202005f8    00000010     main.o (.bss.UART_serviceMotorStatus.motorBStatus)
                  20200608    00000010     main.o (.bss.UART_serviceMotorStatus.motorCStatus)
                  20200618    00000010     main.o (.bss.UART_serviceMotorStatus.motorDStatus)
                  20200628    00000004     mpu6050_angle.o (.bss.gGyroZBiasRaw)
                  2020062c    00000004     stopwatch.o (.bss.gStartMs)
                  20200630    00000004     stopwatch.o (.bss.gStoppedElapsedMs)
                  20200634    00000004     system_time.o (.bss.gSystemTimeMs)
                  20200638    00000004     mpu6050_angle.o (.bss.gZAngleDegrees)
                  2020063c    00000004     mpu6050_angle.o (.bss.gZRateDps)
                  20200640    00000001     main.o (.bss.UART_serviceMotorStatus.motorDStatusReady)
                  20200641    00000001     task_manager.o (.bss.gChangeButton.0)
                  20200642    00000001     task_manager.o (.bss.gChangeButton.1)
                  20200643    00000001     task_manager.o (.bss.gChangeButton.2)
                  20200644    00000001     task_manager.o (.bss.gChangePending)
                  20200645    00000001     mpu6050_angle.o (.bss.gDeviceId)
                  20200646    00000001     main.o (.bss.gGrayscaleStreamDivider)
                  20200647    00000001     main.o (.bss.gGrayscaleStreamEnabled)
                  20200648    00000001     main.o (.bss.gMotorStatusReportOnce)
                  20200649    00000001     main.o (.bss.gMotorStatusStreamEnabled)
                  2020064a    00000001     main.o (.bss.gMpu6050Ready)
                  2020064b    00000001     main.o (.bss.gMpu6050SampleDue)
                  2020064c    00000001     main.o (.bss.gOledReady)
                  2020064d    00000001     stopwatch.o (.bss.gRunning)
                  2020064e    00000001     task_manager.o (.bss.gStartButton.0)
                  2020064f    00000001     task_manager.o (.bss.gStartButton.1)
                  20200650    00000001     task_manager.o (.bss.gStartButton.2)
                  20200651    00000001     task_manager.o (.bss.gStartPending)
                  20200652    00000001     main.o (.bss.gUartCommandLength)
                  20200653    00000001     main.o (.bss.gUartCommandReady)

.data      0    20200654    00000001     UNINITIALIZED
                  20200654    00000001     task_manager.o (.data.gSelectedTask)

.stack     0    20207e00    00000200     UNINITIALIZED
                  20207e00    00000004     libc.a : boot_cortex_m.c.obj (.stack)
                  20207e04    000001fc     --HOLE--

__llvm_prf_cnts 
*          0    20200000    00000000     UNINITIALIZED

__llvm_prf_bits 
*          0    20200000    00000000     UNINITIALIZED

MODULE SUMMARY

       Module                         code    ro data   rw data
       ------                         ----    -------   -------
    .\
       main.o                         27408   2292      953    
       oled.o                         2516    356       257    
       ti_msp_dl_config.o             1304    73        376    
       line_tracking.o                1440    40        0      
       mpu6050_angle.o                1392    0         13     
       lap_task_control.o             1130    117       0      
       motor_control.o                1044    0         0      
       straight_task_control.o        882     130       0      
       task_executor.o                890     119       0      
       angle_turn_control.o           920     0         0      
       car_control.o                  490     0         0      
       grayscale_sensor.o             432     0         0      
       task_manager.o                 412     0         9      
       startup_mspm0g350x_ticlang.o   6       192       0      
       stopwatch.o                    156     0         9      
       task_profiles.o                0       84        0      
       system_time.o                  28      0         4      
    +--+------------------------------+-------+---------+---------+
       Total:                         40450   3403      1621   
                                                               
    C:/ti/mspm0_sdk_2_11_00_07/source/ti/driverlib/lib/ticlang/m0p/mspm0g1x0x_g3x0x/driverlib.a
       dl_timer.o                     608     0         0      
       dl_i2c.o                       240     0         0      
       dl_uart.o                      138     0         0      
       dl_common.o                    10      0         0      
    +--+------------------------------+-------+---------+---------+
       Total:                         996     0         0      
                                                               
    C:\ti\ccs2100\ccs\tools\compiler\ti-cgt-armllvm_5.1.1.LTS\lib\armv6m-ti-none-eabi/c/libc.a
       memcpy16.S.obj                 154     0         0      
       copy_decompress_lzss.c.obj     124     0         0      
       memset16.S.obj                 98      0         0      
       autoinit.c.obj                 60      0         0      
       boot_cortex_m.c.obj            40      0         0      
       copy_decompress_none.c.obj     18      0         0      
       copy_zero_init.c.obj           16      0         0      
       exit.c.obj                     6       0         0      
       pre_init.c.obj                 4       0         0      
    +--+------------------------------+-------+---------+---------+
       Total:                         520     0         0      
                                                               
    C:\ti\ccs2100\ccs\tools\compiler\ti-cgt-armllvm_5.1.1.LTS\lib\armv6m-ti-none-eabi/c/libsysbm.a
       hostexit.c.obj                 4       0         0      
    +--+------------------------------+-------+---------+---------+
       Total:                         4       0         0      
                                                               
    C:\ti\ccs2100\ccs\tools\compiler\ti-cgt-armllvm_5.1.1.LTS\lib\armv6m-ti-none-eabi/libclang_rt.builtins.a
       addsf3.S.obj                   216     0         0      
       udivmoddi4.S.obj               162     0         0      
       comparesf2.S.obj               140     0         0      
       mulsf3.S.obj                   140     0         0      
       divsf3.S.obj                   130     0         0      
       aeabi_fcmp.S.obj               90      0         0      
       aeabi_idivmod.S.obj            86      0         0      
       floatdisf.S.obj                78      0         0      
       aeabi_uidivmod.S.obj           64      0         0      
       divmoddi4.c.obj                62      0         0      
       floatsisf.S.obj                60      0         0      
       muldsi3.S.obj                  58      0         0      
       fixsfsi.S.obj                  56      0         0      
       floatunsisf.S.obj              40      0         0      
       muldi3.S.obj                   36      0         0      
       ashldi3.S.obj                  30      0         0      
       aeabi_memset.S.obj             26      0         0      
       aeabi_ldivmod.S.obj            20      0         0      
       aeabi_uldivmod.S.obj           20      0         0      
       aeabi_memcpy.S.obj             8       0         0      
       aeabi_div0.c.obj               4       0         0      
    +--+------------------------------+-------+---------+---------+
       Total:                         1526    0         0      
                                                               
       Stack:                         0       0         512    
       Linker Generated:              0       41        0      
    +--+------------------------------+-------+---------+---------+
       Grand Total:                   43496   3444      2133   


LINKER GENERATED COPY TABLES

__TI_cinit_table @ 0000b774 records: 2, size/record: 8, table size: 16
	.bss: load addr=0000b764, load size=00000008 bytes, run addr=20200000, run size=00000654 bytes, compression=zero_init
	.data: load addr=0000b76c, load size=00000005 bytes, run addr=20200654, run size=00000001 bytes, compression=lzss


LINKER GENERATED HANDLER TABLE

__TI_handler_table @ 0000b758 records: 3, size/record: 4, table size: 12
	index: 0, handler: __TI_decompress_lzss
	index: 1, handler: __TI_decompress_none
	index: 2, handler: __TI_zero_init


GLOBAL SYMBOLS: SORTED ALPHABETICALLY BY Name 

address   name                            
-------   ----                            
0000929f  ADC0_IRQHandler                 
0000929f  ADC1_IRQHandler                 
0000929f  AES_IRQHandler                  
0000a75d  AngleTurnControl_cancel         
0000a5ed  AngleTurnControl_init           
0000aa79  AngleTurnControl_isActive       
0000972d  AngleTurnControl_start          
00007075  AngleTurnControl_update         
0000aaaa  C$$EXIT                         
0000929f  CANFD0_IRQHandler               
0000a833  CarControl_coast                
0000a851  CarControl_emergencyStop        
0000aaa3  CarControl_getMotion            
0000aa7f  CarControl_getSpeedRpm          
0000aaa7  CarControl_getTurnInnerPercent  
0000a131  CarControl_init                 
000085e5  CarControl_setMotion            
0000a671  CarControl_stop                 
0000929f  DAC0_IRQHandler                 
0000aa65  DL_Common_delayCycles           
00009d95  DL_I2C_fillControllerTXFIFO     
0000a55d  DL_I2C_flushControllerRXFIFO    
0000a2b1  DL_I2C_flushControllerTXFIFO    
0000a711  DL_I2C_setClockConfig           
00008b95  DL_Timer_initFourCCPWMMode      
00008e9d  DL_Timer_initTimerMode          
0000a8ad  DL_Timer_setCaptCompUpdateMethod
0000a91d  DL_Timer_setCaptureCompareOutCtl
0000a9ad  DL_Timer_setCaptureCompareValue 
0000a8c9  DL_Timer_setClockConfig         
0000a0a1  DL_UART_init                    
0000a975  DL_UART_setClockConfig          
0000a58d  DL_UART_transmitDataBlocking    
0000929f  DMA_IRQHandler                  
0000929f  Default_Handler                 
0000929f  GROUP0_IRQHandler               
000098b9  GROUP1_IRQHandler               
0000a4f5  Grayscale_Sensor_Init           
00007f21  Grayscale_Sensor_ReadAll        
0000aaab  HOSTexit                        
0000929f  HardFault_Handler               
0000929f  I2C0_IRQHandler                 
0000929f  I2C1_IRQHandler                 
0000a001  LapTaskControl_init             
0000a987  LapTaskControl_isRunning        
0000a365  LapTaskControl_reset            
00008a8d  LapTaskControl_start            
00006689  LapTaskControl_update           
0000aa85  LineTracking_getActiveCount     
0000aa8b  LineTracking_getSpeed           
0000a619  LineTracking_init               
0000aaaf  LineTracking_isEnabled          
0000a9bd  LineTracking_reset              
0000aab3  LineTracking_setDebugEnabled    
0000aab7  LineTracking_setEnabled         
0000aabb  LineTracking_setSpeed           
00005df9  LineTracking_update             
0000aa1d  MPU6050_Angle_getDeviceId       
0000aa29  MPU6050_Angle_getZDegrees       
0000aa35  MPU6050_Angle_getZRateDps       
00007499  MPU6050_Angle_initWithProgress  
0000aa41  MPU6050_Angle_reset             
00009cd5  MPU6050_Angle_update            
0000a39f  MotorControl_coast              
0000a529  MotorControl_handleEncoderEdge  
00009e51  MotorControl_init               
0000a86f  MotorControl_setTargetRpm       
000096a1  MotorControl_takeStatus         
00006951  MotorControl_update             
0000929f  NMI_Handler                     
00008f99  OLED_Init                       
0000a5bd  OLED_ShowCalibration            
000099b9  OLED_ShowMessage                
0000728d  OLED_ShowStopwatch              
000092a1  OLED_ShowTask                   
00007da1  OLED_ShowTaskResult             
0000929f  PendSV_Handler                  
0000929f  RTC_IRQHandler                  
0000aabf  Reset_Handler                   
0000929f  SPI0_IRQHandler                 
0000929f  SPI1_IRQHandler                 
0000929f  SVC_Handler                     
0000835d  SYSCFG_DL_GPIO_init             
00009f59  SYSCFG_DL_I2C_MPU6050_init      
00009fad  SYSCFG_DL_I2C_OLED_init         
000093dd  SYSCFG_DL_PWM_MOTOR_AB_init     
0000946d  SYSCFG_DL_PWM_MOTOR_CD_init     
0000a171  SYSCFG_DL_SYSCTL_init           
0000a44d  SYSCFG_DL_TIMER_PID_init        
00009b2d  SYSCFG_DL_UART_0_init           
00009d35  SYSCFG_DL_UART_1_init           
0000a1b1  SYSCFG_DL_init                  
00009a35  SYSCFG_DL_initPower             
0000a699  Stopwatch_getElapsedMs          
0000a781  Stopwatch_reset                 
0000a7a5  Stopwatch_start                 
0000a645  Stopwatch_stop                  
0000a485  StraightTaskControl_init        
0000a9cd  StraightTaskControl_isRunning   
0000a737  StraightTaskControl_reset       
00008209  StraightTaskControl_start       
00007a5d  StraightTaskControl_update      
0000929f  SysTick_Handler                 
0000aa4d  SystemTime_getMs                
0000a9dd  SystemTime_tick10ms             
0000929f  TIMA0_IRQHandler                
0000a0e9  TIMA1_IRQHandler                
0000929f  TIMG0_IRQHandler                
0000929f  TIMG12_IRQHandler               
0000929f  TIMG6_IRQHandler                
0000929f  TIMG7_IRQHandler                
0000929f  TIMG8_IRQHandler                
0000aa91  TaskExecutor_getActiveTask      
00009ea9  TaskExecutor_init               
0000a811  TaskExecutor_isRunning          
0000aa97  TaskExecutor_lastTaskFault      
00009939  TaskExecutor_reset              
0000871d  TaskExecutor_startSelected      
000084a9  TaskExecutor_update10ms         
0000aa59  TaskManager_getSelected         
000094fd  TaskManager_init                
0000a8e5  TaskManager_select              
0000a7c9  TaskManager_selectNextSupported 
0000a9ed  TaskManager_takeChangePressed   
0000a9fd  TaskManager_takeStartPressed    
00009159  TaskManager_update10ms          
00009c0d  UART0_IRQHandler                
0000929f  UART1_IRQHandler                
0000929f  UART2_IRQHandler                
0000929f  UART3_IRQHandler                
20208000  __STACK_END                     
00000200  __STACK_SIZE                    
00000000  __TI_ATRegion0_region_sz        
00000000  __TI_ATRegion0_src_addr         
00000000  __TI_ATRegion0_trg_addr         
00000000  __TI_ATRegion1_region_sz        
00000000  __TI_ATRegion1_src_addr         
00000000  __TI_ATRegion1_trg_addr         
00000000  __TI_ATRegion2_region_sz        
00000000  __TI_ATRegion2_src_addr         
00000000  __TI_ATRegion2_trg_addr         
0000b774  __TI_CINIT_Base                 
0000b784  __TI_CINIT_Limit                
0000b784  __TI_CINIT_Warm                 
0000b758  __TI_Handler_Table_Base         
0000b764  __TI_Handler_Table_Limit        
0000a2ed  __TI_auto_init_nobinit_nopinit  
00009ab1  __TI_decompress_lzss            
0000a999  __TI_decompress_none            
ffffffff  __TI_pprof_out_hndl             
ffffffff  __TI_prof_data_size             
ffffffff  __TI_prof_data_start            
00000000  __TI_static_base__              
0000aa0d  __TI_zero_init                  
0000908b  __addsf3                        
0000a4bd  __aeabi_f2iz                    
0000908b  __aeabi_fadd                    
00009df5  __aeabi_fcmpeq                  
00009e2b  __aeabi_fcmpge                  
00009e3d  __aeabi_fcmpgt                  
00009e19  __aeabi_fcmple                  
00009e07  __aeabi_fcmplt                  
000095ff  __aeabi_fcmpun                  
00009835  __aeabi_fdiv                    
00009615  __aeabi_fmul                    
00009081  __aeabi_fsub                    
0000a329  __aeabi_i2f                     
00009f01  __aeabi_idiv                    
000093db  __aeabi_idiv0                   
00009f01  __aeabi_idivmod                 
0000a051  __aeabi_l2f                     
0000972b  __aeabi_ldiv0                   
0000a94d  __aeabi_ldivmod                 
0000a88d  __aeabi_llsl                    
0000a7ed  __aeabi_lmul                    
0000a90f  __aeabi_memclr                  
0000a90f  __aeabi_memclr4                 
0000a90f  __aeabi_memclr8                 
0000aa71  __aeabi_memcpy                  
0000aa71  __aeabi_memcpy4                 
0000aa71  __aeabi_memcpy8                 
0000a901  __aeabi_memset                  
0000a901  __aeabi_memset4                 
0000a901  __aeabi_memset8                 
0000a6e9  __aeabi_ui2f                    
0000a231  __aeabi_uidiv                   
0000a231  __aeabi_uidivmod                
0000a961  __aeabi_uldivmod                
0000a88d  __ashldi3                       
ffffffff  __binit__                       
00009589  __cmpsf2                        
0000a271  __divmoddi4                     
00009835  __divsf3                        
00009589  __eqsf2                         
0000a4bd  __fixsfsi                       
0000a051  __floatdisf                     
0000a329  __floatsisf                     
0000a6e9  __floatunsisf                   
000095c3  __gesf2                         
000095c3  __gtsf2                         
00009589  __lesf2                         
00009589  __ltsf2                         
UNDEFED   __mpu_init                      
0000a7ed  __muldi3                        
0000a3d9  __muldsi3                       
00009615  __mulsf3                        
00009589  __nesf2                         
20207e00  __stack                         
20200000  __start___llvm_prf_bits         
20200000  __start___llvm_prf_cnts         
20200000  __stop___llvm_prf_bits          
20200000  __stop___llvm_prf_cnts          
00009081  __subsf3                        
000091fd  __udivmoddi4                    
000095ff  __unordsf2                      
0000a6c1  _c_int00_noargs                 
UNDEFED   _system_post_cinit              
0000aac3  _system_pre_init                
0000aa9d  abort                           
ffffffff  binit                           
0000b596  gLapTask2Profile                
0000b5ac  gLapTask5Profile                
0000b5c2  gLapTask6Profile                
20200000  gPWM_MOTOR_CDBackup             
0000b652  gStraightTask4Profile           
202000bc  gTIMER_PIDBackup                
00000000  interruptVectors                
00004285  main                            
00009341  memcpy                          
00009c71  memset                          


GLOBAL SYMBOLS: SORTED BY Symbol Address 

address   name                            
-------   ----                            
00000000  __TI_ATRegion0_region_sz        
00000000  __TI_ATRegion0_src_addr         
00000000  __TI_ATRegion0_trg_addr         
00000000  __TI_ATRegion1_region_sz        
00000000  __TI_ATRegion1_src_addr         
00000000  __TI_ATRegion1_trg_addr         
00000000  __TI_ATRegion2_region_sz        
00000000  __TI_ATRegion2_src_addr         
00000000  __TI_ATRegion2_trg_addr         
00000000  __TI_static_base__              
00000000  interruptVectors                
00000200  __STACK_SIZE                    
00004285  main                            
00005df9  LineTracking_update             
00006689  LapTaskControl_update           
00006951  MotorControl_update             
00007075  AngleTurnControl_update         
0000728d  OLED_ShowStopwatch              
00007499  MPU6050_Angle_initWithProgress  
00007a5d  StraightTaskControl_update      
00007da1  OLED_ShowTaskResult             
00007f21  Grayscale_Sensor_ReadAll        
00008209  StraightTaskControl_start       
0000835d  SYSCFG_DL_GPIO_init             
000084a9  TaskExecutor_update10ms         
000085e5  CarControl_setMotion            
0000871d  TaskExecutor_startSelected      
00008a8d  LapTaskControl_start            
00008b95  DL_Timer_initFourCCPWMMode      
00008e9d  DL_Timer_initTimerMode          
00008f99  OLED_Init                       
00009081  __aeabi_fsub                    
00009081  __subsf3                        
0000908b  __addsf3                        
0000908b  __aeabi_fadd                    
00009159  TaskManager_update10ms          
000091fd  __udivmoddi4                    
0000929f  ADC0_IRQHandler                 
0000929f  ADC1_IRQHandler                 
0000929f  AES_IRQHandler                  
0000929f  CANFD0_IRQHandler               
0000929f  DAC0_IRQHandler                 
0000929f  DMA_IRQHandler                  
0000929f  Default_Handler                 
0000929f  GROUP0_IRQHandler               
0000929f  HardFault_Handler               
0000929f  I2C0_IRQHandler                 
0000929f  I2C1_IRQHandler                 
0000929f  NMI_Handler                     
0000929f  PendSV_Handler                  
0000929f  RTC_IRQHandler                  
0000929f  SPI0_IRQHandler                 
0000929f  SPI1_IRQHandler                 
0000929f  SVC_Handler                     
0000929f  SysTick_Handler                 
0000929f  TIMA0_IRQHandler                
0000929f  TIMG0_IRQHandler                
0000929f  TIMG12_IRQHandler               
0000929f  TIMG6_IRQHandler                
0000929f  TIMG7_IRQHandler                
0000929f  TIMG8_IRQHandler                
0000929f  UART1_IRQHandler                
0000929f  UART2_IRQHandler                
0000929f  UART3_IRQHandler                
000092a1  OLED_ShowTask                   
00009341  memcpy                          
000093db  __aeabi_idiv0                   
000093dd  SYSCFG_DL_PWM_MOTOR_AB_init     
0000946d  SYSCFG_DL_PWM_MOTOR_CD_init     
000094fd  TaskManager_init                
00009589  __cmpsf2                        
00009589  __eqsf2                         
00009589  __lesf2                         
00009589  __ltsf2                         
00009589  __nesf2                         
000095c3  __gesf2                         
000095c3  __gtsf2                         
000095ff  __aeabi_fcmpun                  
000095ff  __unordsf2                      
00009615  __aeabi_fmul                    
00009615  __mulsf3                        
000096a1  MotorControl_takeStatus         
0000972b  __aeabi_ldiv0                   
0000972d  AngleTurnControl_start          
00009835  __aeabi_fdiv                    
00009835  __divsf3                        
000098b9  GROUP1_IRQHandler               
00009939  TaskExecutor_reset              
000099b9  OLED_ShowMessage                
00009a35  SYSCFG_DL_initPower             
00009ab1  __TI_decompress_lzss            
00009b2d  SYSCFG_DL_UART_0_init           
00009c0d  UART0_IRQHandler                
00009c71  memset                          
00009cd5  MPU6050_Angle_update            
00009d35  SYSCFG_DL_UART_1_init           
00009d95  DL_I2C_fillControllerTXFIFO     
00009df5  __aeabi_fcmpeq                  
00009e07  __aeabi_fcmplt                  
00009e19  __aeabi_fcmple                  
00009e2b  __aeabi_fcmpge                  
00009e3d  __aeabi_fcmpgt                  
00009e51  MotorControl_init               
00009ea9  TaskExecutor_init               
00009f01  __aeabi_idiv                    
00009f01  __aeabi_idivmod                 
00009f59  SYSCFG_DL_I2C_MPU6050_init      
00009fad  SYSCFG_DL_I2C_OLED_init         
0000a001  LapTaskControl_init             
0000a051  __aeabi_l2f                     
0000a051  __floatdisf                     
0000a0a1  DL_UART_init                    
0000a0e9  TIMA1_IRQHandler                
0000a131  CarControl_init                 
0000a171  SYSCFG_DL_SYSCTL_init           
0000a1b1  SYSCFG_DL_init                  
0000a231  __aeabi_uidiv                   
0000a231  __aeabi_uidivmod                
0000a271  __divmoddi4                     
0000a2b1  DL_I2C_flushControllerTXFIFO    
0000a2ed  __TI_auto_init_nobinit_nopinit  
0000a329  __aeabi_i2f                     
0000a329  __floatsisf                     
0000a365  LapTaskControl_reset            
0000a39f  MotorControl_coast              
0000a3d9  __muldsi3                       
0000a44d  SYSCFG_DL_TIMER_PID_init        
0000a485  StraightTaskControl_init        
0000a4bd  __aeabi_f2iz                    
0000a4bd  __fixsfsi                       
0000a4f5  Grayscale_Sensor_Init           
0000a529  MotorControl_handleEncoderEdge  
0000a55d  DL_I2C_flushControllerRXFIFO    
0000a58d  DL_UART_transmitDataBlocking    
0000a5bd  OLED_ShowCalibration            
0000a5ed  AngleTurnControl_init           
0000a619  LineTracking_init               
0000a645  Stopwatch_stop                  
0000a671  CarControl_stop                 
0000a699  Stopwatch_getElapsedMs          
0000a6c1  _c_int00_noargs                 
0000a6e9  __aeabi_ui2f                    
0000a6e9  __floatunsisf                   
0000a711  DL_I2C_setClockConfig           
0000a737  StraightTaskControl_reset       
0000a75d  AngleTurnControl_cancel         
0000a781  Stopwatch_reset                 
0000a7a5  Stopwatch_start                 
0000a7c9  TaskManager_selectNextSupported 
0000a7ed  __aeabi_lmul                    
0000a7ed  __muldi3                        
0000a811  TaskExecutor_isRunning          
0000a833  CarControl_coast                
0000a851  CarControl_emergencyStop        
0000a86f  MotorControl_setTargetRpm       
0000a88d  __aeabi_llsl                    
0000a88d  __ashldi3                       
0000a8ad  DL_Timer_setCaptCompUpdateMethod
0000a8c9  DL_Timer_setClockConfig         
0000a8e5  TaskManager_select              
0000a901  __aeabi_memset                  
0000a901  __aeabi_memset4                 
0000a901  __aeabi_memset8                 
0000a90f  __aeabi_memclr                  
0000a90f  __aeabi_memclr4                 
0000a90f  __aeabi_memclr8                 
0000a91d  DL_Timer_setCaptureCompareOutCtl
0000a94d  __aeabi_ldivmod                 
0000a961  __aeabi_uldivmod                
0000a975  DL_UART_setClockConfig          
0000a987  LapTaskControl_isRunning        
0000a999  __TI_decompress_none            
0000a9ad  DL_Timer_setCaptureCompareValue 
0000a9bd  LineTracking_reset              
0000a9cd  StraightTaskControl_isRunning   
0000a9dd  SystemTime_tick10ms             
0000a9ed  TaskManager_takeChangePressed   
0000a9fd  TaskManager_takeStartPressed    
0000aa0d  __TI_zero_init                  
0000aa1d  MPU6050_Angle_getDeviceId       
0000aa29  MPU6050_Angle_getZDegrees       
0000aa35  MPU6050_Angle_getZRateDps       
0000aa41  MPU6050_Angle_reset             
0000aa4d  SystemTime_getMs                
0000aa59  TaskManager_getSelected         
0000aa65  DL_Common_delayCycles           
0000aa71  __aeabi_memcpy                  
0000aa71  __aeabi_memcpy4                 
0000aa71  __aeabi_memcpy8                 
0000aa79  AngleTurnControl_isActive       
0000aa7f  CarControl_getSpeedRpm          
0000aa85  LineTracking_getActiveCount     
0000aa8b  LineTracking_getSpeed           
0000aa91  TaskExecutor_getActiveTask      
0000aa97  TaskExecutor_lastTaskFault      
0000aa9d  abort                           
0000aaa3  CarControl_getMotion            
0000aaa7  CarControl_getTurnInnerPercent  
0000aaaa  C$$EXIT                         
0000aaab  HOSTexit                        
0000aaaf  LineTracking_isEnabled          
0000aab3  LineTracking_setDebugEnabled    
0000aab7  LineTracking_setEnabled         
0000aabb  LineTracking_setSpeed           
0000aabf  Reset_Handler                   
0000aac3  _system_pre_init                
0000b596  gLapTask2Profile                
0000b5ac  gLapTask5Profile                
0000b5c2  gLapTask6Profile                
0000b652  gStraightTask4Profile           
0000b758  __TI_Handler_Table_Base         
0000b764  __TI_Handler_Table_Limit        
0000b774  __TI_CINIT_Base                 
0000b784  __TI_CINIT_Limit                
0000b784  __TI_CINIT_Warm                 
20200000  __start___llvm_prf_bits         
20200000  __start___llvm_prf_cnts         
20200000  __stop___llvm_prf_bits          
20200000  __stop___llvm_prf_cnts          
20200000  gPWM_MOTOR_CDBackup             
202000bc  gTIMER_PIDBackup                
20207e00  __stack                         
20208000  __STACK_END                     
ffffffff  __TI_pprof_out_hndl             
ffffffff  __TI_prof_data_size             
ffffffff  __TI_prof_data_start            
ffffffff  __binit__                       
ffffffff  binit                           
UNDEFED   __mpu_init                      
UNDEFED   _system_post_cinit              

[230 symbols]
