******************************************************************************
            TI ARM Clang Linker PC v5.1.1                      
******************************************************************************
>> Linked Sat Jul 25 22:56:58 2026

OUTPUT FILE NAME:   <main.out>
ENTRY POINT SYMBOL: "_c_int00_noargs"  address: 0000b135


MEMORY CONFIGURATION

         name            origin    length      used     unused   attr    fill
----------------------  --------  ---------  --------  --------  ----  --------
  FLASH                 00000000   00020000  0000bbf0  00014410  R  X
  SRAM                  20200000   00008000  00000664  0000799c  RW X
  BCR_CONFIG            41c00000   000000ff  00000000  000000ff  R   
  BSL_CONFIG            41c00100   00000080  00000000  00000080  R   


SEGMENT ALLOCATION MAP

run origin  load origin   length   init length attrs members
----------  ----------- ---------- ----------- ----- -------
00000000    00000000    0000bbf0   0000bbf0    r-x
  00000000    00000000    000000c0   000000c0    r-- .intvecs
  000000c0    000000c0    0000b320   0000b320    r-x .text
  0000b3e0    0000b3e0    000007f8   000007f8    r-- .rodata
  0000bbd8    0000bbd8    00000018   00000018    r-- .cinit
20200000    20200000    00000464   00000000    rw-
  20200000    20200000    00000464   00000000    rw- .bss
20207e00    20207e00    00000200   00000000    rw-
  20207e00    20207e00    00000200   00000000    rw- .stack


SECTION ALLOCATION MAP

 output                                  attributes/
section   page    origin      length       input sections
--------  ----  ----------  ----------   ----------------
.intvecs   0    00000000    000000c0     
                  00000000    000000c0     startup_mspm0g350x_ticlang.o (.intvecs)

.text      0    000000c0    0000b320     
                  000000c0    00006c38     main.o (.text.main)
                  00006cf8    00000954     main.o (.text.LineTracking_update)
                  0000764c    000005d4     main.o (.text.UART_reportMotorStatus)
                  00007c20    000003d2     oled.o (.text.OLED_Init)
                  00007ff2    00000002     startup_mspm0g350x_ticlang.o (.text.Default_Handler)
                  00007ff4    000002f4     motor_control.o (.text.MotorControl_update)
                  000082e8    00000280     oled.o (.text.OLED_ShowTask1Endpoint)
                  00008568    00000278     mpu6050_angle.o (.text.MPU6050_Angle_initWithProgress)
                  000087e0    00000278     oled.o (.text.OLED_ShowTask)
                  00008a58    0000026c     oled.o (.text.OLED_ShowCalibration)
                  00008cc4    00000244     main.o (.text.UART_reportGrayscale)
                  00008f08    00000238     main.o (.text.UART_reportZAngle)
                  00009140    00000218     angle_turn_control.o (.text.AngleTurnControl_update)
                  00009358    000001d4     mpu6050_angle.o (.text.MPU6050_readRegisters)
                  0000952c    00000174     grayscale_sensor.o (.text.Grayscale_Sensor_ReadAll)
                  000096a0    00000170     oled.o (.text.OLED_writeString)
                  00009810    0000016c     ti_msp_dl_config.o (.text.SYSCFG_DL_GPIO_init)
                  0000997c    0000014c     task_manager.o (.text.TaskManager_update)
                  00009ac8    00000138     car_control.o (.text.CarControl_setMotion)
                  00009c00    00000104     driverlib.a : dl_timer.o (.text.DL_Timer_initFourCCPWMMode)
                  00009d04    00000104     mpu6050_angle.o (.text.MPU6050_writeRegister)
                  00009e08    00000104     oled.o (.text.OLED_writeByte)
                  00009f0c    000000fc     driverlib.a : dl_timer.o (.text.DL_Timer_initTimerMode)
                  0000a008    000000d8     libclang_rt.builtins.a : addsf3.S.obj (.text)
                  0000a0e0    000000d4     task_manager.o (.text.TaskManager_init)
                  0000a1b4    000000a2     libclang_rt.builtins.a : udivmoddi4.S.obj (.text)
                  0000a256    0000009a     libc.a : memcpy16.S.obj (.text:memcpy)
                  0000a2f0    00000090     ti_msp_dl_config.o (.text.SYSCFG_DL_PWM_MOTOR_AB_init)
                  0000a380    00000090     ti_msp_dl_config.o (.text.SYSCFG_DL_PWM_MOTOR_CD_init)
                  0000a410    0000008c     libclang_rt.builtins.a : comparesf2.S.obj (.text)
                  0000a49c    0000008c                            : mulsf3.S.obj (.text)
                  0000a528    0000008a     motor_control.o (.text.MotorControl_takeStatus)
                  0000a5b2    00000002     libclang_rt.builtins.a : aeabi_div0.c.obj (.text.__aeabi_idiv0)
                  0000a5b4    00000084     angle_turn_control.o (.text.AngleTurnControl_start)
                  0000a638    00000082     libclang_rt.builtins.a : divsf3.S.obj (.text)
                  0000a6ba    00000002                            : aeabi_div0.c.obj (.text.__aeabi_ldiv0)
                  0000a6bc    00000080     main.o (.text.GROUP1_IRQHandler)
                  0000a73c    0000007c     ti_msp_dl_config.o (.text.SYSCFG_DL_initPower)
                  0000a7b8    00000070     ti_msp_dl_config.o (.text.SYSCFG_DL_UART_0_init)
                  0000a828    0000006e     angle_turn_control.o (.text.AngleTurnControl_getCoastDistanceDegrees)
                  0000a896    00000002     --HOLE-- [fill = 0]
                  0000a898    00000064     main.o (.text.UART0_IRQHandler)
                  0000a8fc    00000062     libc.a : memset16.S.obj (.text:memset)
                  0000a95e    00000002     --HOLE-- [fill = 0]
                  0000a960    00000060     mpu6050_angle.o (.text.MPU6050_Angle_update)
                  0000a9c0    00000060     ti_msp_dl_config.o (.text.SYSCFG_DL_UART_OPENMV_init)
                  0000aa20    0000005e     driverlib.a : dl_i2c.o (.text.DL_I2C_fillControllerTXFIFO)
                  0000aa7e    00000002     --HOLE-- [fill = 0]
                  0000aa80    0000005a     libclang_rt.builtins.a : aeabi_fcmp.S.obj (.text)
                  0000aada    00000002     --HOLE-- [fill = 0]
                  0000aadc    00000058     motor_control.o (.text.MotorControl_init)
                  0000ab34    00000056     libclang_rt.builtins.a : aeabi_idivmod.S.obj (.text)
                  0000ab8a    00000002     --HOLE-- [fill = 0]
                  0000ab8c    00000054     ti_msp_dl_config.o (.text.SYSCFG_DL_I2C_MPU6050_init)
                  0000abe0    00000054     ti_msp_dl_config.o (.text.SYSCFG_DL_I2C_OLED_init)
                  0000ac34    0000004e     libclang_rt.builtins.a : floatdisf.S.obj (.text)
                  0000ac82    00000002     --HOLE-- [fill = 0]
                  0000ac84    00000048     driverlib.a : dl_uart.o (.text.DL_UART_init)
                  0000accc    00000044     main.o (.text.TIMA1_IRQHandler)
                  0000ad10    00000040     ti_msp_dl_config.o (.text.SYSCFG_DL_SYSCTL_init)
                  0000ad50    00000040     ti_msp_dl_config.o (.text.SYSCFG_DL_init)
                  0000ad90    00000040     libclang_rt.builtins.a : aeabi_uidivmod.S.obj (.text)
                  0000add0    0000003e     car_control.o (.text.CarControl_init)
                  0000ae0e    0000003e     libclang_rt.builtins.a : divmoddi4.c.obj (.text.__divmoddi4)
                  0000ae4c    0000003c     driverlib.a : dl_i2c.o (.text.DL_I2C_flushControllerTXFIFO)
                  0000ae88    0000003c     libc.a : autoinit.c.obj (.text:__TI_auto_init_nobinit_nopinit)
                  0000aec4    0000003c     libclang_rt.builtins.a : floatsisf.S.obj (.text)
                  0000af00    0000003a     motor_control.o (.text.MotorControl_coast)
                  0000af3a    00000002     --HOLE-- [fill = 0]
                  0000af3c    0000003a     libclang_rt.builtins.a : muldsi3.S.obj (.text)
                  0000af76    00000038     angle_turn_control.o (.text.AngleTurnControl_enterCreep)
                  0000afae    00000002     --HOLE-- [fill = 0]
                  0000afb0    00000038     ti_msp_dl_config.o (.text.SYSCFG_DL_TIMER_PID_init)
                  0000afe8    00000038     libclang_rt.builtins.a : fixsfsi.S.obj (.text)
                  0000b020    00000032     motor_control.o (.text.MotorControl_handleEncoderEdge)
                  0000b052    00000002     --HOLE-- [fill = 0]
                  0000b054    00000030     driverlib.a : dl_i2c.o (.text.DL_I2C_flushControllerRXFIFO)
                  0000b084    00000030                 : dl_uart.o (.text.DL_UART_transmitDataBlocking)
                  0000b0b4    0000002c     angle_turn_control.o (.text.AngleTurnControl_init)
                  0000b0e0    0000002c     grayscale_sensor.o (.text.Grayscale_Sensor_Init)
                  0000b10c    00000028     car_control.o (.text.CarControl_stop)
                  0000b134    00000028     libc.a : boot_cortex_m.c.obj (.text:_c_int00_noargs)
                  0000b15c    00000028     libclang_rt.builtins.a : floatunsisf.S.obj (.text)
                  0000b184    00000026     driverlib.a : dl_i2c.o (.text.DL_I2C_setClockConfig)
                  0000b1aa    00000024     angle_turn_control.o (.text.AngleTurnControl_cancel)
                  0000b1ce    00000002     --HOLE-- [fill = 0]
                  0000b1d0    00000024     libclang_rt.builtins.a : muldi3.S.obj (.text)
                  0000b1f4    0000001e     car_control.o (.text.CarControl_coast)
                  0000b212    0000001e     car_control.o (.text.CarControl_emergencyStop)
                  0000b230    0000001e     motor_control.o (.text.MotorControl_setTargetRpm)
                  0000b24e    00000002     --HOLE-- [fill = 0]
                  0000b250    0000001e     libclang_rt.builtins.a : ashldi3.S.obj (.text)
                  0000b26e    00000002     --HOLE-- [fill = 0]
                  0000b270    0000001c     driverlib.a : dl_timer.o (.text.DL_Timer_setCaptCompUpdateMethod)
                  0000b28c    0000001c                 : dl_timer.o (.text.DL_Timer_setClockConfig)
                  0000b2a8    0000001a     libclang_rt.builtins.a : aeabi_memset.S.obj (.text)
                  0000b2c2    00000002     --HOLE-- [fill = 0]
                  0000b2c4    00000018     driverlib.a : dl_timer.o (.text.DL_Timer_setCaptureCompareOutCtl)
                  0000b2dc    00000018     main.o (.text.OLED_showCalibrationProgress)
                  0000b2f4    00000014     libclang_rt.builtins.a : aeabi_ldivmod.S.obj (.text)
                  0000b308    00000012     driverlib.a : dl_uart.o (.text.DL_UART_setClockConfig)
                  0000b31a    00000002     --HOLE-- [fill = 0]
                  0000b31c    00000010                 : dl_timer.o (.text.DL_Timer_setCaptureCompareValue)
                  0000b32c    00000010     task_manager.o (.text.TaskManager_takeStatusPressed)
                  0000b33c    00000010     task_manager.o (.text.TaskManager_takeStatusReleased)
                  0000b34c    00000010     libc.a : copy_zero_init.c.obj (.text:decompress:ZI)
                  0000b35c    0000000c     mpu6050_angle.o (.text.MPU6050_Angle_getDeviceId)
                  0000b368    0000000c     mpu6050_angle.o (.text.MPU6050_Angle_getZDegrees)
                  0000b374    0000000c     mpu6050_angle.o (.text.MPU6050_Angle_getZRateDps)
                  0000b380    0000000c     mpu6050_angle.o (.text.MPU6050_Angle_reset)
                  0000b38c    0000000c     task_manager.o (.text.TaskManager_getActiveTask)
                  0000b398    0000000c     task_manager.o (.text.TaskManager_getTask1Endpoint)
                  0000b3a4    0000000a     driverlib.a : dl_common.o (.text.DL_Common_delayCycles)
                  0000b3ae    00000002     --HOLE-- [fill = 0]
                  0000b3b0    00000008     libclang_rt.builtins.a : aeabi_memcpy.S.obj (.text)
                  0000b3b8    00000006     angle_turn_control.o (.text.AngleTurnControl_isActive)
                  0000b3be    00000006     car_control.o (.text.CarControl_getSpeedRpm)
                  0000b3c4    00000006     libc.a : exit.c.obj (.text:abort)
                  0000b3ca    00000004     car_control.o (.text.CarControl_getTurnInnerPercent)
                  0000b3ce    00000004     libsysbm.a : hostexit.c.obj (.text.HOSTexit)
                  0000b3d2    00000004     startup_mspm0g350x_ticlang.o (.text.Reset_Handler)
                  0000b3d6    00000004     libc.a : pre_init.c.obj (.text._system_pre_init)
                  0000b3da    00000006     --HOLE-- [fill = 0]

.cinit     0    0000bbd8    00000018     
                  0000bbd8    00000008     (.cinit..bss.load) [load image, compression = zero_init]
                  0000bbe0    00000004     (__TI_handler_table)
                  0000bbe4    00000008     (__TI_cinit_table)
                  0000bbec    00000004     --HOLE-- [fill = 0]

.rodata    0    0000b3e0    000007f8     
                  0000b3e0    00000050     main.o (.rodata.gMotorAConfig)
                  0000b430    00000050     main.o (.rodata.gMotorBConfig)
                  0000b480    00000050     main.o (.rodata.gMotorCConfig)
                  0000b4d0    00000050     main.o (.rodata.gMotorDConfig)
                  0000b520    00000039     main.o (.rodata.str1.17100691992556644108.1)
                  0000b559    00000036     main.o (.rodata.str1.10992214574315303902.1)
                  0000b58f    00000036     main.o (.rodata.str1.4551914367444790281.1)
                  0000b5c5    00000032     main.o (.rodata.str1.14402440632258215044.1)
                  0000b5f7    00000032     main.o (.rodata.str1.288608917962107522.1)
                  0000b629    00000031     main.o (.rodata.str1.5353031162939221829.1)
                  0000b65a    00000031     main.o (.rodata.str1.564043066809513926.1)
                  0000b68b    0000002e     main.o (.rodata.str1.5789451164904352291.1)
                  0000b6b9    0000002e     main.o (.rodata.str1.8154729771448623357.1)
                  0000b6e7    0000002d     main.o (.rodata.str1.11777244287787065045.1)
                  0000b714    0000002d     main.o (.rodata.str1.5717173343804402867.1)
                  0000b741    0000002b     main.o (.rodata.str1.2597068879322958637.1)
                  0000b76c    0000002b     main.o (.rodata.str1.5931264416680793241.1)
                  0000b797    0000002a     main.o (.rodata.str1.2110678906774669609.1)
                  0000b7c1    00000029     main.o (.rodata.str1.2256192789054937243.1)
                  0000b7ea    00000029     main.o (.rodata.str1.5130420776781151933.1)
                  0000b813    00000028     main.o (.rodata.str1.1311392489248731986.1)
                  0000b83b    00000028     main.o (.rodata.str1.13741801963158515659.1)
                  0000b863    00000028     main.o (.rodata.str1.5456361711443481037.1)
                  0000b88b    00000027     main.o (.rodata.str1.10313062130652730376.1)
                  0000b8b2    00000027     main.o (.rodata.str1.13782249893155712474.1)
                  0000b8d9    00000027     main.o (.rodata.str1.6891813955777630061.1)
                  0000b900    00000027     main.o (.rodata.str1.922313780387552641.1)
                  0000b927    00000026     main.o (.rodata.str1.7190843550371250464.1)
                  0000b94d    00000026     main.o (.rodata.str1.7440231181708086392.1)
                  0000b973    00000025     main.o (.rodata.str1.10003710380724733530.1)
                  0000b998    00000025     main.o (.rodata.str1.16285091658156303515.1)
                  0000b9bd    00000025     main.o (.rodata.str1.16617520904356106791.1)
                  0000b9e2    00000024     main.o (.rodata.str1.13080826312907008127.1)
                  0000ba06    00000024     main.o (.rodata.str1.3530083166107438000.1)
                  0000ba2a    00000023     main.o (.rodata.str1.17367371817006806674.1)
                  0000ba4d    00000023     main.o (.rodata.str1.8828068777338075035.1)
                  0000ba70    00000021     main.o (.rodata.str1.5043408953494467246.1)
                  0000ba91    00000003     ti_msp_dl_config.o (.rodata.gPWM_MOTOR_ABClockConfig)
                  0000ba94    00000020     main.o (.rodata.gAngleTurnConfig)
                  0000bab4    00000020     main.o (.rodata.str1.11321157723316767883.1)
                  0000bad4    0000001c     main.o (.rodata.gCarConfig)
                  0000baf0    00000014     ti_msp_dl_config.o (.rodata.gTIMER_PIDTimerConfig)
                  0000bb04    00000011     main.o (.rodata.str1.887240019932590441.1)
                  0000bb15    00000003     ti_msp_dl_config.o (.rodata.gPWM_MOTOR_CDClockConfig)
                  0000bb18    00000010     main.o (.rodata..Lswitch.table.main.130)
                  0000bb28    0000000e     main.o (.rodata.str1.15159059442110792349.1)
                  0000bb36    0000000b     main.o (.rodata.str1.625103348304617710.1)
                  0000bb41    0000000b     main.o (.rodata.str1.6365796992934770792.1)
                  0000bb4c    0000000a     ti_msp_dl_config.o (.rodata.gUART_0Config)
                  0000bb56    0000000a     ti_msp_dl_config.o (.rodata.gUART_OPENMVConfig)
                  0000bb60    00000008     main.o (.rodata.cst8)
                  0000bb68    00000008     ti_msp_dl_config.o (.rodata.gPWM_MOTOR_ABConfig)
                  0000bb70    00000008     ti_msp_dl_config.o (.rodata.gPWM_MOTOR_CDConfig)
                  0000bb78    00000005     oled.o (.rodata.OLED_getGlyph.A)
                  0000bb7d    00000005     oled.o (.rodata.OLED_getGlyph.C)
                  0000bb82    00000005     oled.o (.rodata.OLED_getGlyph.D)
                  0000bb87    00000005     oled.o (.rodata.OLED_getGlyph.E)
                  0000bb8c    00000005     oled.o (.rodata.OLED_getGlyph.K)
                  0000bb91    00000005     oled.o (.rodata.OLED_getGlyph.L)
                  0000bb96    00000005     oled.o (.rodata.OLED_getGlyph.N)
                  0000bb9b    00000005     oled.o (.rodata.OLED_getGlyph.S)
                  0000bba0    00000005     oled.o (.rodata.OLED_getGlyph.T)
                  0000bba5    00000005     oled.o (.rodata.OLED_getGlyph.five)
                  0000bbaa    00000005     oled.o (.rodata.OLED_getGlyph.four)
                  0000bbaf    00000005     oled.o (.rodata.OLED_getGlyph.one)
                  0000bbb4    00000005     oled.o (.rodata.OLED_getGlyph.space)
                  0000bbb9    00000005     oled.o (.rodata.OLED_getGlyph.three)
                  0000bbbe    00000005     oled.o (.rodata.OLED_getGlyph.two)
                  0000bbc3    00000004     main.o (.rodata.str1.1499083853040407199.1)
                  0000bbc7    00000004     main.o (.rodata.str1.1928638051441818890.1)
                  0000bbcb    00000003     ti_msp_dl_config.o (.rodata.gTIMER_PIDClockConfig)
                  0000bbce    00000002     ti_msp_dl_config.o (.rodata.gI2C_MPU6050ClockConfig)
                  0000bbd0    00000002     ti_msp_dl_config.o (.rodata.gI2C_OLEDClockConfig)
                  0000bbd2    00000002     ti_msp_dl_config.o (.rodata.gUART_0ClockConfig)
                  0000bbd4    00000002     ti_msp_dl_config.o (.rodata.gUART_OPENMVClockConfig)
                  0000bbd6    00000002     --HOLE-- [fill = 0]

.init_array 
*          0    00000000    00000000     UNINITIALIZED

.binit     0    00000000    00000000     

.bss       0    20200000    00000464     UNINITIALIZED
                  20200000    000000bc     (.common:gPWM_MOTOR_CDBackup)
                  202000bc    000000bc     (.common:gTIMER_PIDBackup)
                  20200178    00000078     main.o (.bss.gMotorA)
                  202001f0    00000078     main.o (.bss.gMotorB)
                  20200268    00000078     main.o (.bss.gMotorC)
                  202002e0    00000078     main.o (.bss.gMotorD)
                  20200358    00000034     main.o (.bss.gAngleTurn)
                  2020038c    00000020     main.o (.bss.gCar)
                  202003ac    00000020     main.o (.bss.gUartCommand)
                  202003cc    00000010     main.o (.bss.UART_serviceMotorStatus.motorAStatus)
                  202003dc    00000010     main.o (.bss.UART_serviceMotorStatus.motorBStatus)
                  202003ec    00000010     main.o (.bss.UART_serviceMotorStatus.motorCStatus)
                  202003fc    00000010     main.o (.bss.UART_serviceMotorStatus.motorDStatus)
                  2020040c    00000004     mpu6050_angle.o (.bss.gGyroZBiasRaw)
                  20200410    00000008     main.o (.bss.gLineFilteredValues)
                  20200418    00000008     main.o (.bss.gLinePendingCount)
                  20200420    00000008     main.o (.bss.gLinePendingValues)
                  20200428    00000004     main.o (.bss.gLineTrackingIntegral)
                  2020042c    00000004     mpu6050_angle.o (.bss.gZAngleDegrees)
                  20200430    00000004     mpu6050_angle.o (.bss.gZRateDps)
                  20200434    00000002     main.o (.bss.gLineTrackingBaseSpeedRpm)
                  20200436    00000002     main.o (.bss.gLineTrackingLastErr)
                  20200438    00000002     main.o (.bss.gTask1BrakeSamples)
                  2020043a    00000001     main.o (.bss.UART_serviceMotorStatus.motorAStatusReady)
                  2020043b    00000001     main.o (.bss.UART_serviceMotorStatus.motorBStatusReady)
                  2020043c    00000001     main.o (.bss.UART_serviceMotorStatus.motorCStatusReady)
                  2020043d    00000001     main.o (.bss.UART_serviceMotorStatus.motorDStatusReady)
                  2020043e    00000001     task_manager.o (.bss.gActiveTask)
                  2020043f    00000001     mpu6050_angle.o (.bss.gDeviceId)
                  20200440    00000001     main.o (.bss.gGrayscaleStreamDivider)
                  20200441    00000001     main.o (.bss.gGrayscaleStreamEnabled)
                  20200442    00000001     main.o (.bss.gLineFilterReady)
                  20200443    00000001     main.o (.bss.gLineTrackingDebugDivider)
                  20200444    00000001     main.o (.bss.gLineTrackingDebugEnabled)
                  20200445    00000001     main.o (.bss.gLineTrackingEnabled)
                  20200446    00000001     main.o (.bss.gMotorStatusReportOnce)
                  20200447    00000001     main.o (.bss.gMotorStatusStreamEnabled)
                  20200448    00000001     main.o (.bss.gMpu6050Ready)
                  20200449    00000001     main.o (.bss.gMpu6050SampleDue)
                  2020044a    00000001     main.o (.bss.gOledReady)
                  2020044b    00000001     task_manager.o (.bss.gOledReady)
                  2020044c    00000001     task_manager.o (.bss.gStatusButton.0)
                  2020044d    00000001     task_manager.o (.bss.gStatusButton.1)
                  2020044e    00000001     task_manager.o (.bss.gStatusButton.2)
                  2020044f    00000001     task_manager.o (.bss.gStatusPressPending)
                  20200450    00000001     task_manager.o (.bss.gStatusReleasePending)
                  20200451    00000001     main.o (.bss.gTask1AccelerationSamples)
                  20200452    00000001     main.o (.bss.gTask1BlankCount)
                  20200453    00000001     main.o (.bss.gTask1EndReverseSamples)
                  20200454    00000001     task_manager.o (.bss.gTask1Endpoint)
                  20200455    00000001     task_manager.o (.bss.gTask1EndpointButton.0)
                  20200456    00000001     task_manager.o (.bss.gTask1EndpointButton.1)
                  20200457    00000001     task_manager.o (.bss.gTask1EndpointButton.2)
                  20200458    00000001     main.o (.bss.gTask1FinalBrakeSettledCount)
                  20200459    00000001     main.o (.bss.gTask1IntersectionAdvanceSamples)
                  2020045a    00000001     main.o (.bss.gTask1IntersectionPartialCount)
                  2020045b    00000001     main.o (.bss.gTask1LineSeenAfterTurn)
                  2020045c    00000001     main.o (.bss.gTask1NextTurnRight)
                  2020045d    00000001     main.o (.bss.gTask1ReturnPhase)
                  2020045e    00000001     main.o (.bss.gTask1State)
                  2020045f    00000001     task_manager.o (.bss.gTaskButton.0)
                  20200460    00000001     task_manager.o (.bss.gTaskButton.1)
                  20200461    00000001     task_manager.o (.bss.gTaskButton.2)
                  20200462    00000001     main.o (.bss.gUartCommandLength)
                  20200463    00000001     main.o (.bss.gUartCommandReady)

.stack     0    20207e00    00000200     UNINITIALIZED
                  20207e00    00000004     libc.a : boot_cortex_m.c.obj (.stack)
                  20207e04    000001fc     --HOLE--

__llvm_prf_cnts 
*          0    20200000    00000000     UNINITIALIZED

__llvm_prf_bits 
*          0    20200000    00000000     UNINITIALIZED

MODULE SUMMARY

       Module                         code    ro data   rw data
       ------                         ----    -------   -------
    .\
       main.o                         33052   1890      721    
       oled.o                         3498    75        0      
       ti_msp_dl_config.o             1336    73        376    
       mpu6050_angle.o                1504    0         13     
       motor_control.o                1120    0         0      
       angle_turn_control.o           920     0         0      
       task_manager.o                 600     0         14     
       car_control.o                  484     0         0      
       grayscale_sensor.o             416     0         0      
       startup_mspm0g350x_ticlang.o   6       192       0      
    +--+------------------------------+-------+---------+---------+
       Total:                         42936   2230      1124   
                                                               
    C:/ti/mspm0_sdk_2_11_00_07/source/ti/driverlib/lib/ticlang/m0p/mspm0g1x0x_g3x0x/driverlib.a
       dl_timer.o                     608     0         0      
       dl_i2c.o                       240     0         0      
       dl_uart.o                      138     0         0      
       dl_common.o                    10      0         0      
    +--+------------------------------+-------+---------+---------+
       Total:                         996     0         0      
                                                               
    C:\ti\ccs2100\ccs\tools\compiler\ti-cgt-armllvm_5.1.1.LTS\lib\armv6m-ti-none-eabi/c/libc.a
       memcpy16.S.obj                 154     0         0      
       memset16.S.obj                 98      0         0      
       autoinit.c.obj                 60      0         0      
       boot_cortex_m.c.obj            40      0         0      
       copy_zero_init.c.obj           16      0         0      
       exit.c.obj                     6       0         0      
       pre_init.c.obj                 4       0         0      
    +--+------------------------------+-------+---------+---------+
       Total:                         378     0         0      
                                                               
    C:\ti\ccs2100\ccs\tools\compiler\ti-cgt-armllvm_5.1.1.LTS\lib\armv6m-ti-none-eabi/c/libsysbm.a
       hostexit.c.obj                 4       0         0      
    +--+------------------------------+-------+---------+---------+
       Total:                         4       0         0      
                                                               
    C:\ti\ccs2100\ccs\tools\compiler\ti-cgt-armllvm_5.1.1.LTS\lib\armv6m-ti-none-eabi/libclang_rt.builtins.a
       addsf3.S.obj                   216     0         0      
       udivmoddi4.S.obj               162     0         0      
       comparesf2.S.obj               140     0         0      
       mulsf3.S.obj                   140     0         0      
       divsf3.S.obj                   130     0         0      
       aeabi_fcmp.S.obj               90      0         0      
       aeabi_idivmod.S.obj            86      0         0      
       floatdisf.S.obj                78      0         0      
       aeabi_uidivmod.S.obj           64      0         0      
       divmoddi4.c.obj                62      0         0      
       floatsisf.S.obj                60      0         0      
       muldsi3.S.obj                  58      0         0      
       fixsfsi.S.obj                  56      0         0      
       floatunsisf.S.obj              40      0         0      
       muldi3.S.obj                   36      0         0      
       ashldi3.S.obj                  30      0         0      
       aeabi_memset.S.obj             26      0         0      
       aeabi_ldivmod.S.obj            20      0         0      
       aeabi_memcpy.S.obj             8       0         0      
       aeabi_div0.c.obj               4       0         0      
    +--+------------------------------+-------+---------+---------+
       Total:                         1506    0         0      
                                                               
       Stack:                         0       0         512    
       Linker Generated:              0       20        0      
    +--+------------------------------+-------+---------+---------+
       Grand Total:                   45820   2250      1636   


LINKER GENERATED COPY TABLES

__TI_cinit_table @ 0000bbe4 records: 1, size/record: 8, table size: 8
	.bss: load addr=0000bbd8, load size=00000008 bytes, run addr=20200000, run size=00000464 bytes, compression=zero_init


LINKER GENERATED HANDLER TABLE

__TI_handler_table @ 0000bbe0 records: 1, size/record: 4, table size: 4
	index: 0, handler: __TI_zero_init


GLOBAL SYMBOLS: SORTED ALPHABETICALLY BY Name 

address   name                            
-------   ----                            
00007ff3  ADC0_IRQHandler                 
00007ff3  ADC1_IRQHandler                 
00007ff3  AES_IRQHandler                  
0000b1ab  AngleTurnControl_cancel         
0000b0b5  AngleTurnControl_init           
0000b3b9  AngleTurnControl_isActive       
0000a5b5  AngleTurnControl_start          
00009141  AngleTurnControl_update         
0000b3ce  C$$EXIT                         
00007ff3  CANFD0_IRQHandler               
0000b1f5  CarControl_coast                
0000b213  CarControl_emergencyStop        
0000b3bf  CarControl_getSpeedRpm          
0000b3cb  CarControl_getTurnInnerPercent  
0000add1  CarControl_init                 
00009ac9  CarControl_setMotion            
0000b10d  CarControl_stop                 
00007ff3  DAC0_IRQHandler                 
0000b3a5  DL_Common_delayCycles           
0000aa21  DL_I2C_fillControllerTXFIFO     
0000b055  DL_I2C_flushControllerRXFIFO    
0000ae4d  DL_I2C_flushControllerTXFIFO    
0000b185  DL_I2C_setClockConfig           
00009c01  DL_Timer_initFourCCPWMMode      
00009f0d  DL_Timer_initTimerMode          
0000b271  DL_Timer_setCaptCompUpdateMethod
0000b2c5  DL_Timer_setCaptureCompareOutCtl
0000b31d  DL_Timer_setCaptureCompareValue 
0000b28d  DL_Timer_setClockConfig         
0000ac85  DL_UART_init                    
0000b309  DL_UART_setClockConfig          
0000b085  DL_UART_transmitDataBlocking    
00007ff3  DMA_IRQHandler                  
00007ff3  Default_Handler                 
00007ff3  GROUP0_IRQHandler               
0000a6bd  GROUP1_IRQHandler               
0000b0e1  Grayscale_Sensor_Init           
0000952d  Grayscale_Sensor_ReadAll        
0000b3cf  HOSTexit                        
00007ff3  HardFault_Handler               
00007ff3  I2C0_IRQHandler                 
00007ff3  I2C1_IRQHandler                 
0000b35d  MPU6050_Angle_getDeviceId       
0000b369  MPU6050_Angle_getZDegrees       
0000b375  MPU6050_Angle_getZRateDps       
00008569  MPU6050_Angle_initWithProgress  
0000b381  MPU6050_Angle_reset             
0000a961  MPU6050_Angle_update            
0000af01  MotorControl_coast              
0000b021  MotorControl_handleEncoderEdge  
0000aadd  MotorControl_init               
0000b231  MotorControl_setTargetRpm       
0000a529  MotorControl_takeStatus         
00007ff5  MotorControl_update             
00007ff3  NMI_Handler                     
00007c21  OLED_Init                       
00008a59  OLED_ShowCalibration            
000087e1  OLED_ShowTask                   
000082e9  OLED_ShowTask1Endpoint          
00007ff3  PendSV_Handler                  
00007ff3  RTC_IRQHandler                  
0000b3d3  Reset_Handler                   
00007ff3  SPI0_IRQHandler                 
00007ff3  SPI1_IRQHandler                 
00007ff3  SVC_Handler                     
00009811  SYSCFG_DL_GPIO_init             
0000ab8d  SYSCFG_DL_I2C_MPU6050_init      
0000abe1  SYSCFG_DL_I2C_OLED_init         
0000a2f1  SYSCFG_DL_PWM_MOTOR_AB_init     
0000a381  SYSCFG_DL_PWM_MOTOR_CD_init     
0000ad11  SYSCFG_DL_SYSCTL_init           
0000afb1  SYSCFG_DL_TIMER_PID_init        
0000a7b9  SYSCFG_DL_UART_0_init           
0000a9c1  SYSCFG_DL_UART_OPENMV_init      
0000ad51  SYSCFG_DL_init                  
0000a73d  SYSCFG_DL_initPower             
00007ff3  SysTick_Handler                 
00007ff3  TIMA0_IRQHandler                
0000accd  TIMA1_IRQHandler                
00007ff3  TIMG0_IRQHandler                
00007ff3  TIMG12_IRQHandler               
00007ff3  TIMG6_IRQHandler                
00007ff3  TIMG7_IRQHandler                
00007ff3  TIMG8_IRQHandler                
0000b38d  TaskManager_getActiveTask       
0000b399  TaskManager_getTask1Endpoint    
0000a0e1  TaskManager_init                
0000b32d  TaskManager_takeStatusPressed   
0000b33d  TaskManager_takeStatusReleased  
0000997d  TaskManager_update              
0000a899  UART0_IRQHandler                
00007ff3  UART1_IRQHandler                
00007ff3  UART2_IRQHandler                
00007ff3  UART3_IRQHandler                
20208000  __STACK_END                     
00000200  __STACK_SIZE                    
00000000  __TI_ATRegion0_region_sz        
00000000  __TI_ATRegion0_src_addr         
00000000  __TI_ATRegion0_trg_addr         
00000000  __TI_ATRegion1_region_sz        
00000000  __TI_ATRegion1_src_addr         
00000000  __TI_ATRegion1_trg_addr         
00000000  __TI_ATRegion2_region_sz        
00000000  __TI_ATRegion2_src_addr         
00000000  __TI_ATRegion2_trg_addr         
0000bbe4  __TI_CINIT_Base                 
0000bbec  __TI_CINIT_Limit                
0000bbec  __TI_CINIT_Warm                 
0000bbe0  __TI_Handler_Table_Base         
0000bbe4  __TI_Handler_Table_Limit        
0000ae89  __TI_auto_init_nobinit_nopinit  
ffffffff  __TI_pprof_out_hndl             
ffffffff  __TI_prof_data_size             
ffffffff  __TI_prof_data_start            
00000000  __TI_static_base__              
0000b34d  __TI_zero_init                  
0000a013  __addsf3                        
0000afe9  __aeabi_f2iz                    
0000a013  __aeabi_fadd                    
0000aa81  __aeabi_fcmpeq                  
0000aab7  __aeabi_fcmpge                  
0000aac9  __aeabi_fcmpgt                  
0000aaa5  __aeabi_fcmple                  
0000aa93  __aeabi_fcmplt                  
0000a487  __aeabi_fcmpun                  
0000a639  __aeabi_fdiv                    
0000a49d  __aeabi_fmul                    
0000a009  __aeabi_fsub                    
0000aec5  __aeabi_i2f                     
0000ab35  __aeabi_idiv                    
0000a5b3  __aeabi_idiv0                   
0000ab35  __aeabi_idivmod                 
0000ac35  __aeabi_l2f                     
0000a6bb  __aeabi_ldiv0                   
0000b2f5  __aeabi_ldivmod                 
0000b251  __aeabi_llsl                    
0000b1d1  __aeabi_lmul                    
0000b2b7  __aeabi_memclr                  
0000b2b7  __aeabi_memclr4                 
0000b2b7  __aeabi_memclr8                 
0000b3b1  __aeabi_memcpy                  
0000b3b1  __aeabi_memcpy4                 
0000b3b1  __aeabi_memcpy8                 
0000b2a9  __aeabi_memset                  
0000b2a9  __aeabi_memset4                 
0000b2a9  __aeabi_memset8                 
0000b15d  __aeabi_ui2f                    
0000ad91  __aeabi_uidiv                   
0000ad91  __aeabi_uidivmod                
0000b251  __ashldi3                       
ffffffff  __binit__                       
0000a411  __cmpsf2                        
0000ae0f  __divmoddi4                     
0000a639  __divsf3                        
0000a411  __eqsf2                         
0000afe9  __fixsfsi                       
0000ac35  __floatdisf                     
0000aec5  __floatsisf                     
0000b15d  __floatunsisf                   
0000a44b  __gesf2                         
0000a44b  __gtsf2                         
0000a411  __lesf2                         
0000a411  __ltsf2                         
UNDEFED   __mpu_init                      
0000b1d1  __muldi3                        
0000af3d  __muldsi3                       
0000a49d  __mulsf3                        
0000a411  __nesf2                         
20207e00  __stack                         
20200000  __start___llvm_prf_bits         
20200000  __start___llvm_prf_cnts         
20200000  __stop___llvm_prf_bits          
20200000  __stop___llvm_prf_cnts          
0000a009  __subsf3                        
0000a1b5  __udivmoddi4                    
0000a487  __unordsf2                      
0000b135  _c_int00_noargs                 
UNDEFED   _system_post_cinit              
0000b3d7  _system_pre_init                
0000b3c5  abort                           
ffffffff  binit                           
20200000  gPWM_MOTOR_CDBackup             
202000bc  gTIMER_PIDBackup                
00000000  interruptVectors                
000000c1  main                            
0000a257  memcpy                          
0000a8fd  memset                          


GLOBAL SYMBOLS: SORTED BY Symbol Address 

address   name                            
-------   ----                            
00000000  __TI_ATRegion0_region_sz        
00000000  __TI_ATRegion0_src_addr         
00000000  __TI_ATRegion0_trg_addr         
00000000  __TI_ATRegion1_region_sz        
00000000  __TI_ATRegion1_src_addr         
00000000  __TI_ATRegion1_trg_addr         
00000000  __TI_ATRegion2_region_sz        
00000000  __TI_ATRegion2_src_addr         
00000000  __TI_ATRegion2_trg_addr         
00000000  __TI_static_base__              
00000000  interruptVectors                
000000c1  main                            
00000200  __STACK_SIZE                    
00007c21  OLED_Init                       
00007ff3  ADC0_IRQHandler                 
00007ff3  ADC1_IRQHandler                 
00007ff3  AES_IRQHandler                  
00007ff3  CANFD0_IRQHandler               
00007ff3  DAC0_IRQHandler                 
00007ff3  DMA_IRQHandler                  
00007ff3  Default_Handler                 
00007ff3  GROUP0_IRQHandler               
00007ff3  HardFault_Handler               
00007ff3  I2C0_IRQHandler                 
00007ff3  I2C1_IRQHandler                 
00007ff3  NMI_Handler                     
00007ff3  PendSV_Handler                  
00007ff3  RTC_IRQHandler                  
00007ff3  SPI0_IRQHandler                 
00007ff3  SPI1_IRQHandler                 
00007ff3  SVC_Handler                     
00007ff3  SysTick_Handler                 
00007ff3  TIMA0_IRQHandler                
00007ff3  TIMG0_IRQHandler                
00007ff3  TIMG12_IRQHandler               
00007ff3  TIMG6_IRQHandler                
00007ff3  TIMG7_IRQHandler                
00007ff3  TIMG8_IRQHandler                
00007ff3  UART1_IRQHandler                
00007ff3  UART2_IRQHandler                
00007ff3  UART3_IRQHandler                
00007ff5  MotorControl_update             
000082e9  OLED_ShowTask1Endpoint          
00008569  MPU6050_Angle_initWithProgress  
000087e1  OLED_ShowTask                   
00008a59  OLED_ShowCalibration            
00009141  AngleTurnControl_update         
0000952d  Grayscale_Sensor_ReadAll        
00009811  SYSCFG_DL_GPIO_init             
0000997d  TaskManager_update              
00009ac9  CarControl_setMotion            
00009c01  DL_Timer_initFourCCPWMMode      
00009f0d  DL_Timer_initTimerMode          
0000a009  __aeabi_fsub                    
0000a009  __subsf3                        
0000a013  __addsf3                        
0000a013  __aeabi_fadd                    
0000a0e1  TaskManager_init                
0000a1b5  __udivmoddi4                    
0000a257  memcpy                          
0000a2f1  SYSCFG_DL_PWM_MOTOR_AB_init     
0000a381  SYSCFG_DL_PWM_MOTOR_CD_init     
0000a411  __cmpsf2                        
0000a411  __eqsf2                         
0000a411  __lesf2                         
0000a411  __ltsf2                         
0000a411  __nesf2                         
0000a44b  __gesf2                         
0000a44b  __gtsf2                         
0000a487  __aeabi_fcmpun                  
0000a487  __unordsf2                      
0000a49d  __aeabi_fmul                    
0000a49d  __mulsf3                        
0000a529  MotorControl_takeStatus         
0000a5b3  __aeabi_idiv0                   
0000a5b5  AngleTurnControl_start          
0000a639  __aeabi_fdiv                    
0000a639  __divsf3                        
0000a6bb  __aeabi_ldiv0                   
0000a6bd  GROUP1_IRQHandler               
0000a73d  SYSCFG_DL_initPower             
0000a7b9  SYSCFG_DL_UART_0_init           
0000a899  UART0_IRQHandler                
0000a8fd  memset                          
0000a961  MPU6050_Angle_update            
0000a9c1  SYSCFG_DL_UART_OPENMV_init      
0000aa21  DL_I2C_fillControllerTXFIFO     
0000aa81  __aeabi_fcmpeq                  
0000aa93  __aeabi_fcmplt                  
0000aaa5  __aeabi_fcmple                  
0000aab7  __aeabi_fcmpge                  
0000aac9  __aeabi_fcmpgt                  
0000aadd  MotorControl_init               
0000ab35  __aeabi_idiv                    
0000ab35  __aeabi_idivmod                 
0000ab8d  SYSCFG_DL_I2C_MPU6050_init      
0000abe1  SYSCFG_DL_I2C_OLED_init         
0000ac35  __aeabi_l2f                     
0000ac35  __floatdisf                     
0000ac85  DL_UART_init                    
0000accd  TIMA1_IRQHandler                
0000ad11  SYSCFG_DL_SYSCTL_init           
0000ad51  SYSCFG_DL_init                  
0000ad91  __aeabi_uidiv                   
0000ad91  __aeabi_uidivmod                
0000add1  CarControl_init                 
0000ae0f  __divmoddi4                     
0000ae4d  DL_I2C_flushControllerTXFIFO    
0000ae89  __TI_auto_init_nobinit_nopinit  
0000aec5  __aeabi_i2f                     
0000aec5  __floatsisf                     
0000af01  MotorControl_coast              
0000af3d  __muldsi3                       
0000afb1  SYSCFG_DL_TIMER_PID_init        
0000afe9  __aeabi_f2iz                    
0000afe9  __fixsfsi                       
0000b021  MotorControl_handleEncoderEdge  
0000b055  DL_I2C_flushControllerRXFIFO    
0000b085  DL_UART_transmitDataBlocking    
0000b0b5  AngleTurnControl_init           
0000b0e1  Grayscale_Sensor_Init           
0000b10d  CarControl_stop                 
0000b135  _c_int00_noargs                 
0000b15d  __aeabi_ui2f                    
0000b15d  __floatunsisf                   
0000b185  DL_I2C_setClockConfig           
0000b1ab  AngleTurnControl_cancel         
0000b1d1  __aeabi_lmul                    
0000b1d1  __muldi3                        
0000b1f5  CarControl_coast                
0000b213  CarControl_emergencyStop        
0000b231  MotorControl_setTargetRpm       
0000b251  __aeabi_llsl                    
0000b251  __ashldi3                       
0000b271  DL_Timer_setCaptCompUpdateMethod
0000b28d  DL_Timer_setClockConfig         
0000b2a9  __aeabi_memset                  
0000b2a9  __aeabi_memset4                 
0000b2a9  __aeabi_memset8                 
0000b2b7  __aeabi_memclr                  
0000b2b7  __aeabi_memclr4                 
0000b2b7  __aeabi_memclr8                 
0000b2c5  DL_Timer_setCaptureCompareOutCtl
0000b2f5  __aeabi_ldivmod                 
0000b309  DL_UART_setClockConfig          
0000b31d  DL_Timer_setCaptureCompareValue 
0000b32d  TaskManager_takeStatusPressed   
0000b33d  TaskManager_takeStatusReleased  
0000b34d  __TI_zero_init                  
0000b35d  MPU6050_Angle_getDeviceId       
0000b369  MPU6050_Angle_getZDegrees       
0000b375  MPU6050_Angle_getZRateDps       
0000b381  MPU6050_Angle_reset             
0000b38d  TaskManager_getActiveTask       
0000b399  TaskManager_getTask1Endpoint    
0000b3a5  DL_Common_delayCycles           
0000b3b1  __aeabi_memcpy                  
0000b3b1  __aeabi_memcpy4                 
0000b3b1  __aeabi_memcpy8                 
0000b3b9  AngleTurnControl_isActive       
0000b3bf  CarControl_getSpeedRpm          
0000b3c5  abort                           
0000b3cb  CarControl_getTurnInnerPercent  
0000b3ce  C$$EXIT                         
0000b3cf  HOSTexit                        
0000b3d3  Reset_Handler                   
0000b3d7  _system_pre_init                
0000bbe0  __TI_Handler_Table_Base         
0000bbe4  __TI_CINIT_Base                 
0000bbe4  __TI_Handler_Table_Limit        
0000bbec  __TI_CINIT_Limit                
0000bbec  __TI_CINIT_Warm                 
20200000  __start___llvm_prf_bits         
20200000  __start___llvm_prf_cnts         
20200000  __stop___llvm_prf_bits          
20200000  __stop___llvm_prf_cnts          
20200000  gPWM_MOTOR_CDBackup             
202000bc  gTIMER_PIDBackup                
20207e00  __stack                         
20208000  __STACK_END                     
ffffffff  __TI_pprof_out_hndl             
ffffffff  __TI_prof_data_size             
ffffffff  __TI_prof_data_start            
ffffffff  __binit__                       
ffffffff  binit                           
UNDEFED   __mpu_init                      
UNDEFED   _system_post_cinit              

[187 symbols]
