******************************************************************************
            TI ARM Clang Linker PC v5.1.1                      
******************************************************************************
>> Linked Wed Jul 29 23:54:42 2026

OUTPUT FILE NAME:   <main.out>
ENTRY POINT SYMBOL: "_c_int00_noargs"  address: 0000b829


MEMORY CONFIGURATION

         name            origin    length      used     unused   attr    fill
----------------------  --------  ---------  --------  --------  ----  --------
  FLASH                 00000000   00020000  0000c5e0  00013a20  R  X
  SRAM                  20200000   00008000  00000819  000077e7  RW X
  BCR_CONFIG            41c00000   000000ff  00000000  000000ff  R   
  BSL_CONFIG            41c00100   00000080  00000000  00000080  R   


SEGMENT ALLOCATION MAP

run origin  load origin   length   init length attrs members
----------  ----------- ---------- ----------- ----- -------
00000000    00000000    0000c5e0   0000c5e0    r-x
  00000000    00000000    000000c0   000000c0    r-- .intvecs
  000000c0    000000c0    0000baa0   0000baa0    r-x .text
  0000bb60    0000bb60    00000a50   00000a50    r-- .rodata
  0000c5b0    0000c5b0    00000030   00000030    r-- .cinit
20200000    20200000    00000619   00000000    rw-
  20200000    20200000    00000600   00000000    rw- .bss
  20200600    20200600    00000019   00000000    rw- .data
20207e00    20207e00    00000200   00000000    rw-
  20207e00    20207e00    00000200   00000000    rw- .stack


SECTION ALLOCATION MAP

 output                                  attributes/
section   page    origin      length       input sections
--------  ----  ----------  ----------   ----------------
.intvecs   0    00000000    000000c0     
                  00000000    000000c0     startup_mspm0g350x_ticlang.o (.intvecs)

.text      0    000000c0    0000baa0     
                  000000c0    00006668     main.o (.text.main)
                  00006728    000008a8     main.o (.text.LineTracking_update)
                  00006fd0    000005d4     main.o (.text.UART_reportMotorStatus)
                  000075a4    0000056c     oled.o (.text.OLED_ShowStopwatch)
                  00007b10    00000438     main.o (.text.UART_sendVofaMotorChannels)
                  00007f48    000003d2     oled.o (.text.OLED_Init)
                  0000831a    00000002     startup_mspm0g350x_ticlang.o (.text.Default_Handler)
                  0000831c    000003ac     task1_control.o (.text.Task1Control_update)
                  000086c8    000002f4     motor_control.o (.text.MotorControl_update)
                  000089bc    00000280     oled.o (.text.OLED_ShowTask1Endpoint)
                  00008c3c    00000278     mpu6050_angle.o (.text.MPU6050_Angle_initWithProgress)
                  00008eb4    00000278     oled.o (.text.OLED_ShowTask)
                  0000912c    0000026c     oled.o (.text.OLED_ShowCalibration)
                  00009398    00000238     main.o (.text.UART_reportZAngle)
                  000095d0    000001d4     mpu6050_angle.o (.text.MPU6050_readRegisters)
                  000097a4    000001b0     oled.o (.text.OLED_writeString)
                  00009954    00000180     grayscale_sensor.o (.text.Grayscale_Sensor_ReadAll)
                  00009ad4    00000160     ti_msp_dl_config.o (.text.SYSCFG_DL_GPIO_init)
                  00009c34    00000138     car_control.o (.text.CarControl_setMotion)
                  00009d6c    00000118     task_manager.o (.text.TaskManager_update)
                  00009e84    00000104     driverlib.a : dl_timer.o (.text.DL_Timer_initFourCCPWMMode)
                  00009f88    00000104     mpu6050_angle.o (.text.MPU6050_writeRegister)
                  0000a08c    00000104     oled.o (.text.OLED_writeByte)
                  0000a190    000000fc     driverlib.a : dl_timer.o (.text.DL_Timer_initTimerMode)
                  0000a28c    000000e8     angle_turn_control.o (.text.AngleTurnControl_update)
                  0000a374    000000dc     task_manager.o (.text.TaskManager_init)
                  0000a450    000000d8     libclang_rt.builtins.a : addsf3.S.obj (.text)
                  0000a528    000000a2     main.o (.text.Task1_readActiveChannelCount)
                  0000a5ca    00000002     libclang_rt.builtins.a : aeabi_div0.c.obj (.text.__aeabi_idiv0)
                  0000a5cc    000000a2                            : udivmoddi4.S.obj (.text)
                  0000a66e    0000009a     libc.a : memcpy16.S.obj (.text:memcpy)
                  0000a708    00000090     ti_msp_dl_config.o (.text.SYSCFG_DL_PWM_MOTOR_AB_init)
                  0000a798    00000090     ti_msp_dl_config.o (.text.SYSCFG_DL_PWM_MOTOR_CD_init)
                  0000a828    0000008c     libclang_rt.builtins.a : comparesf2.S.obj (.text)
                  0000a8b4    0000008c                            : mulsf3.S.obj (.text)
                  0000a940    0000008a     motor_control.o (.text.MotorControl_takeStatus)
                  0000a9ca    00000002     libclang_rt.builtins.a : aeabi_div0.c.obj (.text.__aeabi_ldiv0)
                  0000a9cc    00000088     ti_msp_dl_config.o (.text.SYSCFG_DL_initPower)
                  0000aa54    00000084     angle_turn_control.o (.text.AngleTurnControl_start)
                  0000aad8    00000082     libclang_rt.builtins.a : divsf3.S.obj (.text)
                  0000ab5a    0000007c     main.o (.text.Task1_readActiveChannelMask)
                  0000abd6    00000002     --HOLE-- [fill = 0]
                  0000abd8    0000007c     libc.a : copy_decompress_lzss.c.obj (.text:decompress:lzss)
                  0000ac54    00000074     main.o (.text.GROUP1_IRQHandler)
                  0000acc8    00000070     ti_msp_dl_config.o (.text.SYSCFG_DL_UART_0_init)
                  0000ad38    00000070     ti_msp_dl_config.o (.text.SYSCFG_DL_UART_1_init)
                  0000ada8    00000070     ti_msp_dl_config.o (.text.SYSCFG_DL_UART_OPENMV_init)
                  0000ae18    00000064     main.o (.text.UART0_IRQHandler)
                  0000ae7c    00000062     libc.a : memset16.S.obj (.text:memset)
                  0000aede    00000002     --HOLE-- [fill = 0]
                  0000aee0    00000060     mpu6050_angle.o (.text.MPU6050_Angle_update)
                  0000af40    0000005e     driverlib.a : dl_i2c.o (.text.DL_I2C_fillControllerTXFIFO)
                  0000af9e    00000002     --HOLE-- [fill = 0]
                  0000afa0    0000005a     libclang_rt.builtins.a : aeabi_fcmp.S.obj (.text)
                  0000affa    00000002     --HOLE-- [fill = 0]
                  0000affc    00000058     motor_control.o (.text.MotorControl_init)
                  0000b054    00000058     main.o (.text.TIMA1_IRQHandler)
                  0000b0ac    00000058     main.o (.text.UART1_IRQHandler)
                  0000b104    00000056     libclang_rt.builtins.a : aeabi_idivmod.S.obj (.text)
                  0000b15a    00000002     --HOLE-- [fill = 0]
                  0000b15c    00000054     ti_msp_dl_config.o (.text.SYSCFG_DL_I2C_MPU6050_init)
                  0000b1b0    00000054     ti_msp_dl_config.o (.text.SYSCFG_DL_I2C_OLED_init)
                  0000b204    00000050     ti_msp_dl_config.o (.text.SYSCFG_DL_init)
                  0000b254    00000050     task1_control.o (.text.Task1Control_init)
                  0000b2a4    0000004e     libclang_rt.builtins.a : floatdisf.S.obj (.text)
                  0000b2f2    00000002     --HOLE-- [fill = 0]
                  0000b2f4    0000004c     main.o (.text.UART3_IRQHandler)
                  0000b340    00000048     driverlib.a : dl_uart.o (.text.DL_UART_init)
                  0000b388    00000044     main.o (.text.LineTracking_resetPid)
                  0000b3cc    00000040     ti_msp_dl_config.o (.text.SYSCFG_DL_SYSCTL_init)
                  0000b40c    00000040     task1_control.o (.text.Task1Control_reset)
                  0000b44c    00000040     main.o (.text.UART_sendString)
                  0000b48c    00000040     libclang_rt.builtins.a : aeabi_uidivmod.S.obj (.text)
                  0000b4cc    0000003e     car_control.o (.text.CarControl_init)
                  0000b50a    0000003e     libclang_rt.builtins.a : divmoddi4.c.obj (.text.__divmoddi4)
                  0000b548    0000003c     driverlib.a : dl_i2c.o (.text.DL_I2C_flushControllerTXFIFO)
                  0000b584    0000003c     libc.a : autoinit.c.obj (.text:__TI_auto_init_nobinit_nopinit)
                  0000b5c0    0000003c     libclang_rt.builtins.a : floatsisf.S.obj (.text)
                  0000b5fc    0000003a     motor_control.o (.text.MotorControl_coast)
                  0000b636    00000002     --HOLE-- [fill = 0]
                  0000b638    0000003a     libclang_rt.builtins.a : muldsi3.S.obj (.text)
                  0000b672    00000002     --HOLE-- [fill = 0]
                  0000b674    00000038     ti_msp_dl_config.o (.text.SYSCFG_DL_TIMER_PID_init)
                  0000b6ac    00000038     libclang_rt.builtins.a : fixsfsi.S.obj (.text)
                  0000b6e4    00000032     motor_control.o (.text.MotorControl_handleEncoderEdge)
                  0000b716    00000002     --HOLE-- [fill = 0]
                  0000b718    00000030     driverlib.a : dl_i2c.o (.text.DL_I2C_flushControllerRXFIFO)
                  0000b748    00000030                 : dl_uart.o (.text.DL_UART_transmitDataBlocking)
                  0000b778    00000030     stopwatch.o (.text.Stopwatch_getCurrentMs)
                  0000b7a8    0000002c     angle_turn_control.o (.text.AngleTurnControl_init)
                  0000b7d4    0000002c     grayscale_sensor.o (.text.Grayscale_Sensor_Init)
                  0000b800    00000028     car_control.o (.text.CarControl_stop)
                  0000b828    00000028     libc.a : boot_cortex_m.c.obj (.text:_c_int00_noargs)
                  0000b850    00000028     libclang_rt.builtins.a : floatunsisf.S.obj (.text)
                  0000b878    00000026     driverlib.a : dl_i2c.o (.text.DL_I2C_setClockConfig)
                  0000b89e    00000024     angle_turn_control.o (.text.AngleTurnControl_cancel)
                  0000b8c2    00000002     --HOLE-- [fill = 0]
                  0000b8c4    00000024     libclang_rt.builtins.a : muldi3.S.obj (.text)
                  0000b8e8    00000020     stopwatch.o (.text.Stopwatch_start)
                  0000b908    00000020     stopwatch.o (.text.Stopwatch_stop)
                  0000b928    0000001e     car_control.o (.text.CarControl_coast)
                  0000b946    0000001e     car_control.o (.text.CarControl_emergencyStop)
                  0000b964    0000001e     motor_control.o (.text.MotorControl_setTargetRpm)
                  0000b982    00000002     --HOLE-- [fill = 0]
                  0000b984    0000001e     libclang_rt.builtins.a : ashldi3.S.obj (.text)
                  0000b9a2    00000002     --HOLE-- [fill = 0]
                  0000b9a4    0000001c     driverlib.a : dl_timer.o (.text.DL_Timer_setCaptCompUpdateMethod)
                  0000b9c0    0000001c                 : dl_timer.o (.text.DL_Timer_setClockConfig)
                  0000b9dc    0000001a     libclang_rt.builtins.a : aeabi_memset.S.obj (.text)
                  0000b9f6    00000002     --HOLE-- [fill = 0]
                  0000b9f8    00000018     driverlib.a : dl_timer.o (.text.DL_Timer_setCaptureCompareOutCtl)
                  0000ba10    00000018     main.o (.text.OLED_showCalibrationProgress)
                  0000ba28    00000014     main.o (.text.Task1_lineTrackingSetEnabled)
                  0000ba3c    00000014     libclang_rt.builtins.a : aeabi_ldivmod.S.obj (.text)
                  0000ba50    00000014                            : aeabi_uldivmod.S.obj (.text)
                  0000ba64    00000012     driverlib.a : dl_uart.o (.text.DL_UART_setClockConfig)
                  0000ba76    00000012     libc.a : copy_decompress_none.c.obj (.text:decompress:none)
                  0000ba88    00000010     driverlib.a : dl_timer.o (.text.DL_Timer_setCaptureCompareValue)
                  0000ba98    00000010     task_manager.o (.text.TaskManager_takeStatusPressed)
                  0000baa8    00000010     task_manager.o (.text.TaskManager_takeStatusReleased)
                  0000bab8    00000010     task_manager.o (.text.TaskManager_taskStartPressed)
                  0000bac8    00000010     libc.a : copy_zero_init.c.obj (.text:decompress:ZI)
                  0000bad8    0000000c     mpu6050_angle.o (.text.MPU6050_Angle_getDeviceId)
                  0000bae4    0000000c     mpu6050_angle.o (.text.MPU6050_Angle_getZDegrees)
                  0000baf0    0000000c     mpu6050_angle.o (.text.MPU6050_Angle_reset)
                  0000bafc    0000000c     main.o (.text.Task1_lineTrackingSetSpeed)
                  0000bb08    0000000c     task_manager.o (.text.TaskManager_getActiveTask)
                  0000bb14    0000000c     task_manager.o (.text.TaskManager_getTask1Endpoint)
                  0000bb20    0000000a     driverlib.a : dl_common.o (.text.DL_Common_delayCycles)
                  0000bb2a    0000000a     task1_control.o (.text.Task1Control_isActive)
                  0000bb34    00000008     libclang_rt.builtins.a : aeabi_memcpy.S.obj (.text)
                  0000bb3c    00000006     angle_turn_control.o (.text.AngleTurnControl_isActive)
                  0000bb42    00000006     car_control.o (.text.CarControl_getSpeedRpm)
                  0000bb48    00000006     libc.a : exit.c.obj (.text:abort)
                  0000bb4e    00000004     car_control.o (.text.CarControl_getTurnInnerPercent)
                  0000bb52    00000004     libsysbm.a : hostexit.c.obj (.text.HOSTexit)
                  0000bb56    00000004     startup_mspm0g350x_ticlang.o (.text.Reset_Handler)
                  0000bb5a    00000004     libc.a : pre_init.c.obj (.text._system_pre_init)
                  0000bb5e    00000002     --HOLE-- [fill = 0]

.cinit     0    0000c5b0    00000030     
                  0000c5b0    0000000c     (__TI_handler_table)
                  0000c5bc    00000008     (.cinit..bss.load) [load image, compression = zero_init]
                  0000c5c4    00000008     (.cinit..data.load) [load image, compression = lzss]
                  0000c5cc    00000010     (__TI_cinit_table)
                  0000c5dc    00000004     --HOLE-- [fill = 0]

.rodata    0    0000bb60    00000a50     
                  0000bb60    00000050     main.o (.rodata.gMotorAConfig)
                  0000bbb0    00000050     main.o (.rodata.gMotorBConfig)
                  0000bc00    00000050     main.o (.rodata.gMotorCConfig)
                  0000bc50    00000050     main.o (.rodata.gMotorDConfig)
                  0000bca0    00000039     main.o (.rodata.str1.17100691992556644108.1)
                  0000bcd9    00000036     main.o (.rodata.str1.16856034117330037696.1)
                  0000bd0f    00000036     main.o (.rodata.str1.4237830143243313753.1)
                  0000bd45    00000035     main.o (.rodata.str1.5635195992058134992.1)
                  0000bd7a    00000035     main.o (.rodata.str1.922313780387552641.1)
                  0000bdaf    00000001     --HOLE-- [fill = 0]
                  0000bdb0    00000034     main.o (.rodata..L__const.main.taskIo)
                  0000bde4    00000034     main.o (.rodata.str1.288608917962107522.1)
                  0000be18    00000032     main.o (.rodata.str1.14402440632258215044.1)
                  0000be4a    00000031     main.o (.rodata.str1.2256192789054937243.1)
                  0000be7b    00000031     main.o (.rodata.str1.5456361711443481037.1)
                  0000beac    0000002f     main.o (.rodata.str1.3060844030163134499.1)
                  0000bedb    0000002f     main.o (.rodata.str1.9582546670787941090.1)
                  0000bf0a    0000002e     main.o (.rodata.str1.10753028060609409702.1)
                  0000bf38    0000002e     main.o (.rodata.str1.8154729771448623357.1)
                  0000bf66    0000002d     main.o (.rodata.str1.17045314124001216156.1)
                  0000bf93    0000002b     task1_control.o (.rodata.str1.11647944105263845624.1)
                  0000bfbe    0000002b     task1_control.o (.rodata.str1.1301023707294879454.1)
                  0000bfe9    0000002b     main.o (.rodata.str1.7190843550371250464.1)
                  0000c014    00000029     main.o (.rodata.str1.10992214574315303902.1)
                  0000c03d    00000029     main.o (.rodata.str1.11822182024223342093.1)
                  0000c066    00000028     main.o (.rodata.str1.13080826312907008127.1)
                  0000c08e    00000028     main.o (.rodata.str1.1311392489248731986.1)
                  0000c0b6    00000028     main.o (.rodata.str1.5630281060179367396.1)
                  0000c0de    00000028     main.o (.rodata.str1.6689794204546696417.1)
                  0000c106    00000028     main.o (.rodata.str1.8739739109796348711.1)
                  0000c12e    00000027     main.o (.rodata.str1.10313062130652730376.1)
                  0000c155    00000027     main.o (.rodata.str1.13782249893155712474.1)
                  0000c17c    00000027     main.o (.rodata.str1.5353031162939221829.1)
                  0000c1a3    00000027     main.o (.rodata.str1.6891813955777630061.1)
                  0000c1ca    00000026     main.o (.rodata.str1.10003710380724733530.1)
                  0000c1f0    00000026     main.o (.rodata.str1.13203255162302409502.1)
                  0000c216    00000026     main.o (.rodata.str1.5043408953494467246.1)
                  0000c23c    00000025     main.o (.rodata.str1.14032527501195285070.1)
                  0000c261    00000025     main.o (.rodata.str1.16709704744796600189.1)
                  0000c286    00000025     main.o (.rodata.str1.729616968063973023.1)
                  0000c2ab    00000024     main.o (.rodata.str1.11639152155638730617.1)
                  0000c2cf    00000024     main.o (.rodata.str1.2597068879322958637.1)
                  0000c2f3    00000024     main.o (.rodata.str1.3530083166107438000.1)
                  0000c317    00000023     main.o (.rodata.str1.18420373917905513025.1)
                  0000c33a    00000022     task1_control.o (.rodata.str1.10712477198116260179.1)
                  0000c35c    00000021     task1_control.o (.rodata.str1.780947688790857278.1)
                  0000c37d    00000003     ti_msp_dl_config.o (.rodata.gPWM_MOTOR_ABClockConfig)
                  0000c380    00000020     main.o (.rodata.gAngleTurnConfig)
                  0000c3a0    00000020     task1_control.o (.rodata.str1.9111940014424574115.1)
                  0000c3c0    0000001d     task1_control.o (.rodata.str1.17703183304565864469.1)
                  0000c3dd    0000001d     task1_control.o (.rodata.str1.5673791145989345652.1)
                  0000c3fa    00000002     ti_msp_dl_config.o (.rodata.gI2C_MPU6050ClockConfig)
                  0000c3fc    0000001c     main.o (.rodata.gCarConfig)
                  0000c418    0000001a     task1_control.o (.rodata.str1.16488425795326280447.1)
                  0000c432    00000016     task1_control.o (.rodata.str1.18066269245873339749.1)
                  0000c448    00000014     ti_msp_dl_config.o (.rodata.gTIMER_PIDTimerConfig)
                  0000c45c    00000014     task1_control.o (.rodata.str1.1119584794306885221.1)
                  0000c470    00000013     main.o (.rodata.str1.6976963560179378225.1)
                  0000c483    00000013     task1_control.o (.rodata.str1.7414329305395923872.1)
                  0000c496    00000012     main.o (.rodata.str1.17770841602246103764.1)
                  0000c4a8    00000011     main.o (.rodata.str1.887240019932590441.1)
                  0000c4b9    00000003     ti_msp_dl_config.o (.rodata.gPWM_MOTOR_CDClockConfig)
                  0000c4bc    00000010     main.o (.rodata..Lswitch.table.main.123)
                  0000c4cc    0000000e     main.o (.rodata.str1.15159059442110792349.1)
                  0000c4da    0000000b     main.o (.rodata.str1.13030671760666898970.1)
                  0000c4e5    0000000b     main.o (.rodata.str1.403738606202455663.1)
                  0000c4f0    0000000a     ti_msp_dl_config.o (.rodata.gUART_0Config)
                  0000c4fa    0000000a     ti_msp_dl_config.o (.rodata.gUART_1Config)
                  0000c504    0000000a     ti_msp_dl_config.o (.rodata.gUART_OPENMVConfig)
                  0000c50e    00000008     main.o (.rodata.cst8)
                  0000c516    00000002     ti_msp_dl_config.o (.rodata.gI2C_OLEDClockConfig)
                  0000c518    00000008     ti_msp_dl_config.o (.rodata.gPWM_MOTOR_ABConfig)
                  0000c520    00000008     ti_msp_dl_config.o (.rodata.gPWM_MOTOR_CDConfig)
                  0000c528    00000005     oled.o (.rodata.OLED_getGlyph.A)
                  0000c52d    00000005     oled.o (.rodata.OLED_getGlyph.C)
                  0000c532    00000005     oled.o (.rodata.OLED_getGlyph.D)
                  0000c537    00000005     oled.o (.rodata.OLED_getGlyph.E)
                  0000c53c    00000005     oled.o (.rodata.OLED_getGlyph.K)
                  0000c541    00000005     oled.o (.rodata.OLED_getGlyph.L)
                  0000c546    00000005     oled.o (.rodata.OLED_getGlyph.N)
                  0000c54b    00000005     oled.o (.rodata.OLED_getGlyph.O)
                  0000c550    00000005     oled.o (.rodata.OLED_getGlyph.R)
                  0000c555    00000005     oled.o (.rodata.OLED_getGlyph.S)
                  0000c55a    00000005     oled.o (.rodata.OLED_getGlyph.T)
                  0000c55f    00000005     oled.o (.rodata.OLED_getGlyph.U)
                  0000c564    00000005     oled.o (.rodata.OLED_getGlyph.eight)
                  0000c569    00000005     oled.o (.rodata.OLED_getGlyph.five)
                  0000c56e    00000005     oled.o (.rodata.OLED_getGlyph.four)
                  0000c573    00000005     oled.o (.rodata.OLED_getGlyph.nine)
                  0000c578    00000005     oled.o (.rodata.OLED_getGlyph.one)
                  0000c57d    00000005     oled.o (.rodata.OLED_getGlyph.seven)
                  0000c582    00000005     oled.o (.rodata.OLED_getGlyph.six)
                  0000c587    00000005     oled.o (.rodata.OLED_getGlyph.space)
                  0000c58c    00000005     oled.o (.rodata.OLED_getGlyph.three)
                  0000c591    00000005     oled.o (.rodata.OLED_getGlyph.two)
                  0000c596    00000005     oled.o (.rodata.OLED_getGlyph.zero)
                  0000c59b    00000004     main.o (.rodata.str1.10720410773482754683.1)
                  0000c59f    00000004     main.o (.rodata.str1.10865113624938808685.1)
                  0000c5a3    00000003     ti_msp_dl_config.o (.rodata.gTIMER_PIDClockConfig)
                  0000c5a6    00000002     ti_msp_dl_config.o (.rodata.gUART_0ClockConfig)
                  0000c5a8    00000002     ti_msp_dl_config.o (.rodata.gUART_1ClockConfig)
                  0000c5aa    00000002     ti_msp_dl_config.o (.rodata.gUART_OPENMVClockConfig)
                  0000c5ac    00000004     --HOLE-- [fill = 0]

.init_array 
*          0    00000000    00000000     UNINITIALIZED

.binit     0    00000000    00000000     

.bss       0    20200000    00000600     UNINITIALIZED
                  20200000    000000bc     (.common:gPWM_MOTOR_CDBackup)
                  202000bc    000000bc     (.common:gTIMER_PIDBackup)
                  20200178    00000080     main.o (.bss.gUart3ForwardRxBuffer)
                  202001f8    00000080     main.o (.bss.gUartCommand)
                  20200278    00000078     main.o (.bss.gMotorA)
                  202002f0    00000078     main.o (.bss.gMotorB)
                  20200368    00000078     main.o (.bss.gMotorC)
                  202003e0    00000078     main.o (.bss.gMotorD)
                  20200458    00000050     main.o (.bss.gTask1Control)
                  202004a8    00000040     main.o (.bss.gOpenMvDebugRxBuffer)
                  202004e8    00000034     main.o (.bss.gAngleTurn)
                  2020051c    00000030     (.common:gUART_1Backup)
                  2020054c    00000020     main.o (.bss.gCar)
                  2020056c    00000010     main.o (.bss.UART_serviceMotorStatus.motorAStatus)
                  2020057c    00000010     main.o (.bss.UART_serviceMotorStatus.motorBStatus)
                  2020058c    00000010     main.o (.bss.UART_serviceMotorStatus.motorCStatus)
                  2020059c    00000010     main.o (.bss.UART_serviceMotorStatus.motorDStatus)
                  202005ac    00000004     mpu6050_angle.o (.bss.gGyroZBiasRaw)
                  202005b0    00000008     main.o (.bss.gLineFilteredValues)
                  202005b8    00000008     main.o (.bss.gLinePendingCount)
                  202005c0    00000008     main.o (.bss.gLinePendingValues)
                  202005c8    00000004     main.o (.bss.gLineTrackingIntegral)
                  202005cc    00000004     mpu6050_angle.o (.bss.gZAngleDegrees)
                  202005d0    00000004     mpu6050_angle.o (.bss.gZRateDps)
                  202005d4    00000002     main.o (.bss.gLineTrackingBaseSpeedRpm)
                  202005d6    00000002     main.o (.bss.gLineTrackingLastErr)
                  202005d8    00000001     main.o (.bss.UART_serviceMotorStatus.motorAStatusReady)
                  202005d9    00000001     main.o (.bss.UART_serviceMotorStatus.motorBStatusReady)
                  202005da    00000001     main.o (.bss.UART_serviceMotorStatus.motorCStatusReady)
                  202005db    00000001     main.o (.bss.UART_serviceMotorStatus.motorDStatusReady)
                  202005dc    00000001     task_manager.o (.bss.gActiveTask)
                  202005dd    00000001     mpu6050_angle.o (.bss.gDeviceId)
                  202005de    00000001     main.o (.bss.gGrayscaleStreamDivider)
                  202005df    00000001     main.o (.bss.gGrayscaleStreamEnabled)
                  202005e0    00000001     main.o (.bss.gLineFilterReady)
                  202005e1    00000001     main.o (.bss.gLineTrackingDebugDivider)
                  202005e2    00000001     main.o (.bss.gLineTrackingDebugEnabled)
                  202005e3    00000001     main.o (.bss.gLineTrackingEnabled)
                  202005e4    00000001     main.o (.bss.gMotorStatusReportOnce)
                  202005e5    00000001     main.o (.bss.gMotorStatusStreamEnabled)
                  202005e6    00000001     main.o (.bss.gMpu6050Ready)
                  202005e7    00000001     main.o (.bss.gMpu6050SampleDue)
                  202005e8    00000001     main.o (.bss.gOledReady)
                  202005e9    00000001     task_manager.o (.bss.gOledReady)
                  202005ea    00000001     main.o (.bss.gOpenMvDebugEnabled)
                  202005eb    00000001     main.o (.bss.gOpenMvDebugRxHead)
                  202005ec    00000001     main.o (.bss.gOpenMvDebugRxOverflow)
                  202005ed    00000001     main.o (.bss.gOpenMvDebugRxTail)
                  202005ee    00000001     task_manager.o (.bss.gStatusButton.0)
                  202005ef    00000001     task_manager.o (.bss.gStatusButton.1)
                  202005f0    00000001     task_manager.o (.bss.gStatusButton.2)
                  202005f1    00000001     task_manager.o (.bss.gStatusPressPending)
                  202005f2    00000001     task_manager.o (.bss.gStatusReleasePending)
                  202005f3    00000001     task_manager.o (.bss.gTask1Endpoint)
                  202005f4    00000001     task_manager.o (.bss.gTaskButton.0)
                  202005f5    00000001     task_manager.o (.bss.gTaskButton.1)
                  202005f6    00000001     task_manager.o (.bss.gTaskButton.2)
                  202005f7    00000001     task_manager.o (.bss.gTaskStartButton.0)
                  202005f8    00000001     task_manager.o (.bss.gTaskStartButton.1)
                  202005f9    00000001     task_manager.o (.bss.gTaskStartButton.2)
                  202005fa    00000001     task_manager.o (.bss.gTaskStartPressPending)
                  202005fb    00000001     main.o (.bss.gUart3ForwardRxHead)
                  202005fc    00000001     main.o (.bss.gUart3ForwardRxOverflow)
                  202005fd    00000001     main.o (.bss.gUart3ForwardRxTail)
                  202005fe    00000001     main.o (.bss.gUartCommandLength)
                  202005ff    00000001     main.o (.bss.gUartCommandReady)

.data      0    20200600    00000019     UNINITIALIZED
                  20200600    00000008     stopwatch.o (.data.startSystick)
                  20200608    00000008     stopwatch.o (.data.stopSystick)
                  20200610    00000008     main.o (.data.systick_ms)
                  20200618    00000001     stopwatch.o (.data.isEnabled)

.stack     0    20207e00    00000200     UNINITIALIZED
                  20207e00    00000004     libc.a : boot_cortex_m.c.obj (.stack)
                  20207e04    000001fc     --HOLE--

__llvm_prf_cnts 
*          0    20200000    00000000     UNINITIALIZED

__llvm_prf_bits 
*          0    20200000    00000000     UNINITIALIZED

MODULE SUMMARY

       Module                         code    ro data   rw data
       ------                         ----    -------   -------
    .\
       main.o                         32514   2105      1092   
       oled.o                         4950    115       0      
       ti_msp_dl_config.o             1480    85        424    
       mpu6050_angle.o                1492    0         13     
       task1_control.o                1094    330       0      
       motor_control.o                1120    0         0      
       task_manager.o                 572     0         15     
       car_control.o                  484     0         0      
       angle_turn_control.o           450     0         0      
       grayscale_sensor.o             428     0         0      
       startup_mspm0g350x_ticlang.o   6       192       0      
       stopwatch.o                    112     0         17     
    +--+------------------------------+-------+---------+---------+
       Total:                         44702   2827      1561   
                                                               
    E:/ti/ccs2100/mspm0_sdk_2_11_00_07/source/ti/driverlib/lib/ticlang/m0p/mspm0g1x0x_g3x0x/driverlib.a
       dl_timer.o                     608     0         0      
       dl_i2c.o                       240     0         0      
       dl_uart.o                      138     0         0      
       dl_common.o                    10      0         0      
    +--+------------------------------+-------+---------+---------+
       Total:                         996     0         0      
                                                               
    E:\ti\ccs2100\ccs\tools\compiler\ti-cgt-armllvm_5.1.1.LTS\lib\armv6m-ti-none-eabi/c/libc.a
       memcpy16.S.obj                 154     0         0      
       copy_decompress_lzss.c.obj     124     0         0      
       memset16.S.obj                 98      0         0      
       autoinit.c.obj                 60      0         0      
       boot_cortex_m.c.obj            40      0         0      
       copy_decompress_none.c.obj     18      0         0      
       copy_zero_init.c.obj           16      0         0      
       exit.c.obj                     6       0         0      
       pre_init.c.obj                 4       0         0      
    +--+------------------------------+-------+---------+---------+
       Total:                         520     0         0      
                                                               
    E:\ti\ccs2100\ccs\tools\compiler\ti-cgt-armllvm_5.1.1.LTS\lib\armv6m-ti-none-eabi/c/libsysbm.a
       hostexit.c.obj                 4       0         0      
    +--+------------------------------+-------+---------+---------+
       Total:                         4       0         0      
                                                               
    E:\ti\ccs2100\ccs\tools\compiler\ti-cgt-armllvm_5.1.1.LTS\lib\armv6m-ti-none-eabi/libclang_rt.builtins.a
       addsf3.S.obj                   216     0         0      
       udivmoddi4.S.obj               162     0         0      
       comparesf2.S.obj               140     0         0      
       mulsf3.S.obj                   140     0         0      
       divsf3.S.obj                   130     0         0      
       aeabi_fcmp.S.obj               90      0         0      
       aeabi_idivmod.S.obj            86      0         0      
       floatdisf.S.obj                78      0         0      
       aeabi_uidivmod.S.obj           64      0         0      
       divmoddi4.c.obj                62      0         0      
       floatsisf.S.obj                60      0         0      
       muldsi3.S.obj                  58      0         0      
       fixsfsi.S.obj                  56      0         0      
       floatunsisf.S.obj              40      0         0      
       muldi3.S.obj                   36      0         0      
       ashldi3.S.obj                  30      0         0      
       aeabi_memset.S.obj             26      0         0      
       aeabi_ldivmod.S.obj            20      0         0      
       aeabi_uldivmod.S.obj           20      0         0      
       aeabi_memcpy.S.obj             8       0         0      
       aeabi_div0.c.obj               4       0         0      
    +--+------------------------------+-------+---------+---------+
       Total:                         1526    0         0      
                                                               
       Stack:                         0       0         512    
       Linker Generated:              0       44        0      
    +--+------------------------------+-------+---------+---------+
       Grand Total:                   47748   2871      2073   


LINKER GENERATED COPY TABLES

__TI_cinit_table @ 0000c5cc records: 2, size/record: 8, table size: 16
	.bss: load addr=0000c5bc, load size=00000008 bytes, run addr=20200000, run size=00000600 bytes, compression=zero_init
	.data: load addr=0000c5c4, load size=00000008 bytes, run addr=20200600, run size=00000019 bytes, compression=lzss


LINKER GENERATED HANDLER TABLE

__TI_handler_table @ 0000c5b0 records: 3, size/record: 4, table size: 12
	index: 0, handler: __TI_decompress_lzss
	index: 1, handler: __TI_decompress_none
	index: 2, handler: __TI_zero_init


GLOBAL SYMBOLS: SORTED ALPHABETICALLY BY Name 

address   name                            
-------   ----                            
0000831b  ADC0_IRQHandler                 
0000831b  ADC1_IRQHandler                 
0000831b  AES_IRQHandler                  
0000b89f  AngleTurnControl_cancel         
0000b7a9  AngleTurnControl_init           
0000bb3d  AngleTurnControl_isActive       
0000aa55  AngleTurnControl_start          
0000a28d  AngleTurnControl_update         
0000bb52  C$$EXIT                         
0000831b  CANFD0_IRQHandler               
0000b929  CarControl_coast                
0000b947  CarControl_emergencyStop        
0000bb43  CarControl_getSpeedRpm          
0000bb4f  CarControl_getTurnInnerPercent  
0000b4cd  CarControl_init                 
00009c35  CarControl_setMotion            
0000b801  CarControl_stop                 
0000831b  DAC0_IRQHandler                 
0000bb21  DL_Common_delayCycles           
0000af41  DL_I2C_fillControllerTXFIFO     
0000b719  DL_I2C_flushControllerRXFIFO    
0000b549  DL_I2C_flushControllerTXFIFO    
0000b879  DL_I2C_setClockConfig           
00009e85  DL_Timer_initFourCCPWMMode      
0000a191  DL_Timer_initTimerMode          
0000b9a5  DL_Timer_setCaptCompUpdateMethod
0000b9f9  DL_Timer_setCaptureCompareOutCtl
0000ba89  DL_Timer_setCaptureCompareValue 
0000b9c1  DL_Timer_setClockConfig         
0000b341  DL_UART_init                    
0000ba65  DL_UART_setClockConfig          
0000b749  DL_UART_transmitDataBlocking    
0000831b  DMA_IRQHandler                  
0000831b  Default_Handler                 
0000831b  GROUP0_IRQHandler               
0000ac55  GROUP1_IRQHandler               
0000b7d5  Grayscale_Sensor_Init           
00009955  Grayscale_Sensor_ReadAll        
0000bb53  HOSTexit                        
0000831b  HardFault_Handler               
0000831b  I2C0_IRQHandler                 
0000831b  I2C1_IRQHandler                 
0000bad9  MPU6050_Angle_getDeviceId       
0000bae5  MPU6050_Angle_getZDegrees       
00008c3d  MPU6050_Angle_initWithProgress  
0000baf1  MPU6050_Angle_reset             
0000aee1  MPU6050_Angle_update            
0000b5fd  MotorControl_coast              
0000b6e5  MotorControl_handleEncoderEdge  
0000affd  MotorControl_init               
0000b965  MotorControl_setTargetRpm       
0000a941  MotorControl_takeStatus         
000086c9  MotorControl_update             
0000831b  NMI_Handler                     
00007f49  OLED_Init                       
0000912d  OLED_ShowCalibration            
000075a5  OLED_ShowStopwatch              
00008eb5  OLED_ShowTask                   
000089bd  OLED_ShowTask1Endpoint          
0000831b  PendSV_Handler                  
0000831b  RTC_IRQHandler                  
0000bb57  Reset_Handler                   
0000831b  SPI0_IRQHandler                 
0000831b  SPI1_IRQHandler                 
0000831b  SVC_Handler                     
00009ad5  SYSCFG_DL_GPIO_init             
0000b15d  SYSCFG_DL_I2C_MPU6050_init      
0000b1b1  SYSCFG_DL_I2C_OLED_init         
0000a709  SYSCFG_DL_PWM_MOTOR_AB_init     
0000a799  SYSCFG_DL_PWM_MOTOR_CD_init     
0000b3cd  SYSCFG_DL_SYSCTL_init           
0000b675  SYSCFG_DL_TIMER_PID_init        
0000acc9  SYSCFG_DL_UART_0_init           
0000ad39  SYSCFG_DL_UART_1_init           
0000ada9  SYSCFG_DL_UART_OPENMV_init      
0000b205  SYSCFG_DL_init                  
0000a9cd  SYSCFG_DL_initPower             
0000b779  Stopwatch_getCurrentMs          
0000b8e9  Stopwatch_start                 
0000b909  Stopwatch_stop                  
0000831b  SysTick_Handler                 
0000831b  TIMA0_IRQHandler                
0000b055  TIMA1_IRQHandler                
0000831b  TIMG0_IRQHandler                
0000831b  TIMG12_IRQHandler               
0000831b  TIMG6_IRQHandler                
0000831b  TIMG7_IRQHandler                
0000831b  TIMG8_IRQHandler                
0000b255  Task1Control_init               
0000bb2b  Task1Control_isActive           
0000b40d  Task1Control_reset              
0000831d  Task1Control_update             
0000bb09  TaskManager_getActiveTask       
0000bb15  TaskManager_getTask1Endpoint    
0000a375  TaskManager_init                
0000ba99  TaskManager_takeStatusPressed   
0000baa9  TaskManager_takeStatusReleased  
0000bab9  TaskManager_taskStartPressed    
00009d6d  TaskManager_update              
0000ae19  UART0_IRQHandler                
0000b0ad  UART1_IRQHandler                
0000831b  UART2_IRQHandler                
0000b2f5  UART3_IRQHandler                
20208000  __STACK_END                     
00000200  __STACK_SIZE                    
00000000  __TI_ATRegion0_region_sz        
00000000  __TI_ATRegion0_src_addr         
00000000  __TI_ATRegion0_trg_addr         
00000000  __TI_ATRegion1_region_sz        
00000000  __TI_ATRegion1_src_addr         
00000000  __TI_ATRegion1_trg_addr         
00000000  __TI_ATRegion2_region_sz        
00000000  __TI_ATRegion2_src_addr         
00000000  __TI_ATRegion2_trg_addr         
0000c5cc  __TI_CINIT_Base                 
0000c5dc  __TI_CINIT_Limit                
0000c5dc  __TI_CINIT_Warm                 
0000c5b0  __TI_Handler_Table_Base         
0000c5bc  __TI_Handler_Table_Limit        
0000b585  __TI_auto_init_nobinit_nopinit  
0000abd9  __TI_decompress_lzss            
0000ba77  __TI_decompress_none            
ffffffff  __TI_pprof_out_hndl             
ffffffff  __TI_prof_data_size             
ffffffff  __TI_prof_data_start            
00000000  __TI_static_base__              
0000bac9  __TI_zero_init                  
0000a45b  __addsf3                        
0000b6ad  __aeabi_f2iz                    
0000a45b  __aeabi_fadd                    
0000afa1  __aeabi_fcmpeq                  
0000afd7  __aeabi_fcmpge                  
0000afe9  __aeabi_fcmpgt                  
0000afc5  __aeabi_fcmple                  
0000afb3  __aeabi_fcmplt                  
0000a89f  __aeabi_fcmpun                  
0000aad9  __aeabi_fdiv                    
0000a8b5  __aeabi_fmul                    
0000a451  __aeabi_fsub                    
0000b5c1  __aeabi_i2f                     
0000b105  __aeabi_idiv                    
0000a5cb  __aeabi_idiv0                   
0000b105  __aeabi_idivmod                 
0000b2a5  __aeabi_l2f                     
0000a9cb  __aeabi_ldiv0                   
0000ba3d  __aeabi_ldivmod                 
0000b985  __aeabi_llsl                    
0000b8c5  __aeabi_lmul                    
0000b9eb  __aeabi_memclr                  
0000b9eb  __aeabi_memclr4                 
0000b9eb  __aeabi_memclr8                 
0000bb35  __aeabi_memcpy                  
0000bb35  __aeabi_memcpy4                 
0000bb35  __aeabi_memcpy8                 
0000b9dd  __aeabi_memset                  
0000b9dd  __aeabi_memset4                 
0000b9dd  __aeabi_memset8                 
0000b851  __aeabi_ui2f                    
0000b48d  __aeabi_uidiv                   
0000b48d  __aeabi_uidivmod                
0000ba51  __aeabi_uldivmod                
0000b985  __ashldi3                       
ffffffff  __binit__                       
0000a829  __cmpsf2                        
0000b50b  __divmoddi4                     
0000aad9  __divsf3                        
0000a829  __eqsf2                         
0000b6ad  __fixsfsi                       
0000b2a5  __floatdisf                     
0000b5c1  __floatsisf                     
0000b851  __floatunsisf                   
0000a863  __gesf2                         
0000a863  __gtsf2                         
0000a829  __lesf2                         
0000a829  __ltsf2                         
UNDEFED   __mpu_init                      
0000b8c5  __muldi3                        
0000b639  __muldsi3                       
0000a8b5  __mulsf3                        
0000a829  __nesf2                         
20207e00  __stack                         
20200000  __start___llvm_prf_bits         
20200000  __start___llvm_prf_cnts         
20200000  __stop___llvm_prf_bits          
20200000  __stop___llvm_prf_cnts          
0000a451  __subsf3                        
0000a5cd  __udivmoddi4                    
0000a89f  __unordsf2                      
0000b829  _c_int00_noargs                 
UNDEFED   _system_post_cinit              
0000bb5b  _system_pre_init                
0000bb49  abort                           
ffffffff  binit                           
20200000  gPWM_MOTOR_CDBackup             
202000bc  gTIMER_PIDBackup                
2020051c  gUART_1Backup                   
00000000  interruptVectors                
000000c1  main                            
0000a66f  memcpy                          
0000ae7d  memset                          
20200610  systick_ms                      


GLOBAL SYMBOLS: SORTED BY Symbol Address 

address   name                            
-------   ----                            
00000000  __TI_ATRegion0_region_sz        
00000000  __TI_ATRegion0_src_addr         
00000000  __TI_ATRegion0_trg_addr         
00000000  __TI_ATRegion1_region_sz        
00000000  __TI_ATRegion1_src_addr         
00000000  __TI_ATRegion1_trg_addr         
00000000  __TI_ATRegion2_region_sz        
00000000  __TI_ATRegion2_src_addr         
00000000  __TI_ATRegion2_trg_addr         
00000000  __TI_static_base__              
00000000  interruptVectors                
000000c1  main                            
00000200  __STACK_SIZE                    
000075a5  OLED_ShowStopwatch              
00007f49  OLED_Init                       
0000831b  ADC0_IRQHandler                 
0000831b  ADC1_IRQHandler                 
0000831b  AES_IRQHandler                  
0000831b  CANFD0_IRQHandler               
0000831b  DAC0_IRQHandler                 
0000831b  DMA_IRQHandler                  
0000831b  Default_Handler                 
0000831b  GROUP0_IRQHandler               
0000831b  HardFault_Handler               
0000831b  I2C0_IRQHandler                 
0000831b  I2C1_IRQHandler                 
0000831b  NMI_Handler                     
0000831b  PendSV_Handler                  
0000831b  RTC_IRQHandler                  
0000831b  SPI0_IRQHandler                 
0000831b  SPI1_IRQHandler                 
0000831b  SVC_Handler                     
0000831b  SysTick_Handler                 
0000831b  TIMA0_IRQHandler                
0000831b  TIMG0_IRQHandler                
0000831b  TIMG12_IRQHandler               
0000831b  TIMG6_IRQHandler                
0000831b  TIMG7_IRQHandler                
0000831b  TIMG8_IRQHandler                
0000831b  UART2_IRQHandler                
0000831d  Task1Control_update             
000086c9  MotorControl_update             
000089bd  OLED_ShowTask1Endpoint          
00008c3d  MPU6050_Angle_initWithProgress  
00008eb5  OLED_ShowTask                   
0000912d  OLED_ShowCalibration            
00009955  Grayscale_Sensor_ReadAll        
00009ad5  SYSCFG_DL_GPIO_init             
00009c35  CarControl_setMotion            
00009d6d  TaskManager_update              
00009e85  DL_Timer_initFourCCPWMMode      
0000a191  DL_Timer_initTimerMode          
0000a28d  AngleTurnControl_update         
0000a375  TaskManager_init                
0000a451  __aeabi_fsub                    
0000a451  __subsf3                        
0000a45b  __addsf3                        
0000a45b  __aeabi_fadd                    
0000a5cb  __aeabi_idiv0                   
0000a5cd  __udivmoddi4                    
0000a66f  memcpy                          
0000a709  SYSCFG_DL_PWM_MOTOR_AB_init     
0000a799  SYSCFG_DL_PWM_MOTOR_CD_init     
0000a829  __cmpsf2                        
0000a829  __eqsf2                         
0000a829  __lesf2                         
0000a829  __ltsf2                         
0000a829  __nesf2                         
0000a863  __gesf2                         
0000a863  __gtsf2                         
0000a89f  __aeabi_fcmpun                  
0000a89f  __unordsf2                      
0000a8b5  __aeabi_fmul                    
0000a8b5  __mulsf3                        
0000a941  MotorControl_takeStatus         
0000a9cb  __aeabi_ldiv0                   
0000a9cd  SYSCFG_DL_initPower             
0000aa55  AngleTurnControl_start          
0000aad9  __aeabi_fdiv                    
0000aad9  __divsf3                        
0000abd9  __TI_decompress_lzss            
0000ac55  GROUP1_IRQHandler               
0000acc9  SYSCFG_DL_UART_0_init           
0000ad39  SYSCFG_DL_UART_1_init           
0000ada9  SYSCFG_DL_UART_OPENMV_init      
0000ae19  UART0_IRQHandler                
0000ae7d  memset                          
0000aee1  MPU6050_Angle_update            
0000af41  DL_I2C_fillControllerTXFIFO     
0000afa1  __aeabi_fcmpeq                  
0000afb3  __aeabi_fcmplt                  
0000afc5  __aeabi_fcmple                  
0000afd7  __aeabi_fcmpge                  
0000afe9  __aeabi_fcmpgt                  
0000affd  MotorControl_init               
0000b055  TIMA1_IRQHandler                
0000b0ad  UART1_IRQHandler                
0000b105  __aeabi_idiv                    
0000b105  __aeabi_idivmod                 
0000b15d  SYSCFG_DL_I2C_MPU6050_init      
0000b1b1  SYSCFG_DL_I2C_OLED_init         
0000b205  SYSCFG_DL_init                  
0000b255  Task1Control_init               
0000b2a5  __aeabi_l2f                     
0000b2a5  __floatdisf                     
0000b2f5  UART3_IRQHandler                
0000b341  DL_UART_init                    
0000b3cd  SYSCFG_DL_SYSCTL_init           
0000b40d  Task1Control_reset              
0000b48d  __aeabi_uidiv                   
0000b48d  __aeabi_uidivmod                
0000b4cd  CarControl_init                 
0000b50b  __divmoddi4                     
0000b549  DL_I2C_flushControllerTXFIFO    
0000b585  __TI_auto_init_nobinit_nopinit  
0000b5c1  __aeabi_i2f                     
0000b5c1  __floatsisf                     
0000b5fd  MotorControl_coast              
0000b639  __muldsi3                       
0000b675  SYSCFG_DL_TIMER_PID_init        
0000b6ad  __aeabi_f2iz                    
0000b6ad  __fixsfsi                       
0000b6e5  MotorControl_handleEncoderEdge  
0000b719  DL_I2C_flushControllerRXFIFO    
0000b749  DL_UART_transmitDataBlocking    
0000b779  Stopwatch_getCurrentMs          
0000b7a9  AngleTurnControl_init           
0000b7d5  Grayscale_Sensor_Init           
0000b801  CarControl_stop                 
0000b829  _c_int00_noargs                 
0000b851  __aeabi_ui2f                    
0000b851  __floatunsisf                   
0000b879  DL_I2C_setClockConfig           
0000b89f  AngleTurnControl_cancel         
0000b8c5  __aeabi_lmul                    
0000b8c5  __muldi3                        
0000b8e9  Stopwatch_start                 
0000b909  Stopwatch_stop                  
0000b929  CarControl_coast                
0000b947  CarControl_emergencyStop        
0000b965  MotorControl_setTargetRpm       
0000b985  __aeabi_llsl                    
0000b985  __ashldi3                       
0000b9a5  DL_Timer_setCaptCompUpdateMethod
0000b9c1  DL_Timer_setClockConfig         
0000b9dd  __aeabi_memset                  
0000b9dd  __aeabi_memset4                 
0000b9dd  __aeabi_memset8                 
0000b9eb  __aeabi_memclr                  
0000b9eb  __aeabi_memclr4                 
0000b9eb  __aeabi_memclr8                 
0000b9f9  DL_Timer_setCaptureCompareOutCtl
0000ba3d  __aeabi_ldivmod                 
0000ba51  __aeabi_uldivmod                
0000ba65  DL_UART_setClockConfig          
0000ba77  __TI_decompress_none            
0000ba89  DL_Timer_setCaptureCompareValue 
0000ba99  TaskManager_takeStatusPressed   
0000baa9  TaskManager_takeStatusReleased  
0000bab9  TaskManager_taskStartPressed    
0000bac9  __TI_zero_init                  
0000bad9  MPU6050_Angle_getDeviceId       
0000bae5  MPU6050_Angle_getZDegrees       
0000baf1  MPU6050_Angle_reset             
0000bb09  TaskManager_getActiveTask       
0000bb15  TaskManager_getTask1Endpoint    
0000bb21  DL_Common_delayCycles           
0000bb2b  Task1Control_isActive           
0000bb35  __aeabi_memcpy                  
0000bb35  __aeabi_memcpy4                 
0000bb35  __aeabi_memcpy8                 
0000bb3d  AngleTurnControl_isActive       
0000bb43  CarControl_getSpeedRpm          
0000bb49  abort                           
0000bb4f  CarControl_getTurnInnerPercent  
0000bb52  C$$EXIT                         
0000bb53  HOSTexit                        
0000bb57  Reset_Handler                   
0000bb5b  _system_pre_init                
0000c5b0  __TI_Handler_Table_Base         
0000c5bc  __TI_Handler_Table_Limit        
0000c5cc  __TI_CINIT_Base                 
0000c5dc  __TI_CINIT_Limit                
0000c5dc  __TI_CINIT_Warm                 
20200000  __start___llvm_prf_bits         
20200000  __start___llvm_prf_cnts         
20200000  __stop___llvm_prf_bits          
20200000  __stop___llvm_prf_cnts          
20200000  gPWM_MOTOR_CDBackup             
202000bc  gTIMER_PIDBackup                
2020051c  gUART_1Backup                   
20200610  systick_ms                      
20207e00  __stack                         
20208000  __STACK_END                     
ffffffff  __TI_pprof_out_hndl             
ffffffff  __TI_prof_data_size             
ffffffff  __TI_prof_data_start            
ffffffff  __binit__                       
ffffffff  binit                           
UNDEFED   __mpu_init                      
UNDEFED   _system_post_cinit              

[201 symbols]
