******************************************************************************
            TI ARM Clang Linker PC v5.1.1                      
******************************************************************************
>> Linked Thu Jul 23 16:40:48 2026

OUTPUT FILE NAME:   <main.out>
ENTRY POINT SYMBOL: "_c_int00_noargs"  address: 00009b6d


MEMORY CONFIGURATION

         name            origin    length      used     unused   attr    fill
----------------------  --------  ---------  --------  --------  ----  --------
  FLASH                 00000000   00020000  0000a580  00015a80  R  X
  SRAM                  20200000   00008000  0000064c  000079b4  RW X
  BCR_CONFIG            41c00000   000000ff  00000000  000000ff  R   
  BSL_CONFIG            41c00100   00000080  00000000  00000080  R   


SEGMENT ALLOCATION MAP

run origin  load origin   length   init length attrs members
----------  ----------- ---------- ----------- ----- -------
00000000    00000000    0000a580   0000a580    r-x
  00000000    00000000    000000c0   000000c0    r-- .intvecs
  000000c0    000000c0    00009d20   00009d20    r-x .text
  00009de0    00009de0    00000788   00000788    r-- .rodata
  0000a568    0000a568    00000018   00000018    r-- .cinit
20200000    20200000    0000044c   00000000    rw-
  20200000    20200000    0000044c   00000000    rw- .bss
20207e00    20207e00    00000200   00000000    rw-
  20207e00    20207e00    00000200   00000000    rw- .stack


SECTION ALLOCATION MAP

 output                                  attributes/
section   page    origin      length       input sections
--------  ----  ----------  ----------   ----------------
.intvecs   0    00000000    000000c0     
                  00000000    000000c0     startup_mspm0g350x_ticlang.o (.intvecs)

.text      0    000000c0    00009d20     
                  000000c0    000066f4     main.o (.text.main)
                  000067b4    000005d4     main.o (.text.UART_reportMotorStatus)
                  00006d88    000004fc     oled_test.o (.text.OLED_Test_initAndShowHelloWorld)
                  00007284    0000031c     motor_control.o (.text.MotorControl_update)
                  000075a0    000002b4     mpu6050_angle.o (.text.MPU6050_Angle_init)
                  00007854    00000244     main.o (.text.UART_reportGrayscale)
                  00007a98    00000238     main.o (.text.UART_reportZAngle)
                  00007cd0    00000224     main.o (.text.LineTracking_considerIntersection)
                  00007ef4    00000218     angle_turn_control.o (.text.AngleTurnControl_update)
                  0000810c    000001d4     mpu6050_angle.o (.text.MPU6050_readRegisters)
                  000082e0    00000174     grayscale_sensor.o (.text.Grayscale_Sensor_ReadAll)
                  00008454    00000150     ti_msp_dl_config.o (.text.SYSCFG_DL_GPIO_init)
                  000085a4    00000138     car_control.o (.text.CarControl_setMotion)
                  000086dc    00000104     driverlib.a : dl_timer.o (.text.DL_Timer_initFourCCPWMMode)
                  000087e0    00000104     mpu6050_angle.o (.text.MPU6050_writeRegister)
                  000088e4    00000104     oled_test.o (.text.OLED_Test_writeByte)
                  000089e8    000000fc     driverlib.a : dl_timer.o (.text.DL_Timer_initTimerMode)
                  00008ae4    000000d8     libclang_rt.builtins.a : addsf3.S.obj (.text)
                  00008bbc    000000a2                            : udivmoddi4.S.obj (.text)
                  00008c5e    0000009a     libc.a : memcpy16.S.obj (.text:memcpy)
                  00008cf8    00000090     ti_msp_dl_config.o (.text.SYSCFG_DL_PWM_MOTOR_AB_init)
                  00008d88    00000090     ti_msp_dl_config.o (.text.SYSCFG_DL_PWM_MOTOR_CD_init)
                  00008e18    0000008c     libclang_rt.builtins.a : comparesf2.S.obj (.text)
                  00008ea4    0000008c                            : mulsf3.S.obj (.text)
                  00008f30    0000008a     motor_control.o (.text.MotorControl_takeStatus)
                  00008fba    00000002     startup_mspm0g350x_ticlang.o (.text.Default_Handler)
                  00008fbc    00000084     angle_turn_control.o (.text.AngleTurnControl_start)
                  00009040    00000082     libclang_rt.builtins.a : divsf3.S.obj (.text)
                  000090c2    00000002                            : aeabi_div0.c.obj (.text.__aeabi_idiv0)
                  000090c4    00000080     main.o (.text.GROUP1_IRQHandler)
                  00009144    0000007c     ti_msp_dl_config.o (.text.SYSCFG_DL_initPower)
                  000091c0    00000070     ti_msp_dl_config.o (.text.SYSCFG_DL_UART_0_init)
                  00009230    0000006e     angle_turn_control.o (.text.AngleTurnControl_getCoastDistanceDegrees)
                  0000929e    00000002     libclang_rt.builtins.a : aeabi_div0.c.obj (.text.__aeabi_ldiv0)
                  000092a0    00000064     main.o (.text.UART0_IRQHandler)
                  00009304    00000062     libc.a : memset16.S.obj (.text:memset)
                  00009366    00000002     --HOLE-- [fill = 0]
                  00009368    00000060     mpu6050_angle.o (.text.MPU6050_Angle_update)
                  000093c8    00000060     ti_msp_dl_config.o (.text.SYSCFG_DL_UART_1_init)
                  00009428    0000005e     driverlib.a : dl_i2c.o (.text.DL_I2C_fillControllerTXFIFO)
                  00009486    00000002     --HOLE-- [fill = 0]
                  00009488    0000005a     libclang_rt.builtins.a : aeabi_fcmp.S.obj (.text)
                  000094e2    00000002     --HOLE-- [fill = 0]
                  000094e4    00000058     motor_control.o (.text.MotorControl_init)
                  0000953c    00000056     libclang_rt.builtins.a : aeabi_idivmod.S.obj (.text)
                  00009592    00000002     --HOLE-- [fill = 0]
                  00009594    00000054     ti_msp_dl_config.o (.text.SYSCFG_DL_I2C_MPU6050_init)
                  000095e8    00000054     ti_msp_dl_config.o (.text.SYSCFG_DL_I2C_OLED_init)
                  0000963c    0000004e     libclang_rt.builtins.a : floatdisf.S.obj (.text)
                  0000968a    00000002     --HOLE-- [fill = 0]
                  0000968c    00000048     driverlib.a : dl_uart.o (.text.DL_UART_init)
                  000096d4    00000044     main.o (.text.TIMA1_IRQHandler)
                  00009718    00000040     ti_msp_dl_config.o (.text.SYSCFG_DL_SYSCTL_init)
                  00009758    00000040     ti_msp_dl_config.o (.text.SYSCFG_DL_init)
                  00009798    00000040     libclang_rt.builtins.a : aeabi_uidivmod.S.obj (.text)
                  000097d8    0000003e     car_control.o (.text.CarControl_init)
                  00009816    0000003e     libclang_rt.builtins.a : divmoddi4.c.obj (.text.__divmoddi4)
                  00009854    0000003c     driverlib.a : dl_i2c.o (.text.DL_I2C_flushControllerTXFIFO)
                  00009890    0000003c     libc.a : autoinit.c.obj (.text:__TI_auto_init_nobinit_nopinit)
                  000098cc    0000003c     libclang_rt.builtins.a : floatsisf.S.obj (.text)
                  00009908    0000003a     motor_control.o (.text.MotorControl_coast)
                  00009942    00000002     --HOLE-- [fill = 0]
                  00009944    0000003a     libclang_rt.builtins.a : muldsi3.S.obj (.text)
                  0000997e    00000038     angle_turn_control.o (.text.AngleTurnControl_enterCreep)
                  000099b6    00000002     --HOLE-- [fill = 0]
                  000099b8    00000038     ti_msp_dl_config.o (.text.SYSCFG_DL_TIMER_PID_init)
                  000099f0    00000038     libclang_rt.builtins.a : fixsfsi.S.obj (.text)
                  00009a28    00000032     motor_control.o (.text.MotorControl_handleEncoderEdge)
                  00009a5a    00000030     car_control.o (.text.CarControl_isStopped)
                  00009a8a    00000002     --HOLE-- [fill = 0]
                  00009a8c    00000030     driverlib.a : dl_i2c.o (.text.DL_I2C_flushControllerRXFIFO)
                  00009abc    00000030                 : dl_uart.o (.text.DL_UART_transmitDataBlocking)
                  00009aec    0000002c     angle_turn_control.o (.text.AngleTurnControl_init)
                  00009b18    0000002c     grayscale_sensor.o (.text.Grayscale_Sensor_Init)
                  00009b44    00000028     car_control.o (.text.CarControl_stop)
                  00009b6c    00000028     libc.a : boot_cortex_m.c.obj (.text:_c_int00_noargs)
                  00009b94    00000028     libclang_rt.builtins.a : floatunsisf.S.obj (.text)
                  00009bbc    00000026     driverlib.a : dl_i2c.o (.text.DL_I2C_setClockConfig)
                  00009be2    00000024     angle_turn_control.o (.text.AngleTurnControl_cancel)
                  00009c06    00000002     --HOLE-- [fill = 0]
                  00009c08    00000024     libclang_rt.builtins.a : muldi3.S.obj (.text)
                  00009c2c    0000001e     car_control.o (.text.CarControl_coast)
                  00009c4a    0000001e     car_control.o (.text.CarControl_emergencyStop)
                  00009c68    0000001e     motor_control.o (.text.MotorControl_setTargetRpm)
                  00009c86    00000002     --HOLE-- [fill = 0]
                  00009c88    0000001e     libclang_rt.builtins.a : ashldi3.S.obj (.text)
                  00009ca6    00000002     --HOLE-- [fill = 0]
                  00009ca8    0000001c     driverlib.a : dl_timer.o (.text.DL_Timer_setCaptCompUpdateMethod)
                  00009cc4    0000001c                 : dl_timer.o (.text.DL_Timer_setClockConfig)
                  00009ce0    0000001a     libclang_rt.builtins.a : aeabi_memset.S.obj (.text)
                  00009cfa    00000002     --HOLE-- [fill = 0]
                  00009cfc    00000018     driverlib.a : dl_timer.o (.text.DL_Timer_setCaptureCompareOutCtl)
                  00009d14    00000016     motor_control.o (.text.MotorControl_isStopped)
                  00009d2a    00000002     --HOLE-- [fill = 0]
                  00009d2c    00000014     libclang_rt.builtins.a : aeabi_ldivmod.S.obj (.text)
                  00009d40    00000012     driverlib.a : dl_uart.o (.text.DL_UART_setClockConfig)
                  00009d52    00000002     --HOLE-- [fill = 0]
                  00009d54    00000010                 : dl_timer.o (.text.DL_Timer_setCaptureCompareValue)
                  00009d64    00000010     libc.a : copy_zero_init.c.obj (.text:decompress:ZI)
                  00009d74    0000000c     mpu6050_angle.o (.text.MPU6050_Angle_getDeviceId)
                  00009d80    0000000c     mpu6050_angle.o (.text.MPU6050_Angle_getZDegrees)
                  00009d8c    0000000c     mpu6050_angle.o (.text.MPU6050_Angle_getZRateDps)
                  00009d98    0000000c     mpu6050_angle.o (.text.MPU6050_Angle_reset)
                  00009da4    0000000a     driverlib.a : dl_common.o (.text.DL_Common_delayCycles)
                  00009dae    00000002     --HOLE-- [fill = 0]
                  00009db0    00000008     libclang_rt.builtins.a : aeabi_memcpy.S.obj (.text)
                  00009db8    00000006     angle_turn_control.o (.text.AngleTurnControl_isActive)
                  00009dbe    00000006     car_control.o (.text.CarControl_getSpeedRpm)
                  00009dc4    00000006     libc.a : exit.c.obj (.text:abort)
                  00009dca    00000004     car_control.o (.text.CarControl_getTurnInnerPercent)
                  00009dce    00000004     libsysbm.a : hostexit.c.obj (.text.HOSTexit)
                  00009dd2    00000004     startup_mspm0g350x_ticlang.o (.text.Reset_Handler)
                  00009dd6    00000004     libc.a : pre_init.c.obj (.text._system_pre_init)
                  00009dda    00000006     --HOLE-- [fill = 0]

.cinit     0    0000a568    00000018     
                  0000a568    00000008     (.cinit..bss.load) [load image, compression = zero_init]
                  0000a570    00000004     (__TI_handler_table)
                  0000a574    00000008     (__TI_cinit_table)
                  0000a57c    00000004     --HOLE-- [fill = 0]

.rodata    0    00009de0    00000788     
                  00009de0    00000050     main.o (.rodata.gMotorAConfig)
                  00009e30    00000050     main.o (.rodata.gMotorBConfig)
                  00009e80    00000050     main.o (.rodata.gMotorCConfig)
                  00009ed0    00000050     main.o (.rodata.gMotorDConfig)
                  00009f20    00000039     main.o (.rodata.str1.17100691992556644108.1)
                  00009f59    00000036     main.o (.rodata.str1.13959864503700487862.1)
                  00009f8f    00000036     main.o (.rodata.str1.2117079376983516436.1)
                  00009fc5    00000032     main.o (.rodata.str1.288608917962107522.1)
                  00009ff7    00000032     main.o (.rodata.str1.9059077390166914652.1)
                  0000a029    00000031     main.o (.rodata.str1.13203255162302409502.1)
                  0000a05a    00000031     main.o (.rodata.str1.16856034117330037696.1)
                  0000a08b    0000002e     main.o (.rodata.str1.13510909575694371129.1)
                  0000a0b9    0000002e     main.o (.rodata.str1.8154729771448623357.1)
                  0000a0e7    0000002d     main.o (.rodata.str1.2624144126699937905.1)
                  0000a114    0000002d     main.o (.rodata.str1.5130420776781151933.1)
                  0000a141    0000002b     main.o (.rodata.str1.5266312244614669333.1)
                  0000a16c    0000002a     main.o (.rodata.str1.3060844030163134499.1)
                  0000a196    00000029     main.o (.rodata.str1.18420373917905513025.1)
                  0000a1bf    00000029     main.o (.rodata.str1.6976963560179378225.1)
                  0000a1e8    00000028     main.o (.rodata.str1.16285091658156303515.1)
                  0000a210    00000028     main.o (.rodata.str1.16302215771116645891.1)
                  0000a238    00000028     main.o (.rodata.str1.16617520904356106791.1)
                  0000a260    00000027     main.o (.rodata.str1.10992214574315303902.1)
                  0000a287    00000027     main.o (.rodata.str1.13782249893155712474.1)
                  0000a2ae    00000027     main.o (.rodata.str1.16631870348416990953.1)
                  0000a2d5    00000027     main.o (.rodata.str1.17376258722486336754.1)
                  0000a2fc    00000026     main.o (.rodata.str1.16485475968410363649.1)
                  0000a322    00000026     main.o (.rodata.str1.922313780387552641.1)
                  0000a348    00000025     main.o (.rodata.str1.2256192789054937243.1)
                  0000a36d    00000025     main.o (.rodata.str1.625103348304617710.1)
                  0000a392    00000025     main.o (.rodata.str1.7190843550371250464.1)
                  0000a3b7    00000024     main.o (.rodata.str1.5456361711443481037.1)
                  0000a3db    00000024     main.o (.rodata.str1.7784929982665794503.1)
                  0000a3ff    00000023     main.o (.rodata.str1.17045314124001216156.1)
                  0000a422    00000023     main.o (.rodata.str1.2182841224059738574.1)
                  0000a445    00000003     ti_msp_dl_config.o (.rodata.gPWM_MOTOR_ABClockConfig)
                  0000a448    00000020     main.o (.rodata.gAngleTurnConfig)
                  0000a468    0000001f     main.o (.rodata.str1.15159059442110792349.1)
                  0000a487    00000001     --HOLE-- [fill = 0]
                  0000a488    0000001c     main.o (.rodata.gCarConfig)
                  0000a4a4    00000014     ti_msp_dl_config.o (.rodata.gTIMER_PIDTimerConfig)
                  0000a4b8    00000011     main.o (.rodata.str1.887240019932590441.1)
                  0000a4c9    00000003     ti_msp_dl_config.o (.rodata.gPWM_MOTOR_CDClockConfig)
                  0000a4cc    00000010     main.o (.rodata..Lswitch.table.main.117)
                  0000a4dc    0000000c     oled_test.o (.rodata.str1.18236315148366688362.1)
                  0000a4e8    0000000b     main.o (.rodata.str1.8428454045432808059.1)
                  0000a4f3    0000000b     main.o (.rodata.str1.8828068777338075035.1)
                  0000a4fe    0000000a     ti_msp_dl_config.o (.rodata.gUART_0Config)
                  0000a508    0000000a     ti_msp_dl_config.o (.rodata.gUART_1Config)
                  0000a512    00000008     main.o (.rodata.cst8)
                  0000a51a    00000002     ti_msp_dl_config.o (.rodata.gI2C_MPU6050ClockConfig)
                  0000a51c    00000008     ti_msp_dl_config.o (.rodata.gPWM_MOTOR_ABConfig)
                  0000a524    00000008     ti_msp_dl_config.o (.rodata.gPWM_MOTOR_CDConfig)
                  0000a52c    00000005     oled_test.o (.rodata.OLED_Test_glyph.H)
                  0000a531    00000005     oled_test.o (.rodata.OLED_Test_glyph.W)
                  0000a536    00000005     oled_test.o (.rodata.OLED_Test_glyph.d)
                  0000a53b    00000005     oled_test.o (.rodata.OLED_Test_glyph.e)
                  0000a540    00000005     oled_test.o (.rodata.OLED_Test_glyph.l)
                  0000a545    00000005     oled_test.o (.rodata.OLED_Test_glyph.o)
                  0000a54a    00000005     oled_test.o (.rodata.OLED_Test_glyph.r)
                  0000a54f    00000005     oled_test.o (.rodata.OLED_Test_glyph.space)
                  0000a554    00000004     main.o (.rodata.str1.11121730273200050387.1)
                  0000a558    00000004     main.o (.rodata.str1.14712910685067215323.1)
                  0000a55c    00000003     ti_msp_dl_config.o (.rodata.gTIMER_PIDClockConfig)
                  0000a55f    00000002     ti_msp_dl_config.o (.rodata.gI2C_OLEDClockConfig)
                  0000a561    00000002     ti_msp_dl_config.o (.rodata.gUART_0ClockConfig)
                  0000a563    00000002     ti_msp_dl_config.o (.rodata.gUART_1ClockConfig)
                  0000a565    00000003     --HOLE-- [fill = 0]

.init_array 
*          0    00000000    00000000     UNINITIALIZED

.binit     0    00000000    00000000     

.bss       0    20200000    0000044c     UNINITIALIZED
                  20200000    000000bc     (.common:gPWM_MOTOR_CDBackup)
                  202000bc    000000bc     (.common:gTIMER_PIDBackup)
                  20200178    00000078     main.o (.bss.gMotorA)
                  202001f0    00000078     main.o (.bss.gMotorB)
                  20200268    00000078     main.o (.bss.gMotorC)
                  202002e0    00000078     main.o (.bss.gMotorD)
                  20200358    00000034     main.o (.bss.gAngleTurn)
                  2020038c    00000020     main.o (.bss.gCar)
                  202003ac    00000020     main.o (.bss.gUartCommand)
                  202003cc    00000010     main.o (.bss.UART_serviceMotorStatus.motorAStatus)
                  202003dc    00000010     main.o (.bss.UART_serviceMotorStatus.motorBStatus)
                  202003ec    00000010     main.o (.bss.UART_serviceMotorStatus.motorCStatus)
                  202003fc    00000010     main.o (.bss.UART_serviceMotorStatus.motorDStatus)
                  2020040c    00000004     mpu6050_angle.o (.bss.gGyroZBiasRaw)
                  20200410    00000008     main.o (.bss.gLineFilteredValues)
                  20200418    00000008     main.o (.bss.gLinePendingCount)
                  20200420    00000008     main.o (.bss.gLinePendingValues)
                  20200428    00000004     main.o (.bss.gLineTrackingIntegral)
                  2020042c    00000004     mpu6050_angle.o (.bss.gZAngleDegrees)
                  20200430    00000004     mpu6050_angle.o (.bss.gZRateDps)
                  20200434    00000002     main.o (.bss.gLineTrackingBaseSpeedRpm)
                  20200436    00000002     main.o (.bss.gLineTrackingLastErr)
                  20200438    00000001     main.o (.bss.UART_serviceMotorStatus.motorAStatusReady)
                  20200439    00000001     main.o (.bss.UART_serviceMotorStatus.motorBStatusReady)
                  2020043a    00000001     main.o (.bss.UART_serviceMotorStatus.motorCStatusReady)
                  2020043b    00000001     main.o (.bss.UART_serviceMotorStatus.motorDStatusReady)
                  2020043c    00000001     mpu6050_angle.o (.bss.gDeviceId)
                  2020043d    00000001     main.o (.bss.gGrayscaleStreamDivider)
                  2020043e    00000001     main.o (.bss.gGrayscaleStreamEnabled)
                  2020043f    00000001     main.o (.bss.gLineFilterReady)
                  20200440    00000001     main.o (.bss.gLineIntersectionCandidateCount)
                  20200441    00000001     main.o (.bss.gLineIntersectionState)
                  20200442    00000001     main.o (.bss.gLineIntersectionStopHoldCount)
                  20200443    00000001     main.o (.bss.gLineTrackingDebugDivider)
                  20200444    00000001     main.o (.bss.gLineTrackingDebugEnabled)
                  20200445    00000001     main.o (.bss.gLineTrackingEnabled)
                  20200446    00000001     main.o (.bss.gMotorStatusReportOnce)
                  20200447    00000001     main.o (.bss.gMotorStatusStreamEnabled)
                  20200448    00000001     main.o (.bss.gMpu6050Ready)
                  20200449    00000001     main.o (.bss.gMpu6050SampleDue)
                  2020044a    00000001     main.o (.bss.gUartCommandLength)
                  2020044b    00000001     main.o (.bss.gUartCommandReady)

.stack     0    20207e00    00000200     UNINITIALIZED
                  20207e00    00000004     libc.a : boot_cortex_m.c.obj (.stack)
                  20207e04    000001fc     --HOLE--

__llvm_prf_cnts 
*          0    20200000    00000000     UNINITIALIZED

__llvm_prf_bits 
*          0    20200000    00000000     UNINITIALIZED

MODULE SUMMARY

       Module                         code    ro data   rw data
       ------                         ----    -------   -------
    .\
       main.o                         29840   1799      711    
       ti_msp_dl_config.o             1308    73        376    
       oled_test.o                    1536    52        0      
       mpu6050_angle.o                1564    0         13     
       motor_control.o                1182    0         0      
       angle_turn_control.o           920     0         0      
       car_control.o                  532     0         0      
       grayscale_sensor.o             416     0         0      
       startup_mspm0g350x_ticlang.o   6       192       0      
    +--+------------------------------+-------+---------+---------+
       Total:                         37304   2116      1100   
                                                               
    C:/ti/mspm0_sdk_2_11_00_07/source/ti/driverlib/lib/ticlang/m0p/mspm0g1x0x_g3x0x/driverlib.a
       dl_timer.o                     608     0         0      
       dl_i2c.o                       240     0         0      
       dl_uart.o                      138     0         0      
       dl_common.o                    10      0         0      
    +--+------------------------------+-------+---------+---------+
       Total:                         996     0         0      
                                                               
    C:\ti\ccs2100\ccs\tools\compiler\ti-cgt-armllvm_5.1.1.LTS\lib\armv6m-ti-none-eabi/c/libc.a
       memcpy16.S.obj                 154     0         0      
       memset16.S.obj                 98      0         0      
       autoinit.c.obj                 60      0         0      
       boot_cortex_m.c.obj            40      0         0      
       copy_zero_init.c.obj           16      0         0      
       exit.c.obj                     6       0         0      
       pre_init.c.obj                 4       0         0      
    +--+------------------------------+-------+---------+---------+
       Total:                         378     0         0      
                                                               
    C:\ti\ccs2100\ccs\tools\compiler\ti-cgt-armllvm_5.1.1.LTS\lib\armv6m-ti-none-eabi/c/libsysbm.a
       hostexit.c.obj                 4       0         0      
    +--+------------------------------+-------+---------+---------+
       Total:                         4       0         0      
                                                               
    C:\ti\ccs2100\ccs\tools\compiler\ti-cgt-armllvm_5.1.1.LTS\lib\armv6m-ti-none-eabi/libclang_rt.builtins.a
       addsf3.S.obj                   216     0         0      
       udivmoddi4.S.obj               162     0         0      
       comparesf2.S.obj               140     0         0      
       mulsf3.S.obj                   140     0         0      
       divsf3.S.obj                   130     0         0      
       aeabi_fcmp.S.obj               90      0         0      
       aeabi_idivmod.S.obj            86      0         0      
       floatdisf.S.obj                78      0         0      
       aeabi_uidivmod.S.obj           64      0         0      
       divmoddi4.c.obj                62      0         0      
       floatsisf.S.obj                60      0         0      
       muldsi3.S.obj                  58      0         0      
       fixsfsi.S.obj                  56      0         0      
       floatunsisf.S.obj              40      0         0      
       muldi3.S.obj                   36      0         0      
       ashldi3.S.obj                  30      0         0      
       aeabi_memset.S.obj             26      0         0      
       aeabi_ldivmod.S.obj            20      0         0      
       aeabi_memcpy.S.obj             8       0         0      
       aeabi_div0.c.obj               4       0         0      
    +--+------------------------------+-------+---------+---------+
       Total:                         1506    0         0      
                                                               
       Stack:                         0       0         512    
       Linker Generated:              0       20        0      
    +--+------------------------------+-------+---------+---------+
       Grand Total:                   40188   2136      1612   


LINKER GENERATED COPY TABLES

__TI_cinit_table @ 0000a574 records: 1, size/record: 8, table size: 8
	.bss: load addr=0000a568, load size=00000008 bytes, run addr=20200000, run size=0000044c bytes, compression=zero_init


LINKER GENERATED HANDLER TABLE

__TI_handler_table @ 0000a570 records: 1, size/record: 4, table size: 4
	index: 0, handler: __TI_zero_init


GLOBAL SYMBOLS: SORTED ALPHABETICALLY BY Name 

address   name                            
-------   ----                            
00008fbb  ADC0_IRQHandler                 
00008fbb  ADC1_IRQHandler                 
00008fbb  AES_IRQHandler                  
00009be3  AngleTurnControl_cancel         
00009aed  AngleTurnControl_init           
00009db9  AngleTurnControl_isActive       
00008fbd  AngleTurnControl_start          
00007ef5  AngleTurnControl_update         
00009dce  C$$EXIT                         
00008fbb  CANFD0_IRQHandler               
00009c2d  CarControl_coast                
00009c4b  CarControl_emergencyStop        
00009dbf  CarControl_getSpeedRpm          
00009dcb  CarControl_getTurnInnerPercent  
000097d9  CarControl_init                 
00009a5b  CarControl_isStopped            
000085a5  CarControl_setMotion            
00009b45  CarControl_stop                 
00008fbb  DAC0_IRQHandler                 
00009da5  DL_Common_delayCycles           
00009429  DL_I2C_fillControllerTXFIFO     
00009a8d  DL_I2C_flushControllerRXFIFO    
00009855  DL_I2C_flushControllerTXFIFO    
00009bbd  DL_I2C_setClockConfig           
000086dd  DL_Timer_initFourCCPWMMode      
000089e9  DL_Timer_initTimerMode          
00009ca9  DL_Timer_setCaptCompUpdateMethod
00009cfd  DL_Timer_setCaptureCompareOutCtl
00009d55  DL_Timer_setCaptureCompareValue 
00009cc5  DL_Timer_setClockConfig         
0000968d  DL_UART_init                    
00009d41  DL_UART_setClockConfig          
00009abd  DL_UART_transmitDataBlocking    
00008fbb  DMA_IRQHandler                  
00008fbb  Default_Handler                 
00008fbb  GROUP0_IRQHandler               
000090c5  GROUP1_IRQHandler               
00009b19  Grayscale_Sensor_Init           
000082e1  Grayscale_Sensor_ReadAll        
00009dcf  HOSTexit                        
00008fbb  HardFault_Handler               
00008fbb  I2C0_IRQHandler                 
00008fbb  I2C1_IRQHandler                 
00009d75  MPU6050_Angle_getDeviceId       
00009d81  MPU6050_Angle_getZDegrees       
00009d8d  MPU6050_Angle_getZRateDps       
000075a1  MPU6050_Angle_init              
00009d99  MPU6050_Angle_reset             
00009369  MPU6050_Angle_update            
00009909  MotorControl_coast              
00009a29  MotorControl_handleEncoderEdge  
000094e5  MotorControl_init               
00009d15  MotorControl_isStopped          
00009c69  MotorControl_setTargetRpm       
00008f31  MotorControl_takeStatus         
00007285  MotorControl_update             
00008fbb  NMI_Handler                     
00006d89  OLED_Test_initAndShowHelloWorld 
00008fbb  PendSV_Handler                  
00008fbb  RTC_IRQHandler                  
00009dd3  Reset_Handler                   
00008fbb  SPI0_IRQHandler                 
00008fbb  SPI1_IRQHandler                 
00008fbb  SVC_Handler                     
00008455  SYSCFG_DL_GPIO_init             
00009595  SYSCFG_DL_I2C_MPU6050_init      
000095e9  SYSCFG_DL_I2C_OLED_init         
00008cf9  SYSCFG_DL_PWM_MOTOR_AB_init     
00008d89  SYSCFG_DL_PWM_MOTOR_CD_init     
00009719  SYSCFG_DL_SYSCTL_init           
000099b9  SYSCFG_DL_TIMER_PID_init        
000091c1  SYSCFG_DL_UART_0_init           
000093c9  SYSCFG_DL_UART_1_init           
00009759  SYSCFG_DL_init                  
00009145  SYSCFG_DL_initPower             
00008fbb  SysTick_Handler                 
00008fbb  TIMA0_IRQHandler                
000096d5  TIMA1_IRQHandler                
00008fbb  TIMG0_IRQHandler                
00008fbb  TIMG12_IRQHandler               
00008fbb  TIMG6_IRQHandler                
00008fbb  TIMG7_IRQHandler                
00008fbb  TIMG8_IRQHandler                
000092a1  UART0_IRQHandler                
00008fbb  UART1_IRQHandler                
00008fbb  UART2_IRQHandler                
00008fbb  UART3_IRQHandler                
20208000  __STACK_END                     
00000200  __STACK_SIZE                    
00000000  __TI_ATRegion0_region_sz        
00000000  __TI_ATRegion0_src_addr         
00000000  __TI_ATRegion0_trg_addr         
00000000  __TI_ATRegion1_region_sz        
00000000  __TI_ATRegion1_src_addr         
00000000  __TI_ATRegion1_trg_addr         
00000000  __TI_ATRegion2_region_sz        
00000000  __TI_ATRegion2_src_addr         
00000000  __TI_ATRegion2_trg_addr         
0000a574  __TI_CINIT_Base                 
0000a57c  __TI_CINIT_Limit                
0000a57c  __TI_CINIT_Warm                 
0000a570  __TI_Handler_Table_Base         
0000a574  __TI_Handler_Table_Limit        
00009891  __TI_auto_init_nobinit_nopinit  
ffffffff  __TI_pprof_out_hndl             
ffffffff  __TI_prof_data_size             
ffffffff  __TI_prof_data_start            
00000000  __TI_static_base__              
00009d65  __TI_zero_init                  
00008aef  __addsf3                        
000099f1  __aeabi_f2iz                    
00008aef  __aeabi_fadd                    
00009489  __aeabi_fcmpeq                  
000094bf  __aeabi_fcmpge                  
000094d1  __aeabi_fcmpgt                  
000094ad  __aeabi_fcmple                  
0000949b  __aeabi_fcmplt                  
00008e8f  __aeabi_fcmpun                  
00009041  __aeabi_fdiv                    
00008ea5  __aeabi_fmul                    
00008ae5  __aeabi_fsub                    
000098cd  __aeabi_i2f                     
0000953d  __aeabi_idiv                    
000090c3  __aeabi_idiv0                   
0000953d  __aeabi_idivmod                 
0000963d  __aeabi_l2f                     
0000929f  __aeabi_ldiv0                   
00009d2d  __aeabi_ldivmod                 
00009c89  __aeabi_llsl                    
00009c09  __aeabi_lmul                    
00009cef  __aeabi_memclr                  
00009cef  __aeabi_memclr4                 
00009cef  __aeabi_memclr8                 
00009db1  __aeabi_memcpy                  
00009db1  __aeabi_memcpy4                 
00009db1  __aeabi_memcpy8                 
00009ce1  __aeabi_memset                  
00009ce1  __aeabi_memset4                 
00009ce1  __aeabi_memset8                 
00009b95  __aeabi_ui2f                    
00009799  __aeabi_uidiv                   
00009799  __aeabi_uidivmod                
00009c89  __ashldi3                       
ffffffff  __binit__                       
00008e19  __cmpsf2                        
00009817  __divmoddi4                     
00009041  __divsf3                        
00008e19  __eqsf2                         
000099f1  __fixsfsi                       
0000963d  __floatdisf                     
000098cd  __floatsisf                     
00009b95  __floatunsisf                   
00008e53  __gesf2                         
00008e53  __gtsf2                         
00008e19  __lesf2                         
00008e19  __ltsf2                         
UNDEFED   __mpu_init                      
00009c09  __muldi3                        
00009945  __muldsi3                       
00008ea5  __mulsf3                        
00008e19  __nesf2                         
20207e00  __stack                         
20200000  __start___llvm_prf_bits         
20200000  __start___llvm_prf_cnts         
20200000  __stop___llvm_prf_bits          
20200000  __stop___llvm_prf_cnts          
00008ae5  __subsf3                        
00008bbd  __udivmoddi4                    
00008e8f  __unordsf2                      
00009b6d  _c_int00_noargs                 
UNDEFED   _system_post_cinit              
00009dd7  _system_pre_init                
00009dc5  abort                           
ffffffff  binit                           
20200000  gPWM_MOTOR_CDBackup             
202000bc  gTIMER_PIDBackup                
00000000  interruptVectors                
000000c1  main                            
00008c5f  memcpy                          
00009305  memset                          


GLOBAL SYMBOLS: SORTED BY Symbol Address 

address   name                            
-------   ----                            
00000000  __TI_ATRegion0_region_sz        
00000000  __TI_ATRegion0_src_addr         
00000000  __TI_ATRegion0_trg_addr         
00000000  __TI_ATRegion1_region_sz        
00000000  __TI_ATRegion1_src_addr         
00000000  __TI_ATRegion1_trg_addr         
00000000  __TI_ATRegion2_region_sz        
00000000  __TI_ATRegion2_src_addr         
00000000  __TI_ATRegion2_trg_addr         
00000000  __TI_static_base__              
00000000  interruptVectors                
000000c1  main                            
00000200  __STACK_SIZE                    
00006d89  OLED_Test_initAndShowHelloWorld 
00007285  MotorControl_update             
000075a1  MPU6050_Angle_init              
00007ef5  AngleTurnControl_update         
000082e1  Grayscale_Sensor_ReadAll        
00008455  SYSCFG_DL_GPIO_init             
000085a5  CarControl_setMotion            
000086dd  DL_Timer_initFourCCPWMMode      
000089e9  DL_Timer_initTimerMode          
00008ae5  __aeabi_fsub                    
00008ae5  __subsf3                        
00008aef  __addsf3                        
00008aef  __aeabi_fadd                    
00008bbd  __udivmoddi4                    
00008c5f  memcpy                          
00008cf9  SYSCFG_DL_PWM_MOTOR_AB_init     
00008d89  SYSCFG_DL_PWM_MOTOR_CD_init     
00008e19  __cmpsf2                        
00008e19  __eqsf2                         
00008e19  __lesf2                         
00008e19  __ltsf2                         
00008e19  __nesf2                         
00008e53  __gesf2                         
00008e53  __gtsf2                         
00008e8f  __aeabi_fcmpun                  
00008e8f  __unordsf2                      
00008ea5  __aeabi_fmul                    
00008ea5  __mulsf3                        
00008f31  MotorControl_takeStatus         
00008fbb  ADC0_IRQHandler                 
00008fbb  ADC1_IRQHandler                 
00008fbb  AES_IRQHandler                  
00008fbb  CANFD0_IRQHandler               
00008fbb  DAC0_IRQHandler                 
00008fbb  DMA_IRQHandler                  
00008fbb  Default_Handler                 
00008fbb  GROUP0_IRQHandler               
00008fbb  HardFault_Handler               
00008fbb  I2C0_IRQHandler                 
00008fbb  I2C1_IRQHandler                 
00008fbb  NMI_Handler                     
00008fbb  PendSV_Handler                  
00008fbb  RTC_IRQHandler                  
00008fbb  SPI0_IRQHandler                 
00008fbb  SPI1_IRQHandler                 
00008fbb  SVC_Handler                     
00008fbb  SysTick_Handler                 
00008fbb  TIMA0_IRQHandler                
00008fbb  TIMG0_IRQHandler                
00008fbb  TIMG12_IRQHandler               
00008fbb  TIMG6_IRQHandler                
00008fbb  TIMG7_IRQHandler                
00008fbb  TIMG8_IRQHandler                
00008fbb  UART1_IRQHandler                
00008fbb  UART2_IRQHandler                
00008fbb  UART3_IRQHandler                
00008fbd  AngleTurnControl_start          
00009041  __aeabi_fdiv                    
00009041  __divsf3                        
000090c3  __aeabi_idiv0                   
000090c5  GROUP1_IRQHandler               
00009145  SYSCFG_DL_initPower             
000091c1  SYSCFG_DL_UART_0_init           
0000929f  __aeabi_ldiv0                   
000092a1  UART0_IRQHandler                
00009305  memset                          
00009369  MPU6050_Angle_update            
000093c9  SYSCFG_DL_UART_1_init           
00009429  DL_I2C_fillControllerTXFIFO     
00009489  __aeabi_fcmpeq                  
0000949b  __aeabi_fcmplt                  
000094ad  __aeabi_fcmple                  
000094bf  __aeabi_fcmpge                  
000094d1  __aeabi_fcmpgt                  
000094e5  MotorControl_init               
0000953d  __aeabi_idiv                    
0000953d  __aeabi_idivmod                 
00009595  SYSCFG_DL_I2C_MPU6050_init      
000095e9  SYSCFG_DL_I2C_OLED_init         
0000963d  __aeabi_l2f                     
0000963d  __floatdisf                     
0000968d  DL_UART_init                    
000096d5  TIMA1_IRQHandler                
00009719  SYSCFG_DL_SYSCTL_init           
00009759  SYSCFG_DL_init                  
00009799  __aeabi_uidiv                   
00009799  __aeabi_uidivmod                
000097d9  CarControl_init                 
00009817  __divmoddi4                     
00009855  DL_I2C_flushControllerTXFIFO    
00009891  __TI_auto_init_nobinit_nopinit  
000098cd  __aeabi_i2f                     
000098cd  __floatsisf                     
00009909  MotorControl_coast              
00009945  __muldsi3                       
000099b9  SYSCFG_DL_TIMER_PID_init        
000099f1  __aeabi_f2iz                    
000099f1  __fixsfsi                       
00009a29  MotorControl_handleEncoderEdge  
00009a5b  CarControl_isStopped            
00009a8d  DL_I2C_flushControllerRXFIFO    
00009abd  DL_UART_transmitDataBlocking    
00009aed  AngleTurnControl_init           
00009b19  Grayscale_Sensor_Init           
00009b45  CarControl_stop                 
00009b6d  _c_int00_noargs                 
00009b95  __aeabi_ui2f                    
00009b95  __floatunsisf                   
00009bbd  DL_I2C_setClockConfig           
00009be3  AngleTurnControl_cancel         
00009c09  __aeabi_lmul                    
00009c09  __muldi3                        
00009c2d  CarControl_coast                
00009c4b  CarControl_emergencyStop        
00009c69  MotorControl_setTargetRpm       
00009c89  __aeabi_llsl                    
00009c89  __ashldi3                       
00009ca9  DL_Timer_setCaptCompUpdateMethod
00009cc5  DL_Timer_setClockConfig         
00009ce1  __aeabi_memset                  
00009ce1  __aeabi_memset4                 
00009ce1  __aeabi_memset8                 
00009cef  __aeabi_memclr                  
00009cef  __aeabi_memclr4                 
00009cef  __aeabi_memclr8                 
00009cfd  DL_Timer_setCaptureCompareOutCtl
00009d15  MotorControl_isStopped          
00009d2d  __aeabi_ldivmod                 
00009d41  DL_UART_setClockConfig          
00009d55  DL_Timer_setCaptureCompareValue 
00009d65  __TI_zero_init                  
00009d75  MPU6050_Angle_getDeviceId       
00009d81  MPU6050_Angle_getZDegrees       
00009d8d  MPU6050_Angle_getZRateDps       
00009d99  MPU6050_Angle_reset             
00009da5  DL_Common_delayCycles           
00009db1  __aeabi_memcpy                  
00009db1  __aeabi_memcpy4                 
00009db1  __aeabi_memcpy8                 
00009db9  AngleTurnControl_isActive       
00009dbf  CarControl_getSpeedRpm          
00009dc5  abort                           
00009dcb  CarControl_getTurnInnerPercent  
00009dce  C$$EXIT                         
00009dcf  HOSTexit                        
00009dd3  Reset_Handler                   
00009dd7  _system_pre_init                
0000a570  __TI_Handler_Table_Base         
0000a574  __TI_CINIT_Base                 
0000a574  __TI_Handler_Table_Limit        
0000a57c  __TI_CINIT_Limit                
0000a57c  __TI_CINIT_Warm                 
20200000  __start___llvm_prf_bits         
20200000  __start___llvm_prf_cnts         
20200000  __stop___llvm_prf_bits          
20200000  __stop___llvm_prf_cnts          
20200000  gPWM_MOTOR_CDBackup             
202000bc  gTIMER_PIDBackup                
20207e00  __stack                         
20208000  __STACK_END                     
ffffffff  __TI_pprof_out_hndl             
ffffffff  __TI_prof_data_size             
ffffffff  __TI_prof_data_start            
ffffffff  __binit__                       
ffffffff  binit                           
UNDEFED   __mpu_init                      
UNDEFED   _system_post_cinit              

[180 symbols]
