******************************************************************************
            TI ARM Clang Linker PC v5.1.1                      
******************************************************************************
>> Linked Sun Jul 19 18:13:09 2026

OUTPUT FILE NAME:   <main.out>
ENTRY POINT SYMBOL: "_c_int00_noargs"  address: 00001a75


MEMORY CONFIGURATION

         name            origin    length      used     unused   attr    fill
----------------------  --------  ---------  --------  --------  ----  --------
  FLASH                 00000000   00020000  00001d80  0001e280  R  X
  SRAM                  20200000   00008000  0000051f  00007ae1  RW X
  BCR_CONFIG            41c00000   000000ff  00000000  000000ff  R   
  BSL_CONFIG            41c00100   00000080  00000000  00000080  R   


SEGMENT ALLOCATION MAP

run origin  load origin   length   init length attrs members
----------  ----------- ---------- ----------- ----- -------
00000000    00000000    00001d80   00001d80    r-x
  00000000    00000000    000000c0   000000c0    r-- .intvecs
  000000c0    000000c0    00001b70   00001b70    r-x .text
  00001c30    00001c30    00000138   00000138    r-- .rodata
  00001d68    00001d68    00000018   00000018    r-- .cinit
20200000    20200000    0000031f   00000000    rw-
  20200000    20200000    0000031f   00000000    rw- .bss
20207e00    20207e00    00000200   00000000    rw-
  20207e00    20207e00    00000200   00000000    rw- .stack


SECTION ALLOCATION MAP

 output                                  attributes/
section   page    origin      length       input sections
--------  ----  ----------  ----------   ----------------
.intvecs   0    00000000    000000c0     
                  00000000    000000c0     startup_mspm0g350x_ticlang.o (.intvecs)

.text      0    000000c0    00001b70     
                  000000c0    000005d4     main.o (.text.UART_reportMotorStatus)
                  00000694    000002e4     motor_control.o (.text.MotorControl_update)
                  00000978    000001bc     main.o (.text.UART0_IRQHandler)
                  00000b34    00000134     main.o (.text.main)
                  00000c68    00000104     driverlib.a : dl_timer.o (.text.DL_Timer_initFourCCPWMMode)
                  00000d6c    00000104     ti_msp_dl_config.o (.text.SYSCFG_DL_GPIO_init)
                  00000e70    000000fc     driverlib.a : dl_timer.o (.text.DL_Timer_initTimerMode)
                  00000f6c    000000d8     libclang_rt.builtins.a : addsf3.S.obj (.text)
                  00001044    000000a2                            : udivmoddi4.S.obj (.text)
                  000010e6    0000009a     libc.a : memcpy16.S.obj (.text:memcpy)
                  00001180    00000090     ti_msp_dl_config.o (.text.SYSCFG_DL_PWM_MOTOR_AB_init)
                  00001210    00000090     ti_msp_dl_config.o (.text.SYSCFG_DL_PWM_MOTOR_CD_init)
                  000012a0    0000008c     libclang_rt.builtins.a : comparesf2.S.obj (.text)
                  0000132c    0000008c                            : mulsf3.S.obj (.text)
                  000013b8    0000008a     motor_control.o (.text.MotorControl_takeStatus)
                  00001442    00000002     startup_mspm0g350x_ticlang.o (.text.Default_Handler)
                  00001444    00000082     libclang_rt.builtins.a : divsf3.S.obj (.text)
                  000014c6    00000002                            : aeabi_div0.c.obj (.text.__aeabi_idiv0)
                  000014c8    00000070     ti_msp_dl_config.o (.text.SYSCFG_DL_UART_0_init)
                  00001538    00000070     ti_msp_dl_config.o (.text.SYSCFG_DL_initPower)
                  000015a8    00000064     main.o (.text.GROUP1_IRQHandler)
                  0000160c    00000062     libc.a : memset16.S.obj (.text:memset)
                  0000166e    00000002     libclang_rt.builtins.a : aeabi_div0.c.obj (.text.__aeabi_ldiv0)
                  00001670    00000060     ti_msp_dl_config.o (.text.SYSCFG_DL_UART_1_init)
                  000016d0    0000005a     libclang_rt.builtins.a : aeabi_fcmp.S.obj (.text)
                  0000172a    00000002     --HOLE-- [fill = 0]
                  0000172c    00000058     motor_control.o (.text.MotorControl_init)
                  00001784    00000048     driverlib.a : dl_uart.o (.text.DL_UART_init)
                  000017cc    00000040     ti_msp_dl_config.o (.text.SYSCFG_DL_SYSCTL_init)
                  0000180c    00000040     libclang_rt.builtins.a : aeabi_uidivmod.S.obj (.text)
                  0000184c    0000003e                            : divmoddi4.c.obj (.text.__divmoddi4)
                  0000188a    00000002     --HOLE-- [fill = 0]
                  0000188c    0000003c     ti_msp_dl_config.o (.text.SYSCFG_DL_init)
                  000018c8    0000003c     libc.a : autoinit.c.obj (.text:__TI_auto_init_nobinit_nopinit)
                  00001904    0000003a     libclang_rt.builtins.a : muldsi3.S.obj (.text)
                  0000193e    00000002     --HOLE-- [fill = 0]
                  00001940    00000038     ti_msp_dl_config.o (.text.SYSCFG_DL_TIMER_PID_init)
                  00001978    00000038     libclang_rt.builtins.a : fixsfsi.S.obj (.text)
                  000019b0    00000032     motor_control.o (.text.MotorControl_handleEncoderEdge)
                  000019e2    00000002     --HOLE-- [fill = 0]
                  000019e4    00000030     driverlib.a : dl_uart.o (.text.DL_UART_transmitDataBlocking)
                  00001a14    00000030     ti_msp_dl_config.o (.text.SYSCFG_DL_I2C_0_init)
                  00001a44    00000030     main.o (.text.TIMA1_IRQHandler)
                  00001a74    00000028     libc.a : boot_cortex_m.c.obj (.text:_c_int00_noargs)
                  00001a9c    00000028     libclang_rt.builtins.a : floatunsisf.S.obj (.text)
                  00001ac4    00000026     driverlib.a : dl_i2c.o (.text.DL_I2C_setClockConfig)
                  00001aea    00000002     --HOLE-- [fill = 0]
                  00001aec    00000024     libclang_rt.builtins.a : muldi3.S.obj (.text)
                  00001b10    0000001e                            : ashldi3.S.obj (.text)
                  00001b2e    00000002     --HOLE-- [fill = 0]
                  00001b30    0000001c     driverlib.a : dl_timer.o (.text.DL_Timer_setCaptCompUpdateMethod)
                  00001b4c    0000001c                 : dl_timer.o (.text.DL_Timer_setClockConfig)
                  00001b68    0000001a     libclang_rt.builtins.a : aeabi_memset.S.obj (.text)
                  00001b82    00000002     --HOLE-- [fill = 0]
                  00001b84    00000018     driverlib.a : dl_timer.o (.text.DL_Timer_setCaptureCompareOutCtl)
                  00001b9c    00000018     motor_control.o (.text.MotorControl_setTargetRpm)
                  00001bb4    00000016     libc.a : copy_zero_init.c.obj (.text:decompress:ZI:__TI_zero_init_nomemset)
                  00001bca    00000002     --HOLE-- [fill = 0]
                  00001bcc    00000014     libclang_rt.builtins.a : aeabi_ldivmod.S.obj (.text)
                  00001be0    00000012     driverlib.a : dl_uart.o (.text.DL_UART_setClockConfig)
                  00001bf2    00000002     --HOLE-- [fill = 0]
                  00001bf4    00000010                 : dl_timer.o (.text.DL_Timer_setCaptureCompareValue)
                  00001c04    0000000a                 : dl_common.o (.text.DL_Common_delayCycles)
                  00001c0e    00000002     --HOLE-- [fill = 0]
                  00001c10    00000008     libclang_rt.builtins.a : aeabi_memcpy.S.obj (.text)
                  00001c18    00000006     libc.a : exit.c.obj (.text:abort)
                  00001c1e    00000004     libsysbm.a : hostexit.c.obj (.text.HOSTexit)
                  00001c22    00000004     startup_mspm0g350x_ticlang.o (.text.Reset_Handler)
                  00001c26    00000004     libc.a : pre_init.c.obj (.text._system_pre_init)
                  00001c2a    00000006     --HOLE-- [fill = 0]

.cinit     0    00001d68    00000018     
                  00001d68    00000008     (.cinit..bss.load) [load image, compression = zero_init]
                  00001d70    00000004     (__TI_handler_table)
                  00001d74    00000008     (__TI_cinit_table)
                  00001d7c    00000004     --HOLE-- [fill = 0]

.rodata    0    00001c30    00000138     
                  00001c30    00000050     main.o (.rodata.gMotorAConfig)
                  00001c80    00000050     main.o (.rodata.gMotorBConfig)
                  00001cd0    00000050     main.o (.rodata.gMotorCConfig)
                  00001d20    00000014     ti_msp_dl_config.o (.rodata.gTIMER_PIDTimerConfig)
                  00001d34    0000000a     ti_msp_dl_config.o (.rodata.gUART_0Config)
                  00001d3e    0000000a     ti_msp_dl_config.o (.rodata.gUART_1Config)
                  00001d48    00000008     ti_msp_dl_config.o (.rodata.gPWM_MOTOR_ABConfig)
                  00001d50    00000008     ti_msp_dl_config.o (.rodata.gPWM_MOTOR_CDConfig)
                  00001d58    00000003     ti_msp_dl_config.o (.rodata.gPWM_MOTOR_ABClockConfig)
                  00001d5b    00000003     ti_msp_dl_config.o (.rodata.gPWM_MOTOR_CDClockConfig)
                  00001d5e    00000003     ti_msp_dl_config.o (.rodata.gTIMER_PIDClockConfig)
                  00001d61    00000002     ti_msp_dl_config.o (.rodata.gI2C_0ClockConfig)
                  00001d63    00000002     ti_msp_dl_config.o (.rodata.gUART_0ClockConfig)
                  00001d65    00000002     ti_msp_dl_config.o (.rodata.gUART_1ClockConfig)
                  00001d67    00000001     --HOLE-- [fill = 0]

.init_array 
*          0    00000000    00000000     UNINITIALIZED

.binit     0    00000000    00000000     

.bss       0    20200000    0000031f     UNINITIALIZED
                  20200000    000000bc     (.common:gPWM_MOTOR_CDBackup)
                  202000bc    000000bc     (.common:gTIMER_PIDBackup)
                  20200178    00000078     main.o (.bss.gMotorA)
                  202001f0    00000078     main.o (.bss.gMotorB)
                  20200268    00000078     main.o (.bss.gMotorC)
                  202002e0    00000010     main.o (.bss.main.motorAStatus)
                  202002f0    00000010     main.o (.bss.main.motorBStatus)
                  20200300    00000010     main.o (.bss.main.motorCStatus)
                  20200310    00000006     main.o (.bss.gRxTargets)
                  20200316    00000002     main.o (.bss.gRxValue)
                  20200318    00000001     main.o (.bss.gRxDigitCount)
                  20200319    00000001     main.o (.bss.gRxInvalid)
                  2020031a    00000001     main.o (.bss.gRxMotorIndex)
                  2020031b    00000001     main.o (.bss.gRxNegative)
                  2020031c    00000001     main.o (.bss.main.motorAStatusReady)
                  2020031d    00000001     main.o (.bss.main.motorBStatusReady)
                  2020031e    00000001     main.o (.bss.main.motorCStatusReady)

.stack     0    20207e00    00000200     UNINITIALIZED
                  20207e00    00000004     libc.a : boot_cortex_m.c.obj (.stack)
                  20207e04    000001fc     --HOLE--

__llvm_prf_cnts 
*          0    20200000    00000000     UNINITIALIZED

__llvm_prf_bits 
*          0    20200000    00000000     UNINITIALIZED

MODULE SUMMARY

       Module                         code   ro data   rw data
       ------                         ----   -------   -------
    .\
       main.o                         2392   240       423    
       ti_msp_dl_config.o             1096   71        376    
       motor_control.o                1040   0         0      
       startup_mspm0g350x_ticlang.o   6      192       0      
    +--+------------------------------+------+---------+---------+
       Total:                         4534   503       799    
                                                              
    C:/ti/mspm0_sdk_2_11_00_07/source/ti/driverlib/lib/ticlang/m0p/mspm0g1x0x_g3x0x/driverlib.a
       dl_timer.o                     608    0         0      
       dl_uart.o                      138    0         0      
       dl_i2c.o                       38     0         0      
       dl_common.o                    10     0         0      
    +--+------------------------------+------+---------+---------+
       Total:                         794    0         0      
                                                              
    C:\ti\ccs2100\ccs\tools\compiler\ti-cgt-armllvm_5.1.1.LTS\lib\armv6m-ti-none-eabi/c/libc.a
       memcpy16.S.obj                 154    0         0      
       memset16.S.obj                 98     0         0      
       autoinit.c.obj                 60     0         0      
       boot_cortex_m.c.obj            40     0         0      
       copy_zero_init.c.obj           22     0         0      
       exit.c.obj                     6      0         0      
       pre_init.c.obj                 4      0         0      
    +--+------------------------------+------+---------+---------+
       Total:                         384    0         0      
                                                              
    C:\ti\ccs2100\ccs\tools\compiler\ti-cgt-armllvm_5.1.1.LTS\lib\armv6m-ti-none-eabi/c/libsysbm.a
       hostexit.c.obj                 4      0         0      
    +--+------------------------------+------+---------+---------+
       Total:                         4      0         0      
                                                              
    C:\ti\ccs2100\ccs\tools\compiler\ti-cgt-armllvm_5.1.1.LTS\lib\armv6m-ti-none-eabi/libclang_rt.builtins.a
       addsf3.S.obj                   216    0         0      
       udivmoddi4.S.obj               162    0         0      
       comparesf2.S.obj               140    0         0      
       mulsf3.S.obj                   140    0         0      
       divsf3.S.obj                   130    0         0      
       aeabi_fcmp.S.obj               90     0         0      
       aeabi_uidivmod.S.obj           64     0         0      
       divmoddi4.c.obj                62     0         0      
       muldsi3.S.obj                  58     0         0      
       fixsfsi.S.obj                  56     0         0      
       floatunsisf.S.obj              40     0         0      
       muldi3.S.obj                   36     0         0      
       ashldi3.S.obj                  30     0         0      
       aeabi_memset.S.obj             26     0         0      
       aeabi_ldivmod.S.obj            20     0         0      
       aeabi_memcpy.S.obj             8      0         0      
       aeabi_div0.c.obj               4      0         0      
    +--+------------------------------+------+---------+---------+
       Total:                         1282   0         0      
                                                              
       Stack:                         0      0         512    
       Linker Generated:              0      20        0      
    +--+------------------------------+------+---------+---------+
       Grand Total:                   6998   523       1311   


LINKER GENERATED COPY TABLES

__TI_cinit_table @ 00001d74 records: 1, size/record: 8, table size: 8
	.bss: load addr=00001d68, load size=00000008 bytes, run addr=20200000, run size=0000031f bytes, compression=zero_init


LINKER GENERATED HANDLER TABLE

__TI_handler_table @ 00001d70 records: 1, size/record: 4, table size: 4
	index: 0, handler: __TI_zero_init


GLOBAL SYMBOLS: SORTED ALPHABETICALLY BY Name 

address   name                            
-------   ----                            
00001443  ADC0_IRQHandler                 
00001443  ADC1_IRQHandler                 
00001443  AES_IRQHandler                  
00001c1e  C$$EXIT                         
00001443  CANFD0_IRQHandler               
00001443  DAC0_IRQHandler                 
00001c05  DL_Common_delayCycles           
00001ac5  DL_I2C_setClockConfig           
00000c69  DL_Timer_initFourCCPWMMode      
00000e71  DL_Timer_initTimerMode          
00001b31  DL_Timer_setCaptCompUpdateMethod
00001b85  DL_Timer_setCaptureCompareOutCtl
00001bf5  DL_Timer_setCaptureCompareValue 
00001b4d  DL_Timer_setClockConfig         
00001785  DL_UART_init                    
00001be1  DL_UART_setClockConfig          
000019e5  DL_UART_transmitDataBlocking    
00001443  DMA_IRQHandler                  
00001443  Default_Handler                 
00001443  GROUP0_IRQHandler               
000015a9  GROUP1_IRQHandler               
00001c1f  HOSTexit                        
00001443  HardFault_Handler               
00001443  I2C0_IRQHandler                 
00001443  I2C1_IRQHandler                 
000019b1  MotorControl_handleEncoderEdge  
0000172d  MotorControl_init               
00001b9d  MotorControl_setTargetRpm       
000013b9  MotorControl_takeStatus         
00000695  MotorControl_update             
00001443  NMI_Handler                     
00001443  PendSV_Handler                  
00001443  RTC_IRQHandler                  
00001c23  Reset_Handler                   
00001443  SPI0_IRQHandler                 
00001443  SPI1_IRQHandler                 
00001443  SVC_Handler                     
00000d6d  SYSCFG_DL_GPIO_init             
00001a15  SYSCFG_DL_I2C_0_init            
00001181  SYSCFG_DL_PWM_MOTOR_AB_init     
00001211  SYSCFG_DL_PWM_MOTOR_CD_init     
000017cd  SYSCFG_DL_SYSCTL_init           
00001941  SYSCFG_DL_TIMER_PID_init        
000014c9  SYSCFG_DL_UART_0_init           
00001671  SYSCFG_DL_UART_1_init           
0000188d  SYSCFG_DL_init                  
00001539  SYSCFG_DL_initPower             
00001443  SysTick_Handler                 
00001443  TIMA0_IRQHandler                
00001a45  TIMA1_IRQHandler                
00001443  TIMG0_IRQHandler                
00001443  TIMG12_IRQHandler               
00001443  TIMG6_IRQHandler                
00001443  TIMG7_IRQHandler                
00001443  TIMG8_IRQHandler                
00000979  UART0_IRQHandler                
00001443  UART1_IRQHandler                
00001443  UART2_IRQHandler                
00001443  UART3_IRQHandler                
20208000  __STACK_END                     
00000200  __STACK_SIZE                    
00000000  __TI_ATRegion0_region_sz        
00000000  __TI_ATRegion0_src_addr         
00000000  __TI_ATRegion0_trg_addr         
00000000  __TI_ATRegion1_region_sz        
00000000  __TI_ATRegion1_src_addr         
00000000  __TI_ATRegion1_trg_addr         
00000000  __TI_ATRegion2_region_sz        
00000000  __TI_ATRegion2_src_addr         
00000000  __TI_ATRegion2_trg_addr         
00001d74  __TI_CINIT_Base                 
00001d7c  __TI_CINIT_Limit                
00001d7c  __TI_CINIT_Warm                 
00001d70  __TI_Handler_Table_Base         
00001d74  __TI_Handler_Table_Limit        
000018c9  __TI_auto_init_nobinit_nopinit  
ffffffff  __TI_pprof_out_hndl             
ffffffff  __TI_prof_data_size             
ffffffff  __TI_prof_data_start            
00000000  __TI_static_base__              
00001bb5  __TI_zero_init_nomemset         
00000f77  __addsf3                        
00001979  __aeabi_f2iz                    
00000f77  __aeabi_fadd                    
000016d1  __aeabi_fcmpeq                  
00001707  __aeabi_fcmpge                  
00001719  __aeabi_fcmpgt                  
000016f5  __aeabi_fcmple                  
000016e3  __aeabi_fcmplt                  
00001317  __aeabi_fcmpun                  
00001445  __aeabi_fdiv                    
0000132d  __aeabi_fmul                    
00000f6d  __aeabi_fsub                    
000014c7  __aeabi_idiv0                   
0000166f  __aeabi_ldiv0                   
00001bcd  __aeabi_ldivmod                 
00001b11  __aeabi_llsl                    
00001aed  __aeabi_lmul                    
00001b77  __aeabi_memclr                  
00001b77  __aeabi_memclr4                 
00001b77  __aeabi_memclr8                 
00001c11  __aeabi_memcpy                  
00001c11  __aeabi_memcpy4                 
00001c11  __aeabi_memcpy8                 
00001b69  __aeabi_memset                  
00001b69  __aeabi_memset4                 
00001b69  __aeabi_memset8                 
00001a9d  __aeabi_ui2f                    
0000180d  __aeabi_uidiv                   
0000180d  __aeabi_uidivmod                
00001b11  __ashldi3                       
ffffffff  __binit__                       
000012a1  __cmpsf2                        
0000184d  __divmoddi4                     
00001445  __divsf3                        
000012a1  __eqsf2                         
00001979  __fixsfsi                       
00001a9d  __floatunsisf                   
000012db  __gesf2                         
000012db  __gtsf2                         
000012a1  __lesf2                         
000012a1  __ltsf2                         
UNDEFED   __mpu_init                      
00001aed  __muldi3                        
00001905  __muldsi3                       
0000132d  __mulsf3                        
000012a1  __nesf2                         
20207e00  __stack                         
20200000  __start___llvm_prf_bits         
20200000  __start___llvm_prf_cnts         
20200000  __stop___llvm_prf_bits          
20200000  __stop___llvm_prf_cnts          
00000f6d  __subsf3                        
00001045  __udivmoddi4                    
00001317  __unordsf2                      
00001a75  _c_int00_noargs                 
UNDEFED   _system_post_cinit              
00001c27  _system_pre_init                
00001c19  abort                           
ffffffff  binit                           
20200000  gPWM_MOTOR_CDBackup             
202000bc  gTIMER_PIDBackup                
00000000  interruptVectors                
00000b35  main                            
000010e7  memcpy                          
0000160d  memset                          


GLOBAL SYMBOLS: SORTED BY Symbol Address 

address   name                            
-------   ----                            
00000000  __TI_ATRegion0_region_sz        
00000000  __TI_ATRegion0_src_addr         
00000000  __TI_ATRegion0_trg_addr         
00000000  __TI_ATRegion1_region_sz        
00000000  __TI_ATRegion1_src_addr         
00000000  __TI_ATRegion1_trg_addr         
00000000  __TI_ATRegion2_region_sz        
00000000  __TI_ATRegion2_src_addr         
00000000  __TI_ATRegion2_trg_addr         
00000000  __TI_static_base__              
00000000  interruptVectors                
00000200  __STACK_SIZE                    
00000695  MotorControl_update             
00000979  UART0_IRQHandler                
00000b35  main                            
00000c69  DL_Timer_initFourCCPWMMode      
00000d6d  SYSCFG_DL_GPIO_init             
00000e71  DL_Timer_initTimerMode          
00000f6d  __aeabi_fsub                    
00000f6d  __subsf3                        
00000f77  __addsf3                        
00000f77  __aeabi_fadd                    
00001045  __udivmoddi4                    
000010e7  memcpy                          
00001181  SYSCFG_DL_PWM_MOTOR_AB_init     
00001211  SYSCFG_DL_PWM_MOTOR_CD_init     
000012a1  __cmpsf2                        
000012a1  __eqsf2                         
000012a1  __lesf2                         
000012a1  __ltsf2                         
000012a1  __nesf2                         
000012db  __gesf2                         
000012db  __gtsf2                         
00001317  __aeabi_fcmpun                  
00001317  __unordsf2                      
0000132d  __aeabi_fmul                    
0000132d  __mulsf3                        
000013b9  MotorControl_takeStatus         
00001443  ADC0_IRQHandler                 
00001443  ADC1_IRQHandler                 
00001443  AES_IRQHandler                  
00001443  CANFD0_IRQHandler               
00001443  DAC0_IRQHandler                 
00001443  DMA_IRQHandler                  
00001443  Default_Handler                 
00001443  GROUP0_IRQHandler               
00001443  HardFault_Handler               
00001443  I2C0_IRQHandler                 
00001443  I2C1_IRQHandler                 
00001443  NMI_Handler                     
00001443  PendSV_Handler                  
00001443  RTC_IRQHandler                  
00001443  SPI0_IRQHandler                 
00001443  SPI1_IRQHandler                 
00001443  SVC_Handler                     
00001443  SysTick_Handler                 
00001443  TIMA0_IRQHandler                
00001443  TIMG0_IRQHandler                
00001443  TIMG12_IRQHandler               
00001443  TIMG6_IRQHandler                
00001443  TIMG7_IRQHandler                
00001443  TIMG8_IRQHandler                
00001443  UART1_IRQHandler                
00001443  UART2_IRQHandler                
00001443  UART3_IRQHandler                
00001445  __aeabi_fdiv                    
00001445  __divsf3                        
000014c7  __aeabi_idiv0                   
000014c9  SYSCFG_DL_UART_0_init           
00001539  SYSCFG_DL_initPower             
000015a9  GROUP1_IRQHandler               
0000160d  memset                          
0000166f  __aeabi_ldiv0                   
00001671  SYSCFG_DL_UART_1_init           
000016d1  __aeabi_fcmpeq                  
000016e3  __aeabi_fcmplt                  
000016f5  __aeabi_fcmple                  
00001707  __aeabi_fcmpge                  
00001719  __aeabi_fcmpgt                  
0000172d  MotorControl_init               
00001785  DL_UART_init                    
000017cd  SYSCFG_DL_SYSCTL_init           
0000180d  __aeabi_uidiv                   
0000180d  __aeabi_uidivmod                
0000184d  __divmoddi4                     
0000188d  SYSCFG_DL_init                  
000018c9  __TI_auto_init_nobinit_nopinit  
00001905  __muldsi3                       
00001941  SYSCFG_DL_TIMER_PID_init        
00001979  __aeabi_f2iz                    
00001979  __fixsfsi                       
000019b1  MotorControl_handleEncoderEdge  
000019e5  DL_UART_transmitDataBlocking    
00001a15  SYSCFG_DL_I2C_0_init            
00001a45  TIMA1_IRQHandler                
00001a75  _c_int00_noargs                 
00001a9d  __aeabi_ui2f                    
00001a9d  __floatunsisf                   
00001ac5  DL_I2C_setClockConfig           
00001aed  __aeabi_lmul                    
00001aed  __muldi3                        
00001b11  __aeabi_llsl                    
00001b11  __ashldi3                       
00001b31  DL_Timer_setCaptCompUpdateMethod
00001b4d  DL_Timer_setClockConfig         
00001b69  __aeabi_memset                  
00001b69  __aeabi_memset4                 
00001b69  __aeabi_memset8                 
00001b77  __aeabi_memclr                  
00001b77  __aeabi_memclr4                 
00001b77  __aeabi_memclr8                 
00001b85  DL_Timer_setCaptureCompareOutCtl
00001b9d  MotorControl_setTargetRpm       
00001bb5  __TI_zero_init_nomemset         
00001bcd  __aeabi_ldivmod                 
00001be1  DL_UART_setClockConfig          
00001bf5  DL_Timer_setCaptureCompareValue 
00001c05  DL_Common_delayCycles           
00001c11  __aeabi_memcpy                  
00001c11  __aeabi_memcpy4                 
00001c11  __aeabi_memcpy8                 
00001c19  abort                           
00001c1e  C$$EXIT                         
00001c1f  HOSTexit                        
00001c23  Reset_Handler                   
00001c27  _system_pre_init                
00001d70  __TI_Handler_Table_Base         
00001d74  __TI_CINIT_Base                 
00001d74  __TI_Handler_Table_Limit        
00001d7c  __TI_CINIT_Limit                
00001d7c  __TI_CINIT_Warm                 
20200000  __start___llvm_prf_bits         
20200000  __start___llvm_prf_cnts         
20200000  __stop___llvm_prf_bits          
20200000  __stop___llvm_prf_cnts          
20200000  gPWM_MOTOR_CDBackup             
202000bc  gTIMER_PIDBackup                
20207e00  __stack                         
20208000  __STACK_END                     
ffffffff  __TI_pprof_out_hndl             
ffffffff  __TI_prof_data_size             
ffffffff  __TI_prof_data_start            
ffffffff  __binit__                       
ffffffff  binit                           
UNDEFED   __mpu_init                      
UNDEFED   _system_post_cinit              

[146 symbols]
