******************************************************************************
            TI ARM Clang Linker PC v5.1.1                      
******************************************************************************
>> Linked Sun Jul 19 10:56:12 2026

OUTPUT FILE NAME:   <main.out>
ENTRY POINT SYMBOL: "_c_int00_noargs"  address: 00000b75


MEMORY CONFIGURATION

         name            origin    length      used     unused   attr    fill
----------------------  --------  ---------  --------  --------  ----  --------
  FLASH                 00000000   00020000  00000c90  0001f370  R  X
  SRAM                  20200000   00008000  000002d2  00007d2e  RW X
  BCR_CONFIG            41c00000   000000ff  00000000  000000ff  R   
  BSL_CONFIG            41c00100   00000080  00000000  00000080  R   


SEGMENT ALLOCATION MAP

run origin  load origin   length   init length attrs members
----------  ----------- ---------- ----------- ----- -------
00000000    00000000    00000c90   00000c90    r-x
  00000000    00000000    000000c0   000000c0    r-- .intvecs
  000000c0    000000c0    00000b88   00000b88    r-x .text
  00000c48    00000c48    00000030   00000030    r-- .rodata
  00000c78    00000c78    00000018   00000018    r-- .cinit
20200000    20200000    000000d2   00000000    rw-
  20200000    20200000    000000d2   00000000    rw- .bss
20207e00    20207e00    00000200   00000000    rw-
  20207e00    20207e00    00000200   00000000    rw- .stack


SECTION ALLOCATION MAP

 output                                  attributes/
section   page    origin      length       input sections
--------  ----  ----------  ----------   ----------------
.intvecs   0    00000000    000000c0     
                  00000000    000000c0     startup_mspm0g350x_ticlang.o (.intvecs)

.text      0    000000c0    00000b88     
                  000000c0    000003a4     main.o (.text.main)
                  00000464    00000104     driverlib.a : dl_timer.o (.text.DL_Timer_initFourCCPWMMode)
                  00000568    000000fc                 : dl_timer.o (.text.DL_Timer_initTimerMode)
                  00000664    000000c4     main.o (.text.UART0_IRQHandler)
                  00000728    00000090     ti_msp_dl_config.o (.text.SYSCFG_DL_PWM_MOTOR_A_init)
                  000007b8    00000074     ti_msp_dl_config.o (.text.SYSCFG_DL_GPIO_init)
                  0000082c    00000070     ti_msp_dl_config.o (.text.SYSCFG_DL_UART_0_init)
                  0000089c    0000005c     main.o (.text.TIMA0_IRQHandler)
                  000008f8    00000056     libclang_rt.builtins.a : aeabi_idivmod.S.obj (.text)
                  0000094e    00000002     startup_mspm0g350x_ticlang.o (.text.Default_Handler)
                  00000950    00000048     driverlib.a : dl_uart.o (.text.DL_UART_init)
                  00000998    00000048     main.o (.text.GROUP1_IRQHandler)
                  000009e0    00000048     ti_msp_dl_config.o (.text.SYSCFG_DL_initPower)
                  00000a28    00000040     ti_msp_dl_config.o (.text.SYSCFG_DL_SYSCTL_init)
                  00000a68    00000040     libclang_rt.builtins.a : aeabi_uidivmod.S.obj (.text)
                  00000aa8    0000003c     libc.a : autoinit.c.obj (.text:__TI_auto_init_nobinit_nopinit)
                  00000ae4    00000038     ti_msp_dl_config.o (.text.SYSCFG_DL_TIMER_PID_init)
                  00000b1c    00000030     driverlib.a : dl_uart.o (.text.DL_UART_transmitDataBlocking)
                  00000b4c    00000028     ti_msp_dl_config.o (.text.SYSCFG_DL_init)
                  00000b74    00000028     libc.a : boot_cortex_m.c.obj (.text:_c_int00_noargs)
                  00000b9c    0000001c     driverlib.a : dl_timer.o (.text.DL_Timer_setCaptCompUpdateMethod)
                  00000bb8    0000001c                 : dl_timer.o (.text.DL_Timer_setClockConfig)
                  00000bd4    00000018                 : dl_timer.o (.text.DL_Timer_setCaptureCompareOutCtl)
                  00000bec    00000016     libc.a : copy_zero_init.c.obj (.text:decompress:ZI:__TI_zero_init_nomemset)
                  00000c02    00000012     driverlib.a : dl_uart.o (.text.DL_UART_setClockConfig)
                  00000c14    00000010                 : dl_timer.o (.text.DL_Timer_setCaptureCompareValue)
                  00000c24    0000000a                 : dl_common.o (.text.DL_Common_delayCycles)
                  00000c2e    00000006     libc.a : exit.c.obj (.text:abort)
                  00000c34    00000004     libsysbm.a : hostexit.c.obj (.text.HOSTexit)
                  00000c38    00000004     startup_mspm0g350x_ticlang.o (.text.Reset_Handler)
                  00000c3c    00000004     libc.a : pre_init.c.obj (.text._system_pre_init)
                  00000c40    00000002     libclang_rt.builtins.a : aeabi_div0.c.obj (.text.__aeabi_idiv0)
                  00000c42    00000006     --HOLE-- [fill = 0]

.cinit     0    00000c78    00000018     
                  00000c78    00000008     (.cinit..bss.load) [load image, compression = zero_init]
                  00000c80    00000004     (__TI_handler_table)
                  00000c84    00000008     (__TI_cinit_table)
                  00000c8c    00000004     --HOLE-- [fill = 0]

.rodata    0    00000c48    00000030     
                  00000c48    00000014     ti_msp_dl_config.o (.rodata.gTIMER_PIDTimerConfig)
                  00000c5c    0000000a     ti_msp_dl_config.o (.rodata.gUART_0Config)
                  00000c66    00000002     ti_msp_dl_config.o (.rodata.gUART_0ClockConfig)
                  00000c68    00000008     ti_msp_dl_config.o (.rodata.gPWM_MOTOR_AConfig)
                  00000c70    00000003     ti_msp_dl_config.o (.rodata.gPWM_MOTOR_AClockConfig)
                  00000c73    00000003     ti_msp_dl_config.o (.rodata.gTIMER_PIDClockConfig)
                  00000c76    00000002     --HOLE-- [fill = 0]

.init_array 
*          0    00000000    00000000     UNINITIALIZED

.binit     0    00000000    00000000     

.bss       0    20200000    000000d2     UNINITIALIZED
                  20200000    000000bc     (.common:gTIMER_PIDBackup)
                  202000bc    00000004     main.o (.bss.gEncoderCount)
                  202000c0    00000004     main.o (.bss.gSpeedCountsPer100ms)
                  202000c4    00000004     main.o (.bss.gSpeedCountsPer10ms)
                  202000c8    00000004     main.o (.bss.gSpeedReportCountAccumulator)
                  202000cc    00000002     main.o (.bss.gRxValue)
                  202000ce    00000001     main.o (.bss.gRxDigitCount)
                  202000cf    00000001     main.o (.bss.gRxInvalid)
                  202000d0    00000001     main.o (.bss.gSpeedReportDivider)
                  202000d1    00000001     main.o (.bss.gSpeedReportReady)

.stack     0    20207e00    00000200     UNINITIALIZED
                  20207e00    00000004     libc.a : boot_cortex_m.c.obj (.stack)
                  20207e04    000001fc     --HOLE--

__llvm_prf_cnts 
*          0    20200000    00000000     UNINITIALIZED

__llvm_prf_bits 
*          0    20200000    00000000     UNINITIALIZED

MODULE SUMMARY

       Module                         code   ro data   rw data
       ------                         ----   -------   -------
    .\
       main.o                         1292   0         22     
       ti_msp_dl_config.o             604    46        188    
       startup_mspm0g350x_ticlang.o   6      192       0      
    +--+------------------------------+------+---------+---------+
       Total:                         1902   238       210    
                                                              
    C:/ti/mspm0_sdk_2_11_00_07/source/ti/driverlib/lib/ticlang/m0p/mspm0g1x0x_g3x0x/driverlib.a
       dl_timer.o                     608    0         0      
       dl_uart.o                      138    0         0      
       dl_common.o                    10     0         0      
    +--+------------------------------+------+---------+---------+
       Total:                         756    0         0      
                                                              
    C:\ti\ccs2100\ccs\tools\compiler\ti-cgt-armllvm_5.1.1.LTS\lib\armv6m-ti-none-eabi/c/libc.a
       autoinit.c.obj                 60     0         0      
       boot_cortex_m.c.obj            40     0         0      
       copy_zero_init.c.obj           22     0         0      
       exit.c.obj                     6      0         0      
       pre_init.c.obj                 4      0         0      
    +--+------------------------------+------+---------+---------+
       Total:                         132    0         0      
                                                              
    C:\ti\ccs2100\ccs\tools\compiler\ti-cgt-armllvm_5.1.1.LTS\lib\armv6m-ti-none-eabi/c/libsysbm.a
       hostexit.c.obj                 4      0         0      
    +--+------------------------------+------+---------+---------+
       Total:                         4      0         0      
                                                              
    C:\ti\ccs2100\ccs\tools\compiler\ti-cgt-armllvm_5.1.1.LTS\lib\armv6m-ti-none-eabi/libclang_rt.builtins.a
       aeabi_idivmod.S.obj            86     0         0      
       aeabi_uidivmod.S.obj           64     0         0      
       aeabi_div0.c.obj               2      0         0      
    +--+------------------------------+------+---------+---------+
       Total:                         152    0         0      
                                                              
       Stack:                         0      0         512    
       Linker Generated:              0      20        0      
    +--+------------------------------+------+---------+---------+
       Grand Total:                   2946   258       722    


LINKER GENERATED COPY TABLES

__TI_cinit_table @ 00000c84 records: 1, size/record: 8, table size: 8
	.bss: load addr=00000c78, load size=00000008 bytes, run addr=20200000, run size=000000d2 bytes, compression=zero_init


LINKER GENERATED HANDLER TABLE

__TI_handler_table @ 00000c80 records: 1, size/record: 4, table size: 4
	index: 0, handler: __TI_zero_init


GLOBAL SYMBOLS: SORTED ALPHABETICALLY BY Name 

address   name                            
-------   ----                            
0000094f  ADC0_IRQHandler                 
0000094f  ADC1_IRQHandler                 
0000094f  AES_IRQHandler                  
00000c34  C$$EXIT                         
0000094f  CANFD0_IRQHandler               
0000094f  DAC0_IRQHandler                 
00000c25  DL_Common_delayCycles           
00000465  DL_Timer_initFourCCPWMMode      
00000569  DL_Timer_initTimerMode          
00000b9d  DL_Timer_setCaptCompUpdateMethod
00000bd5  DL_Timer_setCaptureCompareOutCtl
00000c15  DL_Timer_setCaptureCompareValue 
00000bb9  DL_Timer_setClockConfig         
00000951  DL_UART_init                    
00000c03  DL_UART_setClockConfig          
00000b1d  DL_UART_transmitDataBlocking    
0000094f  DMA_IRQHandler                  
0000094f  Default_Handler                 
0000094f  GROUP0_IRQHandler               
00000999  GROUP1_IRQHandler               
00000c35  HOSTexit                        
0000094f  HardFault_Handler               
0000094f  I2C0_IRQHandler                 
0000094f  I2C1_IRQHandler                 
0000094f  NMI_Handler                     
0000094f  PendSV_Handler                  
0000094f  RTC_IRQHandler                  
00000c39  Reset_Handler                   
0000094f  SPI0_IRQHandler                 
0000094f  SPI1_IRQHandler                 
0000094f  SVC_Handler                     
000007b9  SYSCFG_DL_GPIO_init             
00000729  SYSCFG_DL_PWM_MOTOR_A_init      
00000a29  SYSCFG_DL_SYSCTL_init           
00000ae5  SYSCFG_DL_TIMER_PID_init        
0000082d  SYSCFG_DL_UART_0_init           
00000b4d  SYSCFG_DL_init                  
000009e1  SYSCFG_DL_initPower             
0000094f  SysTick_Handler                 
0000089d  TIMA0_IRQHandler                
0000094f  TIMA1_IRQHandler                
0000094f  TIMG0_IRQHandler                
0000094f  TIMG12_IRQHandler               
0000094f  TIMG6_IRQHandler                
0000094f  TIMG7_IRQHandler                
0000094f  TIMG8_IRQHandler                
00000665  UART0_IRQHandler                
0000094f  UART1_IRQHandler                
0000094f  UART2_IRQHandler                
0000094f  UART3_IRQHandler                
20208000  __STACK_END                     
00000200  __STACK_SIZE                    
00000000  __TI_ATRegion0_region_sz        
00000000  __TI_ATRegion0_src_addr         
00000000  __TI_ATRegion0_trg_addr         
00000000  __TI_ATRegion1_region_sz        
00000000  __TI_ATRegion1_src_addr         
00000000  __TI_ATRegion1_trg_addr         
00000000  __TI_ATRegion2_region_sz        
00000000  __TI_ATRegion2_src_addr         
00000000  __TI_ATRegion2_trg_addr         
00000c84  __TI_CINIT_Base                 
00000c8c  __TI_CINIT_Limit                
00000c8c  __TI_CINIT_Warm                 
00000c80  __TI_Handler_Table_Base         
00000c84  __TI_Handler_Table_Limit        
00000aa9  __TI_auto_init_nobinit_nopinit  
ffffffff  __TI_pprof_out_hndl             
ffffffff  __TI_prof_data_size             
ffffffff  __TI_prof_data_start            
00000000  __TI_static_base__              
00000bed  __TI_zero_init_nomemset         
000008f9  __aeabi_idiv                    
00000c41  __aeabi_idiv0                   
000008f9  __aeabi_idivmod                 
00000a69  __aeabi_uidiv                   
00000a69  __aeabi_uidivmod                
ffffffff  __binit__                       
UNDEFED   __mpu_init                      
20207e00  __stack                         
20200000  __start___llvm_prf_bits         
20200000  __start___llvm_prf_cnts         
20200000  __stop___llvm_prf_bits          
20200000  __stop___llvm_prf_cnts          
00000b75  _c_int00_noargs                 
UNDEFED   _system_post_cinit              
00000c3d  _system_pre_init                
00000c2f  abort                           
ffffffff  binit                           
20200000  gTIMER_PIDBackup                
00000000  interruptVectors                
000000c1  main                            


GLOBAL SYMBOLS: SORTED BY Symbol Address 

address   name                            
-------   ----                            
00000000  __TI_ATRegion0_region_sz        
00000000  __TI_ATRegion0_src_addr         
00000000  __TI_ATRegion0_trg_addr         
00000000  __TI_ATRegion1_region_sz        
00000000  __TI_ATRegion1_src_addr         
00000000  __TI_ATRegion1_trg_addr         
00000000  __TI_ATRegion2_region_sz        
00000000  __TI_ATRegion2_src_addr         
00000000  __TI_ATRegion2_trg_addr         
00000000  __TI_static_base__              
00000000  interruptVectors                
000000c1  main                            
00000200  __STACK_SIZE                    
00000465  DL_Timer_initFourCCPWMMode      
00000569  DL_Timer_initTimerMode          
00000665  UART0_IRQHandler                
00000729  SYSCFG_DL_PWM_MOTOR_A_init      
000007b9  SYSCFG_DL_GPIO_init             
0000082d  SYSCFG_DL_UART_0_init           
0000089d  TIMA0_IRQHandler                
000008f9  __aeabi_idiv                    
000008f9  __aeabi_idivmod                 
0000094f  ADC0_IRQHandler                 
0000094f  ADC1_IRQHandler                 
0000094f  AES_IRQHandler                  
0000094f  CANFD0_IRQHandler               
0000094f  DAC0_IRQHandler                 
0000094f  DMA_IRQHandler                  
0000094f  Default_Handler                 
0000094f  GROUP0_IRQHandler               
0000094f  HardFault_Handler               
0000094f  I2C0_IRQHandler                 
0000094f  I2C1_IRQHandler                 
0000094f  NMI_Handler                     
0000094f  PendSV_Handler                  
0000094f  RTC_IRQHandler                  
0000094f  SPI0_IRQHandler                 
0000094f  SPI1_IRQHandler                 
0000094f  SVC_Handler                     
0000094f  SysTick_Handler                 
0000094f  TIMA1_IRQHandler                
0000094f  TIMG0_IRQHandler                
0000094f  TIMG12_IRQHandler               
0000094f  TIMG6_IRQHandler                
0000094f  TIMG7_IRQHandler                
0000094f  TIMG8_IRQHandler                
0000094f  UART1_IRQHandler                
0000094f  UART2_IRQHandler                
0000094f  UART3_IRQHandler                
00000951  DL_UART_init                    
00000999  GROUP1_IRQHandler               
000009e1  SYSCFG_DL_initPower             
00000a29  SYSCFG_DL_SYSCTL_init           
00000a69  __aeabi_uidiv                   
00000a69  __aeabi_uidivmod                
00000aa9  __TI_auto_init_nobinit_nopinit  
00000ae5  SYSCFG_DL_TIMER_PID_init        
00000b1d  DL_UART_transmitDataBlocking    
00000b4d  SYSCFG_DL_init                  
00000b75  _c_int00_noargs                 
00000b9d  DL_Timer_setCaptCompUpdateMethod
00000bb9  DL_Timer_setClockConfig         
00000bd5  DL_Timer_setCaptureCompareOutCtl
00000bed  __TI_zero_init_nomemset         
00000c03  DL_UART_setClockConfig          
00000c15  DL_Timer_setCaptureCompareValue 
00000c25  DL_Common_delayCycles           
00000c2f  abort                           
00000c34  C$$EXIT                         
00000c35  HOSTexit                        
00000c39  Reset_Handler                   
00000c3d  _system_pre_init                
00000c41  __aeabi_idiv0                   
00000c80  __TI_Handler_Table_Base         
00000c84  __TI_CINIT_Base                 
00000c84  __TI_Handler_Table_Limit        
00000c8c  __TI_CINIT_Limit                
00000c8c  __TI_CINIT_Warm                 
20200000  __start___llvm_prf_bits         
20200000  __start___llvm_prf_cnts         
20200000  __stop___llvm_prf_bits          
20200000  __stop___llvm_prf_cnts          
20200000  gTIMER_PIDBackup                
20207e00  __stack                         
20208000  __STACK_END                     
ffffffff  __TI_pprof_out_hndl             
ffffffff  __TI_prof_data_size             
ffffffff  __TI_prof_data_start            
ffffffff  __binit__                       
ffffffff  binit                           
UNDEFED   __mpu_init                      
UNDEFED   _system_post_cinit              

[92 symbols]
