******************************************************************************
            TI ARM Clang Linker PC v5.1.1                      
******************************************************************************
>> Linked Mon Jul 20 15:39:21 2026

OUTPUT FILE NAME:   <main.out>
ENTRY POINT SYMBOL: "_c_int00_noargs"  address: 000048bd


MEMORY CONFIGURATION

         name            origin    length      used     unused   attr    fill
----------------------  --------  ---------  --------  --------  ----  --------
  FLASH                 00000000   00020000  00004df8  0001b208  R  X
  SRAM                  20200000   00008000  00000625  000079db  RW X
  BCR_CONFIG            41c00000   000000ff  00000000  000000ff  R   
  BSL_CONFIG            41c00100   00000080  00000000  00000080  R   


SEGMENT ALLOCATION MAP

run origin  load origin   length   init length attrs members
----------  ----------- ---------- ----------- ----- -------
00000000    00000000    00004df8   00004df8    r-x
  00000000    00000000    000000c0   000000c0    r-- .intvecs
  000000c0    000000c0    00004a38   00004a38    r-x .text
  00004af8    00004af8    000002e8   000002e8    r-- .rodata
  00004de0    00004de0    00000018   00000018    r-- .cinit
20200000    20200000    00000425   00000000    rw-
  20200000    20200000    00000425   00000000    rw- .bss
20207e00    20207e00    00000200   00000000    rw-
  20207e00    20207e00    00000200   00000000    rw- .stack


SECTION ALLOCATION MAP

 output                                  attributes/
section   page    origin      length       input sections
--------  ----  ----------  ----------   ----------------
.intvecs   0    00000000    000000c0     
                  00000000    000000c0     startup_mspm0g350x_ticlang.o (.intvecs)

.text      0    000000c0    00004a38     
                  000000c0    00001cdc     main.o (.text.main)
                  00001d9c    000005d4     main.o (.text.UART_reportMotorStatus)
                  00002370    000002f8     motor_control.o (.text.MotorControl_update)
                  00002668    000002b4     mpu6050_angle.o (.text.MPU6050_Angle_init)
                  0000291c    00000244     main.o (.text.UART_reportGrayscale)
                  00002b60    00000238     main.o (.text.UART_reportZAngle)
                  00002d98    00000218     angle_turn_control.o (.text.AngleTurnControl_update)
                  00002fb0    000001d4     mpu6050_angle.o (.text.MPU6050_readRegisters)
                  00003184    00000174     grayscale_sensor.o (.text.Grayscale_Sensor_ReadAll)
                  000032f8    00000154     ti_msp_dl_config.o (.text.SYSCFG_DL_GPIO_init)
                  0000344c    00000138     car_control.o (.text.CarControl_setMotion)
                  00003584    00000104     driverlib.a : dl_timer.o (.text.DL_Timer_initFourCCPWMMode)
                  00003688    00000104     mpu6050_angle.o (.text.MPU6050_writeRegister)
                  0000378c    000000fc     driverlib.a : dl_timer.o (.text.DL_Timer_initTimerMode)
                  00003888    000000d8     libclang_rt.builtins.a : addsf3.S.obj (.text)
                  00003960    000000a2                            : udivmoddi4.S.obj (.text)
                  00003a02    0000009a     libc.a : memcpy16.S.obj (.text:memcpy)
                  00003a9c    00000090     ti_msp_dl_config.o (.text.SYSCFG_DL_PWM_MOTOR_AB_init)
                  00003b2c    00000090     ti_msp_dl_config.o (.text.SYSCFG_DL_PWM_MOTOR_CD_init)
                  00003bbc    0000008c     libclang_rt.builtins.a : comparesf2.S.obj (.text)
                  00003c48    0000008c                            : mulsf3.S.obj (.text)
                  00003cd4    0000008a     motor_control.o (.text.MotorControl_takeStatus)
                  00003d5e    00000002     startup_mspm0g350x_ticlang.o (.text.Default_Handler)
                  00003d60    00000084     angle_turn_control.o (.text.AngleTurnControl_start)
                  00003de4    00000082     libclang_rt.builtins.a : divsf3.S.obj (.text)
                  00003e66    00000002                            : aeabi_div0.c.obj (.text.__aeabi_idiv0)
                  00003e68    00000080     main.o (.text.GROUP1_IRQHandler)
                  00003ee8    0000007c     ti_msp_dl_config.o (.text.SYSCFG_DL_initPower)
                  00003f64    00000070     ti_msp_dl_config.o (.text.SYSCFG_DL_UART_0_init)
                  00003fd4    0000006e     angle_turn_control.o (.text.AngleTurnControl_getCoastDistanceDegrees)
                  00004042    00000002     libclang_rt.builtins.a : aeabi_div0.c.obj (.text.__aeabi_ldiv0)
                  00004044    00000064     main.o (.text.UART0_IRQHandler)
                  000040a8    00000062     libc.a : memset16.S.obj (.text:memset)
                  0000410a    00000002     --HOLE-- [fill = 0]
                  0000410c    00000060     mpu6050_angle.o (.text.MPU6050_Angle_update)
                  0000416c    00000060     ti_msp_dl_config.o (.text.SYSCFG_DL_UART_1_init)
                  000041cc    0000005e     driverlib.a : dl_i2c.o (.text.DL_I2C_fillControllerTXFIFO)
                  0000422a    00000002     --HOLE-- [fill = 0]
                  0000422c    0000005a     libclang_rt.builtins.a : aeabi_fcmp.S.obj (.text)
                  00004286    00000002     --HOLE-- [fill = 0]
                  00004288    00000058     motor_control.o (.text.MotorControl_init)
                  000042e0    00000056     libclang_rt.builtins.a : aeabi_idivmod.S.obj (.text)
                  00004336    00000002     --HOLE-- [fill = 0]
                  00004338    00000054     ti_msp_dl_config.o (.text.SYSCFG_DL_I2C_MPU6050_init)
                  0000438c    0000004e     libclang_rt.builtins.a : floatdisf.S.obj (.text)
                  000043da    00000002     --HOLE-- [fill = 0]
                  000043dc    00000048     driverlib.a : dl_uart.o (.text.DL_UART_init)
                  00004424    00000044     main.o (.text.TIMA1_IRQHandler)
                  00004468    00000040     ti_msp_dl_config.o (.text.SYSCFG_DL_SYSCTL_init)
                  000044a8    00000040     ti_msp_dl_config.o (.text.SYSCFG_DL_init)
                  000044e8    00000040     libclang_rt.builtins.a : aeabi_uidivmod.S.obj (.text)
                  00004528    0000003e     car_control.o (.text.CarControl_init)
                  00004566    0000003e     libclang_rt.builtins.a : divmoddi4.c.obj (.text.__divmoddi4)
                  000045a4    0000003c     driverlib.a : dl_i2c.o (.text.DL_I2C_flushControllerTXFIFO)
                  000045e0    0000003c     libc.a : autoinit.c.obj (.text:__TI_auto_init_nobinit_nopinit)
                  0000461c    0000003c     libclang_rt.builtins.a : floatsisf.S.obj (.text)
                  00004658    0000003a     motor_control.o (.text.MotorControl_coast)
                  00004692    00000002     --HOLE-- [fill = 0]
                  00004694    0000003a     libclang_rt.builtins.a : muldsi3.S.obj (.text)
                  000046ce    00000038     angle_turn_control.o (.text.AngleTurnControl_enterCreep)
                  00004706    00000002     --HOLE-- [fill = 0]
                  00004708    00000038     ti_msp_dl_config.o (.text.SYSCFG_DL_TIMER_PID_init)
                  00004740    00000038     libclang_rt.builtins.a : fixsfsi.S.obj (.text)
                  00004778    00000032     motor_control.o (.text.MotorControl_handleEncoderEdge)
                  000047aa    00000002     --HOLE-- [fill = 0]
                  000047ac    00000030     driverlib.a : dl_i2c.o (.text.DL_I2C_flushControllerRXFIFO)
                  000047dc    00000030                 : dl_uart.o (.text.DL_UART_transmitDataBlocking)
                  0000480c    00000030     ti_msp_dl_config.o (.text.SYSCFG_DL_I2C_OLED_init)
                  0000483c    0000002c     angle_turn_control.o (.text.AngleTurnControl_init)
                  00004868    0000002c     grayscale_sensor.o (.text.Grayscale_Sensor_Init)
                  00004894    00000028     car_control.o (.text.CarControl_stop)
                  000048bc    00000028     libc.a : boot_cortex_m.c.obj (.text:_c_int00_noargs)
                  000048e4    00000028     libclang_rt.builtins.a : floatunsisf.S.obj (.text)
                  0000490c    00000026     driverlib.a : dl_i2c.o (.text.DL_I2C_setClockConfig)
                  00004932    00000024     angle_turn_control.o (.text.AngleTurnControl_cancel)
                  00004956    00000002     --HOLE-- [fill = 0]
                  00004958    00000024     libclang_rt.builtins.a : muldi3.S.obj (.text)
                  0000497c    0000001e     car_control.o (.text.CarControl_coast)
                  0000499a    0000001e     motor_control.o (.text.MotorControl_setTargetRpm)
                  000049b8    0000001e     libclang_rt.builtins.a : ashldi3.S.obj (.text)
                  000049d6    00000002     --HOLE-- [fill = 0]
                  000049d8    0000001c     driverlib.a : dl_timer.o (.text.DL_Timer_setCaptCompUpdateMethod)
                  000049f4    0000001c                 : dl_timer.o (.text.DL_Timer_setClockConfig)
                  00004a10    0000001a     libclang_rt.builtins.a : aeabi_memset.S.obj (.text)
                  00004a2a    00000002     --HOLE-- [fill = 0]
                  00004a2c    00000018     driverlib.a : dl_timer.o (.text.DL_Timer_setCaptureCompareOutCtl)
                  00004a44    00000014     libclang_rt.builtins.a : aeabi_ldivmod.S.obj (.text)
                  00004a58    00000012     driverlib.a : dl_uart.o (.text.DL_UART_setClockConfig)
                  00004a6a    00000002     --HOLE-- [fill = 0]
                  00004a6c    00000010                 : dl_timer.o (.text.DL_Timer_setCaptureCompareValue)
                  00004a7c    00000010     libc.a : copy_zero_init.c.obj (.text:decompress:ZI)
                  00004a8c    0000000c     mpu6050_angle.o (.text.MPU6050_Angle_getDeviceId)
                  00004a98    0000000c     mpu6050_angle.o (.text.MPU6050_Angle_getZDegrees)
                  00004aa4    0000000c     mpu6050_angle.o (.text.MPU6050_Angle_getZRateDps)
                  00004ab0    0000000c     mpu6050_angle.o (.text.MPU6050_Angle_reset)
                  00004abc    0000000a     driverlib.a : dl_common.o (.text.DL_Common_delayCycles)
                  00004ac6    00000002     --HOLE-- [fill = 0]
                  00004ac8    00000008     libclang_rt.builtins.a : aeabi_memcpy.S.obj (.text)
                  00004ad0    00000006     angle_turn_control.o (.text.AngleTurnControl_isActive)
                  00004ad6    00000006     car_control.o (.text.CarControl_getSpeedRpm)
                  00004adc    00000006     libc.a : exit.c.obj (.text:abort)
                  00004ae2    00000004     car_control.o (.text.CarControl_getTurnInnerPercent)
                  00004ae6    00000004     libsysbm.a : hostexit.c.obj (.text.HOSTexit)
                  00004aea    00000004     startup_mspm0g350x_ticlang.o (.text.Reset_Handler)
                  00004aee    00000004     libc.a : pre_init.c.obj (.text._system_pre_init)
                  00004af2    00000006     --HOLE-- [fill = 0]

.cinit     0    00004de0    00000018     
                  00004de0    00000008     (.cinit..bss.load) [load image, compression = zero_init]
                  00004de8    00000004     (__TI_handler_table)
                  00004dec    00000008     (__TI_cinit_table)
                  00004df4    00000004     --HOLE-- [fill = 0]

.rodata    0    00004af8    000002e8     
                  00004af8    00000050     main.o (.rodata.gMotorAConfig)
                  00004b48    00000050     main.o (.rodata.gMotorBConfig)
                  00004b98    00000050     main.o (.rodata.gMotorCConfig)
                  00004be8    00000050     main.o (.rodata.gMotorDConfig)
                  00004c38    0000003b     main.o (.rodata.str1.15159059442110792349.1)
                  00004c73    00000038     main.o (.rodata.str1.2846389346932560359.1)
                  00004cab    00000032     main.o (.rodata.str1.16265332423659789559.1)
                  00004cdd    0000002b     main.o (.rodata.str1.12180500075719773345.1)
                  00004d08    00000027     main.o (.rodata.str1.17100691992556644108.1)
                  00004d2f    00000001     --HOLE-- [fill = 0]
                  00004d30    00000020     main.o (.rodata.gAngleTurnConfig)
                  00004d50    0000001c     main.o (.rodata.gCarConfig)
                  00004d6c    00000014     ti_msp_dl_config.o (.rodata.gTIMER_PIDTimerConfig)
                  00004d80    00000011     main.o (.rodata.str1.887240019932590441.1)
                  00004d91    00000003     ti_msp_dl_config.o (.rodata.gPWM_MOTOR_ABClockConfig)
                  00004d94    00000010     main.o (.rodata..Lswitch.table.main.43)
                  00004da4    0000000a     ti_msp_dl_config.o (.rodata.gUART_0Config)
                  00004dae    0000000a     ti_msp_dl_config.o (.rodata.gUART_1Config)
                  00004db8    00000008     main.o (.rodata.cst8)
                  00004dc0    00000008     ti_msp_dl_config.o (.rodata.gPWM_MOTOR_ABConfig)
                  00004dc8    00000008     ti_msp_dl_config.o (.rodata.gPWM_MOTOR_CDConfig)
                  00004dd0    00000003     ti_msp_dl_config.o (.rodata.gPWM_MOTOR_CDClockConfig)
                  00004dd3    00000003     ti_msp_dl_config.o (.rodata.gTIMER_PIDClockConfig)
                  00004dd6    00000002     ti_msp_dl_config.o (.rodata.gI2C_MPU6050ClockConfig)
                  00004dd8    00000002     ti_msp_dl_config.o (.rodata.gI2C_OLEDClockConfig)
                  00004dda    00000002     ti_msp_dl_config.o (.rodata.gUART_0ClockConfig)
                  00004ddc    00000002     ti_msp_dl_config.o (.rodata.gUART_1ClockConfig)
                  00004dde    00000002     --HOLE-- [fill = 0]

.init_array 
*          0    00000000    00000000     UNINITIALIZED

.binit     0    00000000    00000000     

.bss       0    20200000    00000425     UNINITIALIZED
                  20200000    000000bc     (.common:gPWM_MOTOR_CDBackup)
                  202000bc    000000bc     (.common:gTIMER_PIDBackup)
                  20200178    00000078     main.o (.bss.gMotorA)
                  202001f0    00000078     main.o (.bss.gMotorB)
                  20200268    00000078     main.o (.bss.gMotorC)
                  202002e0    00000078     main.o (.bss.gMotorD)
                  20200358    00000034     main.o (.bss.gAngleTurn)
                  2020038c    00000020     main.o (.bss.gCar)
                  202003ac    00000020     main.o (.bss.gUartCommand)
                  202003cc    00000010     main.o (.bss.UART_serviceMotorStatus.motorAStatus)
                  202003dc    00000010     main.o (.bss.UART_serviceMotorStatus.motorBStatus)
                  202003ec    00000010     main.o (.bss.UART_serviceMotorStatus.motorCStatus)
                  202003fc    00000010     main.o (.bss.UART_serviceMotorStatus.motorDStatus)
                  2020040c    00000004     mpu6050_angle.o (.bss.gGyroZBiasRaw)
                  20200410    00000004     mpu6050_angle.o (.bss.gZAngleDegrees)
                  20200414    00000004     mpu6050_angle.o (.bss.gZRateDps)
                  20200418    00000001     main.o (.bss.UART_serviceMotorStatus.motorAStatusReady)
                  20200419    00000001     main.o (.bss.UART_serviceMotorStatus.motorBStatusReady)
                  2020041a    00000001     main.o (.bss.UART_serviceMotorStatus.motorCStatusReady)
                  2020041b    00000001     main.o (.bss.UART_serviceMotorStatus.motorDStatusReady)
                  2020041c    00000001     mpu6050_angle.o (.bss.gDeviceId)
                  2020041d    00000001     main.o (.bss.gGrayscaleStreamDivider)
                  2020041e    00000001     main.o (.bss.gGrayscaleStreamEnabled)
                  2020041f    00000001     main.o (.bss.gMotorStatusReportOnce)
                  20200420    00000001     main.o (.bss.gMotorStatusStreamEnabled)
                  20200421    00000001     main.o (.bss.gMpu6050Ready)
                  20200422    00000001     main.o (.bss.gMpu6050SampleDue)
                  20200423    00000001     main.o (.bss.gUartCommandLength)
                  20200424    00000001     main.o (.bss.gUartCommandReady)

.stack     0    20207e00    00000200     UNINITIALIZED
                  20207e00    00000004     libc.a : boot_cortex_m.c.obj (.stack)
                  20207e04    000001fc     --HOLE--

__llvm_prf_cnts 
*          0    20200000    00000000     UNINITIALIZED

__llvm_prf_bits 
*          0    20200000    00000000     UNINITIALIZED

MODULE SUMMARY

       Module                         code    ro data   rw data
       ------                         ----    -------   -------
    .\
       main.o                         10324   668       672    
       ti_msp_dl_config.o             1276    73        376    
       mpu6050_angle.o                1564    0         13     
       motor_control.o                1124    0         0      
       angle_turn_control.o           920     0         0      
       car_control.o                  454     0         0      
       grayscale_sensor.o             416     0         0      
       startup_mspm0g350x_ticlang.o   6       192       0      
    +--+------------------------------+-------+---------+---------+
       Total:                         16084   933       1061   
                                                               
    C:/ti/mspm0_sdk_2_11_00_07/source/ti/driverlib/lib/ticlang/m0p/mspm0g1x0x_g3x0x/driverlib.a
       dl_timer.o                     608     0         0      
       dl_i2c.o                       240     0         0      
       dl_uart.o                      138     0         0      
       dl_common.o                    10      0         0      
    +--+------------------------------+-------+---------+---------+
       Total:                         996     0         0      
                                                               
    C:\ti\ccs2100\ccs\tools\compiler\ti-cgt-armllvm_5.1.1.LTS\lib\armv6m-ti-none-eabi/c/libc.a
       memcpy16.S.obj                 154     0         0      
       memset16.S.obj                 98      0         0      
       autoinit.c.obj                 60      0         0      
       boot_cortex_m.c.obj            40      0         0      
       copy_zero_init.c.obj           16      0         0      
       exit.c.obj                     6       0         0      
       pre_init.c.obj                 4       0         0      
    +--+------------------------------+-------+---------+---------+
       Total:                         378     0         0      
                                                               
    C:\ti\ccs2100\ccs\tools\compiler\ti-cgt-armllvm_5.1.1.LTS\lib\armv6m-ti-none-eabi/c/libsysbm.a
       hostexit.c.obj                 4       0         0      
    +--+------------------------------+-------+---------+---------+
       Total:                         4       0         0      
                                                               
    C:\ti\ccs2100\ccs\tools\compiler\ti-cgt-armllvm_5.1.1.LTS\lib\armv6m-ti-none-eabi/libclang_rt.builtins.a
       addsf3.S.obj                   216     0         0      
       udivmoddi4.S.obj               162     0         0      
       comparesf2.S.obj               140     0         0      
       mulsf3.S.obj                   140     0         0      
       divsf3.S.obj                   130     0         0      
       aeabi_fcmp.S.obj               90      0         0      
       aeabi_idivmod.S.obj            86      0         0      
       floatdisf.S.obj                78      0         0      
       aeabi_uidivmod.S.obj           64      0         0      
       divmoddi4.c.obj                62      0         0      
       floatsisf.S.obj                60      0         0      
       muldsi3.S.obj                  58      0         0      
       fixsfsi.S.obj                  56      0         0      
       floatunsisf.S.obj              40      0         0      
       muldi3.S.obj                   36      0         0      
       ashldi3.S.obj                  30      0         0      
       aeabi_memset.S.obj             26      0         0      
       aeabi_ldivmod.S.obj            20      0         0      
       aeabi_memcpy.S.obj             8       0         0      
       aeabi_div0.c.obj               4       0         0      
    +--+------------------------------+-------+---------+---------+
       Total:                         1506    0         0      
                                                               
       Stack:                         0       0         512    
       Linker Generated:              0       20        0      
    +--+------------------------------+-------+---------+---------+
       Grand Total:                   18968   953       1573   


LINKER GENERATED COPY TABLES

__TI_cinit_table @ 00004dec records: 1, size/record: 8, table size: 8
	.bss: load addr=00004de0, load size=00000008 bytes, run addr=20200000, run size=00000425 bytes, compression=zero_init


LINKER GENERATED HANDLER TABLE

__TI_handler_table @ 00004de8 records: 1, size/record: 4, table size: 4
	index: 0, handler: __TI_zero_init


GLOBAL SYMBOLS: SORTED ALPHABETICALLY BY Name 

address   name                            
-------   ----                            
00003d5f  ADC0_IRQHandler                 
00003d5f  ADC1_IRQHandler                 
00003d5f  AES_IRQHandler                  
00004933  AngleTurnControl_cancel         
0000483d  AngleTurnControl_init           
00004ad1  AngleTurnControl_isActive       
00003d61  AngleTurnControl_start          
00002d99  AngleTurnControl_update         
00004ae6  C$$EXIT                         
00003d5f  CANFD0_IRQHandler               
0000497d  CarControl_coast                
00004ad7  CarControl_getSpeedRpm          
00004ae3  CarControl_getTurnInnerPercent  
00004529  CarControl_init                 
0000344d  CarControl_setMotion            
00004895  CarControl_stop                 
00003d5f  DAC0_IRQHandler                 
00004abd  DL_Common_delayCycles           
000041cd  DL_I2C_fillControllerTXFIFO     
000047ad  DL_I2C_flushControllerRXFIFO    
000045a5  DL_I2C_flushControllerTXFIFO    
0000490d  DL_I2C_setClockConfig           
00003585  DL_Timer_initFourCCPWMMode      
0000378d  DL_Timer_initTimerMode          
000049d9  DL_Timer_setCaptCompUpdateMethod
00004a2d  DL_Timer_setCaptureCompareOutCtl
00004a6d  DL_Timer_setCaptureCompareValue 
000049f5  DL_Timer_setClockConfig         
000043dd  DL_UART_init                    
00004a59  DL_UART_setClockConfig          
000047dd  DL_UART_transmitDataBlocking    
00003d5f  DMA_IRQHandler                  
00003d5f  Default_Handler                 
00003d5f  GROUP0_IRQHandler               
00003e69  GROUP1_IRQHandler               
00004869  Grayscale_Sensor_Init           
00003185  Grayscale_Sensor_ReadAll        
00004ae7  HOSTexit                        
00003d5f  HardFault_Handler               
00003d5f  I2C0_IRQHandler                 
00003d5f  I2C1_IRQHandler                 
00004a8d  MPU6050_Angle_getDeviceId       
00004a99  MPU6050_Angle_getZDegrees       
00004aa5  MPU6050_Angle_getZRateDps       
00002669  MPU6050_Angle_init              
00004ab1  MPU6050_Angle_reset             
0000410d  MPU6050_Angle_update            
00004659  MotorControl_coast              
00004779  MotorControl_handleEncoderEdge  
00004289  MotorControl_init               
0000499b  MotorControl_setTargetRpm       
00003cd5  MotorControl_takeStatus         
00002371  MotorControl_update             
00003d5f  NMI_Handler                     
00003d5f  PendSV_Handler                  
00003d5f  RTC_IRQHandler                  
00004aeb  Reset_Handler                   
00003d5f  SPI0_IRQHandler                 
00003d5f  SPI1_IRQHandler                 
00003d5f  SVC_Handler                     
000032f9  SYSCFG_DL_GPIO_init             
00004339  SYSCFG_DL_I2C_MPU6050_init      
0000480d  SYSCFG_DL_I2C_OLED_init         
00003a9d  SYSCFG_DL_PWM_MOTOR_AB_init     
00003b2d  SYSCFG_DL_PWM_MOTOR_CD_init     
00004469  SYSCFG_DL_SYSCTL_init           
00004709  SYSCFG_DL_TIMER_PID_init        
00003f65  SYSCFG_DL_UART_0_init           
0000416d  SYSCFG_DL_UART_1_init           
000044a9  SYSCFG_DL_init                  
00003ee9  SYSCFG_DL_initPower             
00003d5f  SysTick_Handler                 
00003d5f  TIMA0_IRQHandler                
00004425  TIMA1_IRQHandler                
00003d5f  TIMG0_IRQHandler                
00003d5f  TIMG12_IRQHandler               
00003d5f  TIMG6_IRQHandler                
00003d5f  TIMG7_IRQHandler                
00003d5f  TIMG8_IRQHandler                
00004045  UART0_IRQHandler                
00003d5f  UART1_IRQHandler                
00003d5f  UART2_IRQHandler                
00003d5f  UART3_IRQHandler                
20208000  __STACK_END                     
00000200  __STACK_SIZE                    
00000000  __TI_ATRegion0_region_sz        
00000000  __TI_ATRegion0_src_addr         
00000000  __TI_ATRegion0_trg_addr         
00000000  __TI_ATRegion1_region_sz        
00000000  __TI_ATRegion1_src_addr         
00000000  __TI_ATRegion1_trg_addr         
00000000  __TI_ATRegion2_region_sz        
00000000  __TI_ATRegion2_src_addr         
00000000  __TI_ATRegion2_trg_addr         
00004dec  __TI_CINIT_Base                 
00004df4  __TI_CINIT_Limit                
00004df4  __TI_CINIT_Warm                 
00004de8  __TI_Handler_Table_Base         
00004dec  __TI_Handler_Table_Limit        
000045e1  __TI_auto_init_nobinit_nopinit  
ffffffff  __TI_pprof_out_hndl             
ffffffff  __TI_prof_data_size             
ffffffff  __TI_prof_data_start            
00000000  __TI_static_base__              
00004a7d  __TI_zero_init                  
00003893  __addsf3                        
00004741  __aeabi_f2iz                    
00003893  __aeabi_fadd                    
0000422d  __aeabi_fcmpeq                  
00004263  __aeabi_fcmpge                  
00004275  __aeabi_fcmpgt                  
00004251  __aeabi_fcmple                  
0000423f  __aeabi_fcmplt                  
00003c33  __aeabi_fcmpun                  
00003de5  __aeabi_fdiv                    
00003c49  __aeabi_fmul                    
00003889  __aeabi_fsub                    
0000461d  __aeabi_i2f                     
000042e1  __aeabi_idiv                    
00003e67  __aeabi_idiv0                   
000042e1  __aeabi_idivmod                 
0000438d  __aeabi_l2f                     
00004043  __aeabi_ldiv0                   
00004a45  __aeabi_ldivmod                 
000049b9  __aeabi_llsl                    
00004959  __aeabi_lmul                    
00004a1f  __aeabi_memclr                  
00004a1f  __aeabi_memclr4                 
00004a1f  __aeabi_memclr8                 
00004ac9  __aeabi_memcpy                  
00004ac9  __aeabi_memcpy4                 
00004ac9  __aeabi_memcpy8                 
00004a11  __aeabi_memset                  
00004a11  __aeabi_memset4                 
00004a11  __aeabi_memset8                 
000048e5  __aeabi_ui2f                    
000044e9  __aeabi_uidiv                   
000044e9  __aeabi_uidivmod                
000049b9  __ashldi3                       
ffffffff  __binit__                       
00003bbd  __cmpsf2                        
00004567  __divmoddi4                     
00003de5  __divsf3                        
00003bbd  __eqsf2                         
00004741  __fixsfsi                       
0000438d  __floatdisf                     
0000461d  __floatsisf                     
000048e5  __floatunsisf                   
00003bf7  __gesf2                         
00003bf7  __gtsf2                         
00003bbd  __lesf2                         
00003bbd  __ltsf2                         
UNDEFED   __mpu_init                      
00004959  __muldi3                        
00004695  __muldsi3                       
00003c49  __mulsf3                        
00003bbd  __nesf2                         
20207e00  __stack                         
20200000  __start___llvm_prf_bits         
20200000  __start___llvm_prf_cnts         
20200000  __stop___llvm_prf_bits          
20200000  __stop___llvm_prf_cnts          
00003889  __subsf3                        
00003961  __udivmoddi4                    
00003c33  __unordsf2                      
000048bd  _c_int00_noargs                 
UNDEFED   _system_post_cinit              
00004aef  _system_pre_init                
00004add  abort                           
ffffffff  binit                           
20200000  gPWM_MOTOR_CDBackup             
202000bc  gTIMER_PIDBackup                
00000000  interruptVectors                
000000c1  main                            
00003a03  memcpy                          
000040a9  memset                          


GLOBAL SYMBOLS: SORTED BY Symbol Address 

address   name                            
-------   ----                            
00000000  __TI_ATRegion0_region_sz        
00000000  __TI_ATRegion0_src_addr         
00000000  __TI_ATRegion0_trg_addr         
00000000  __TI_ATRegion1_region_sz        
00000000  __TI_ATRegion1_src_addr         
00000000  __TI_ATRegion1_trg_addr         
00000000  __TI_ATRegion2_region_sz        
00000000  __TI_ATRegion2_src_addr         
00000000  __TI_ATRegion2_trg_addr         
00000000  __TI_static_base__              
00000000  interruptVectors                
000000c1  main                            
00000200  __STACK_SIZE                    
00002371  MotorControl_update             
00002669  MPU6050_Angle_init              
00002d99  AngleTurnControl_update         
00003185  Grayscale_Sensor_ReadAll        
000032f9  SYSCFG_DL_GPIO_init             
0000344d  CarControl_setMotion            
00003585  DL_Timer_initFourCCPWMMode      
0000378d  DL_Timer_initTimerMode          
00003889  __aeabi_fsub                    
00003889  __subsf3                        
00003893  __addsf3                        
00003893  __aeabi_fadd                    
00003961  __udivmoddi4                    
00003a03  memcpy                          
00003a9d  SYSCFG_DL_PWM_MOTOR_AB_init     
00003b2d  SYSCFG_DL_PWM_MOTOR_CD_init     
00003bbd  __cmpsf2                        
00003bbd  __eqsf2                         
00003bbd  __lesf2                         
00003bbd  __ltsf2                         
00003bbd  __nesf2                         
00003bf7  __gesf2                         
00003bf7  __gtsf2                         
00003c33  __aeabi_fcmpun                  
00003c33  __unordsf2                      
00003c49  __aeabi_fmul                    
00003c49  __mulsf3                        
00003cd5  MotorControl_takeStatus         
00003d5f  ADC0_IRQHandler                 
00003d5f  ADC1_IRQHandler                 
00003d5f  AES_IRQHandler                  
00003d5f  CANFD0_IRQHandler               
00003d5f  DAC0_IRQHandler                 
00003d5f  DMA_IRQHandler                  
00003d5f  Default_Handler                 
00003d5f  GROUP0_IRQHandler               
00003d5f  HardFault_Handler               
00003d5f  I2C0_IRQHandler                 
00003d5f  I2C1_IRQHandler                 
00003d5f  NMI_Handler                     
00003d5f  PendSV_Handler                  
00003d5f  RTC_IRQHandler                  
00003d5f  SPI0_IRQHandler                 
00003d5f  SPI1_IRQHandler                 
00003d5f  SVC_Handler                     
00003d5f  SysTick_Handler                 
00003d5f  TIMA0_IRQHandler                
00003d5f  TIMG0_IRQHandler                
00003d5f  TIMG12_IRQHandler               
00003d5f  TIMG6_IRQHandler                
00003d5f  TIMG7_IRQHandler                
00003d5f  TIMG8_IRQHandler                
00003d5f  UART1_IRQHandler                
00003d5f  UART2_IRQHandler                
00003d5f  UART3_IRQHandler                
00003d61  AngleTurnControl_start          
00003de5  __aeabi_fdiv                    
00003de5  __divsf3                        
00003e67  __aeabi_idiv0                   
00003e69  GROUP1_IRQHandler               
00003ee9  SYSCFG_DL_initPower             
00003f65  SYSCFG_DL_UART_0_init           
00004043  __aeabi_ldiv0                   
00004045  UART0_IRQHandler                
000040a9  memset                          
0000410d  MPU6050_Angle_update            
0000416d  SYSCFG_DL_UART_1_init           
000041cd  DL_I2C_fillControllerTXFIFO     
0000422d  __aeabi_fcmpeq                  
0000423f  __aeabi_fcmplt                  
00004251  __aeabi_fcmple                  
00004263  __aeabi_fcmpge                  
00004275  __aeabi_fcmpgt                  
00004289  MotorControl_init               
000042e1  __aeabi_idiv                    
000042e1  __aeabi_idivmod                 
00004339  SYSCFG_DL_I2C_MPU6050_init      
0000438d  __aeabi_l2f                     
0000438d  __floatdisf                     
000043dd  DL_UART_init                    
00004425  TIMA1_IRQHandler                
00004469  SYSCFG_DL_SYSCTL_init           
000044a9  SYSCFG_DL_init                  
000044e9  __aeabi_uidiv                   
000044e9  __aeabi_uidivmod                
00004529  CarControl_init                 
00004567  __divmoddi4                     
000045a5  DL_I2C_flushControllerTXFIFO    
000045e1  __TI_auto_init_nobinit_nopinit  
0000461d  __aeabi_i2f                     
0000461d  __floatsisf                     
00004659  MotorControl_coast              
00004695  __muldsi3                       
00004709  SYSCFG_DL_TIMER_PID_init        
00004741  __aeabi_f2iz                    
00004741  __fixsfsi                       
00004779  MotorControl_handleEncoderEdge  
000047ad  DL_I2C_flushControllerRXFIFO    
000047dd  DL_UART_transmitDataBlocking    
0000480d  SYSCFG_DL_I2C_OLED_init         
0000483d  AngleTurnControl_init           
00004869  Grayscale_Sensor_Init           
00004895  CarControl_stop                 
000048bd  _c_int00_noargs                 
000048e5  __aeabi_ui2f                    
000048e5  __floatunsisf                   
0000490d  DL_I2C_setClockConfig           
00004933  AngleTurnControl_cancel         
00004959  __aeabi_lmul                    
00004959  __muldi3                        
0000497d  CarControl_coast                
0000499b  MotorControl_setTargetRpm       
000049b9  __aeabi_llsl                    
000049b9  __ashldi3                       
000049d9  DL_Timer_setCaptCompUpdateMethod
000049f5  DL_Timer_setClockConfig         
00004a11  __aeabi_memset                  
00004a11  __aeabi_memset4                 
00004a11  __aeabi_memset8                 
00004a1f  __aeabi_memclr                  
00004a1f  __aeabi_memclr4                 
00004a1f  __aeabi_memclr8                 
00004a2d  DL_Timer_setCaptureCompareOutCtl
00004a45  __aeabi_ldivmod                 
00004a59  DL_UART_setClockConfig          
00004a6d  DL_Timer_setCaptureCompareValue 
00004a7d  __TI_zero_init                  
00004a8d  MPU6050_Angle_getDeviceId       
00004a99  MPU6050_Angle_getZDegrees       
00004aa5  MPU6050_Angle_getZRateDps       
00004ab1  MPU6050_Angle_reset             
00004abd  DL_Common_delayCycles           
00004ac9  __aeabi_memcpy                  
00004ac9  __aeabi_memcpy4                 
00004ac9  __aeabi_memcpy8                 
00004ad1  AngleTurnControl_isActive       
00004ad7  CarControl_getSpeedRpm          
00004add  abort                           
00004ae3  CarControl_getTurnInnerPercent  
00004ae6  C$$EXIT                         
00004ae7  HOSTexit                        
00004aeb  Reset_Handler                   
00004aef  _system_pre_init                
00004de8  __TI_Handler_Table_Base         
00004dec  __TI_CINIT_Base                 
00004dec  __TI_Handler_Table_Limit        
00004df4  __TI_CINIT_Limit                
00004df4  __TI_CINIT_Warm                 
20200000  __start___llvm_prf_bits         
20200000  __start___llvm_prf_cnts         
20200000  __stop___llvm_prf_bits          
20200000  __stop___llvm_prf_cnts          
20200000  gPWM_MOTOR_CDBackup             
202000bc  gTIMER_PIDBackup                
20207e00  __stack                         
20208000  __STACK_END                     
ffffffff  __TI_pprof_out_hndl             
ffffffff  __TI_prof_data_size             
ffffffff  __TI_prof_data_start            
ffffffff  __binit__                       
ffffffff  binit                           
UNDEFED   __mpu_init                      
UNDEFED   _system_post_cinit              

[176 symbols]
