******************************************************************************
            TI ARM Clang Linker PC v5.1.1                      
******************************************************************************
>> Linked Sun Jul 19 21:16:39 2026

OUTPUT FILE NAME:   <main.out>
ENTRY POINT SYMBOL: "_c_int00_noargs"  address: 00001609


MEMORY CONFIGURATION

         name            origin    length      used     unused   attr    fill
----------------------  --------  ---------  --------  --------  ----  --------
  FLASH                 00000000   00020000  00001930  0001e6d0  R  X
  SRAM                  20200000   00008000  0000059a  00007a66  RW X
  BCR_CONFIG            41c00000   000000ff  00000000  000000ff  R   
  BSL_CONFIG            41c00100   00000080  00000000  00000080  R   


SEGMENT ALLOCATION MAP

run origin  load origin   length   init length attrs members
----------  ----------- ---------- ----------- ----- -------
00000000    00000000    00001930   00001930    r-x
  00000000    00000000    000000c0   000000c0    r-- .intvecs
  000000c0    000000c0    000016b0   000016b0    r-x .text
  00001770    00001770    000001a8   000001a8    r-- .rodata
  00001918    00001918    00000018   00000018    r-- .cinit
20200000    20200000    0000039a   00000000    rw-
  20200000    20200000    0000039a   00000000    rw- .bss
20207e00    20207e00    00000200   00000000    rw-
  20207e00    20207e00    00000200   00000000    rw- .stack


SECTION ALLOCATION MAP

 output                                  attributes/
section   page    origin      length       input sections
--------  ----  ----------  ----------   ----------------
.intvecs   0    00000000    000000c0     
                  00000000    000000c0     startup_mspm0g350x_ticlang.o (.intvecs)

.text      0    000000c0    000016b0     
                  000000c0    00000354     main.o (.text.main)
                  00000414    000002e4     motor_control.o (.text.MotorControl_update)
                  000006f8    00000138     car_control.o (.text.CarControl_setMotion)
                  00000830    00000120     ti_msp_dl_config.o (.text.SYSCFG_DL_GPIO_init)
                  00000950    00000104     driverlib.a : dl_timer.o (.text.DL_Timer_initFourCCPWMMode)
                  00000a54    000000fc                 : dl_timer.o (.text.DL_Timer_initTimerMode)
                  00000b50    000000d8     libclang_rt.builtins.a : addsf3.S.obj (.text)
                  00000c28    0000009a     libc.a : memcpy16.S.obj (.text:memcpy)
                  00000cc2    00000002     startup_mspm0g350x_ticlang.o (.text.Default_Handler)
                  00000cc4    00000090     ti_msp_dl_config.o (.text.SYSCFG_DL_PWM_MOTOR_AB_init)
                  00000d54    00000090     ti_msp_dl_config.o (.text.SYSCFG_DL_PWM_MOTOR_CD_init)
                  00000de4    0000008c     libclang_rt.builtins.a : comparesf2.S.obj (.text)
                  00000e70    0000008c                            : mulsf3.S.obj (.text)
                  00000efc    00000082                            : divsf3.S.obj (.text)
                  00000f7e    00000002                            : aeabi_div0.c.obj (.text.__aeabi_idiv0)
                  00000f80    00000080     main.o (.text.GROUP1_IRQHandler)
                  00001000    00000070     ti_msp_dl_config.o (.text.SYSCFG_DL_UART_0_init)
                  00001070    00000070     ti_msp_dl_config.o (.text.SYSCFG_DL_initPower)
                  000010e0    00000064     main.o (.text.UART0_IRQHandler)
                  00001144    00000062     libc.a : memset16.S.obj (.text:memset)
                  000011a6    00000002     --HOLE-- [fill = 0]
                  000011a8    00000060     ti_msp_dl_config.o (.text.SYSCFG_DL_UART_1_init)
                  00001208    0000005a     libclang_rt.builtins.a : aeabi_fcmp.S.obj (.text)
                  00001262    00000002     --HOLE-- [fill = 0]
                  00001264    00000058     motor_control.o (.text.MotorControl_init)
                  000012bc    00000056     libclang_rt.builtins.a : aeabi_idivmod.S.obj (.text)
                  00001312    00000002     --HOLE-- [fill = 0]
                  00001314    00000048     driverlib.a : dl_uart.o (.text.DL_UART_init)
                  0000135c    00000040     ti_msp_dl_config.o (.text.SYSCFG_DL_SYSCTL_init)
                  0000139c    00000040     libclang_rt.builtins.a : aeabi_uidivmod.S.obj (.text)
                  000013dc    0000003e     car_control.o (.text.CarControl_init)
                  0000141a    00000002     --HOLE-- [fill = 0]
                  0000141c    0000003c     ti_msp_dl_config.o (.text.SYSCFG_DL_init)
                  00001458    0000003c     main.o (.text.TIMA1_IRQHandler)
                  00001494    0000003c     libc.a : autoinit.c.obj (.text:__TI_auto_init_nobinit_nopinit)
                  000014d0    0000003a     libclang_rt.builtins.a : muldsi3.S.obj (.text)
                  0000150a    00000002     --HOLE-- [fill = 0]
                  0000150c    00000038     ti_msp_dl_config.o (.text.SYSCFG_DL_TIMER_PID_init)
                  00001544    00000038     libclang_rt.builtins.a : fixsfsi.S.obj (.text)
                  0000157c    00000032     motor_control.o (.text.MotorControl_handleEncoderEdge)
                  000015ae    00000002     --HOLE-- [fill = 0]
                  000015b0    00000030     ti_msp_dl_config.o (.text.SYSCFG_DL_I2C_0_init)
                  000015e0    00000028     car_control.o (.text.CarControl_stop)
                  00001608    00000028     libc.a : boot_cortex_m.c.obj (.text:_c_int00_noargs)
                  00001630    00000028     libclang_rt.builtins.a : floatunsisf.S.obj (.text)
                  00001658    00000026     driverlib.a : dl_i2c.o (.text.DL_I2C_setClockConfig)
                  0000167e    00000002     --HOLE-- [fill = 0]
                  00001680    0000001c                 : dl_timer.o (.text.DL_Timer_setCaptCompUpdateMethod)
                  0000169c    0000001c                 : dl_timer.o (.text.DL_Timer_setClockConfig)
                  000016b8    0000001a     libclang_rt.builtins.a : aeabi_memset.S.obj (.text)
                  000016d2    00000002     --HOLE-- [fill = 0]
                  000016d4    00000018     driverlib.a : dl_timer.o (.text.DL_Timer_setCaptureCompareOutCtl)
                  000016ec    00000018     motor_control.o (.text.MotorControl_setTargetRpm)
                  00001704    00000016     libc.a : copy_zero_init.c.obj (.text:decompress:ZI:__TI_zero_init_nomemset)
                  0000171a    00000012     driverlib.a : dl_uart.o (.text.DL_UART_setClockConfig)
                  0000172c    00000010                 : dl_timer.o (.text.DL_Timer_setCaptureCompareValue)
                  0000173c    0000000a                 : dl_common.o (.text.DL_Common_delayCycles)
                  00001746    00000002     --HOLE-- [fill = 0]
                  00001748    00000008     libclang_rt.builtins.a : aeabi_memcpy.S.obj (.text)
                  00001750    00000006     car_control.o (.text.CarControl_getSpeedRpm)
                  00001756    00000006     libc.a : exit.c.obj (.text:abort)
                  0000175c    00000004     car_control.o (.text.CarControl_getTurnInnerPercent)
                  00001760    00000004     libsysbm.a : hostexit.c.obj (.text.HOSTexit)
                  00001764    00000004     startup_mspm0g350x_ticlang.o (.text.Reset_Handler)
                  00001768    00000004     libc.a : pre_init.c.obj (.text._system_pre_init)
                  0000176c    00000004     --HOLE-- [fill = 0]

.cinit     0    00001918    00000018     
                  00001918    00000008     (.cinit..bss.load) [load image, compression = zero_init]
                  00001920    00000004     (__TI_handler_table)
                  00001924    00000008     (__TI_cinit_table)
                  0000192c    00000004     --HOLE-- [fill = 0]

.rodata    0    00001770    000001a8     
                  00001770    00000050     main.o (.rodata.gMotorAConfig)
                  000017c0    00000050     main.o (.rodata.gMotorBConfig)
                  00001810    00000050     main.o (.rodata.gMotorCConfig)
                  00001860    00000050     main.o (.rodata.gMotorDConfig)
                  000018b0    0000001c     main.o (.rodata.gCarConfig)
                  000018cc    00000014     ti_msp_dl_config.o (.rodata.gTIMER_PIDTimerConfig)
                  000018e0    0000000a     ti_msp_dl_config.o (.rodata.gUART_0Config)
                  000018ea    0000000a     ti_msp_dl_config.o (.rodata.gUART_1Config)
                  000018f4    00000008     ti_msp_dl_config.o (.rodata.gPWM_MOTOR_ABConfig)
                  000018fc    00000008     ti_msp_dl_config.o (.rodata.gPWM_MOTOR_CDConfig)
                  00001904    00000003     ti_msp_dl_config.o (.rodata.gPWM_MOTOR_ABClockConfig)
                  00001907    00000003     ti_msp_dl_config.o (.rodata.gPWM_MOTOR_CDClockConfig)
                  0000190a    00000003     ti_msp_dl_config.o (.rodata.gTIMER_PIDClockConfig)
                  0000190d    00000002     ti_msp_dl_config.o (.rodata.gI2C_0ClockConfig)
                  0000190f    00000002     ti_msp_dl_config.o (.rodata.gUART_0ClockConfig)
                  00001911    00000002     ti_msp_dl_config.o (.rodata.gUART_1ClockConfig)
                  00001913    00000005     --HOLE-- [fill = 0]

.init_array 
*          0    00000000    00000000     UNINITIALIZED

.binit     0    00000000    00000000     

.bss       0    20200000    0000039a     UNINITIALIZED
                  20200000    000000bc     (.common:gPWM_MOTOR_CDBackup)
                  202000bc    000000bc     (.common:gTIMER_PIDBackup)
                  20200178    00000078     main.o (.bss.gMotorA)
                  202001f0    00000078     main.o (.bss.gMotorB)
                  20200268    00000078     main.o (.bss.gMotorC)
                  202002e0    00000078     main.o (.bss.gMotorD)
                  20200358    00000020     main.o (.bss.gCar)
                  20200378    00000020     main.o (.bss.gUartCommand)
                  20200398    00000001     main.o (.bss.gUartCommandLength)
                  20200399    00000001     main.o (.bss.gUartCommandReady)

.stack     0    20207e00    00000200     UNINITIALIZED
                  20207e00    00000004     libc.a : boot_cortex_m.c.obj (.stack)
                  20207e04    000001fc     --HOLE--

__llvm_prf_cnts 
*          0    20200000    00000000     UNINITIALIZED

__llvm_prf_bits 
*          0    20200000    00000000     UNINITIALIZED

MODULE SUMMARY

       Module                         code   ro data   rw data
       ------                         ----   -------   -------
    .\
       main.o                         1140   348       546    
       ti_msp_dl_config.o             1124   71        376    
       motor_control.o                902    0         0      
       car_control.o                  424    0         0      
       startup_mspm0g350x_ticlang.o   6      192       0      
    +--+------------------------------+------+---------+---------+
       Total:                         3596   611       922    
                                                              
    C:/ti/mspm0_sdk_2_11_00_07/source/ti/driverlib/lib/ticlang/m0p/mspm0g1x0x_g3x0x/driverlib.a
       dl_timer.o                     608    0         0      
       dl_uart.o                      90     0         0      
       dl_i2c.o                       38     0         0      
       dl_common.o                    10     0         0      
    +--+------------------------------+------+---------+---------+
       Total:                         746    0         0      
                                                              
    C:\ti\ccs2100\ccs\tools\compiler\ti-cgt-armllvm_5.1.1.LTS\lib\armv6m-ti-none-eabi/c/libc.a
       memcpy16.S.obj                 154    0         0      
       memset16.S.obj                 98     0         0      
       autoinit.c.obj                 60     0         0      
       boot_cortex_m.c.obj            40     0         0      
       copy_zero_init.c.obj           22     0         0      
       exit.c.obj                     6      0         0      
       pre_init.c.obj                 4      0         0      
    +--+------------------------------+------+---------+---------+
       Total:                         384    0         0      
                                                              
    C:\ti\ccs2100\ccs\tools\compiler\ti-cgt-armllvm_5.1.1.LTS\lib\armv6m-ti-none-eabi/c/libsysbm.a
       hostexit.c.obj                 4      0         0      
    +--+------------------------------+------+---------+---------+
       Total:                         4      0         0      
                                                              
    C:\ti\ccs2100\ccs\tools\compiler\ti-cgt-armllvm_5.1.1.LTS\lib\armv6m-ti-none-eabi/libclang_rt.builtins.a
       addsf3.S.obj                   216    0         0      
       comparesf2.S.obj               140    0         0      
       mulsf3.S.obj                   140    0         0      
       divsf3.S.obj                   130    0         0      
       aeabi_fcmp.S.obj               90     0         0      
       aeabi_idivmod.S.obj            86     0         0      
       aeabi_uidivmod.S.obj           64     0         0      
       muldsi3.S.obj                  58     0         0      
       fixsfsi.S.obj                  56     0         0      
       floatunsisf.S.obj              40     0         0      
       aeabi_memset.S.obj             26     0         0      
       aeabi_memcpy.S.obj             8      0         0      
       aeabi_div0.c.obj               2      0         0      
    +--+------------------------------+------+---------+---------+
       Total:                         1056   0         0      
                                                              
       Stack:                         0      0         512    
       Linker Generated:              0      20        0      
    +--+------------------------------+------+---------+---------+
       Grand Total:                   5786   631       1434   


LINKER GENERATED COPY TABLES

__TI_cinit_table @ 00001924 records: 1, size/record: 8, table size: 8
	.bss: load addr=00001918, load size=00000008 bytes, run addr=20200000, run size=0000039a bytes, compression=zero_init


LINKER GENERATED HANDLER TABLE

__TI_handler_table @ 00001920 records: 1, size/record: 4, table size: 4
	index: 0, handler: __TI_zero_init


GLOBAL SYMBOLS: SORTED ALPHABETICALLY BY Name 

address   name                            
-------   ----                            
00000cc3  ADC0_IRQHandler                 
00000cc3  ADC1_IRQHandler                 
00000cc3  AES_IRQHandler                  
00001760  C$$EXIT                         
00000cc3  CANFD0_IRQHandler               
00001751  CarControl_getSpeedRpm          
0000175d  CarControl_getTurnInnerPercent  
000013dd  CarControl_init                 
000006f9  CarControl_setMotion            
000015e1  CarControl_stop                 
00000cc3  DAC0_IRQHandler                 
0000173d  DL_Common_delayCycles           
00001659  DL_I2C_setClockConfig           
00000951  DL_Timer_initFourCCPWMMode      
00000a55  DL_Timer_initTimerMode          
00001681  DL_Timer_setCaptCompUpdateMethod
000016d5  DL_Timer_setCaptureCompareOutCtl
0000172d  DL_Timer_setCaptureCompareValue 
0000169d  DL_Timer_setClockConfig         
00001315  DL_UART_init                    
0000171b  DL_UART_setClockConfig          
00000cc3  DMA_IRQHandler                  
00000cc3  Default_Handler                 
00000cc3  GROUP0_IRQHandler               
00000f81  GROUP1_IRQHandler               
00001761  HOSTexit                        
00000cc3  HardFault_Handler               
00000cc3  I2C0_IRQHandler                 
00000cc3  I2C1_IRQHandler                 
0000157d  MotorControl_handleEncoderEdge  
00001265  MotorControl_init               
000016ed  MotorControl_setTargetRpm       
00000415  MotorControl_update             
00000cc3  NMI_Handler                     
00000cc3  PendSV_Handler                  
00000cc3  RTC_IRQHandler                  
00001765  Reset_Handler                   
00000cc3  SPI0_IRQHandler                 
00000cc3  SPI1_IRQHandler                 
00000cc3  SVC_Handler                     
00000831  SYSCFG_DL_GPIO_init             
000015b1  SYSCFG_DL_I2C_0_init            
00000cc5  SYSCFG_DL_PWM_MOTOR_AB_init     
00000d55  SYSCFG_DL_PWM_MOTOR_CD_init     
0000135d  SYSCFG_DL_SYSCTL_init           
0000150d  SYSCFG_DL_TIMER_PID_init        
00001001  SYSCFG_DL_UART_0_init           
000011a9  SYSCFG_DL_UART_1_init           
0000141d  SYSCFG_DL_init                  
00001071  SYSCFG_DL_initPower             
00000cc3  SysTick_Handler                 
00000cc3  TIMA0_IRQHandler                
00001459  TIMA1_IRQHandler                
00000cc3  TIMG0_IRQHandler                
00000cc3  TIMG12_IRQHandler               
00000cc3  TIMG6_IRQHandler                
00000cc3  TIMG7_IRQHandler                
00000cc3  TIMG8_IRQHandler                
000010e1  UART0_IRQHandler                
00000cc3  UART1_IRQHandler                
00000cc3  UART2_IRQHandler                
00000cc3  UART3_IRQHandler                
20208000  __STACK_END                     
00000200  __STACK_SIZE                    
00000000  __TI_ATRegion0_region_sz        
00000000  __TI_ATRegion0_src_addr         
00000000  __TI_ATRegion0_trg_addr         
00000000  __TI_ATRegion1_region_sz        
00000000  __TI_ATRegion1_src_addr         
00000000  __TI_ATRegion1_trg_addr         
00000000  __TI_ATRegion2_region_sz        
00000000  __TI_ATRegion2_src_addr         
00000000  __TI_ATRegion2_trg_addr         
00001924  __TI_CINIT_Base                 
0000192c  __TI_CINIT_Limit                
0000192c  __TI_CINIT_Warm                 
00001920  __TI_Handler_Table_Base         
00001924  __TI_Handler_Table_Limit        
00001495  __TI_auto_init_nobinit_nopinit  
ffffffff  __TI_pprof_out_hndl             
ffffffff  __TI_prof_data_size             
ffffffff  __TI_prof_data_start            
00000000  __TI_static_base__              
00001705  __TI_zero_init_nomemset         
00000b5b  __addsf3                        
00001545  __aeabi_f2iz                    
00000b5b  __aeabi_fadd                    
00001209  __aeabi_fcmpeq                  
0000123f  __aeabi_fcmpge                  
00001251  __aeabi_fcmpgt                  
0000122d  __aeabi_fcmple                  
0000121b  __aeabi_fcmplt                  
00000e5b  __aeabi_fcmpun                  
00000efd  __aeabi_fdiv                    
00000e71  __aeabi_fmul                    
00000b51  __aeabi_fsub                    
000012bd  __aeabi_idiv                    
00000f7f  __aeabi_idiv0                   
000012bd  __aeabi_idivmod                 
000016c7  __aeabi_memclr                  
000016c7  __aeabi_memclr4                 
000016c7  __aeabi_memclr8                 
00001749  __aeabi_memcpy                  
00001749  __aeabi_memcpy4                 
00001749  __aeabi_memcpy8                 
000016b9  __aeabi_memset                  
000016b9  __aeabi_memset4                 
000016b9  __aeabi_memset8                 
00001631  __aeabi_ui2f                    
0000139d  __aeabi_uidiv                   
0000139d  __aeabi_uidivmod                
ffffffff  __binit__                       
00000de5  __cmpsf2                        
00000efd  __divsf3                        
00000de5  __eqsf2                         
00001545  __fixsfsi                       
00001631  __floatunsisf                   
00000e1f  __gesf2                         
00000e1f  __gtsf2                         
00000de5  __lesf2                         
00000de5  __ltsf2                         
UNDEFED   __mpu_init                      
000014d1  __muldsi3                       
00000e71  __mulsf3                        
00000de5  __nesf2                         
20207e00  __stack                         
20200000  __start___llvm_prf_bits         
20200000  __start___llvm_prf_cnts         
20200000  __stop___llvm_prf_bits          
20200000  __stop___llvm_prf_cnts          
00000b51  __subsf3                        
00000e5b  __unordsf2                      
00001609  _c_int00_noargs                 
UNDEFED   _system_post_cinit              
00001769  _system_pre_init                
00001757  abort                           
ffffffff  binit                           
20200000  gPWM_MOTOR_CDBackup             
202000bc  gTIMER_PIDBackup                
00000000  interruptVectors                
000000c1  main                            
00000c29  memcpy                          
00001145  memset                          


GLOBAL SYMBOLS: SORTED BY Symbol Address 

address   name                            
-------   ----                            
00000000  __TI_ATRegion0_region_sz        
00000000  __TI_ATRegion0_src_addr         
00000000  __TI_ATRegion0_trg_addr         
00000000  __TI_ATRegion1_region_sz        
00000000  __TI_ATRegion1_src_addr         
00000000  __TI_ATRegion1_trg_addr         
00000000  __TI_ATRegion2_region_sz        
00000000  __TI_ATRegion2_src_addr         
00000000  __TI_ATRegion2_trg_addr         
00000000  __TI_static_base__              
00000000  interruptVectors                
000000c1  main                            
00000200  __STACK_SIZE                    
00000415  MotorControl_update             
000006f9  CarControl_setMotion            
00000831  SYSCFG_DL_GPIO_init             
00000951  DL_Timer_initFourCCPWMMode      
00000a55  DL_Timer_initTimerMode          
00000b51  __aeabi_fsub                    
00000b51  __subsf3                        
00000b5b  __addsf3                        
00000b5b  __aeabi_fadd                    
00000c29  memcpy                          
00000cc3  ADC0_IRQHandler                 
00000cc3  ADC1_IRQHandler                 
00000cc3  AES_IRQHandler                  
00000cc3  CANFD0_IRQHandler               
00000cc3  DAC0_IRQHandler                 
00000cc3  DMA_IRQHandler                  
00000cc3  Default_Handler                 
00000cc3  GROUP0_IRQHandler               
00000cc3  HardFault_Handler               
00000cc3  I2C0_IRQHandler                 
00000cc3  I2C1_IRQHandler                 
00000cc3  NMI_Handler                     
00000cc3  PendSV_Handler                  
00000cc3  RTC_IRQHandler                  
00000cc3  SPI0_IRQHandler                 
00000cc3  SPI1_IRQHandler                 
00000cc3  SVC_Handler                     
00000cc3  SysTick_Handler                 
00000cc3  TIMA0_IRQHandler                
00000cc3  TIMG0_IRQHandler                
00000cc3  TIMG12_IRQHandler               
00000cc3  TIMG6_IRQHandler                
00000cc3  TIMG7_IRQHandler                
00000cc3  TIMG8_IRQHandler                
00000cc3  UART1_IRQHandler                
00000cc3  UART2_IRQHandler                
00000cc3  UART3_IRQHandler                
00000cc5  SYSCFG_DL_PWM_MOTOR_AB_init     
00000d55  SYSCFG_DL_PWM_MOTOR_CD_init     
00000de5  __cmpsf2                        
00000de5  __eqsf2                         
00000de5  __lesf2                         
00000de5  __ltsf2                         
00000de5  __nesf2                         
00000e1f  __gesf2                         
00000e1f  __gtsf2                         
00000e5b  __aeabi_fcmpun                  
00000e5b  __unordsf2                      
00000e71  __aeabi_fmul                    
00000e71  __mulsf3                        
00000efd  __aeabi_fdiv                    
00000efd  __divsf3                        
00000f7f  __aeabi_idiv0                   
00000f81  GROUP1_IRQHandler               
00001001  SYSCFG_DL_UART_0_init           
00001071  SYSCFG_DL_initPower             
000010e1  UART0_IRQHandler                
00001145  memset                          
000011a9  SYSCFG_DL_UART_1_init           
00001209  __aeabi_fcmpeq                  
0000121b  __aeabi_fcmplt                  
0000122d  __aeabi_fcmple                  
0000123f  __aeabi_fcmpge                  
00001251  __aeabi_fcmpgt                  
00001265  MotorControl_init               
000012bd  __aeabi_idiv                    
000012bd  __aeabi_idivmod                 
00001315  DL_UART_init                    
0000135d  SYSCFG_DL_SYSCTL_init           
0000139d  __aeabi_uidiv                   
0000139d  __aeabi_uidivmod                
000013dd  CarControl_init                 
0000141d  SYSCFG_DL_init                  
00001459  TIMA1_IRQHandler                
00001495  __TI_auto_init_nobinit_nopinit  
000014d1  __muldsi3                       
0000150d  SYSCFG_DL_TIMER_PID_init        
00001545  __aeabi_f2iz                    
00001545  __fixsfsi                       
0000157d  MotorControl_handleEncoderEdge  
000015b1  SYSCFG_DL_I2C_0_init            
000015e1  CarControl_stop                 
00001609  _c_int00_noargs                 
00001631  __aeabi_ui2f                    
00001631  __floatunsisf                   
00001659  DL_I2C_setClockConfig           
00001681  DL_Timer_setCaptCompUpdateMethod
0000169d  DL_Timer_setClockConfig         
000016b9  __aeabi_memset                  
000016b9  __aeabi_memset4                 
000016b9  __aeabi_memset8                 
000016c7  __aeabi_memclr                  
000016c7  __aeabi_memclr4                 
000016c7  __aeabi_memclr8                 
000016d5  DL_Timer_setCaptureCompareOutCtl
000016ed  MotorControl_setTargetRpm       
00001705  __TI_zero_init_nomemset         
0000171b  DL_UART_setClockConfig          
0000172d  DL_Timer_setCaptureCompareValue 
0000173d  DL_Common_delayCycles           
00001749  __aeabi_memcpy                  
00001749  __aeabi_memcpy4                 
00001749  __aeabi_memcpy8                 
00001751  CarControl_getSpeedRpm          
00001757  abort                           
0000175d  CarControl_getTurnInnerPercent  
00001760  C$$EXIT                         
00001761  HOSTexit                        
00001765  Reset_Handler                   
00001769  _system_pre_init                
00001920  __TI_Handler_Table_Base         
00001924  __TI_CINIT_Base                 
00001924  __TI_Handler_Table_Limit        
0000192c  __TI_CINIT_Limit                
0000192c  __TI_CINIT_Warm                 
20200000  __start___llvm_prf_bits         
20200000  __start___llvm_prf_cnts         
20200000  __stop___llvm_prf_bits          
20200000  __stop___llvm_prf_cnts          
20200000  gPWM_MOTOR_CDBackup             
202000bc  gTIMER_PIDBackup                
20207e00  __stack                         
20208000  __STACK_END                     
ffffffff  __TI_pprof_out_hndl             
ffffffff  __TI_prof_data_size             
ffffffff  __TI_prof_data_start            
ffffffff  __binit__                       
ffffffff  binit                           
UNDEFED   __mpu_init                      
UNDEFED   _system_post_cinit              

[143 symbols]
