******************************************************************************
            TI ARM Clang Linker PC v5.1.1                      
******************************************************************************
>> Linked Sun Jul 19 21:08:34 2026

OUTPUT FILE NAME:   <main.out>
ENTRY POINT SYMBOL: "_c_int00_noargs"  address: 0000151d


MEMORY CONFIGURATION

         name            origin    length      used     unused   attr    fill
----------------------  --------  ---------  --------  --------  ----  --------
  FLASH                 00000000   00020000  00001848  0001e7b8  R  X
  SRAM                  20200000   00008000  0000057d  00007a83  RW X
  BCR_CONFIG            41c00000   000000ff  00000000  000000ff  R   
  BSL_CONFIG            41c00100   00000080  00000000  00000080  R   


SEGMENT ALLOCATION MAP

run origin  load origin   length   init length attrs members
----------  ----------- ---------- ----------- ----- -------
00000000    00000000    00001848   00001848    r-x
  00000000    00000000    000000c0   000000c0    r-- .intvecs
  000000c0    000000c0    000015d0   000015d0    r-x .text
  00001690    00001690    00000188   00000188    r-- .rodata
  00001818    00001818    00000030   00000030    r-- .cinit
20200000    20200000    0000037d   00000000    rw-
  20200000    20200000    0000037a   00000000    rw- .bss
  2020037a    2020037a    00000003   00000000    rw- .data
20207e00    20207e00    00000200   00000000    rw-
  20207e00    20207e00    00000200   00000000    rw- .stack


SECTION ALLOCATION MAP

 output                                  attributes/
section   page    origin      length       input sections
--------  ----  ----------  ----------   ----------------
.intvecs   0    00000000    000000c0     
                  00000000    000000c0     startup_mspm0g350x_ticlang.o (.intvecs)

.text      0    000000c0    000015d0     
                  000000c0    0000038c     main.o (.text.main)
                  0000044c    000002e4     motor_control.o (.text.MotorControl_update)
                  00000730    00000120     ti_msp_dl_config.o (.text.SYSCFG_DL_GPIO_init)
                  00000850    00000104     driverlib.a : dl_timer.o (.text.DL_Timer_initFourCCPWMMode)
                  00000954    000000fc                 : dl_timer.o (.text.DL_Timer_initTimerMode)
                  00000a50    000000d8     libclang_rt.builtins.a : addsf3.S.obj (.text)
                  00000b28    0000009a     libc.a : memcpy16.S.obj (.text:memcpy)
                  00000bc2    00000002     startup_mspm0g350x_ticlang.o (.text.Default_Handler)
                  00000bc4    00000090     ti_msp_dl_config.o (.text.SYSCFG_DL_PWM_MOTOR_AB_init)
                  00000c54    00000090     ti_msp_dl_config.o (.text.SYSCFG_DL_PWM_MOTOR_CD_init)
                  00000ce4    0000008c     libclang_rt.builtins.a : comparesf2.S.obj (.text)
                  00000d70    0000008c                            : mulsf3.S.obj (.text)
                  00000dfc    00000082                            : divsf3.S.obj (.text)
                  00000e7e    00000002                            : aeabi_div0.c.obj (.text.__aeabi_idiv0)
                  00000e80    00000080     main.o (.text.GROUP1_IRQHandler)
                  00000f00    0000007c     libc.a : copy_decompress_lzss.c.obj (.text:decompress:lzss)
                  00000f7c    00000070     ti_msp_dl_config.o (.text.SYSCFG_DL_UART_0_init)
                  00000fec    00000070     ti_msp_dl_config.o (.text.SYSCFG_DL_initPower)
                  0000105c    00000064     main.o (.text.UART0_IRQHandler)
                  000010c0    00000062     libc.a : memset16.S.obj (.text:memset)
                  00001122    00000002     --HOLE-- [fill = 0]
                  00001124    00000060     ti_msp_dl_config.o (.text.SYSCFG_DL_UART_1_init)
                  00001184    0000005a     libclang_rt.builtins.a : aeabi_fcmp.S.obj (.text)
                  000011de    00000002     --HOLE-- [fill = 0]
                  000011e0    00000058     motor_control.o (.text.MotorControl_init)
                  00001238    00000056     libclang_rt.builtins.a : aeabi_idivmod.S.obj (.text)
                  0000128e    00000002     --HOLE-- [fill = 0]
                  00001290    00000048     driverlib.a : dl_uart.o (.text.DL_UART_init)
                  000012d8    00000040     ti_msp_dl_config.o (.text.SYSCFG_DL_SYSCTL_init)
                  00001318    00000040     libclang_rt.builtins.a : aeabi_uidivmod.S.obj (.text)
                  00001358    0000003c     ti_msp_dl_config.o (.text.SYSCFG_DL_init)
                  00001394    0000003c     main.o (.text.TIMA1_IRQHandler)
                  000013d0    0000003c     libc.a : autoinit.c.obj (.text:__TI_auto_init_nobinit_nopinit)
                  0000140c    0000003a     libclang_rt.builtins.a : muldsi3.S.obj (.text)
                  00001446    00000002     --HOLE-- [fill = 0]
                  00001448    00000038     ti_msp_dl_config.o (.text.SYSCFG_DL_TIMER_PID_init)
                  00001480    00000038     libclang_rt.builtins.a : fixsfsi.S.obj (.text)
                  000014b8    00000032     motor_control.o (.text.MotorControl_handleEncoderEdge)
                  000014ea    00000002     --HOLE-- [fill = 0]
                  000014ec    00000030     ti_msp_dl_config.o (.text.SYSCFG_DL_I2C_0_init)
                  0000151c    00000028     libc.a : boot_cortex_m.c.obj (.text:_c_int00_noargs)
                  00001544    00000028     libclang_rt.builtins.a : floatunsisf.S.obj (.text)
                  0000156c    00000026     driverlib.a : dl_i2c.o (.text.DL_I2C_setClockConfig)
                  00001592    00000002     --HOLE-- [fill = 0]
                  00001594    0000001c                 : dl_timer.o (.text.DL_Timer_setCaptCompUpdateMethod)
                  000015b0    0000001c                 : dl_timer.o (.text.DL_Timer_setClockConfig)
                  000015cc    0000001a     libclang_rt.builtins.a : aeabi_memset.S.obj (.text)
                  000015e6    00000002     --HOLE-- [fill = 0]
                  000015e8    00000018     driverlib.a : dl_timer.o (.text.DL_Timer_setCaptureCompareOutCtl)
                  00001600    00000018     motor_control.o (.text.MotorControl_setTargetRpm)
                  00001618    00000016     libc.a : copy_zero_init.c.obj (.text:decompress:ZI:__TI_zero_init_nomemset)
                  0000162e    00000012     driverlib.a : dl_uart.o (.text.DL_UART_setClockConfig)
                  00001640    00000012     libc.a : copy_decompress_none.c.obj (.text:decompress:none)
                  00001652    00000002     --HOLE-- [fill = 0]
                  00001654    00000010     driverlib.a : dl_timer.o (.text.DL_Timer_setCaptureCompareValue)
                  00001664    0000000a                 : dl_common.o (.text.DL_Common_delayCycles)
                  0000166e    00000002     --HOLE-- [fill = 0]
                  00001670    00000008     libclang_rt.builtins.a : aeabi_memcpy.S.obj (.text)
                  00001678    00000006     libc.a : exit.c.obj (.text:abort)
                  0000167e    00000004     libsysbm.a : hostexit.c.obj (.text.HOSTexit)
                  00001682    00000004     startup_mspm0g350x_ticlang.o (.text.Reset_Handler)
                  00001686    00000004     libc.a : pre_init.c.obj (.text._system_pre_init)
                  0000168a    00000006     --HOLE-- [fill = 0]

.cinit     0    00001818    00000030     
                  00001818    0000000c     (__TI_handler_table)
                  00001824    00000008     (.cinit..bss.load) [load image, compression = zero_init]
                  0000182c    00000007     (.cinit..data.load) [load image, compression = lzss]
                  00001833    00000001     --HOLE-- [fill = 0]
                  00001834    00000010     (__TI_cinit_table)
                  00001844    00000004     --HOLE-- [fill = 0]

.rodata    0    00001690    00000188     
                  00001690    00000050     main.o (.rodata.gMotorAConfig)
                  000016e0    00000050     main.o (.rodata.gMotorBConfig)
                  00001730    00000050     main.o (.rodata.gMotorCConfig)
                  00001780    00000050     main.o (.rodata.gMotorDConfig)
                  000017d0    00000014     ti_msp_dl_config.o (.rodata.gTIMER_PIDTimerConfig)
                  000017e4    0000000a     ti_msp_dl_config.o (.rodata.gUART_0Config)
                  000017ee    0000000a     ti_msp_dl_config.o (.rodata.gUART_1Config)
                  000017f8    00000008     ti_msp_dl_config.o (.rodata.gPWM_MOTOR_ABConfig)
                  00001800    00000008     ti_msp_dl_config.o (.rodata.gPWM_MOTOR_CDConfig)
                  00001808    00000003     ti_msp_dl_config.o (.rodata.gPWM_MOTOR_ABClockConfig)
                  0000180b    00000003     ti_msp_dl_config.o (.rodata.gPWM_MOTOR_CDClockConfig)
                  0000180e    00000003     ti_msp_dl_config.o (.rodata.gTIMER_PIDClockConfig)
                  00001811    00000002     ti_msp_dl_config.o (.rodata.gI2C_0ClockConfig)
                  00001813    00000002     ti_msp_dl_config.o (.rodata.gUART_0ClockConfig)
                  00001815    00000002     ti_msp_dl_config.o (.rodata.gUART_1ClockConfig)
                  00001817    00000001     --HOLE-- [fill = 0]

.init_array 
*          0    00000000    00000000     UNINITIALIZED

.binit     0    00000000    00000000     

.bss       0    20200000    0000037a     UNINITIALIZED
                  20200000    000000bc     (.common:gPWM_MOTOR_CDBackup)
                  202000bc    000000bc     (.common:gTIMER_PIDBackup)
                  20200178    00000078     main.o (.bss.gMotorA)
                  202001f0    00000078     main.o (.bss.gMotorB)
                  20200268    00000078     main.o (.bss.gMotorC)
                  202002e0    00000078     main.o (.bss.gMotorD)
                  20200358    00000020     main.o (.bss.gUartCommand)
                  20200378    00000001     main.o (.bss.gUartCommandLength)
                  20200379    00000001     main.o (.bss.gUartCommandReady)

.data      0    2020037a    00000003     UNINITIALIZED
                  2020037a    00000002     main.o (.data.gCarSpeedRpm)
                  2020037c    00000001     main.o (.data.gCarTurnInnerPercent)

.stack     0    20207e00    00000200     UNINITIALIZED
                  20207e00    00000004     libc.a : boot_cortex_m.c.obj (.stack)
                  20207e04    000001fc     --HOLE--

__llvm_prf_cnts 
*          0    20200000    00000000     UNINITIALIZED

__llvm_prf_bits 
*          0    20200000    00000000     UNINITIALIZED

MODULE SUMMARY

       Module                         code   ro data   rw data
       ------                         ----   -------   -------
    .\
       main.o                         1196   320       517    
       ti_msp_dl_config.o             1124   71        376    
       motor_control.o                902    0         0      
       startup_mspm0g350x_ticlang.o   6      192       0      
    +--+------------------------------+------+---------+---------+
       Total:                         3228   583       893    
                                                              
    C:/ti/mspm0_sdk_2_11_00_07/source/ti/driverlib/lib/ticlang/m0p/mspm0g1x0x_g3x0x/driverlib.a
       dl_timer.o                     608    0         0      
       dl_uart.o                      90     0         0      
       dl_i2c.o                       38     0         0      
       dl_common.o                    10     0         0      
    +--+------------------------------+------+---------+---------+
       Total:                         746    0         0      
                                                              
    C:\ti\ccs2100\ccs\tools\compiler\ti-cgt-armllvm_5.1.1.LTS\lib\armv6m-ti-none-eabi/c/libc.a
       memcpy16.S.obj                 154    0         0      
       copy_decompress_lzss.c.obj     124    0         0      
       memset16.S.obj                 98     0         0      
       autoinit.c.obj                 60     0         0      
       boot_cortex_m.c.obj            40     0         0      
       copy_zero_init.c.obj           22     0         0      
       copy_decompress_none.c.obj     18     0         0      
       exit.c.obj                     6      0         0      
       pre_init.c.obj                 4      0         0      
    +--+------------------------------+------+---------+---------+
       Total:                         526    0         0      
                                                              
    C:\ti\ccs2100\ccs\tools\compiler\ti-cgt-armllvm_5.1.1.LTS\lib\armv6m-ti-none-eabi/c/libsysbm.a
       hostexit.c.obj                 4      0         0      
    +--+------------------------------+------+---------+---------+
       Total:                         4      0         0      
                                                              
    C:\ti\ccs2100\ccs\tools\compiler\ti-cgt-armllvm_5.1.1.LTS\lib\armv6m-ti-none-eabi/libclang_rt.builtins.a
       addsf3.S.obj                   216    0         0      
       comparesf2.S.obj               140    0         0      
       mulsf3.S.obj                   140    0         0      
       divsf3.S.obj                   130    0         0      
       aeabi_fcmp.S.obj               90     0         0      
       aeabi_idivmod.S.obj            86     0         0      
       aeabi_uidivmod.S.obj           64     0         0      
       muldsi3.S.obj                  58     0         0      
       fixsfsi.S.obj                  56     0         0      
       floatunsisf.S.obj              40     0         0      
       aeabi_memset.S.obj             26     0         0      
       aeabi_memcpy.S.obj             8      0         0      
       aeabi_div0.c.obj               2      0         0      
    +--+------------------------------+------+---------+---------+
       Total:                         1056   0         0      
                                                              
       Stack:                         0      0         512    
       Linker Generated:              0      43        0      
    +--+------------------------------+------+---------+---------+
       Grand Total:                   5560   626       1405   


LINKER GENERATED COPY TABLES

__TI_cinit_table @ 00001834 records: 2, size/record: 8, table size: 16
	.bss: load addr=00001824, load size=00000008 bytes, run addr=20200000, run size=0000037a bytes, compression=zero_init
	.data: load addr=0000182c, load size=00000007 bytes, run addr=2020037a, run size=00000003 bytes, compression=lzss


LINKER GENERATED HANDLER TABLE

__TI_handler_table @ 00001818 records: 3, size/record: 4, table size: 12
	index: 0, handler: __TI_decompress_lzss
	index: 1, handler: __TI_decompress_none
	index: 2, handler: __TI_zero_init


GLOBAL SYMBOLS: SORTED ALPHABETICALLY BY Name 

address   name                            
-------   ----                            
00000bc3  ADC0_IRQHandler                 
00000bc3  ADC1_IRQHandler                 
00000bc3  AES_IRQHandler                  
0000167e  C$$EXIT                         
00000bc3  CANFD0_IRQHandler               
00000bc3  DAC0_IRQHandler                 
00001665  DL_Common_delayCycles           
0000156d  DL_I2C_setClockConfig           
00000851  DL_Timer_initFourCCPWMMode      
00000955  DL_Timer_initTimerMode          
00001595  DL_Timer_setCaptCompUpdateMethod
000015e9  DL_Timer_setCaptureCompareOutCtl
00001655  DL_Timer_setCaptureCompareValue 
000015b1  DL_Timer_setClockConfig         
00001291  DL_UART_init                    
0000162f  DL_UART_setClockConfig          
00000bc3  DMA_IRQHandler                  
00000bc3  Default_Handler                 
00000bc3  GROUP0_IRQHandler               
00000e81  GROUP1_IRQHandler               
0000167f  HOSTexit                        
00000bc3  HardFault_Handler               
00000bc3  I2C0_IRQHandler                 
00000bc3  I2C1_IRQHandler                 
000014b9  MotorControl_handleEncoderEdge  
000011e1  MotorControl_init               
00001601  MotorControl_setTargetRpm       
0000044d  MotorControl_update             
00000bc3  NMI_Handler                     
00000bc3  PendSV_Handler                  
00000bc3  RTC_IRQHandler                  
00001683  Reset_Handler                   
00000bc3  SPI0_IRQHandler                 
00000bc3  SPI1_IRQHandler                 
00000bc3  SVC_Handler                     
00000731  SYSCFG_DL_GPIO_init             
000014ed  SYSCFG_DL_I2C_0_init            
00000bc5  SYSCFG_DL_PWM_MOTOR_AB_init     
00000c55  SYSCFG_DL_PWM_MOTOR_CD_init     
000012d9  SYSCFG_DL_SYSCTL_init           
00001449  SYSCFG_DL_TIMER_PID_init        
00000f7d  SYSCFG_DL_UART_0_init           
00001125  SYSCFG_DL_UART_1_init           
00001359  SYSCFG_DL_init                  
00000fed  SYSCFG_DL_initPower             
00000bc3  SysTick_Handler                 
00000bc3  TIMA0_IRQHandler                
00001395  TIMA1_IRQHandler                
00000bc3  TIMG0_IRQHandler                
00000bc3  TIMG12_IRQHandler               
00000bc3  TIMG6_IRQHandler                
00000bc3  TIMG7_IRQHandler                
00000bc3  TIMG8_IRQHandler                
0000105d  UART0_IRQHandler                
00000bc3  UART1_IRQHandler                
00000bc3  UART2_IRQHandler                
00000bc3  UART3_IRQHandler                
20208000  __STACK_END                     
00000200  __STACK_SIZE                    
00000000  __TI_ATRegion0_region_sz        
00000000  __TI_ATRegion0_src_addr         
00000000  __TI_ATRegion0_trg_addr         
00000000  __TI_ATRegion1_region_sz        
00000000  __TI_ATRegion1_src_addr         
00000000  __TI_ATRegion1_trg_addr         
00000000  __TI_ATRegion2_region_sz        
00000000  __TI_ATRegion2_src_addr         
00000000  __TI_ATRegion2_trg_addr         
00001834  __TI_CINIT_Base                 
00001844  __TI_CINIT_Limit                
00001844  __TI_CINIT_Warm                 
00001818  __TI_Handler_Table_Base         
00001824  __TI_Handler_Table_Limit        
000013d1  __TI_auto_init_nobinit_nopinit  
00000f01  __TI_decompress_lzss            
00001641  __TI_decompress_none            
ffffffff  __TI_pprof_out_hndl             
ffffffff  __TI_prof_data_size             
ffffffff  __TI_prof_data_start            
00000000  __TI_static_base__              
00001619  __TI_zero_init_nomemset         
00000a5b  __addsf3                        
00001481  __aeabi_f2iz                    
00000a5b  __aeabi_fadd                    
00001185  __aeabi_fcmpeq                  
000011bb  __aeabi_fcmpge                  
000011cd  __aeabi_fcmpgt                  
000011a9  __aeabi_fcmple                  
00001197  __aeabi_fcmplt                  
00000d5b  __aeabi_fcmpun                  
00000dfd  __aeabi_fdiv                    
00000d71  __aeabi_fmul                    
00000a51  __aeabi_fsub                    
00001239  __aeabi_idiv                    
00000e7f  __aeabi_idiv0                   
00001239  __aeabi_idivmod                 
000015db  __aeabi_memclr                  
000015db  __aeabi_memclr4                 
000015db  __aeabi_memclr8                 
00001671  __aeabi_memcpy                  
00001671  __aeabi_memcpy4                 
00001671  __aeabi_memcpy8                 
000015cd  __aeabi_memset                  
000015cd  __aeabi_memset4                 
000015cd  __aeabi_memset8                 
00001545  __aeabi_ui2f                    
00001319  __aeabi_uidiv                   
00001319  __aeabi_uidivmod                
ffffffff  __binit__                       
00000ce5  __cmpsf2                        
00000dfd  __divsf3                        
00000ce5  __eqsf2                         
00001481  __fixsfsi                       
00001545  __floatunsisf                   
00000d1f  __gesf2                         
00000d1f  __gtsf2                         
00000ce5  __lesf2                         
00000ce5  __ltsf2                         
UNDEFED   __mpu_init                      
0000140d  __muldsi3                       
00000d71  __mulsf3                        
00000ce5  __nesf2                         
20207e00  __stack                         
20200000  __start___llvm_prf_bits         
20200000  __start___llvm_prf_cnts         
20200000  __stop___llvm_prf_bits          
20200000  __stop___llvm_prf_cnts          
00000a51  __subsf3                        
00000d5b  __unordsf2                      
0000151d  _c_int00_noargs                 
UNDEFED   _system_post_cinit              
00001687  _system_pre_init                
00001679  abort                           
ffffffff  binit                           
20200000  gPWM_MOTOR_CDBackup             
202000bc  gTIMER_PIDBackup                
00000000  interruptVectors                
000000c1  main                            
00000b29  memcpy                          
000010c1  memset                          


GLOBAL SYMBOLS: SORTED BY Symbol Address 

address   name                            
-------   ----                            
00000000  __TI_ATRegion0_region_sz        
00000000  __TI_ATRegion0_src_addr         
00000000  __TI_ATRegion0_trg_addr         
00000000  __TI_ATRegion1_region_sz        
00000000  __TI_ATRegion1_src_addr         
00000000  __TI_ATRegion1_trg_addr         
00000000  __TI_ATRegion2_region_sz        
00000000  __TI_ATRegion2_src_addr         
00000000  __TI_ATRegion2_trg_addr         
00000000  __TI_static_base__              
00000000  interruptVectors                
000000c1  main                            
00000200  __STACK_SIZE                    
0000044d  MotorControl_update             
00000731  SYSCFG_DL_GPIO_init             
00000851  DL_Timer_initFourCCPWMMode      
00000955  DL_Timer_initTimerMode          
00000a51  __aeabi_fsub                    
00000a51  __subsf3                        
00000a5b  __addsf3                        
00000a5b  __aeabi_fadd                    
00000b29  memcpy                          
00000bc3  ADC0_IRQHandler                 
00000bc3  ADC1_IRQHandler                 
00000bc3  AES_IRQHandler                  
00000bc3  CANFD0_IRQHandler               
00000bc3  DAC0_IRQHandler                 
00000bc3  DMA_IRQHandler                  
00000bc3  Default_Handler                 
00000bc3  GROUP0_IRQHandler               
00000bc3  HardFault_Handler               
00000bc3  I2C0_IRQHandler                 
00000bc3  I2C1_IRQHandler                 
00000bc3  NMI_Handler                     
00000bc3  PendSV_Handler                  
00000bc3  RTC_IRQHandler                  
00000bc3  SPI0_IRQHandler                 
00000bc3  SPI1_IRQHandler                 
00000bc3  SVC_Handler                     
00000bc3  SysTick_Handler                 
00000bc3  TIMA0_IRQHandler                
00000bc3  TIMG0_IRQHandler                
00000bc3  TIMG12_IRQHandler               
00000bc3  TIMG6_IRQHandler                
00000bc3  TIMG7_IRQHandler                
00000bc3  TIMG8_IRQHandler                
00000bc3  UART1_IRQHandler                
00000bc3  UART2_IRQHandler                
00000bc3  UART3_IRQHandler                
00000bc5  SYSCFG_DL_PWM_MOTOR_AB_init     
00000c55  SYSCFG_DL_PWM_MOTOR_CD_init     
00000ce5  __cmpsf2                        
00000ce5  __eqsf2                         
00000ce5  __lesf2                         
00000ce5  __ltsf2                         
00000ce5  __nesf2                         
00000d1f  __gesf2                         
00000d1f  __gtsf2                         
00000d5b  __aeabi_fcmpun                  
00000d5b  __unordsf2                      
00000d71  __aeabi_fmul                    
00000d71  __mulsf3                        
00000dfd  __aeabi_fdiv                    
00000dfd  __divsf3                        
00000e7f  __aeabi_idiv0                   
00000e81  GROUP1_IRQHandler               
00000f01  __TI_decompress_lzss            
00000f7d  SYSCFG_DL_UART_0_init           
00000fed  SYSCFG_DL_initPower             
0000105d  UART0_IRQHandler                
000010c1  memset                          
00001125  SYSCFG_DL_UART_1_init           
00001185  __aeabi_fcmpeq                  
00001197  __aeabi_fcmplt                  
000011a9  __aeabi_fcmple                  
000011bb  __aeabi_fcmpge                  
000011cd  __aeabi_fcmpgt                  
000011e1  MotorControl_init               
00001239  __aeabi_idiv                    
00001239  __aeabi_idivmod                 
00001291  DL_UART_init                    
000012d9  SYSCFG_DL_SYSCTL_init           
00001319  __aeabi_uidiv                   
00001319  __aeabi_uidivmod                
00001359  SYSCFG_DL_init                  
00001395  TIMA1_IRQHandler                
000013d1  __TI_auto_init_nobinit_nopinit  
0000140d  __muldsi3                       
00001449  SYSCFG_DL_TIMER_PID_init        
00001481  __aeabi_f2iz                    
00001481  __fixsfsi                       
000014b9  MotorControl_handleEncoderEdge  
000014ed  SYSCFG_DL_I2C_0_init            
0000151d  _c_int00_noargs                 
00001545  __aeabi_ui2f                    
00001545  __floatunsisf                   
0000156d  DL_I2C_setClockConfig           
00001595  DL_Timer_setCaptCompUpdateMethod
000015b1  DL_Timer_setClockConfig         
000015cd  __aeabi_memset                  
000015cd  __aeabi_memset4                 
000015cd  __aeabi_memset8                 
000015db  __aeabi_memclr                  
000015db  __aeabi_memclr4                 
000015db  __aeabi_memclr8                 
000015e9  DL_Timer_setCaptureCompareOutCtl
00001601  MotorControl_setTargetRpm       
00001619  __TI_zero_init_nomemset         
0000162f  DL_UART_setClockConfig          
00001641  __TI_decompress_none            
00001655  DL_Timer_setCaptureCompareValue 
00001665  DL_Common_delayCycles           
00001671  __aeabi_memcpy                  
00001671  __aeabi_memcpy4                 
00001671  __aeabi_memcpy8                 
00001679  abort                           
0000167e  C$$EXIT                         
0000167f  HOSTexit                        
00001683  Reset_Handler                   
00001687  _system_pre_init                
00001818  __TI_Handler_Table_Base         
00001824  __TI_Handler_Table_Limit        
00001834  __TI_CINIT_Base                 
00001844  __TI_CINIT_Limit                
00001844  __TI_CINIT_Warm                 
20200000  __start___llvm_prf_bits         
20200000  __start___llvm_prf_cnts         
20200000  __stop___llvm_prf_bits          
20200000  __stop___llvm_prf_cnts          
20200000  gPWM_MOTOR_CDBackup             
202000bc  gTIMER_PIDBackup                
20207e00  __stack                         
20208000  __STACK_END                     
ffffffff  __TI_pprof_out_hndl             
ffffffff  __TI_prof_data_size             
ffffffff  __TI_prof_data_start            
ffffffff  __binit__                       
ffffffff  binit                           
UNDEFED   __mpu_init                      
UNDEFED   _system_post_cinit              

[140 symbols]
