******************************************************************************
            TI ARM Clang Linker PC v5.1.1                      
******************************************************************************
>> Linked Sun Jul 19 16:28:29 2026

OUTPUT FILE NAME:   <main.out>
ENTRY POINT SYMBOL: "_c_int00_noargs"  address: 00001651


MEMORY CONFIGURATION

         name            origin    length      used     unused   attr    fill
----------------------  --------  ---------  --------  --------  ----  --------
  FLASH                 00000000   00020000  00001890  0001e770  R  X
  SRAM                  20200000   00008000  00000331  00007ccf  RW X
  BCR_CONFIG            41c00000   000000ff  00000000  000000ff  R   
  BSL_CONFIG            41c00100   00000080  00000000  00000080  R   


SEGMENT ALLOCATION MAP

run origin  load origin   length   init length attrs members
----------  ----------- ---------- ----------- ----- -------
00000000    00000000    00001890   00001890    r-x
  00000000    00000000    000000c0   000000c0    r-- .intvecs
  000000c0    000000c0    00001740   00001740    r-x .text
  00001800    00001800    00000078   00000078    r-- .rodata
  00001878    00001878    00000018   00000018    r-- .cinit
20200000    20200000    00000131   00000000    rw-
  20200000    20200000    00000131   00000000    rw- .bss
20207e00    20207e00    00000200   00000000    rw-
  20207e00    20207e00    00000200   00000000    rw- .stack


SECTION ALLOCATION MAP

 output                                  attributes/
section   page    origin      length       input sections
--------  ----  ----------  ----------   ----------------
.intvecs   0    00000000    000000c0     
                  00000000    000000c0     startup_mspm0g350x_ticlang.o (.intvecs)

.text      0    000000c0    00001740     
                  000000c0    0000063c     main.o (.text.main)
                  000006fc    000002d8     motor_control.o (.text.MotorControl_update)
                  000009d4    00000104     driverlib.a : dl_timer.o (.text.DL_Timer_initFourCCPWMMode)
                  00000ad8    000000fc                 : dl_timer.o (.text.DL_Timer_initTimerMode)
                  00000bd4    000000d8     libclang_rt.builtins.a : addsf3.S.obj (.text)
                  00000cac    000000cc     main.o (.text.UART0_IRQHandler)
                  00000d78    000000a2     libclang_rt.builtins.a : udivmoddi4.S.obj (.text)
                  00000e1a    0000009a     libc.a : memcpy16.S.obj (.text:memcpy)
                  00000eb4    00000090     ti_msp_dl_config.o (.text.SYSCFG_DL_PWM_MOTOR_A_init)
                  00000f44    0000008c     libclang_rt.builtins.a : comparesf2.S.obj (.text)
                  00000fd0    0000008c                            : mulsf3.S.obj (.text)
                  0000105c    0000008a     motor_control.o (.text.MotorControl_takeStatus)
                  000010e6    00000002     startup_mspm0g350x_ticlang.o (.text.Default_Handler)
                  000010e8    00000082     libclang_rt.builtins.a : divsf3.S.obj (.text)
                  0000116a    00000002                            : aeabi_div0.c.obj (.text.__aeabi_idiv0)
                  0000116c    00000074     ti_msp_dl_config.o (.text.SYSCFG_DL_GPIO_init)
                  000011e0    00000070     ti_msp_dl_config.o (.text.SYSCFG_DL_UART_0_init)
                  00001250    00000062     libc.a : memset16.S.obj (.text:memset)
                  000012b2    00000002     libclang_rt.builtins.a : aeabi_div0.c.obj (.text.__aeabi_ldiv0)
                  000012b4    0000005a                            : aeabi_fcmp.S.obj (.text)
                  0000130e    00000002     --HOLE-- [fill = 0]
                  00001310    00000058     motor_control.o (.text.MotorControl_init)
                  00001368    00000048     driverlib.a : dl_uart.o (.text.DL_UART_init)
                  000013b0    00000048     ti_msp_dl_config.o (.text.SYSCFG_DL_initPower)
                  000013f8    00000040     ti_msp_dl_config.o (.text.SYSCFG_DL_SYSCTL_init)
                  00001438    00000040     libclang_rt.builtins.a : aeabi_uidivmod.S.obj (.text)
                  00001478    0000003e                            : divmoddi4.c.obj (.text.__divmoddi4)
                  000014b6    00000002     --HOLE-- [fill = 0]
                  000014b8    0000003c     libc.a : autoinit.c.obj (.text:__TI_auto_init_nobinit_nopinit)
                  000014f4    0000003a     libclang_rt.builtins.a : muldsi3.S.obj (.text)
                  0000152e    00000002     --HOLE-- [fill = 0]
                  00001530    00000038     ti_msp_dl_config.o (.text.SYSCFG_DL_TIMER_PID_init)
                  00001568    00000038     libclang_rt.builtins.a : fixsfsi.S.obj (.text)
                  000015a0    00000030     driverlib.a : dl_uart.o (.text.DL_UART_transmitDataBlocking)
                  000015d0    00000030     motor_control.o (.text.MotorControl_handleEncoderEdge)
                  00001600    00000028     main.o (.text.GROUP1_IRQHandler)
                  00001628    00000028     ti_msp_dl_config.o (.text.SYSCFG_DL_init)
                  00001650    00000028     libc.a : boot_cortex_m.c.obj (.text:_c_int00_noargs)
                  00001678    00000028     libclang_rt.builtins.a : floatunsisf.S.obj (.text)
                  000016a0    00000024                            : muldi3.S.obj (.text)
                  000016c4    0000001e                            : ashldi3.S.obj (.text)
                  000016e2    00000002     --HOLE-- [fill = 0]
                  000016e4    0000001c     driverlib.a : dl_timer.o (.text.DL_Timer_setCaptCompUpdateMethod)
                  00001700    0000001c                 : dl_timer.o (.text.DL_Timer_setClockConfig)
                  0000171c    0000001c     main.o (.text.TIMA0_IRQHandler)
                  00001738    0000001a     libclang_rt.builtins.a : aeabi_memset.S.obj (.text)
                  00001752    00000002     --HOLE-- [fill = 0]
                  00001754    00000018     driverlib.a : dl_timer.o (.text.DL_Timer_setCaptureCompareOutCtl)
                  0000176c    00000018     motor_control.o (.text.MotorControl_setTargetRpm)
                  00001784    00000016     libc.a : copy_zero_init.c.obj (.text:decompress:ZI:__TI_zero_init_nomemset)
                  0000179a    00000002     --HOLE-- [fill = 0]
                  0000179c    00000014     libclang_rt.builtins.a : aeabi_ldivmod.S.obj (.text)
                  000017b0    00000012     driverlib.a : dl_uart.o (.text.DL_UART_setClockConfig)
                  000017c2    00000002     --HOLE-- [fill = 0]
                  000017c4    00000010                 : dl_timer.o (.text.DL_Timer_setCaptureCompareValue)
                  000017d4    0000000a                 : dl_common.o (.text.DL_Common_delayCycles)
                  000017de    00000002     --HOLE-- [fill = 0]
                  000017e0    00000008     libclang_rt.builtins.a : aeabi_memcpy.S.obj (.text)
                  000017e8    00000006     libc.a : exit.c.obj (.text:abort)
                  000017ee    00000004     libsysbm.a : hostexit.c.obj (.text.HOSTexit)
                  000017f2    00000004     startup_mspm0g350x_ticlang.o (.text.Reset_Handler)
                  000017f6    00000004     libc.a : pre_init.c.obj (.text._system_pre_init)
                  000017fa    00000006     --HOLE-- [fill = 0]

.cinit     0    00001878    00000018     
                  00001878    00000008     (.cinit..bss.load) [load image, compression = zero_init]
                  00001880    00000004     (__TI_handler_table)
                  00001884    00000008     (__TI_cinit_table)
                  0000188c    00000004     --HOLE-- [fill = 0]

.rodata    0    00001800    00000078     
                  00001800    00000048     main.o (.rodata.gMotorAConfig)
                  00001848    00000014     ti_msp_dl_config.o (.rodata.gTIMER_PIDTimerConfig)
                  0000185c    0000000a     ti_msp_dl_config.o (.rodata.gUART_0Config)
                  00001866    00000002     ti_msp_dl_config.o (.rodata.gUART_0ClockConfig)
                  00001868    00000008     ti_msp_dl_config.o (.rodata.gPWM_MOTOR_AConfig)
                  00001870    00000003     ti_msp_dl_config.o (.rodata.gPWM_MOTOR_AClockConfig)
                  00001873    00000003     ti_msp_dl_config.o (.rodata.gTIMER_PIDClockConfig)
                  00001876    00000002     --HOLE-- [fill = 0]

.init_array 
*          0    00000000    00000000     UNINITIALIZED

.binit     0    00000000    00000000     

.bss       0    20200000    00000131     UNINITIALIZED
                  20200000    000000bc     (.common:gTIMER_PIDBackup)
                  202000bc    00000070     main.o (.bss.gMotorA)
                  2020012c    00000002     main.o (.bss.gRxValue)
                  2020012e    00000001     main.o (.bss.gRxDigitCount)
                  2020012f    00000001     main.o (.bss.gRxInvalid)
                  20200130    00000001     main.o (.bss.gRxNegative)

.stack     0    20207e00    00000200     UNINITIALIZED
                  20207e00    00000004     libc.a : boot_cortex_m.c.obj (.stack)
                  20207e04    000001fc     --HOLE--

__llvm_prf_cnts 
*          0    20200000    00000000     UNINITIALIZED

__llvm_prf_bits 
*          0    20200000    00000000     UNINITIALIZED

MODULE SUMMARY

       Module                         code   ro data   rw data
       ------                         ----   -------   -------
    .\
       main.o                         1868   72        117    
       motor_control.o                1026   0         0      
       ti_msp_dl_config.o             604    46        188    
       startup_mspm0g350x_ticlang.o   6      192       0      
    +--+------------------------------+------+---------+---------+
       Total:                         3504   310       305    
                                                              
    C:/ti/mspm0_sdk_2_11_00_07/source/ti/driverlib/lib/ticlang/m0p/mspm0g1x0x_g3x0x/driverlib.a
       dl_timer.o                     608    0         0      
       dl_uart.o                      138    0         0      
       dl_common.o                    10     0         0      
    +--+------------------------------+------+---------+---------+
       Total:                         756    0         0      
                                                              
    C:\ti\ccs2100\ccs\tools\compiler\ti-cgt-armllvm_5.1.1.LTS\lib\armv6m-ti-none-eabi/c/libc.a
       memcpy16.S.obj                 154    0         0      
       memset16.S.obj                 98     0         0      
       autoinit.c.obj                 60     0         0      
       boot_cortex_m.c.obj            40     0         0      
       copy_zero_init.c.obj           22     0         0      
       exit.c.obj                     6      0         0      
       pre_init.c.obj                 4      0         0      
    +--+------------------------------+------+---------+---------+
       Total:                         384    0         0      
                                                              
    C:\ti\ccs2100\ccs\tools\compiler\ti-cgt-armllvm_5.1.1.LTS\lib\armv6m-ti-none-eabi/c/libsysbm.a
       hostexit.c.obj                 4      0         0      
    +--+------------------------------+------+---------+---------+
       Total:                         4      0         0      
                                                              
    C:\ti\ccs2100\ccs\tools\compiler\ti-cgt-armllvm_5.1.1.LTS\lib\armv6m-ti-none-eabi/libclang_rt.builtins.a
       addsf3.S.obj                   216    0         0      
       udivmoddi4.S.obj               162    0         0      
       comparesf2.S.obj               140    0         0      
       mulsf3.S.obj                   140    0         0      
       divsf3.S.obj                   130    0         0      
       aeabi_fcmp.S.obj               90     0         0      
       aeabi_uidivmod.S.obj           64     0         0      
       divmoddi4.c.obj                62     0         0      
       muldsi3.S.obj                  58     0         0      
       fixsfsi.S.obj                  56     0         0      
       floatunsisf.S.obj              40     0         0      
       muldi3.S.obj                   36     0         0      
       ashldi3.S.obj                  30     0         0      
       aeabi_memset.S.obj             26     0         0      
       aeabi_ldivmod.S.obj            20     0         0      
       aeabi_memcpy.S.obj             8      0         0      
       aeabi_div0.c.obj               4      0         0      
    +--+------------------------------+------+---------+---------+
       Total:                         1282   0         0      
                                                              
       Stack:                         0      0         512    
       Linker Generated:              0      20        0      
    +--+------------------------------+------+---------+---------+
       Grand Total:                   5930   330       817    


LINKER GENERATED COPY TABLES

__TI_cinit_table @ 00001884 records: 1, size/record: 8, table size: 8
	.bss: load addr=00001878, load size=00000008 bytes, run addr=20200000, run size=00000131 bytes, compression=zero_init


LINKER GENERATED HANDLER TABLE

__TI_handler_table @ 00001880 records: 1, size/record: 4, table size: 4
	index: 0, handler: __TI_zero_init


GLOBAL SYMBOLS: SORTED ALPHABETICALLY BY Name 

address   name                            
-------   ----                            
000010e7  ADC0_IRQHandler                 
000010e7  ADC1_IRQHandler                 
000010e7  AES_IRQHandler                  
000017ee  C$$EXIT                         
000010e7  CANFD0_IRQHandler               
000010e7  DAC0_IRQHandler                 
000017d5  DL_Common_delayCycles           
000009d5  DL_Timer_initFourCCPWMMode      
00000ad9  DL_Timer_initTimerMode          
000016e5  DL_Timer_setCaptCompUpdateMethod
00001755  DL_Timer_setCaptureCompareOutCtl
000017c5  DL_Timer_setCaptureCompareValue 
00001701  DL_Timer_setClockConfig         
00001369  DL_UART_init                    
000017b1  DL_UART_setClockConfig          
000015a1  DL_UART_transmitDataBlocking    
000010e7  DMA_IRQHandler                  
000010e7  Default_Handler                 
000010e7  GROUP0_IRQHandler               
00001601  GROUP1_IRQHandler               
000017ef  HOSTexit                        
000010e7  HardFault_Handler               
000010e7  I2C0_IRQHandler                 
000010e7  I2C1_IRQHandler                 
000015d1  MotorControl_handleEncoderEdge  
00001311  MotorControl_init               
0000176d  MotorControl_setTargetRpm       
0000105d  MotorControl_takeStatus         
000006fd  MotorControl_update             
000010e7  NMI_Handler                     
000010e7  PendSV_Handler                  
000010e7  RTC_IRQHandler                  
000017f3  Reset_Handler                   
000010e7  SPI0_IRQHandler                 
000010e7  SPI1_IRQHandler                 
000010e7  SVC_Handler                     
0000116d  SYSCFG_DL_GPIO_init             
00000eb5  SYSCFG_DL_PWM_MOTOR_A_init      
000013f9  SYSCFG_DL_SYSCTL_init           
00001531  SYSCFG_DL_TIMER_PID_init        
000011e1  SYSCFG_DL_UART_0_init           
00001629  SYSCFG_DL_init                  
000013b1  SYSCFG_DL_initPower             
000010e7  SysTick_Handler                 
0000171d  TIMA0_IRQHandler                
000010e7  TIMA1_IRQHandler                
000010e7  TIMG0_IRQHandler                
000010e7  TIMG12_IRQHandler               
000010e7  TIMG6_IRQHandler                
000010e7  TIMG7_IRQHandler                
000010e7  TIMG8_IRQHandler                
00000cad  UART0_IRQHandler                
000010e7  UART1_IRQHandler                
000010e7  UART2_IRQHandler                
000010e7  UART3_IRQHandler                
20208000  __STACK_END                     
00000200  __STACK_SIZE                    
00000000  __TI_ATRegion0_region_sz        
00000000  __TI_ATRegion0_src_addr         
00000000  __TI_ATRegion0_trg_addr         
00000000  __TI_ATRegion1_region_sz        
00000000  __TI_ATRegion1_src_addr         
00000000  __TI_ATRegion1_trg_addr         
00000000  __TI_ATRegion2_region_sz        
00000000  __TI_ATRegion2_src_addr         
00000000  __TI_ATRegion2_trg_addr         
00001884  __TI_CINIT_Base                 
0000188c  __TI_CINIT_Limit                
0000188c  __TI_CINIT_Warm                 
00001880  __TI_Handler_Table_Base         
00001884  __TI_Handler_Table_Limit        
000014b9  __TI_auto_init_nobinit_nopinit  
ffffffff  __TI_pprof_out_hndl             
ffffffff  __TI_prof_data_size             
ffffffff  __TI_prof_data_start            
00000000  __TI_static_base__              
00001785  __TI_zero_init_nomemset         
00000bdf  __addsf3                        
00001569  __aeabi_f2iz                    
00000bdf  __aeabi_fadd                    
000012b5  __aeabi_fcmpeq                  
000012eb  __aeabi_fcmpge                  
000012fd  __aeabi_fcmpgt                  
000012d9  __aeabi_fcmple                  
000012c7  __aeabi_fcmplt                  
00000fbb  __aeabi_fcmpun                  
000010e9  __aeabi_fdiv                    
00000fd1  __aeabi_fmul                    
00000bd5  __aeabi_fsub                    
0000116b  __aeabi_idiv0                   
000012b3  __aeabi_ldiv0                   
0000179d  __aeabi_ldivmod                 
000016c5  __aeabi_llsl                    
000016a1  __aeabi_lmul                    
00001747  __aeabi_memclr                  
00001747  __aeabi_memclr4                 
00001747  __aeabi_memclr8                 
000017e1  __aeabi_memcpy                  
000017e1  __aeabi_memcpy4                 
000017e1  __aeabi_memcpy8                 
00001739  __aeabi_memset                  
00001739  __aeabi_memset4                 
00001739  __aeabi_memset8                 
00001679  __aeabi_ui2f                    
00001439  __aeabi_uidiv                   
00001439  __aeabi_uidivmod                
000016c5  __ashldi3                       
ffffffff  __binit__                       
00000f45  __cmpsf2                        
00001479  __divmoddi4                     
000010e9  __divsf3                        
00000f45  __eqsf2                         
00001569  __fixsfsi                       
00001679  __floatunsisf                   
00000f7f  __gesf2                         
00000f7f  __gtsf2                         
00000f45  __lesf2                         
00000f45  __ltsf2                         
UNDEFED   __mpu_init                      
000016a1  __muldi3                        
000014f5  __muldsi3                       
00000fd1  __mulsf3                        
00000f45  __nesf2                         
20207e00  __stack                         
20200000  __start___llvm_prf_bits         
20200000  __start___llvm_prf_cnts         
20200000  __stop___llvm_prf_bits          
20200000  __stop___llvm_prf_cnts          
00000bd5  __subsf3                        
00000d79  __udivmoddi4                    
00000fbb  __unordsf2                      
00001651  _c_int00_noargs                 
UNDEFED   _system_post_cinit              
000017f7  _system_pre_init                
000017e9  abort                           
ffffffff  binit                           
20200000  gTIMER_PIDBackup                
00000000  interruptVectors                
000000c1  main                            
00000e1b  memcpy                          
00001251  memset                          


GLOBAL SYMBOLS: SORTED BY Symbol Address 

address   name                            
-------   ----                            
00000000  __TI_ATRegion0_region_sz        
00000000  __TI_ATRegion0_src_addr         
00000000  __TI_ATRegion0_trg_addr         
00000000  __TI_ATRegion1_region_sz        
00000000  __TI_ATRegion1_src_addr         
00000000  __TI_ATRegion1_trg_addr         
00000000  __TI_ATRegion2_region_sz        
00000000  __TI_ATRegion2_src_addr         
00000000  __TI_ATRegion2_trg_addr         
00000000  __TI_static_base__              
00000000  interruptVectors                
000000c1  main                            
00000200  __STACK_SIZE                    
000006fd  MotorControl_update             
000009d5  DL_Timer_initFourCCPWMMode      
00000ad9  DL_Timer_initTimerMode          
00000bd5  __aeabi_fsub                    
00000bd5  __subsf3                        
00000bdf  __addsf3                        
00000bdf  __aeabi_fadd                    
00000cad  UART0_IRQHandler                
00000d79  __udivmoddi4                    
00000e1b  memcpy                          
00000eb5  SYSCFG_DL_PWM_MOTOR_A_init      
00000f45  __cmpsf2                        
00000f45  __eqsf2                         
00000f45  __lesf2                         
00000f45  __ltsf2                         
00000f45  __nesf2                         
00000f7f  __gesf2                         
00000f7f  __gtsf2                         
00000fbb  __aeabi_fcmpun                  
00000fbb  __unordsf2                      
00000fd1  __aeabi_fmul                    
00000fd1  __mulsf3                        
0000105d  MotorControl_takeStatus         
000010e7  ADC0_IRQHandler                 
000010e7  ADC1_IRQHandler                 
000010e7  AES_IRQHandler                  
000010e7  CANFD0_IRQHandler               
000010e7  DAC0_IRQHandler                 
000010e7  DMA_IRQHandler                  
000010e7  Default_Handler                 
000010e7  GROUP0_IRQHandler               
000010e7  HardFault_Handler               
000010e7  I2C0_IRQHandler                 
000010e7  I2C1_IRQHandler                 
000010e7  NMI_Handler                     
000010e7  PendSV_Handler                  
000010e7  RTC_IRQHandler                  
000010e7  SPI0_IRQHandler                 
000010e7  SPI1_IRQHandler                 
000010e7  SVC_Handler                     
000010e7  SysTick_Handler                 
000010e7  TIMA1_IRQHandler                
000010e7  TIMG0_IRQHandler                
000010e7  TIMG12_IRQHandler               
000010e7  TIMG6_IRQHandler                
000010e7  TIMG7_IRQHandler                
000010e7  TIMG8_IRQHandler                
000010e7  UART1_IRQHandler                
000010e7  UART2_IRQHandler                
000010e7  UART3_IRQHandler                
000010e9  __aeabi_fdiv                    
000010e9  __divsf3                        
0000116b  __aeabi_idiv0                   
0000116d  SYSCFG_DL_GPIO_init             
000011e1  SYSCFG_DL_UART_0_init           
00001251  memset                          
000012b3  __aeabi_ldiv0                   
000012b5  __aeabi_fcmpeq                  
000012c7  __aeabi_fcmplt                  
000012d9  __aeabi_fcmple                  
000012eb  __aeabi_fcmpge                  
000012fd  __aeabi_fcmpgt                  
00001311  MotorControl_init               
00001369  DL_UART_init                    
000013b1  SYSCFG_DL_initPower             
000013f9  SYSCFG_DL_SYSCTL_init           
00001439  __aeabi_uidiv                   
00001439  __aeabi_uidivmod                
00001479  __divmoddi4                     
000014b9  __TI_auto_init_nobinit_nopinit  
000014f5  __muldsi3                       
00001531  SYSCFG_DL_TIMER_PID_init        
00001569  __aeabi_f2iz                    
00001569  __fixsfsi                       
000015a1  DL_UART_transmitDataBlocking    
000015d1  MotorControl_handleEncoderEdge  
00001601  GROUP1_IRQHandler               
00001629  SYSCFG_DL_init                  
00001651  _c_int00_noargs                 
00001679  __aeabi_ui2f                    
00001679  __floatunsisf                   
000016a1  __aeabi_lmul                    
000016a1  __muldi3                        
000016c5  __aeabi_llsl                    
000016c5  __ashldi3                       
000016e5  DL_Timer_setCaptCompUpdateMethod
00001701  DL_Timer_setClockConfig         
0000171d  TIMA0_IRQHandler                
00001739  __aeabi_memset                  
00001739  __aeabi_memset4                 
00001739  __aeabi_memset8                 
00001747  __aeabi_memclr                  
00001747  __aeabi_memclr4                 
00001747  __aeabi_memclr8                 
00001755  DL_Timer_setCaptureCompareOutCtl
0000176d  MotorControl_setTargetRpm       
00001785  __TI_zero_init_nomemset         
0000179d  __aeabi_ldivmod                 
000017b1  DL_UART_setClockConfig          
000017c5  DL_Timer_setCaptureCompareValue 
000017d5  DL_Common_delayCycles           
000017e1  __aeabi_memcpy                  
000017e1  __aeabi_memcpy4                 
000017e1  __aeabi_memcpy8                 
000017e9  abort                           
000017ee  C$$EXIT                         
000017ef  HOSTexit                        
000017f3  Reset_Handler                   
000017f7  _system_pre_init                
00001880  __TI_Handler_Table_Base         
00001884  __TI_CINIT_Base                 
00001884  __TI_Handler_Table_Limit        
0000188c  __TI_CINIT_Limit                
0000188c  __TI_CINIT_Warm                 
20200000  __start___llvm_prf_bits         
20200000  __start___llvm_prf_cnts         
20200000  __stop___llvm_prf_bits          
20200000  __stop___llvm_prf_cnts          
20200000  gTIMER_PIDBackup                
20207e00  __stack                         
20208000  __STACK_END                     
ffffffff  __TI_pprof_out_hndl             
ffffffff  __TI_prof_data_size             
ffffffff  __TI_prof_data_start            
ffffffff  __binit__                       
ffffffff  binit                           
UNDEFED   __mpu_init                      
UNDEFED   _system_post_cinit              

[141 symbols]
