******************************************************************************
            TI ARM Clang Linker PC v5.1.1                      
******************************************************************************
>> Linked Mon Jul 20 11:54:19 2026

OUTPUT FILE NAME:   <main.out>
ENTRY POINT SYMBOL: "_c_int00_noargs"  address: 00003021


MEMORY CONFIGURATION

         name            origin    length      used     unused   attr    fill
----------------------  --------  ---------  --------  --------  ----  --------
  FLASH                 00000000   00020000  00003490  0001cb70  R  X
  SRAM                  20200000   00008000  000005dd  00007a23  RW X
  BCR_CONFIG            41c00000   000000ff  00000000  000000ff  R   
  BSL_CONFIG            41c00100   00000080  00000000  00000080  R   


SEGMENT ALLOCATION MAP

run origin  load origin   length   init length attrs members
----------  ----------- ---------- ----------- ----- -------
00000000    00000000    00003490   00003490    r-x
  00000000    00000000    000000c0   000000c0    r-- .intvecs
  000000c0    000000c0    00003148   00003148    r-x .text
  00003208    00003208    00000270   00000270    r-- .rodata
  00003478    00003478    00000018   00000018    r-- .cinit
20200000    20200000    000003dd   00000000    rw-
  20200000    20200000    000003dd   00000000    rw- .bss
20207e00    20207e00    00000200   00000000    rw-
  20207e00    20207e00    00000200   00000000    rw- .stack


SECTION ALLOCATION MAP

 output                                  attributes/
section   page    origin      length       input sections
--------  ----  ----------  ----------   ----------------
.intvecs   0    00000000    000000c0     
                  00000000    000000c0     startup_mspm0g350x_ticlang.o (.intvecs)

.text      0    000000c0    00003148     
                  000000c0    00000fb0     main.o (.text.main)
                  00001070    000002f8     motor_control.o (.text.MotorControl_update)
                  00001368    000002b4     mpu6050_angle.o (.text.MPU6050_Angle_init)
                  0000161c    00000238     angle_turn_control.o (.text.AngleTurnControl_update)
                  00001854    00000238     main.o (.text.UART_reportZAngle)
                  00001a8c    000001d4     mpu6050_angle.o (.text.MPU6050_readRegisters)
                  00001c60    00000138     car_control.o (.text.CarControl_setMotion)
                  00001d98    00000124     ti_msp_dl_config.o (.text.SYSCFG_DL_GPIO_init)
                  00001ebc    00000104     driverlib.a : dl_timer.o (.text.DL_Timer_initFourCCPWMMode)
                  00001fc0    00000104     mpu6050_angle.o (.text.MPU6050_writeRegister)
                  000020c4    000000fc     driverlib.a : dl_timer.o (.text.DL_Timer_initTimerMode)
                  000021c0    000000d8     libclang_rt.builtins.a : addsf3.S.obj (.text)
                  00002298    0000009a     libc.a : memcpy16.S.obj (.text:memcpy)
                  00002332    00000002     startup_mspm0g350x_ticlang.o (.text.Default_Handler)
                  00002334    00000090     ti_msp_dl_config.o (.text.SYSCFG_DL_PWM_MOTOR_AB_init)
                  000023c4    00000090     ti_msp_dl_config.o (.text.SYSCFG_DL_PWM_MOTOR_CD_init)
                  00002454    0000008c     libclang_rt.builtins.a : comparesf2.S.obj (.text)
                  000024e0    0000008c                            : mulsf3.S.obj (.text)
                  0000256c    00000084     angle_turn_control.o (.text.AngleTurnControl_start)
                  000025f0    00000082     libclang_rt.builtins.a : divsf3.S.obj (.text)
                  00002672    00000002                            : aeabi_div0.c.obj (.text.__aeabi_idiv0)
                  00002674    00000080     main.o (.text.GROUP1_IRQHandler)
                  000026f4    00000070     ti_msp_dl_config.o (.text.SYSCFG_DL_UART_0_init)
                  00002764    00000070     ti_msp_dl_config.o (.text.SYSCFG_DL_initPower)
                  000027d4    0000006e     angle_turn_control.o (.text.AngleTurnControl_getCoastDistanceDegrees)
                  00002842    00000002     --HOLE-- [fill = 0]
                  00002844    00000064     main.o (.text.UART0_IRQHandler)
                  000028a8    00000062     libc.a : memset16.S.obj (.text:memset)
                  0000290a    00000002     --HOLE-- [fill = 0]
                  0000290c    00000060     mpu6050_angle.o (.text.MPU6050_Angle_update)
                  0000296c    00000060     ti_msp_dl_config.o (.text.SYSCFG_DL_UART_1_init)
                  000029cc    0000005e     driverlib.a : dl_i2c.o (.text.DL_I2C_fillControllerTXFIFO)
                  00002a2a    00000002     --HOLE-- [fill = 0]
                  00002a2c    0000005a     libclang_rt.builtins.a : aeabi_fcmp.S.obj (.text)
                  00002a86    00000002     --HOLE-- [fill = 0]
                  00002a88    00000058     motor_control.o (.text.MotorControl_init)
                  00002ae0    00000056     libclang_rt.builtins.a : aeabi_idivmod.S.obj (.text)
                  00002b36    00000002     --HOLE-- [fill = 0]
                  00002b38    00000054     ti_msp_dl_config.o (.text.SYSCFG_DL_I2C_MPU6050_init)
                  00002b8c    0000004e     libclang_rt.builtins.a : floatdisf.S.obj (.text)
                  00002bda    00000002     --HOLE-- [fill = 0]
                  00002bdc    00000048     driverlib.a : dl_uart.o (.text.DL_UART_init)
                  00002c24    00000044     main.o (.text.TIMA1_IRQHandler)
                  00002c68    00000040     ti_msp_dl_config.o (.text.SYSCFG_DL_SYSCTL_init)
                  00002ca8    00000040     libclang_rt.builtins.a : aeabi_uidivmod.S.obj (.text)
                  00002ce8    0000003e     car_control.o (.text.CarControl_init)
                  00002d26    00000002     --HOLE-- [fill = 0]
                  00002d28    0000003c     driverlib.a : dl_i2c.o (.text.DL_I2C_flushControllerTXFIFO)
                  00002d64    0000003c     ti_msp_dl_config.o (.text.SYSCFG_DL_init)
                  00002da0    0000003c     libc.a : autoinit.c.obj (.text:__TI_auto_init_nobinit_nopinit)
                  00002ddc    0000003c     libclang_rt.builtins.a : floatsisf.S.obj (.text)
                  00002e18    0000003a     motor_control.o (.text.MotorControl_coast)
                  00002e52    00000002     --HOLE-- [fill = 0]
                  00002e54    0000003a     libclang_rt.builtins.a : muldsi3.S.obj (.text)
                  00002e8e    00000038     angle_turn_control.o (.text.AngleTurnControl_enterCreep)
                  00002ec6    00000002     --HOLE-- [fill = 0]
                  00002ec8    00000038     ti_msp_dl_config.o (.text.SYSCFG_DL_TIMER_PID_init)
                  00002f00    00000038     libclang_rt.builtins.a : fixsfsi.S.obj (.text)
                  00002f38    00000032     motor_control.o (.text.MotorControl_handleEncoderEdge)
                  00002f6a    00000002     --HOLE-- [fill = 0]
                  00002f6c    00000030     driverlib.a : dl_i2c.o (.text.DL_I2C_flushControllerRXFIFO)
                  00002f9c    00000030                 : dl_uart.o (.text.DL_UART_transmitDataBlocking)
                  00002fcc    0000002c     angle_turn_control.o (.text.AngleTurnControl_init)
                  00002ff8    00000028     car_control.o (.text.CarControl_stop)
                  00003020    00000028     libc.a : boot_cortex_m.c.obj (.text:_c_int00_noargs)
                  00003048    00000028     libclang_rt.builtins.a : floatunsisf.S.obj (.text)
                  00003070    00000026     driverlib.a : dl_i2c.o (.text.DL_I2C_setClockConfig)
                  00003096    00000024     angle_turn_control.o (.text.AngleTurnControl_cancel)
                  000030ba    0000001e     car_control.o (.text.CarControl_coast)
                  000030d8    0000001e     motor_control.o (.text.MotorControl_setTargetRpm)
                  000030f6    00000002     --HOLE-- [fill = 0]
                  000030f8    0000001c     driverlib.a : dl_timer.o (.text.DL_Timer_setCaptCompUpdateMethod)
                  00003114    0000001c                 : dl_timer.o (.text.DL_Timer_setClockConfig)
                  00003130    0000001a     libclang_rt.builtins.a : aeabi_memset.S.obj (.text)
                  0000314a    00000002     --HOLE-- [fill = 0]
                  0000314c    00000018     driverlib.a : dl_timer.o (.text.DL_Timer_setCaptureCompareOutCtl)
                  00003164    00000016     libc.a : copy_zero_init.c.obj (.text:decompress:ZI:__TI_zero_init_nomemset)
                  0000317a    00000012     driverlib.a : dl_uart.o (.text.DL_UART_setClockConfig)
                  0000318c    00000010                 : dl_timer.o (.text.DL_Timer_setCaptureCompareValue)
                  0000319c    0000000c     mpu6050_angle.o (.text.MPU6050_Angle_getDeviceId)
                  000031a8    0000000c     mpu6050_angle.o (.text.MPU6050_Angle_getZDegrees)
                  000031b4    0000000c     mpu6050_angle.o (.text.MPU6050_Angle_getZRateDps)
                  000031c0    0000000c     mpu6050_angle.o (.text.MPU6050_Angle_reset)
                  000031cc    0000000a     driverlib.a : dl_common.o (.text.DL_Common_delayCycles)
                  000031d6    00000002     --HOLE-- [fill = 0]
                  000031d8    00000008     libclang_rt.builtins.a : aeabi_memcpy.S.obj (.text)
                  000031e0    00000006     angle_turn_control.o (.text.AngleTurnControl_isActive)
                  000031e6    00000006     car_control.o (.text.CarControl_getSpeedRpm)
                  000031ec    00000006     libc.a : exit.c.obj (.text:abort)
                  000031f2    00000004     car_control.o (.text.CarControl_getTurnInnerPercent)
                  000031f6    00000004     libsysbm.a : hostexit.c.obj (.text.HOSTexit)
                  000031fa    00000004     startup_mspm0g350x_ticlang.o (.text.Reset_Handler)
                  000031fe    00000004     libc.a : pre_init.c.obj (.text._system_pre_init)
                  00003202    00000006     --HOLE-- [fill = 0]

.cinit     0    00003478    00000018     
                  00003478    00000008     (.cinit..bss.load) [load image, compression = zero_init]
                  00003480    00000004     (__TI_handler_table)
                  00003484    00000008     (__TI_cinit_table)
                  0000348c    00000004     --HOLE-- [fill = 0]

.rodata    0    00003208    00000270     
                  00003208    00000050     main.o (.rodata.gMotorAConfig)
                  00003258    00000050     main.o (.rodata.gMotorBConfig)
                  000032a8    00000050     main.o (.rodata.gMotorCConfig)
                  000032f8    00000050     main.o (.rodata.gMotorDConfig)
                  00003348    0000003b     main.o (.rodata.str1.15159059442110792349.1)
                  00003383    00000032     main.o (.rodata.str1.14112174005742061988.1)
                  000033b5    00000027     main.o (.rodata.str1.17100691992556644108.1)
                  000033dc    00000020     main.o (.rodata.gAngleTurnConfig)
                  000033fc    0000001c     main.o (.rodata.gCarConfig)
                  00003418    00000014     ti_msp_dl_config.o (.rodata.gTIMER_PIDTimerConfig)
                  0000342c    00000011     main.o (.rodata.str1.887240019932590441.1)
                  0000343d    00000001     --HOLE-- [fill = 0]
                  0000343e    0000000a     ti_msp_dl_config.o (.rodata.gUART_0Config)
                  00003448    0000000a     ti_msp_dl_config.o (.rodata.gUART_1Config)
                  00003452    00000002     ti_msp_dl_config.o (.rodata.gI2C_MPU6050ClockConfig)
                  00003454    00000008     ti_msp_dl_config.o (.rodata.gPWM_MOTOR_ABConfig)
                  0000345c    00000008     ti_msp_dl_config.o (.rodata.gPWM_MOTOR_CDConfig)
                  00003464    00000003     ti_msp_dl_config.o (.rodata.gPWM_MOTOR_ABClockConfig)
                  00003467    00000003     ti_msp_dl_config.o (.rodata.gPWM_MOTOR_CDClockConfig)
                  0000346a    00000003     ti_msp_dl_config.o (.rodata.gTIMER_PIDClockConfig)
                  0000346d    00000002     ti_msp_dl_config.o (.rodata.gUART_0ClockConfig)
                  0000346f    00000002     ti_msp_dl_config.o (.rodata.gUART_1ClockConfig)
                  00003471    00000007     --HOLE-- [fill = 0]

.init_array 
*          0    00000000    00000000     UNINITIALIZED

.binit     0    00000000    00000000     

.bss       0    20200000    000003dd     UNINITIALIZED
                  20200000    000000bc     (.common:gPWM_MOTOR_CDBackup)
                  202000bc    000000bc     (.common:gTIMER_PIDBackup)
                  20200178    00000078     main.o (.bss.gMotorA)
                  202001f0    00000078     main.o (.bss.gMotorB)
                  20200268    00000078     main.o (.bss.gMotorC)
                  202002e0    00000078     main.o (.bss.gMotorD)
                  20200358    00000034     main.o (.bss.gAngleTurn)
                  2020038c    00000020     main.o (.bss.gCar)
                  202003ac    00000020     main.o (.bss.gUartCommand)
                  202003cc    00000004     mpu6050_angle.o (.bss.gGyroZBiasRaw)
                  202003d0    00000004     mpu6050_angle.o (.bss.gZAngleDegrees)
                  202003d4    00000004     mpu6050_angle.o (.bss.gZRateDps)
                  202003d8    00000001     mpu6050_angle.o (.bss.gDeviceId)
                  202003d9    00000001     main.o (.bss.gMpu6050Ready)
                  202003da    00000001     main.o (.bss.gMpu6050SampleDue)
                  202003db    00000001     main.o (.bss.gUartCommandLength)
                  202003dc    00000001     main.o (.bss.gUartCommandReady)

.stack     0    20207e00    00000200     UNINITIALIZED
                  20207e00    00000004     libc.a : boot_cortex_m.c.obj (.stack)
                  20207e04    000001fc     --HOLE--

__llvm_prf_cnts 
*          0    20200000    00000000     UNINITIALIZED

__llvm_prf_bits 
*          0    20200000    00000000     UNINITIALIZED

MODULE SUMMARY

       Module                         code    ro data   rw data
       ------                         ----    -------   -------
    .\
       main.o                         4880    545       600    
       ti_msp_dl_config.o             1164    71        376    
       mpu6050_angle.o                1564    0         13     
       motor_control.o                986     0         0      
       angle_turn_control.o           952     0         0      
       car_control.o                  454     0         0      
       startup_mspm0g350x_ticlang.o   6       192       0      
    +--+------------------------------+-------+---------+---------+
       Total:                         10006   808       989    
                                                               
    C:/ti/mspm0_sdk_2_11_00_07/source/ti/driverlib/lib/ticlang/m0p/mspm0g1x0x_g3x0x/driverlib.a
       dl_timer.o                     608     0         0      
       dl_i2c.o                       240     0         0      
       dl_uart.o                      138     0         0      
       dl_common.o                    10      0         0      
    +--+------------------------------+-------+---------+---------+
       Total:                         996     0         0      
                                                               
    C:\ti\ccs2100\ccs\tools\compiler\ti-cgt-armllvm_5.1.1.LTS\lib\armv6m-ti-none-eabi/c/libc.a
       memcpy16.S.obj                 154     0         0      
       memset16.S.obj                 98      0         0      
       autoinit.c.obj                 60      0         0      
       boot_cortex_m.c.obj            40      0         0      
       copy_zero_init.c.obj           22      0         0      
       exit.c.obj                     6       0         0      
       pre_init.c.obj                 4       0         0      
    +--+------------------------------+-------+---------+---------+
       Total:                         384     0         0      
                                                               
    C:\ti\ccs2100\ccs\tools\compiler\ti-cgt-armllvm_5.1.1.LTS\lib\armv6m-ti-none-eabi/c/libsysbm.a
       hostexit.c.obj                 4       0         0      
    +--+------------------------------+-------+---------+---------+
       Total:                         4       0         0      
                                                               
    C:\ti\ccs2100\ccs\tools\compiler\ti-cgt-armllvm_5.1.1.LTS\lib\armv6m-ti-none-eabi/libclang_rt.builtins.a
       addsf3.S.obj                   216     0         0      
       comparesf2.S.obj               140     0         0      
       mulsf3.S.obj                   140     0         0      
       divsf3.S.obj                   130     0         0      
       aeabi_fcmp.S.obj               90      0         0      
       aeabi_idivmod.S.obj            86      0         0      
       floatdisf.S.obj                78      0         0      
       aeabi_uidivmod.S.obj           64      0         0      
       floatsisf.S.obj                60      0         0      
       muldsi3.S.obj                  58      0         0      
       fixsfsi.S.obj                  56      0         0      
       floatunsisf.S.obj              40      0         0      
       aeabi_memset.S.obj             26      0         0      
       aeabi_memcpy.S.obj             8       0         0      
       aeabi_div0.c.obj               2       0         0      
    +--+------------------------------+-------+---------+---------+
       Total:                         1194    0         0      
                                                               
       Stack:                         0       0         512    
       Linker Generated:              0       20        0      
    +--+------------------------------+-------+---------+---------+
       Grand Total:                   12584   828       1501   


LINKER GENERATED COPY TABLES

__TI_cinit_table @ 00003484 records: 1, size/record: 8, table size: 8
	.bss: load addr=00003478, load size=00000008 bytes, run addr=20200000, run size=000003dd bytes, compression=zero_init


LINKER GENERATED HANDLER TABLE

__TI_handler_table @ 00003480 records: 1, size/record: 4, table size: 4
	index: 0, handler: __TI_zero_init


GLOBAL SYMBOLS: SORTED ALPHABETICALLY BY Name 

address   name                            
-------   ----                            
00002333  ADC0_IRQHandler                 
00002333  ADC1_IRQHandler                 
00002333  AES_IRQHandler                  
00003097  AngleTurnControl_cancel         
00002fcd  AngleTurnControl_init           
000031e1  AngleTurnControl_isActive       
0000256d  AngleTurnControl_start          
0000161d  AngleTurnControl_update         
000031f6  C$$EXIT                         
00002333  CANFD0_IRQHandler               
000030bb  CarControl_coast                
000031e7  CarControl_getSpeedRpm          
000031f3  CarControl_getTurnInnerPercent  
00002ce9  CarControl_init                 
00001c61  CarControl_setMotion            
00002ff9  CarControl_stop                 
00002333  DAC0_IRQHandler                 
000031cd  DL_Common_delayCycles           
000029cd  DL_I2C_fillControllerTXFIFO     
00002f6d  DL_I2C_flushControllerRXFIFO    
00002d29  DL_I2C_flushControllerTXFIFO    
00003071  DL_I2C_setClockConfig           
00001ebd  DL_Timer_initFourCCPWMMode      
000020c5  DL_Timer_initTimerMode          
000030f9  DL_Timer_setCaptCompUpdateMethod
0000314d  DL_Timer_setCaptureCompareOutCtl
0000318d  DL_Timer_setCaptureCompareValue 
00003115  DL_Timer_setClockConfig         
00002bdd  DL_UART_init                    
0000317b  DL_UART_setClockConfig          
00002f9d  DL_UART_transmitDataBlocking    
00002333  DMA_IRQHandler                  
00002333  Default_Handler                 
00002333  GROUP0_IRQHandler               
00002675  GROUP1_IRQHandler               
000031f7  HOSTexit                        
00002333  HardFault_Handler               
00002333  I2C0_IRQHandler                 
00002333  I2C1_IRQHandler                 
0000319d  MPU6050_Angle_getDeviceId       
000031a9  MPU6050_Angle_getZDegrees       
000031b5  MPU6050_Angle_getZRateDps       
00001369  MPU6050_Angle_init              
000031c1  MPU6050_Angle_reset             
0000290d  MPU6050_Angle_update            
00002e19  MotorControl_coast              
00002f39  MotorControl_handleEncoderEdge  
00002a89  MotorControl_init               
000030d9  MotorControl_setTargetRpm       
00001071  MotorControl_update             
00002333  NMI_Handler                     
00002333  PendSV_Handler                  
00002333  RTC_IRQHandler                  
000031fb  Reset_Handler                   
00002333  SPI0_IRQHandler                 
00002333  SPI1_IRQHandler                 
00002333  SVC_Handler                     
00001d99  SYSCFG_DL_GPIO_init             
00002b39  SYSCFG_DL_I2C_MPU6050_init      
00002335  SYSCFG_DL_PWM_MOTOR_AB_init     
000023c5  SYSCFG_DL_PWM_MOTOR_CD_init     
00002c69  SYSCFG_DL_SYSCTL_init           
00002ec9  SYSCFG_DL_TIMER_PID_init        
000026f5  SYSCFG_DL_UART_0_init           
0000296d  SYSCFG_DL_UART_1_init           
00002d65  SYSCFG_DL_init                  
00002765  SYSCFG_DL_initPower             
00002333  SysTick_Handler                 
00002333  TIMA0_IRQHandler                
00002c25  TIMA1_IRQHandler                
00002333  TIMG0_IRQHandler                
00002333  TIMG12_IRQHandler               
00002333  TIMG6_IRQHandler                
00002333  TIMG7_IRQHandler                
00002333  TIMG8_IRQHandler                
00002845  UART0_IRQHandler                
00002333  UART1_IRQHandler                
00002333  UART2_IRQHandler                
00002333  UART3_IRQHandler                
20208000  __STACK_END                     
00000200  __STACK_SIZE                    
00000000  __TI_ATRegion0_region_sz        
00000000  __TI_ATRegion0_src_addr         
00000000  __TI_ATRegion0_trg_addr         
00000000  __TI_ATRegion1_region_sz        
00000000  __TI_ATRegion1_src_addr         
00000000  __TI_ATRegion1_trg_addr         
00000000  __TI_ATRegion2_region_sz        
00000000  __TI_ATRegion2_src_addr         
00000000  __TI_ATRegion2_trg_addr         
00003484  __TI_CINIT_Base                 
0000348c  __TI_CINIT_Limit                
0000348c  __TI_CINIT_Warm                 
00003480  __TI_Handler_Table_Base         
00003484  __TI_Handler_Table_Limit        
00002da1  __TI_auto_init_nobinit_nopinit  
ffffffff  __TI_pprof_out_hndl             
ffffffff  __TI_prof_data_size             
ffffffff  __TI_prof_data_start            
00000000  __TI_static_base__              
00003165  __TI_zero_init_nomemset         
000021cb  __addsf3                        
00002f01  __aeabi_f2iz                    
000021cb  __aeabi_fadd                    
00002a2d  __aeabi_fcmpeq                  
00002a63  __aeabi_fcmpge                  
00002a75  __aeabi_fcmpgt                  
00002a51  __aeabi_fcmple                  
00002a3f  __aeabi_fcmplt                  
000024cb  __aeabi_fcmpun                  
000025f1  __aeabi_fdiv                    
000024e1  __aeabi_fmul                    
000021c1  __aeabi_fsub                    
00002ddd  __aeabi_i2f                     
00002ae1  __aeabi_idiv                    
00002673  __aeabi_idiv0                   
00002ae1  __aeabi_idivmod                 
00002b8d  __aeabi_l2f                     
0000313f  __aeabi_memclr                  
0000313f  __aeabi_memclr4                 
0000313f  __aeabi_memclr8                 
000031d9  __aeabi_memcpy                  
000031d9  __aeabi_memcpy4                 
000031d9  __aeabi_memcpy8                 
00003131  __aeabi_memset                  
00003131  __aeabi_memset4                 
00003131  __aeabi_memset8                 
00003049  __aeabi_ui2f                    
00002ca9  __aeabi_uidiv                   
00002ca9  __aeabi_uidivmod                
ffffffff  __binit__                       
00002455  __cmpsf2                        
000025f1  __divsf3                        
00002455  __eqsf2                         
00002f01  __fixsfsi                       
00002b8d  __floatdisf                     
00002ddd  __floatsisf                     
00003049  __floatunsisf                   
0000248f  __gesf2                         
0000248f  __gtsf2                         
00002455  __lesf2                         
00002455  __ltsf2                         
UNDEFED   __mpu_init                      
00002e55  __muldsi3                       
000024e1  __mulsf3                        
00002455  __nesf2                         
20207e00  __stack                         
20200000  __start___llvm_prf_bits         
20200000  __start___llvm_prf_cnts         
20200000  __stop___llvm_prf_bits          
20200000  __stop___llvm_prf_cnts          
000021c1  __subsf3                        
000024cb  __unordsf2                      
00003021  _c_int00_noargs                 
UNDEFED   _system_post_cinit              
000031ff  _system_pre_init                
000031ed  abort                           
ffffffff  binit                           
20200000  gPWM_MOTOR_CDBackup             
202000bc  gTIMER_PIDBackup                
00000000  interruptVectors                
000000c1  main                            
00002299  memcpy                          
000028a9  memset                          


GLOBAL SYMBOLS: SORTED BY Symbol Address 

address   name                            
-------   ----                            
00000000  __TI_ATRegion0_region_sz        
00000000  __TI_ATRegion0_src_addr         
00000000  __TI_ATRegion0_trg_addr         
00000000  __TI_ATRegion1_region_sz        
00000000  __TI_ATRegion1_src_addr         
00000000  __TI_ATRegion1_trg_addr         
00000000  __TI_ATRegion2_region_sz        
00000000  __TI_ATRegion2_src_addr         
00000000  __TI_ATRegion2_trg_addr         
00000000  __TI_static_base__              
00000000  interruptVectors                
000000c1  main                            
00000200  __STACK_SIZE                    
00001071  MotorControl_update             
00001369  MPU6050_Angle_init              
0000161d  AngleTurnControl_update         
00001c61  CarControl_setMotion            
00001d99  SYSCFG_DL_GPIO_init             
00001ebd  DL_Timer_initFourCCPWMMode      
000020c5  DL_Timer_initTimerMode          
000021c1  __aeabi_fsub                    
000021c1  __subsf3                        
000021cb  __addsf3                        
000021cb  __aeabi_fadd                    
00002299  memcpy                          
00002333  ADC0_IRQHandler                 
00002333  ADC1_IRQHandler                 
00002333  AES_IRQHandler                  
00002333  CANFD0_IRQHandler               
00002333  DAC0_IRQHandler                 
00002333  DMA_IRQHandler                  
00002333  Default_Handler                 
00002333  GROUP0_IRQHandler               
00002333  HardFault_Handler               
00002333  I2C0_IRQHandler                 
00002333  I2C1_IRQHandler                 
00002333  NMI_Handler                     
00002333  PendSV_Handler                  
00002333  RTC_IRQHandler                  
00002333  SPI0_IRQHandler                 
00002333  SPI1_IRQHandler                 
00002333  SVC_Handler                     
00002333  SysTick_Handler                 
00002333  TIMA0_IRQHandler                
00002333  TIMG0_IRQHandler                
00002333  TIMG12_IRQHandler               
00002333  TIMG6_IRQHandler                
00002333  TIMG7_IRQHandler                
00002333  TIMG8_IRQHandler                
00002333  UART1_IRQHandler                
00002333  UART2_IRQHandler                
00002333  UART3_IRQHandler                
00002335  SYSCFG_DL_PWM_MOTOR_AB_init     
000023c5  SYSCFG_DL_PWM_MOTOR_CD_init     
00002455  __cmpsf2                        
00002455  __eqsf2                         
00002455  __lesf2                         
00002455  __ltsf2                         
00002455  __nesf2                         
0000248f  __gesf2                         
0000248f  __gtsf2                         
000024cb  __aeabi_fcmpun                  
000024cb  __unordsf2                      
000024e1  __aeabi_fmul                    
000024e1  __mulsf3                        
0000256d  AngleTurnControl_start          
000025f1  __aeabi_fdiv                    
000025f1  __divsf3                        
00002673  __aeabi_idiv0                   
00002675  GROUP1_IRQHandler               
000026f5  SYSCFG_DL_UART_0_init           
00002765  SYSCFG_DL_initPower             
00002845  UART0_IRQHandler                
000028a9  memset                          
0000290d  MPU6050_Angle_update            
0000296d  SYSCFG_DL_UART_1_init           
000029cd  DL_I2C_fillControllerTXFIFO     
00002a2d  __aeabi_fcmpeq                  
00002a3f  __aeabi_fcmplt                  
00002a51  __aeabi_fcmple                  
00002a63  __aeabi_fcmpge                  
00002a75  __aeabi_fcmpgt                  
00002a89  MotorControl_init               
00002ae1  __aeabi_idiv                    
00002ae1  __aeabi_idivmod                 
00002b39  SYSCFG_DL_I2C_MPU6050_init      
00002b8d  __aeabi_l2f                     
00002b8d  __floatdisf                     
00002bdd  DL_UART_init                    
00002c25  TIMA1_IRQHandler                
00002c69  SYSCFG_DL_SYSCTL_init           
00002ca9  __aeabi_uidiv                   
00002ca9  __aeabi_uidivmod                
00002ce9  CarControl_init                 
00002d29  DL_I2C_flushControllerTXFIFO    
00002d65  SYSCFG_DL_init                  
00002da1  __TI_auto_init_nobinit_nopinit  
00002ddd  __aeabi_i2f                     
00002ddd  __floatsisf                     
00002e19  MotorControl_coast              
00002e55  __muldsi3                       
00002ec9  SYSCFG_DL_TIMER_PID_init        
00002f01  __aeabi_f2iz                    
00002f01  __fixsfsi                       
00002f39  MotorControl_handleEncoderEdge  
00002f6d  DL_I2C_flushControllerRXFIFO    
00002f9d  DL_UART_transmitDataBlocking    
00002fcd  AngleTurnControl_init           
00002ff9  CarControl_stop                 
00003021  _c_int00_noargs                 
00003049  __aeabi_ui2f                    
00003049  __floatunsisf                   
00003071  DL_I2C_setClockConfig           
00003097  AngleTurnControl_cancel         
000030bb  CarControl_coast                
000030d9  MotorControl_setTargetRpm       
000030f9  DL_Timer_setCaptCompUpdateMethod
00003115  DL_Timer_setClockConfig         
00003131  __aeabi_memset                  
00003131  __aeabi_memset4                 
00003131  __aeabi_memset8                 
0000313f  __aeabi_memclr                  
0000313f  __aeabi_memclr4                 
0000313f  __aeabi_memclr8                 
0000314d  DL_Timer_setCaptureCompareOutCtl
00003165  __TI_zero_init_nomemset         
0000317b  DL_UART_setClockConfig          
0000318d  DL_Timer_setCaptureCompareValue 
0000319d  MPU6050_Angle_getDeviceId       
000031a9  MPU6050_Angle_getZDegrees       
000031b5  MPU6050_Angle_getZRateDps       
000031c1  MPU6050_Angle_reset             
000031cd  DL_Common_delayCycles           
000031d9  __aeabi_memcpy                  
000031d9  __aeabi_memcpy4                 
000031d9  __aeabi_memcpy8                 
000031e1  AngleTurnControl_isActive       
000031e7  CarControl_getSpeedRpm          
000031ed  abort                           
000031f3  CarControl_getTurnInnerPercent  
000031f6  C$$EXIT                         
000031f7  HOSTexit                        
000031fb  Reset_Handler                   
000031ff  _system_pre_init                
00003480  __TI_Handler_Table_Base         
00003484  __TI_CINIT_Base                 
00003484  __TI_Handler_Table_Limit        
0000348c  __TI_CINIT_Limit                
0000348c  __TI_CINIT_Warm                 
20200000  __start___llvm_prf_bits         
20200000  __start___llvm_prf_cnts         
20200000  __stop___llvm_prf_bits          
20200000  __stop___llvm_prf_cnts          
20200000  gPWM_MOTOR_CDBackup             
202000bc  gTIMER_PIDBackup                
20207e00  __stack                         
20208000  __STACK_END                     
ffffffff  __TI_pprof_out_hndl             
ffffffff  __TI_prof_data_size             
ffffffff  __TI_prof_data_start            
ffffffff  __binit__                       
ffffffff  binit                           
UNDEFED   __mpu_init                      
UNDEFED   _system_post_cinit              

[164 symbols]
