******************************************************************************
            TI ARM Clang Linker PC v5.1.1                      
******************************************************************************
>> Linked Mon Jul 27 00:03:16 2026

OUTPUT FILE NAME:   <main.out>
ENTRY POINT SYMBOL: "_c_int00_noargs"  address: 0000b80d


MEMORY CONFIGURATION

         name            origin    length      used     unused   attr    fill
----------------------  --------  ---------  --------  --------  ----  --------
  FLASH                 00000000   00020000  0000c928  000136d8  R  X
  SRAM                  20200000   00008000  0000078c  00007874  RW X
  BCR_CONFIG            41c00000   000000ff  00000000  000000ff  R   
  BSL_CONFIG            41c00100   00000080  00000000  00000080  R   


SEGMENT ALLOCATION MAP

run origin  load origin   length   init length attrs members
----------  ----------- ---------- ----------- ----- -------
00000000    00000000    0000c928   0000c928    r-x
  00000000    00000000    000000c0   000000c0    r-- .intvecs
  000000c0    000000c0    0000ba48   0000ba48    r-x .text
  0000bb08    0000bb08    00000e08   00000e08    r-- .rodata
  0000c910    0000c910    00000018   00000018    r-- .cinit
20200000    20200000    0000058c   00000000    rw-
  20200000    20200000    0000058c   00000000    rw- .bss
20207e00    20207e00    00000200   00000000    rw-
  20207e00    20207e00    00000200   00000000    rw- .stack


SECTION ALLOCATION MAP

 output                                  attributes/
section   page    origin      length       input sections
--------  ----  ----------  ----------   ----------------
.intvecs   0    00000000    000000c0     
                  00000000    000000c0     startup_mspm0g350x_ticlang.o (.intvecs)

.text      0    000000c0    0000ba48     
                  000000c0    00005c40     main.o (.text.main)
                  00005d00    00000954     main.o (.text.LineTracking_update)
                  00006654    00000760     task3_control.o (.text.Task3Control_update)
                  00006db4    000005d4     main.o (.text.UART_reportMotorStatus)
                  00007388    000005b4     task1_control.o (.text.Task1Control_update)
                  0000793c    00000434     task2_control.o (.text.Task2Control_update)
                  00007d70    000003d2     oled.o (.text.OLED_Init)
                  00008142    00000002     startup_mspm0g350x_ticlang.o (.text.Default_Handler)
                  00008144    000002f4     motor_control.o (.text.MotorControl_update)
                  00008438    00000280     oled.o (.text.OLED_ShowTask1Endpoint)
                  000086b8    00000278     mpu6050_angle.o (.text.MPU6050_Angle_initWithProgress)
                  00008930    00000278     oled.o (.text.OLED_ShowTask)
                  00008ba8    0000026c     oled.o (.text.OLED_ShowCalibration)
                  00008e14    00000244     main.o (.text.UART_reportGrayscale)
                  00009058    00000238     main.o (.text.UART_reportZAngle)
                  00009290    00000218     angle_turn_control.o (.text.AngleTurnControl_update)
                  000094a8    000001d4     mpu6050_angle.o (.text.MPU6050_readRegisters)
                  0000967c    000001a0     oled.o (.text.OLED_writeString)
                  0000981c    00000174     grayscale_sensor.o (.text.Grayscale_Sensor_ReadAll)
                  00009990    0000016c     ti_msp_dl_config.o (.text.SYSCFG_DL_GPIO_init)
                  00009afc    0000014c     task_manager.o (.text.TaskManager_update)
                  00009c48    00000138     car_control.o (.text.CarControl_setMotion)
                  00009d80    00000104     driverlib.a : dl_timer.o (.text.DL_Timer_initFourCCPWMMode)
                  00009e84    00000104     mpu6050_angle.o (.text.MPU6050_writeRegister)
                  00009f88    00000104     oled.o (.text.OLED_writeByte)
                  0000a08c    000000fc     driverlib.a : dl_timer.o (.text.DL_Timer_initTimerMode)
                  0000a188    000000f0     angle_turn_control.o (.text.AngleTurnControl_start)
                  0000a278    000000d8     libclang_rt.builtins.a : addsf3.S.obj (.text)
                  0000a350    000000d4     task_manager.o (.text.TaskManager_init)
                  0000a424    000000b0     main.o (.text.UART1_IRQHandler)
                  0000a4d4    000000a2     main.o (.text.Task1_readActiveChannelCount)
                  0000a576    00000002     libclang_rt.builtins.a : aeabi_div0.c.obj (.text.__aeabi_idiv0)
                  0000a578    000000a2                            : udivmoddi4.S.obj (.text)
                  0000a61a    0000009a     libc.a : memcpy16.S.obj (.text:memcpy)
                  0000a6b4    00000090     ti_msp_dl_config.o (.text.SYSCFG_DL_PWM_MOTOR_AB_init)
                  0000a744    00000090     ti_msp_dl_config.o (.text.SYSCFG_DL_PWM_MOTOR_CD_init)
                  0000a7d4    0000008c     libclang_rt.builtins.a : comparesf2.S.obj (.text)
                  0000a860    0000008c                            : mulsf3.S.obj (.text)
                  0000a8ec    0000008a     motor_control.o (.text.MotorControl_takeStatus)
                  0000a976    00000002     libclang_rt.builtins.a : aeabi_div0.c.obj (.text.__aeabi_ldiv0)
                  0000a978    00000082                            : divsf3.S.obj (.text)
                  0000a9fa    00000002     --HOLE-- [fill = 0]
                  0000a9fc    00000080     main.o (.text.GROUP1_IRQHandler)
                  0000aa7c    0000007c     ti_msp_dl_config.o (.text.SYSCFG_DL_initPower)
                  0000aaf8    0000007c     main.o (.text.Task1_readActiveChannelMask)
                  0000ab74    00000070     ti_msp_dl_config.o (.text.SYSCFG_DL_UART_0_init)
                  0000abe4    00000070     ti_msp_dl_config.o (.text.SYSCFG_DL_UART_OPENMV_init)
                  0000ac54    0000006e     angle_turn_control.o (.text.AngleTurnControl_getCoastDistanceDegrees)
                  0000acc2    00000002     --HOLE-- [fill = 0]
                  0000acc4    00000064     main.o (.text.UART0_IRQHandler)
                  0000ad28    00000062     libc.a : memset16.S.obj (.text:memset)
                  0000ad8a    00000002     --HOLE-- [fill = 0]
                  0000ad8c    00000060     mpu6050_angle.o (.text.MPU6050_Angle_update)
                  0000adec    0000005e     driverlib.a : dl_i2c.o (.text.DL_I2C_fillControllerTXFIFO)
                  0000ae4a    00000002     --HOLE-- [fill = 0]
                  0000ae4c    0000005a     libclang_rt.builtins.a : aeabi_fcmp.S.obj (.text)
                  0000aea6    00000002     --HOLE-- [fill = 0]
                  0000aea8    00000058     motor_control.o (.text.MotorControl_init)
                  0000af00    00000056     libclang_rt.builtins.a : aeabi_idivmod.S.obj (.text)
                  0000af56    00000002     --HOLE-- [fill = 0]
                  0000af58    00000054     ti_msp_dl_config.o (.text.SYSCFG_DL_I2C_MPU6050_init)
                  0000afac    00000054     ti_msp_dl_config.o (.text.SYSCFG_DL_I2C_OLED_init)
                  0000b000    00000052     task2_control.o (.text.Task2Control_init)
                  0000b052    00000050     task1_control.o (.text.Task1Control_init)
                  0000b0a2    00000002     --HOLE-- [fill = 0]
                  0000b0a4    0000004e     libclang_rt.builtins.a : floatdisf.S.obj (.text)
                  0000b0f2    00000002     --HOLE-- [fill = 0]
                  0000b0f4    00000048     driverlib.a : dl_uart.o (.text.DL_UART_init)
                  0000b13c    00000044     main.o (.text.LineTracking_resetPid)
                  0000b180    00000044     main.o (.text.TIMA1_IRQHandler)
                  0000b1c4    00000042     task3_control.o (.text.Task3Control_init)
                  0000b206    00000002     --HOLE-- [fill = 0]
                  0000b208    00000040     ti_msp_dl_config.o (.text.SYSCFG_DL_SYSCTL_init)
                  0000b248    00000040     ti_msp_dl_config.o (.text.SYSCFG_DL_init)
                  0000b288    00000040     task2_control.o (.text.Task2Control_reset)
                  0000b2c8    00000040     main.o (.text.UART_sendString)
                  0000b308    00000040     libclang_rt.builtins.a : aeabi_uidivmod.S.obj (.text)
                  0000b348    0000003e     car_control.o (.text.CarControl_init)
                  0000b386    0000003e     task1_control.o (.text.Task1Control_reset)
                  0000b3c4    0000003e     libclang_rt.builtins.a : divmoddi4.c.obj (.text.__divmoddi4)
                  0000b402    00000002     --HOLE-- [fill = 0]
                  0000b404    0000003c     driverlib.a : dl_i2c.o (.text.DL_I2C_flushControllerTXFIFO)
                  0000b440    0000003c     oled.o (.text.OLED_ShowTask2Number)
                  0000b47c    0000003c     oled.o (.text.OLED_ShowTask2Turn)
                  0000b4b8    0000003c     oled.o (.text.OLED_ShowTask3Number)
                  0000b4f4    0000003c     oled.o (.text.OLED_ShowTask3Turn)
                  0000b530    0000003c     libc.a : autoinit.c.obj (.text:__TI_auto_init_nobinit_nopinit)
                  0000b56c    0000003c     libclang_rt.builtins.a : floatsisf.S.obj (.text)
                  0000b5a8    0000003a     motor_control.o (.text.MotorControl_coast)
                  0000b5e2    00000002     --HOLE-- [fill = 0]
                  0000b5e4    0000003a     libclang_rt.builtins.a : muldsi3.S.obj (.text)
                  0000b61e    00000038     angle_turn_control.o (.text.AngleTurnControl_enterCreep)
                  0000b656    00000002     --HOLE-- [fill = 0]
                  0000b658    00000038     ti_msp_dl_config.o (.text.SYSCFG_DL_TIMER_PID_init)
                  0000b690    00000038     libclang_rt.builtins.a : fixsfsi.S.obj (.text)
                  0000b6c8    00000032     motor_control.o (.text.MotorControl_handleEncoderEdge)
                  0000b6fa    00000032     task3_control.o (.text.Task3Control_reset)
                  0000b72c    00000030     driverlib.a : dl_i2c.o (.text.DL_I2C_flushControllerRXFIFO)
                  0000b75c    00000030                 : dl_uart.o (.text.DL_UART_transmitDataBlocking)
                  0000b78c    0000002c     angle_turn_control.o (.text.AngleTurnControl_init)
                  0000b7b8    0000002c     grayscale_sensor.o (.text.Grayscale_Sensor_Init)
                  0000b7e4    00000028     car_control.o (.text.CarControl_stop)
                  0000b80c    00000028     libc.a : boot_cortex_m.c.obj (.text:_c_int00_noargs)
                  0000b834    00000028     libclang_rt.builtins.a : floatunsisf.S.obj (.text)
                  0000b85c    00000026     driverlib.a : dl_i2c.o (.text.DL_I2C_setClockConfig)
                  0000b882    00000024     angle_turn_control.o (.text.AngleTurnControl_cancel)
                  0000b8a6    00000002     --HOLE-- [fill = 0]
                  0000b8a8    00000024     libclang_rt.builtins.a : muldi3.S.obj (.text)
                  0000b8cc    0000001e     car_control.o (.text.CarControl_coast)
                  0000b8ea    0000001e     car_control.o (.text.CarControl_emergencyStop)
                  0000b908    0000001e     motor_control.o (.text.MotorControl_setTargetRpm)
                  0000b926    00000002     --HOLE-- [fill = 0]
                  0000b928    0000001e     libclang_rt.builtins.a : ashldi3.S.obj (.text)
                  0000b946    00000002     --HOLE-- [fill = 0]
                  0000b948    0000001c     driverlib.a : dl_timer.o (.text.DL_Timer_setCaptCompUpdateMethod)
                  0000b964    0000001c                 : dl_timer.o (.text.DL_Timer_setClockConfig)
                  0000b980    0000001a     libclang_rt.builtins.a : aeabi_memset.S.obj (.text)
                  0000b99a    00000002     --HOLE-- [fill = 0]
                  0000b99c    00000018     driverlib.a : dl_timer.o (.text.DL_Timer_setCaptureCompareOutCtl)
                  0000b9b4    00000018     main.o (.text.OLED_showCalibrationProgress)
                  0000b9cc    00000014     main.o (.text.Task1_lineTrackingSetEnabled)
                  0000b9e0    00000014     main.o (.text.Task1_setGreenLed)
                  0000b9f4    00000014     main.o (.text.Task1_setRedLed)
                  0000ba08    00000014     libclang_rt.builtins.a : aeabi_ldivmod.S.obj (.text)
                  0000ba1c    00000012     driverlib.a : dl_uart.o (.text.DL_UART_setClockConfig)
                  0000ba2e    00000002     --HOLE-- [fill = 0]
                  0000ba30    00000010                 : dl_timer.o (.text.DL_Timer_setCaptureCompareValue)
                  0000ba40    00000010     task_manager.o (.text.TaskManager_takeStatusPressed)
                  0000ba50    00000010     task_manager.o (.text.TaskManager_takeStatusReleased)
                  0000ba60    00000010     libc.a : copy_zero_init.c.obj (.text:decompress:ZI)
                  0000ba70    0000000c     mpu6050_angle.o (.text.MPU6050_Angle_getDeviceId)
                  0000ba7c    0000000c     mpu6050_angle.o (.text.MPU6050_Angle_getZDegrees)
                  0000ba88    0000000c     mpu6050_angle.o (.text.MPU6050_Angle_getZRateDps)
                  0000ba94    0000000c     mpu6050_angle.o (.text.MPU6050_Angle_reset)
                  0000baa0    0000000c     main.o (.text.Task1_lineTrackingSetSpeed)
                  0000baac    0000000c     task_manager.o (.text.TaskManager_getActiveTask)
                  0000bab8    0000000c     task_manager.o (.text.TaskManager_getTask1Endpoint)
                  0000bac4    0000000a     driverlib.a : dl_common.o (.text.DL_Common_delayCycles)
                  0000bace    0000000a     task1_control.o (.text.Task1Control_isActive)
                  0000bad8    00000008     libclang_rt.builtins.a : aeabi_memcpy.S.obj (.text)
                  0000bae0    00000006     angle_turn_control.o (.text.AngleTurnControl_isActive)
                  0000bae6    00000006     car_control.o (.text.CarControl_getSpeedRpm)
                  0000baec    00000006     libc.a : exit.c.obj (.text:abort)
                  0000baf2    00000004     car_control.o (.text.CarControl_getTurnInnerPercent)
                  0000baf6    00000004     libsysbm.a : hostexit.c.obj (.text.HOSTexit)
                  0000bafa    00000004     startup_mspm0g350x_ticlang.o (.text.Reset_Handler)
                  0000bafe    00000004     libc.a : pre_init.c.obj (.text._system_pre_init)
                  0000bb02    00000006     --HOLE-- [fill = 0]

.cinit     0    0000c910    00000018     
                  0000c910    00000008     (.cinit..bss.load) [load image, compression = zero_init]
                  0000c918    00000004     (__TI_handler_table)
                  0000c91c    00000008     (__TI_cinit_table)
                  0000c924    00000004     --HOLE-- [fill = 0]

.rodata    0    0000bb08    00000e08     
                  0000bb08    00000050     main.o (.rodata.gMotorAConfig)
                  0000bb58    00000050     main.o (.rodata.gMotorBConfig)
                  0000bba8    00000050     main.o (.rodata.gMotorCConfig)
                  0000bbf8    00000050     main.o (.rodata.gMotorDConfig)
                  0000bc48    0000003c     main.o (.rodata..L__const.main.taskIo)
                  0000bc84    00000039     main.o (.rodata.str1.17100691992556644108.1)
                  0000bcbd    00000036     main.o (.rodata.str1.16856034117330037696.1)
                  0000bcf3    00000036     main.o (.rodata.str1.4237830143243313753.1)
                  0000bd29    00000032     main.o (.rodata.str1.14402440632258215044.1)
                  0000bd5b    00000032     main.o (.rodata.str1.288608917962107522.1)
                  0000bd8d    00000031     main.o (.rodata.str1.2256192789054937243.1)
                  0000bdbe    00000031     main.o (.rodata.str1.5456361711443481037.1)
                  0000bdef    0000002e     main.o (.rodata.str1.10753028060609409702.1)
                  0000be1d    0000002e     main.o (.rodata.str1.8154729771448623357.1)
                  0000be4b    0000002d     main.o (.rodata.str1.17045314124001216156.1)
                  0000be78    0000002d     main.o (.rodata.str1.922313780387552641.1)
                  0000bea5    0000002b     task1_control.o (.rodata.str1.5072012943682014062.1)
                  0000bed0    0000002b     task1_control.o (.rodata.str1.7167319297664269649.1)
                  0000befb    0000002b     main.o (.rodata.str1.7190843550371250464.1)
                  0000bf26    0000002a     main.o (.rodata.str1.9582546670787941090.1)
                  0000bf50    00000029     main.o (.rodata.str1.10992214574315303902.1)
                  0000bf79    00000029     main.o (.rodata.str1.11822182024223342093.1)
                  0000bfa2    00000029     task1_control.o (.rodata.str1.16573475286117157899.1)
                  0000bfcb    00000029     task3_control.o (.rodata.str1.3066080717975895145.1)
                  0000bff4    00000029     task1_control.o (.rodata.str1.9111940014424574115.1)
                  0000c01d    00000028     task3_control.o (.rodata.str1.11808787519652951809.1)
                  0000c045    00000028     main.o (.rodata.str1.1311392489248731986.1)
                  0000c06d    00000028     main.o (.rodata.str1.3060844030163134499.1)
                  0000c095    00000028     main.o (.rodata.str1.6689794204546696417.1)
                  0000c0bd    00000028     main.o (.rodata.str1.8739739109796348711.1)
                  0000c0e5    00000027     main.o (.rodata.str1.10313062130652730376.1)
                  0000c10c    00000027     main.o (.rodata.str1.13782249893155712474.1)
                  0000c133    00000027     main.o (.rodata.str1.5353031162939221829.1)
                  0000c15a    00000027     main.o (.rodata.str1.6891813955777630061.1)
                  0000c181    00000026     main.o (.rodata.str1.10003710380724733530.1)
                  0000c1a7    00000026     main.o (.rodata.str1.13203255162302409502.1)
                  0000c1cd    00000026     task3_control.o (.rodata.str1.17762541261837276227.1)
                  0000c1f3    00000025     main.o (.rodata.str1.14032527501195285070.1)
                  0000c218    00000025     main.o (.rodata.str1.16709704744796600189.1)
                  0000c23d    00000025     task3_control.o (.rodata.str1.4390551223382838700.1)
                  0000c262    00000025     main.o (.rodata.str1.729616968063973023.1)
                  0000c287    00000024     main.o (.rodata.str1.11639152155638730617.1)
                  0000c2ab    00000024     task3_control.o (.rodata.str1.1850700791820965167.1)
                  0000c2cf    00000024     main.o (.rodata.str1.2597068879322958637.1)
                  0000c2f3    00000024     main.o (.rodata.str1.3530083166107438000.1)
                  0000c317    00000023     task3_control.o (.rodata.str1.10714953977156648286.1)
                  0000c33a    00000023     main.o (.rodata.str1.18420373917905513025.1)
                  0000c35d    00000022     task1_control.o (.rodata.str1.10712477198116260179.1)
                  0000c37f    00000022     task3_control.o (.rodata.str1.10894465688668152876.1)
                  0000c3a1    00000022     task3_control.o (.rodata.str1.9174252252544830677.1)
                  0000c3c3    00000021     task1_control.o (.rodata.str1.5329556652197092282.1)
                  0000c3e4    00000021     task1_control.o (.rodata.str1.780947688790857278.1)
                  0000c405    00000003     ti_msp_dl_config.o (.rodata.gPWM_MOTOR_ABClockConfig)
                  0000c408    00000020     main.o (.rodata.gAngleTurnConfig)
                  0000c428    00000020     task3_control.o (.rodata.str1.13799171880534650351.1)
                  0000c448    0000001f     task3_control.o (.rodata.str1.11413199885560925264.1)
                  0000c467    0000001d     task3_control.o (.rodata.str1.12456770628134079107.1)
                  0000c484    0000001d     task1_control.o (.rodata.str1.17703183304565864469.1)
                  0000c4a1    0000001d     task3_control.o (.rodata.str1.18014998611804953487.1)
                  0000c4be    0000001d     task1_control.o (.rodata.str1.5673791145989345652.1)
                  0000c4db    00000001     --HOLE-- [fill = 0]
                  0000c4dc    0000001c     main.o (.rodata.gCarConfig)
                  0000c4f8    0000001c     task3_control.o (.rodata.str1.10757935120034291889.1)
                  0000c514    0000001c     task1_control.o (.rodata.str1.11647944105263845624.1)
                  0000c530    0000001c     task3_control.o (.rodata.str1.13478968704624540161.1)
                  0000c54c    0000001c     task1_control.o (.rodata.str1.13504222442027447956.1)
                  0000c568    0000001c     task3_control.o (.rodata.str1.6077859282985349844.1)
                  0000c584    0000001b     task3_control.o (.rodata.str1.1530538117983905378.1)
                  0000c59f    0000001b     task3_control.o (.rodata.str1.17742943977157018344.1)
                  0000c5ba    0000001a     task1_control.o (.rodata.str1.12698551298906023704.1)
                  0000c5d4    0000001a     task1_control.o (.rodata.str1.1301023707294879454.1)
                  0000c5ee    0000001a     task1_control.o (.rodata.str1.16488425795326280447.1)
                  0000c608    0000001a     task3_control.o (.rodata.str1.18379798598726859586.1)
                  0000c622    0000001a     task3_control.o (.rodata.str1.4657032458276037942.1)
                  0000c63c    0000001a     task1_control.o (.rodata.str1.5073775311335364789.1)
                  0000c656    0000001a     task3_control.o (.rodata.str1.6124995119480340558.1)
                  0000c670    0000001a     task3_control.o (.rodata.str1.9266434510774515849.1)
                  0000c68a    00000019     task1_control.o (.rodata.str1.14105142409552207332.1)
                  0000c6a3    00000019     task3_control.o (.rodata.str1.14615866358383963931.1)
                  0000c6bc    00000019     task3_control.o (.rodata.str1.958059989718987969.1)
                  0000c6d5    00000016     task2_control.o (.rodata.str1.11940043588096350355.1)
                  0000c6eb    00000016     task1_control.o (.rodata.str1.18066269245873339749.1)
                  0000c701    00000003     ti_msp_dl_config.o (.rodata.gPWM_MOTOR_CDClockConfig)
                  0000c704    00000014     ti_msp_dl_config.o (.rodata.gTIMER_PIDTimerConfig)
                  0000c718    00000014     task1_control.o (.rodata.str1.1119584794306885221.1)
                  0000c72c    00000014     task3_control.o (.rodata.str1.11464780133565186819.1)
                  0000c740    00000014     task3_control.o (.rodata.str1.4421287429490978571.1)
                  0000c754    00000014     task1_control.o (.rodata.str1.887100724783716056.1)
                  0000c768    00000014     task1_control.o (.rodata.str1.9681430095799678388.1)
                  0000c77c    00000013     task3_control.o (.rodata.str1.4084967515313157478.1)
                  0000c78f    00000013     main.o (.rodata.str1.6976963560179378225.1)
                  0000c7a2    00000013     task3_control.o (.rodata.str1.7108331918649983267.1)
                  0000c7b5    00000013     task1_control.o (.rodata.str1.7414329305395923872.1)
                  0000c7c8    00000013     task2_control.o (.rodata.str1.779357304166587961.1)
                  0000c7db    00000012     task3_control.o (.rodata.str1.13968557383028585213.1)
                  0000c7ed    00000012     main.o (.rodata.str1.17770841602246103764.1)
                  0000c7ff    00000012     task2_control.o (.rodata.str1.4912559704527292690.1)
                  0000c811    00000011     main.o (.rodata.str1.887240019932590441.1)
                  0000c822    00000002     ti_msp_dl_config.o (.rodata.gI2C_MPU6050ClockConfig)
                  0000c824    00000010     main.o (.rodata..Lswitch.table.main.118)
                  0000c834    00000010     task2_control.o (.rodata.str1.4061836901473561847.1)
                  0000c844    0000000e     main.o (.rodata.str1.15159059442110792349.1)
                  0000c852    0000000b     main.o (.rodata.str1.13030671760666898970.1)
                  0000c85d    0000000b     main.o (.rodata.str1.403738606202455663.1)
                  0000c868    0000000a     ti_msp_dl_config.o (.rodata.gUART_0Config)
                  0000c872    0000000a     ti_msp_dl_config.o (.rodata.gUART_OPENMVConfig)
                  0000c87c    00000008     main.o (.rodata.cst8)
                  0000c884    00000008     ti_msp_dl_config.o (.rodata.gPWM_MOTOR_ABConfig)
                  0000c88c    00000008     ti_msp_dl_config.o (.rodata.gPWM_MOTOR_CDConfig)
                  0000c894    00000005     oled.o (.rodata.OLED_getGlyph.A)
                  0000c899    00000005     oled.o (.rodata.OLED_getGlyph.C)
                  0000c89e    00000005     oled.o (.rodata.OLED_getGlyph.D)
                  0000c8a3    00000005     oled.o (.rodata.OLED_getGlyph.E)
                  0000c8a8    00000005     oled.o (.rodata.OLED_getGlyph.K)
                  0000c8ad    00000005     oled.o (.rodata.OLED_getGlyph.L)
                  0000c8b2    00000005     oled.o (.rodata.OLED_getGlyph.N)
                  0000c8b7    00000005     oled.o (.rodata.OLED_getGlyph.R)
                  0000c8bc    00000005     oled.o (.rodata.OLED_getGlyph.S)
                  0000c8c1    00000005     oled.o (.rodata.OLED_getGlyph.T)
                  0000c8c6    00000005     oled.o (.rodata.OLED_getGlyph.eight)
                  0000c8cb    00000005     oled.o (.rodata.OLED_getGlyph.five)
                  0000c8d0    00000005     oled.o (.rodata.OLED_getGlyph.four)
                  0000c8d5    00000005     oled.o (.rodata.OLED_getGlyph.nine)
                  0000c8da    00000005     oled.o (.rodata.OLED_getGlyph.one)
                  0000c8df    00000005     oled.o (.rodata.OLED_getGlyph.seven)
                  0000c8e4    00000005     oled.o (.rodata.OLED_getGlyph.six)
                  0000c8e9    00000005     oled.o (.rodata.OLED_getGlyph.space)
                  0000c8ee    00000005     oled.o (.rodata.OLED_getGlyph.three)
                  0000c8f3    00000005     oled.o (.rodata.OLED_getGlyph.two)
                  0000c8f8    00000005     oled.o (.rodata.OLED_getGlyph.zero)
                  0000c8fd    00000004     main.o (.rodata.str1.10720410773482754683.1)
                  0000c901    00000004     main.o (.rodata.str1.10865113624938808685.1)
                  0000c905    00000003     ti_msp_dl_config.o (.rodata.gTIMER_PIDClockConfig)
                  0000c908    00000002     ti_msp_dl_config.o (.rodata.gI2C_OLEDClockConfig)
                  0000c90a    00000002     ti_msp_dl_config.o (.rodata.gUART_0ClockConfig)
                  0000c90c    00000002     ti_msp_dl_config.o (.rodata.gUART_OPENMVClockConfig)
                  0000c90e    00000002     --HOLE-- [fill = 0]

.init_array 
*          0    00000000    00000000     UNINITIALIZED

.binit     0    00000000    00000000     

.bss       0    20200000    0000058c     UNINITIALIZED
                  20200000    000000bc     (.common:gPWM_MOTOR_CDBackup)
                  202000bc    000000bc     (.common:gTIMER_PIDBackup)
                  20200178    00000078     main.o (.bss.gMotorA)
                  202001f0    00000078     main.o (.bss.gMotorB)
                  20200268    00000078     main.o (.bss.gMotorC)
                  202002e0    00000078     main.o (.bss.gMotorD)
                  20200358    00000050     main.o (.bss.gTask2Control)
                  202003a8    0000004c     main.o (.bss.gTask1Control)
                  202003f4    0000004c     main.o (.bss.gTask3Control)
                  20200440    00000040     main.o (.bss.gOpenMvDebugRxBuffer)
                  20200480    00000034     main.o (.bss.gAngleTurn)
                  202004b4    00000020     main.o (.bss.gCar)
                  202004d4    00000020     main.o (.bss.gUartCommand)
                  202004f4    00000010     main.o (.bss.UART_serviceMotorStatus.motorAStatus)
                  20200504    00000010     main.o (.bss.UART_serviceMotorStatus.motorBStatus)
                  20200514    00000010     main.o (.bss.UART_serviceMotorStatus.motorCStatus)
                  20200524    00000010     main.o (.bss.UART_serviceMotorStatus.motorDStatus)
                  20200534    00000004     mpu6050_angle.o (.bss.gGyroZBiasRaw)
                  20200538    00000008     main.o (.bss.gLineFilteredValues)
                  20200540    00000008     main.o (.bss.gLinePendingCount)
                  20200548    00000008     main.o (.bss.gLinePendingValues)
                  20200550    00000004     main.o (.bss.gLineTrackingIntegral)
                  20200554    00000004     mpu6050_angle.o (.bss.gZAngleDegrees)
                  20200558    00000004     mpu6050_angle.o (.bss.gZRateDps)
                  2020055c    00000002     main.o (.bss.gLineTrackingBaseSpeedRpm)
                  2020055e    00000002     main.o (.bss.gLineTrackingLastErr)
                  20200560    00000001     main.o (.bss.UART_serviceMotorStatus.motorAStatusReady)
                  20200561    00000001     main.o (.bss.UART_serviceMotorStatus.motorBStatusReady)
                  20200562    00000001     main.o (.bss.UART_serviceMotorStatus.motorCStatusReady)
                  20200563    00000001     main.o (.bss.UART_serviceMotorStatus.motorDStatusReady)
                  20200564    00000001     task_manager.o (.bss.gActiveTask)
                  20200565    00000001     mpu6050_angle.o (.bss.gDeviceId)
                  20200566    00000001     main.o (.bss.gGrayscaleStreamDivider)
                  20200567    00000001     main.o (.bss.gGrayscaleStreamEnabled)
                  20200568    00000001     main.o (.bss.gLineFilterReady)
                  20200569    00000001     main.o (.bss.gLineTrackingDebugDivider)
                  2020056a    00000001     main.o (.bss.gLineTrackingDebugEnabled)
                  2020056b    00000001     main.o (.bss.gLineTrackingEnabled)
                  2020056c    00000001     main.o (.bss.gMotorStatusReportOnce)
                  2020056d    00000001     main.o (.bss.gMotorStatusStreamEnabled)
                  2020056e    00000001     main.o (.bss.gMpu6050Ready)
                  2020056f    00000001     main.o (.bss.gMpu6050SampleDue)
                  20200570    00000001     main.o (.bss.gOledReady)
                  20200571    00000001     task_manager.o (.bss.gOledReady)
                  20200572    00000001     main.o (.bss.gOpenMvDebugEnabled)
                  20200573    00000001     main.o (.bss.gOpenMvDebugRxHead)
                  20200574    00000001     main.o (.bss.gOpenMvDebugRxOverflow)
                  20200575    00000001     main.o (.bss.gOpenMvDebugRxTail)
                  20200576    00000001     main.o (.bss.gOpenMvDisplayPending)
                  20200577    00000001     main.o (.bss.gOpenMvLastDisplayed)
                  20200578    00000001     main.o (.bss.gOpenMvLastDisplayedTask)
                  20200579    00000001     main.o (.bss.gOpenMvNumber)
                  2020057a    00000001     main.o (.bss.gOpenMvNumberValid)
                  2020057b    00000001     main.o (.bss.gOpenMvTask2NumberPending)
                  2020057c    00000001     main.o (.bss.gOpenMvTask3NumberPending)
                  2020057d    00000001     main.o (.bss.gOpenMvTurnPending)
                  2020057e    00000001     task_manager.o (.bss.gStatusButton.0)
                  2020057f    00000001     task_manager.o (.bss.gStatusButton.1)
                  20200580    00000001     task_manager.o (.bss.gStatusButton.2)
                  20200581    00000001     task_manager.o (.bss.gStatusPressPending)
                  20200582    00000001     task_manager.o (.bss.gStatusReleasePending)
                  20200583    00000001     task_manager.o (.bss.gTask1Endpoint)
                  20200584    00000001     task_manager.o (.bss.gTask1EndpointButton.0)
                  20200585    00000001     task_manager.o (.bss.gTask1EndpointButton.1)
                  20200586    00000001     task_manager.o (.bss.gTask1EndpointButton.2)
                  20200587    00000001     task_manager.o (.bss.gTaskButton.0)
                  20200588    00000001     task_manager.o (.bss.gTaskButton.1)
                  20200589    00000001     task_manager.o (.bss.gTaskButton.2)
                  2020058a    00000001     main.o (.bss.gUartCommandLength)
                  2020058b    00000001     main.o (.bss.gUartCommandReady)

.stack     0    20207e00    00000200     UNINITIALIZED
                  20207e00    00000004     libc.a : boot_cortex_m.c.obj (.stack)
                  20207e04    000001fc     --HOLE--

__llvm_prf_cnts 
*          0    20200000    00000000     UNINITIALIZED

__llvm_prf_bits 
*          0    20200000    00000000     UNINITIALIZED

MODULE SUMMARY

       Module                         code    ro data   rw data
       ------                         ----    -------   -------
    .\
       main.o                         29630   1920      1017   
       oled.o                         3786    105       0      
       task3_control.o                2004    804       0      
       task1_control.o                1612    612       0      
       ti_msp_dl_config.o             1352    73        376    
       mpu6050_angle.o                1504    0         13     
       task2_control.o                1222    75        0      
       motor_control.o                1120    0         0      
       angle_turn_control.o           1028    0         0      
       task_manager.o                 600     0         14     
       car_control.o                  484     0         0      
       grayscale_sensor.o             416     0         0      
       startup_mspm0g350x_ticlang.o   6       192       0      
    +--+------------------------------+-------+---------+---------+
       Total:                         44764   3781      1420   
                                                               
    E:/ti/ccs2100/mspm0_sdk_2_11_00_07/source/ti/driverlib/lib/ticlang/m0p/mspm0g1x0x_g3x0x/driverlib.a
       dl_timer.o                     608     0         0      
       dl_i2c.o                       240     0         0      
       dl_uart.o                      138     0         0      
       dl_common.o                    10      0         0      
    +--+------------------------------+-------+---------+---------+
       Total:                         996     0         0      
                                                               
    E:\ti\ccs2100\ccs\tools\compiler\ti-cgt-armllvm_5.1.1.LTS\lib\armv6m-ti-none-eabi/c/libc.a
       memcpy16.S.obj                 154     0         0      
       memset16.S.obj                 98      0         0      
       autoinit.c.obj                 60      0         0      
       boot_cortex_m.c.obj            40      0         0      
       copy_zero_init.c.obj           16      0         0      
       exit.c.obj                     6       0         0      
       pre_init.c.obj                 4       0         0      
    +--+------------------------------+-------+---------+---------+
       Total:                         378     0         0      
                                                               
    E:\ti\ccs2100\ccs\tools\compiler\ti-cgt-armllvm_5.1.1.LTS\lib\armv6m-ti-none-eabi/c/libsysbm.a
       hostexit.c.obj                 4       0         0      
    +--+------------------------------+-------+---------+---------+
       Total:                         4       0         0      
                                                               
    E:\ti\ccs2100\ccs\tools\compiler\ti-cgt-armllvm_5.1.1.LTS\lib\armv6m-ti-none-eabi/libclang_rt.builtins.a
       addsf3.S.obj                   216     0         0      
       udivmoddi4.S.obj               162     0         0      
       comparesf2.S.obj               140     0         0      
       mulsf3.S.obj                   140     0         0      
       divsf3.S.obj                   130     0         0      
       aeabi_fcmp.S.obj               90      0         0      
       aeabi_idivmod.S.obj            86      0         0      
       floatdisf.S.obj                78      0         0      
       aeabi_uidivmod.S.obj           64      0         0      
       divmoddi4.c.obj                62      0         0      
       floatsisf.S.obj                60      0         0      
       muldsi3.S.obj                  58      0         0      
       fixsfsi.S.obj                  56      0         0      
       floatunsisf.S.obj              40      0         0      
       muldi3.S.obj                   36      0         0      
       ashldi3.S.obj                  30      0         0      
       aeabi_memset.S.obj             26      0         0      
       aeabi_ldivmod.S.obj            20      0         0      
       aeabi_memcpy.S.obj             8       0         0      
       aeabi_div0.c.obj               4       0         0      
    +--+------------------------------+-------+---------+---------+
       Total:                         1506    0         0      
                                                               
       Stack:                         0       0         512    
       Linker Generated:              0       20        0      
    +--+------------------------------+-------+---------+---------+
       Grand Total:                   47648   3801      1932   


LINKER GENERATED COPY TABLES

__TI_cinit_table @ 0000c91c records: 1, size/record: 8, table size: 8
	.bss: load addr=0000c910, load size=00000008 bytes, run addr=20200000, run size=0000058c bytes, compression=zero_init


LINKER GENERATED HANDLER TABLE

__TI_handler_table @ 0000c918 records: 1, size/record: 4, table size: 4
	index: 0, handler: __TI_zero_init


GLOBAL SYMBOLS: SORTED ALPHABETICALLY BY Name 

address   name                            
-------   ----                            
00008143  ADC0_IRQHandler                 
00008143  ADC1_IRQHandler                 
00008143  AES_IRQHandler                  
0000b883  AngleTurnControl_cancel         
0000b78d  AngleTurnControl_init           
0000bae1  AngleTurnControl_isActive       
0000a189  AngleTurnControl_start          
00009291  AngleTurnControl_update         
0000baf6  C$$EXIT                         
00008143  CANFD0_IRQHandler               
0000b8cd  CarControl_coast                
0000b8eb  CarControl_emergencyStop        
0000bae7  CarControl_getSpeedRpm          
0000baf3  CarControl_getTurnInnerPercent  
0000b349  CarControl_init                 
00009c49  CarControl_setMotion            
0000b7e5  CarControl_stop                 
00008143  DAC0_IRQHandler                 
0000bac5  DL_Common_delayCycles           
0000aded  DL_I2C_fillControllerTXFIFO     
0000b72d  DL_I2C_flushControllerRXFIFO    
0000b405  DL_I2C_flushControllerTXFIFO    
0000b85d  DL_I2C_setClockConfig           
00009d81  DL_Timer_initFourCCPWMMode      
0000a08d  DL_Timer_initTimerMode          
0000b949  DL_Timer_setCaptCompUpdateMethod
0000b99d  DL_Timer_setCaptureCompareOutCtl
0000ba31  DL_Timer_setCaptureCompareValue 
0000b965  DL_Timer_setClockConfig         
0000b0f5  DL_UART_init                    
0000ba1d  DL_UART_setClockConfig          
0000b75d  DL_UART_transmitDataBlocking    
00008143  DMA_IRQHandler                  
00008143  Default_Handler                 
00008143  GROUP0_IRQHandler               
0000a9fd  GROUP1_IRQHandler               
0000b7b9  Grayscale_Sensor_Init           
0000981d  Grayscale_Sensor_ReadAll        
0000baf7  HOSTexit                        
00008143  HardFault_Handler               
00008143  I2C0_IRQHandler                 
00008143  I2C1_IRQHandler                 
0000ba71  MPU6050_Angle_getDeviceId       
0000ba7d  MPU6050_Angle_getZDegrees       
0000ba89  MPU6050_Angle_getZRateDps       
000086b9  MPU6050_Angle_initWithProgress  
0000ba95  MPU6050_Angle_reset             
0000ad8d  MPU6050_Angle_update            
0000b5a9  MotorControl_coast              
0000b6c9  MotorControl_handleEncoderEdge  
0000aea9  MotorControl_init               
0000b909  MotorControl_setTargetRpm       
0000a8ed  MotorControl_takeStatus         
00008145  MotorControl_update             
00008143  NMI_Handler                     
00007d71  OLED_Init                       
00008ba9  OLED_ShowCalibration            
00008931  OLED_ShowTask                   
00008439  OLED_ShowTask1Endpoint          
0000b441  OLED_ShowTask2Number            
0000b47d  OLED_ShowTask2Turn              
0000b4b9  OLED_ShowTask3Number            
0000b4f5  OLED_ShowTask3Turn              
00008143  PendSV_Handler                  
00008143  RTC_IRQHandler                  
0000bafb  Reset_Handler                   
00008143  SPI0_IRQHandler                 
00008143  SPI1_IRQHandler                 
00008143  SVC_Handler                     
00009991  SYSCFG_DL_GPIO_init             
0000af59  SYSCFG_DL_I2C_MPU6050_init      
0000afad  SYSCFG_DL_I2C_OLED_init         
0000a6b5  SYSCFG_DL_PWM_MOTOR_AB_init     
0000a745  SYSCFG_DL_PWM_MOTOR_CD_init     
0000b209  SYSCFG_DL_SYSCTL_init           
0000b659  SYSCFG_DL_TIMER_PID_init        
0000ab75  SYSCFG_DL_UART_0_init           
0000abe5  SYSCFG_DL_UART_OPENMV_init      
0000b249  SYSCFG_DL_init                  
0000aa7d  SYSCFG_DL_initPower             
00008143  SysTick_Handler                 
00008143  TIMA0_IRQHandler                
0000b181  TIMA1_IRQHandler                
00008143  TIMG0_IRQHandler                
00008143  TIMG12_IRQHandler               
00008143  TIMG6_IRQHandler                
00008143  TIMG7_IRQHandler                
00008143  TIMG8_IRQHandler                
0000b053  Task1Control_init               
0000bacf  Task1Control_isActive           
0000b387  Task1Control_reset              
00007389  Task1Control_update             
0000b001  Task2Control_init               
0000b289  Task2Control_reset              
0000793d  Task2Control_update             
0000b1c5  Task3Control_init               
0000b6fb  Task3Control_reset              
00006655  Task3Control_update             
0000baad  TaskManager_getActiveTask       
0000bab9  TaskManager_getTask1Endpoint    
0000a351  TaskManager_init                
0000ba41  TaskManager_takeStatusPressed   
0000ba51  TaskManager_takeStatusReleased  
00009afd  TaskManager_update              
0000acc5  UART0_IRQHandler                
0000a425  UART1_IRQHandler                
00008143  UART2_IRQHandler                
00008143  UART3_IRQHandler                
20208000  __STACK_END                     
00000200  __STACK_SIZE                    
00000000  __TI_ATRegion0_region_sz        
00000000  __TI_ATRegion0_src_addr         
00000000  __TI_ATRegion0_trg_addr         
00000000  __TI_ATRegion1_region_sz        
00000000  __TI_ATRegion1_src_addr         
00000000  __TI_ATRegion1_trg_addr         
00000000  __TI_ATRegion2_region_sz        
00000000  __TI_ATRegion2_src_addr         
00000000  __TI_ATRegion2_trg_addr         
0000c91c  __TI_CINIT_Base                 
0000c924  __TI_CINIT_Limit                
0000c924  __TI_CINIT_Warm                 
0000c918  __TI_Handler_Table_Base         
0000c91c  __TI_Handler_Table_Limit        
0000b531  __TI_auto_init_nobinit_nopinit  
ffffffff  __TI_pprof_out_hndl             
ffffffff  __TI_prof_data_size             
ffffffff  __TI_prof_data_start            
00000000  __TI_static_base__              
0000ba61  __TI_zero_init                  
0000a283  __addsf3                        
0000b691  __aeabi_f2iz                    
0000a283  __aeabi_fadd                    
0000ae4d  __aeabi_fcmpeq                  
0000ae83  __aeabi_fcmpge                  
0000ae95  __aeabi_fcmpgt                  
0000ae71  __aeabi_fcmple                  
0000ae5f  __aeabi_fcmplt                  
0000a84b  __aeabi_fcmpun                  
0000a979  __aeabi_fdiv                    
0000a861  __aeabi_fmul                    
0000a279  __aeabi_fsub                    
0000b56d  __aeabi_i2f                     
0000af01  __aeabi_idiv                    
0000a577  __aeabi_idiv0                   
0000af01  __aeabi_idivmod                 
0000b0a5  __aeabi_l2f                     
0000a977  __aeabi_ldiv0                   
0000ba09  __aeabi_ldivmod                 
0000b929  __aeabi_llsl                    
0000b8a9  __aeabi_lmul                    
0000b98f  __aeabi_memclr                  
0000b98f  __aeabi_memclr4                 
0000b98f  __aeabi_memclr8                 
0000bad9  __aeabi_memcpy                  
0000bad9  __aeabi_memcpy4                 
0000bad9  __aeabi_memcpy8                 
0000b981  __aeabi_memset                  
0000b981  __aeabi_memset4                 
0000b981  __aeabi_memset8                 
0000b835  __aeabi_ui2f                    
0000b309  __aeabi_uidiv                   
0000b309  __aeabi_uidivmod                
0000b929  __ashldi3                       
ffffffff  __binit__                       
0000a7d5  __cmpsf2                        
0000b3c5  __divmoddi4                     
0000a979  __divsf3                        
0000a7d5  __eqsf2                         
0000b691  __fixsfsi                       
0000b0a5  __floatdisf                     
0000b56d  __floatsisf                     
0000b835  __floatunsisf                   
0000a80f  __gesf2                         
0000a80f  __gtsf2                         
0000a7d5  __lesf2                         
0000a7d5  __ltsf2                         
UNDEFED   __mpu_init                      
0000b8a9  __muldi3                        
0000b5e5  __muldsi3                       
0000a861  __mulsf3                        
0000a7d5  __nesf2                         
20207e00  __stack                         
20200000  __start___llvm_prf_bits         
20200000  __start___llvm_prf_cnts         
20200000  __stop___llvm_prf_bits          
20200000  __stop___llvm_prf_cnts          
0000a279  __subsf3                        
0000a579  __udivmoddi4                    
0000a84b  __unordsf2                      
0000b80d  _c_int00_noargs                 
UNDEFED   _system_post_cinit              
0000baff  _system_pre_init                
0000baed  abort                           
ffffffff  binit                           
20200000  gPWM_MOTOR_CDBackup             
202000bc  gTIMER_PIDBackup                
00000000  interruptVectors                
000000c1  main                            
0000a61b  memcpy                          
0000ad29  memset                          


GLOBAL SYMBOLS: SORTED BY Symbol Address 

address   name                            
-------   ----                            
00000000  __TI_ATRegion0_region_sz        
00000000  __TI_ATRegion0_src_addr         
00000000  __TI_ATRegion0_trg_addr         
00000000  __TI_ATRegion1_region_sz        
00000000  __TI_ATRegion1_src_addr         
00000000  __TI_ATRegion1_trg_addr         
00000000  __TI_ATRegion2_region_sz        
00000000  __TI_ATRegion2_src_addr         
00000000  __TI_ATRegion2_trg_addr         
00000000  __TI_static_base__              
00000000  interruptVectors                
000000c1  main                            
00000200  __STACK_SIZE                    
00006655  Task3Control_update             
00007389  Task1Control_update             
0000793d  Task2Control_update             
00007d71  OLED_Init                       
00008143  ADC0_IRQHandler                 
00008143  ADC1_IRQHandler                 
00008143  AES_IRQHandler                  
00008143  CANFD0_IRQHandler               
00008143  DAC0_IRQHandler                 
00008143  DMA_IRQHandler                  
00008143  Default_Handler                 
00008143  GROUP0_IRQHandler               
00008143  HardFault_Handler               
00008143  I2C0_IRQHandler                 
00008143  I2C1_IRQHandler                 
00008143  NMI_Handler                     
00008143  PendSV_Handler                  
00008143  RTC_IRQHandler                  
00008143  SPI0_IRQHandler                 
00008143  SPI1_IRQHandler                 
00008143  SVC_Handler                     
00008143  SysTick_Handler                 
00008143  TIMA0_IRQHandler                
00008143  TIMG0_IRQHandler                
00008143  TIMG12_IRQHandler               
00008143  TIMG6_IRQHandler                
00008143  TIMG7_IRQHandler                
00008143  TIMG8_IRQHandler                
00008143  UART2_IRQHandler                
00008143  UART3_IRQHandler                
00008145  MotorControl_update             
00008439  OLED_ShowTask1Endpoint          
000086b9  MPU6050_Angle_initWithProgress  
00008931  OLED_ShowTask                   
00008ba9  OLED_ShowCalibration            
00009291  AngleTurnControl_update         
0000981d  Grayscale_Sensor_ReadAll        
00009991  SYSCFG_DL_GPIO_init             
00009afd  TaskManager_update              
00009c49  CarControl_setMotion            
00009d81  DL_Timer_initFourCCPWMMode      
0000a08d  DL_Timer_initTimerMode          
0000a189  AngleTurnControl_start          
0000a279  __aeabi_fsub                    
0000a279  __subsf3                        
0000a283  __addsf3                        
0000a283  __aeabi_fadd                    
0000a351  TaskManager_init                
0000a425  UART1_IRQHandler                
0000a577  __aeabi_idiv0                   
0000a579  __udivmoddi4                    
0000a61b  memcpy                          
0000a6b5  SYSCFG_DL_PWM_MOTOR_AB_init     
0000a745  SYSCFG_DL_PWM_MOTOR_CD_init     
0000a7d5  __cmpsf2                        
0000a7d5  __eqsf2                         
0000a7d5  __lesf2                         
0000a7d5  __ltsf2                         
0000a7d5  __nesf2                         
0000a80f  __gesf2                         
0000a80f  __gtsf2                         
0000a84b  __aeabi_fcmpun                  
0000a84b  __unordsf2                      
0000a861  __aeabi_fmul                    
0000a861  __mulsf3                        
0000a8ed  MotorControl_takeStatus         
0000a977  __aeabi_ldiv0                   
0000a979  __aeabi_fdiv                    
0000a979  __divsf3                        
0000a9fd  GROUP1_IRQHandler               
0000aa7d  SYSCFG_DL_initPower             
0000ab75  SYSCFG_DL_UART_0_init           
0000abe5  SYSCFG_DL_UART_OPENMV_init      
0000acc5  UART0_IRQHandler                
0000ad29  memset                          
0000ad8d  MPU6050_Angle_update            
0000aded  DL_I2C_fillControllerTXFIFO     
0000ae4d  __aeabi_fcmpeq                  
0000ae5f  __aeabi_fcmplt                  
0000ae71  __aeabi_fcmple                  
0000ae83  __aeabi_fcmpge                  
0000ae95  __aeabi_fcmpgt                  
0000aea9  MotorControl_init               
0000af01  __aeabi_idiv                    
0000af01  __aeabi_idivmod                 
0000af59  SYSCFG_DL_I2C_MPU6050_init      
0000afad  SYSCFG_DL_I2C_OLED_init         
0000b001  Task2Control_init               
0000b053  Task1Control_init               
0000b0a5  __aeabi_l2f                     
0000b0a5  __floatdisf                     
0000b0f5  DL_UART_init                    
0000b181  TIMA1_IRQHandler                
0000b1c5  Task3Control_init               
0000b209  SYSCFG_DL_SYSCTL_init           
0000b249  SYSCFG_DL_init                  
0000b289  Task2Control_reset              
0000b309  __aeabi_uidiv                   
0000b309  __aeabi_uidivmod                
0000b349  CarControl_init                 
0000b387  Task1Control_reset              
0000b3c5  __divmoddi4                     
0000b405  DL_I2C_flushControllerTXFIFO    
0000b441  OLED_ShowTask2Number            
0000b47d  OLED_ShowTask2Turn              
0000b4b9  OLED_ShowTask3Number            
0000b4f5  OLED_ShowTask3Turn              
0000b531  __TI_auto_init_nobinit_nopinit  
0000b56d  __aeabi_i2f                     
0000b56d  __floatsisf                     
0000b5a9  MotorControl_coast              
0000b5e5  __muldsi3                       
0000b659  SYSCFG_DL_TIMER_PID_init        
0000b691  __aeabi_f2iz                    
0000b691  __fixsfsi                       
0000b6c9  MotorControl_handleEncoderEdge  
0000b6fb  Task3Control_reset              
0000b72d  DL_I2C_flushControllerRXFIFO    
0000b75d  DL_UART_transmitDataBlocking    
0000b78d  AngleTurnControl_init           
0000b7b9  Grayscale_Sensor_Init           
0000b7e5  CarControl_stop                 
0000b80d  _c_int00_noargs                 
0000b835  __aeabi_ui2f                    
0000b835  __floatunsisf                   
0000b85d  DL_I2C_setClockConfig           
0000b883  AngleTurnControl_cancel         
0000b8a9  __aeabi_lmul                    
0000b8a9  __muldi3                        
0000b8cd  CarControl_coast                
0000b8eb  CarControl_emergencyStop        
0000b909  MotorControl_setTargetRpm       
0000b929  __aeabi_llsl                    
0000b929  __ashldi3                       
0000b949  DL_Timer_setCaptCompUpdateMethod
0000b965  DL_Timer_setClockConfig         
0000b981  __aeabi_memset                  
0000b981  __aeabi_memset4                 
0000b981  __aeabi_memset8                 
0000b98f  __aeabi_memclr                  
0000b98f  __aeabi_memclr4                 
0000b98f  __aeabi_memclr8                 
0000b99d  DL_Timer_setCaptureCompareOutCtl
0000ba09  __aeabi_ldivmod                 
0000ba1d  DL_UART_setClockConfig          
0000ba31  DL_Timer_setCaptureCompareValue 
0000ba41  TaskManager_takeStatusPressed   
0000ba51  TaskManager_takeStatusReleased  
0000ba61  __TI_zero_init                  
0000ba71  MPU6050_Angle_getDeviceId       
0000ba7d  MPU6050_Angle_getZDegrees       
0000ba89  MPU6050_Angle_getZRateDps       
0000ba95  MPU6050_Angle_reset             
0000baad  TaskManager_getActiveTask       
0000bab9  TaskManager_getTask1Endpoint    
0000bac5  DL_Common_delayCycles           
0000bacf  Task1Control_isActive           
0000bad9  __aeabi_memcpy                  
0000bad9  __aeabi_memcpy4                 
0000bad9  __aeabi_memcpy8                 
0000bae1  AngleTurnControl_isActive       
0000bae7  CarControl_getSpeedRpm          
0000baed  abort                           
0000baf3  CarControl_getTurnInnerPercent  
0000baf6  C$$EXIT                         
0000baf7  HOSTexit                        
0000bafb  Reset_Handler                   
0000baff  _system_pre_init                
0000c918  __TI_Handler_Table_Base         
0000c91c  __TI_CINIT_Base                 
0000c91c  __TI_Handler_Table_Limit        
0000c924  __TI_CINIT_Limit                
0000c924  __TI_CINIT_Warm                 
20200000  __start___llvm_prf_bits         
20200000  __start___llvm_prf_cnts         
20200000  __stop___llvm_prf_bits          
20200000  __stop___llvm_prf_cnts          
20200000  gPWM_MOTOR_CDBackup             
202000bc  gTIMER_PIDBackup                
20207e00  __stack                         
20208000  __STACK_END                     
ffffffff  __TI_pprof_out_hndl             
ffffffff  __TI_prof_data_size             
ffffffff  __TI_prof_data_start            
ffffffff  __binit__                       
ffffffff  binit                           
UNDEFED   __mpu_init                      
UNDEFED   _system_post_cinit              

[201 symbols]
