******************************************************************************
            TI ARM Clang Linker PC v5.1.1                      
******************************************************************************
>> Linked Sun Jul 26 14:58:36 2026

OUTPUT FILE NAME:   <main.out>
ENTRY POINT SYMBOL: "_c_int00_noargs"  address: 0000b641


MEMORY CONFIGURATION

         name            origin    length      used     unused   attr    fill
----------------------  --------  ---------  --------  --------  ----  --------
  FLASH                 00000000   00020000  0000c2e8  00013d18  R  X
  SRAM                  20200000   00008000  000006b6  0000794a  RW X
  BCR_CONFIG            41c00000   000000ff  00000000  000000ff  R   
  BSL_CONFIG            41c00100   00000080  00000000  00000080  R   


SEGMENT ALLOCATION MAP

run origin  load origin   length   init length attrs members
----------  ----------- ---------- ----------- ----- -------
00000000    00000000    0000c2e8   0000c2e8    r-x
  00000000    00000000    000000c0   000000c0    r-- .intvecs
  000000c0    000000c0    0000b870   0000b870    r-x .text
  0000b930    0000b930    000009a0   000009a0    r-- .rodata
  0000c2d0    0000c2d0    00000018   00000018    r-- .cinit
20200000    20200000    000004b6   00000000    rw-
  20200000    20200000    000004b6   00000000    rw- .bss
20207e00    20207e00    00000200   00000000    rw-
  20207e00    20207e00    00000200   00000000    rw- .stack


SECTION ALLOCATION MAP

 output                                  attributes/
section   page    origin      length       input sections
--------  ----  ----------  ----------   ----------------
.intvecs   0    00000000    000000c0     
                  00000000    000000c0     startup_mspm0g350x_ticlang.o (.intvecs)

.text      0    000000c0    0000b870     
                  000000c0    00006ad4     main.o (.text.main)
                  00006b94    00000954     main.o (.text.LineTracking_update)
                  000074e8    000005d4     main.o (.text.UART_reportMotorStatus)
                  00007abc    00000430     task2_control.o (.text.Task2Control_update)
                  00007eec    000003d2     oled.o (.text.OLED_Init)
                  000082be    00000002     startup_mspm0g350x_ticlang.o (.text.Default_Handler)
                  000082c0    000002f4     motor_control.o (.text.MotorControl_update)
                  000085b4    00000280     oled.o (.text.OLED_ShowTask1Endpoint)
                  00008834    00000278     mpu6050_angle.o (.text.MPU6050_Angle_initWithProgress)
                  00008aac    00000278     oled.o (.text.OLED_ShowTask)
                  00008d24    0000026c     oled.o (.text.OLED_ShowCalibration)
                  00008f90    00000244     main.o (.text.UART_reportGrayscale)
                  000091d4    00000238     main.o (.text.UART_reportZAngle)
                  0000940c    00000218     angle_turn_control.o (.text.AngleTurnControl_update)
                  00009624    000001d4     mpu6050_angle.o (.text.MPU6050_readRegisters)
                  000097f8    000001a0     oled.o (.text.OLED_writeString)
                  00009998    00000174     grayscale_sensor.o (.text.Grayscale_Sensor_ReadAll)
                  00009b0c    0000016c     ti_msp_dl_config.o (.text.SYSCFG_DL_GPIO_init)
                  00009c78    0000014c     task_manager.o (.text.TaskManager_update)
                  00009dc4    00000138     car_control.o (.text.CarControl_setMotion)
                  00009efc    00000104     driverlib.a : dl_timer.o (.text.DL_Timer_initFourCCPWMMode)
                  0000a000    00000104     mpu6050_angle.o (.text.MPU6050_writeRegister)
                  0000a104    00000104     oled.o (.text.OLED_writeByte)
                  0000a208    000000fc     driverlib.a : dl_timer.o (.text.DL_Timer_initTimerMode)
                  0000a304    000000d8     libclang_rt.builtins.a : addsf3.S.obj (.text)
                  0000a3dc    000000d4     task_manager.o (.text.TaskManager_init)
                  0000a4b0    000000a2     libclang_rt.builtins.a : udivmoddi4.S.obj (.text)
                  0000a552    0000009a     libc.a : memcpy16.S.obj (.text:memcpy)
                  0000a5ec    00000090     ti_msp_dl_config.o (.text.SYSCFG_DL_PWM_MOTOR_AB_init)
                  0000a67c    00000090     ti_msp_dl_config.o (.text.SYSCFG_DL_PWM_MOTOR_CD_init)
                  0000a70c    0000008c     libclang_rt.builtins.a : comparesf2.S.obj (.text)
                  0000a798    0000008c                            : mulsf3.S.obj (.text)
                  0000a824    0000008a     motor_control.o (.text.MotorControl_takeStatus)
                  0000a8ae    00000002     libclang_rt.builtins.a : aeabi_div0.c.obj (.text.__aeabi_idiv0)
                  0000a8b0    00000084     angle_turn_control.o (.text.AngleTurnControl_start)
                  0000a934    00000082     libclang_rt.builtins.a : divsf3.S.obj (.text)
                  0000a9b6    00000002                            : aeabi_div0.c.obj (.text.__aeabi_ldiv0)
                  0000a9b8    00000080     main.o (.text.GROUP1_IRQHandler)
                  0000aa38    0000007c     ti_msp_dl_config.o (.text.SYSCFG_DL_initPower)
                  0000aab4    00000070     ti_msp_dl_config.o (.text.SYSCFG_DL_UART_0_init)
                  0000ab24    00000070     ti_msp_dl_config.o (.text.SYSCFG_DL_UART_OPENMV_init)
                  0000ab94    0000006e     angle_turn_control.o (.text.AngleTurnControl_getCoastDistanceDegrees)
                  0000ac02    00000002     --HOLE-- [fill = 0]
                  0000ac04    00000064     main.o (.text.UART0_IRQHandler)
                  0000ac68    00000062     libc.a : memset16.S.obj (.text:memset)
                  0000acca    00000002     --HOLE-- [fill = 0]
                  0000accc    00000060     mpu6050_angle.o (.text.MPU6050_Angle_update)
                  0000ad2c    00000060     main.o (.text.UART1_IRQHandler)
                  0000ad8c    0000005e     driverlib.a : dl_i2c.o (.text.DL_I2C_fillControllerTXFIFO)
                  0000adea    00000002     --HOLE-- [fill = 0]
                  0000adec    0000005a     libclang_rt.builtins.a : aeabi_fcmp.S.obj (.text)
                  0000ae46    00000002     --HOLE-- [fill = 0]
                  0000ae48    00000058     motor_control.o (.text.MotorControl_init)
                  0000aea0    00000056     libclang_rt.builtins.a : aeabi_idivmod.S.obj (.text)
                  0000aef6    00000002     --HOLE-- [fill = 0]
                  0000aef8    00000054     ti_msp_dl_config.o (.text.SYSCFG_DL_I2C_MPU6050_init)
                  0000af4c    00000054     ti_msp_dl_config.o (.text.SYSCFG_DL_I2C_OLED_init)
                  0000afa0    00000052     main.o (.text.Task1_readActiveChannelCount)
                  0000aff2    00000052     task2_control.o (.text.Task2Control_init)
                  0000b044    0000004e     libclang_rt.builtins.a : floatdisf.S.obj (.text)
                  0000b092    00000002     --HOLE-- [fill = 0]
                  0000b094    00000048     driverlib.a : dl_uart.o (.text.DL_UART_init)
                  0000b0dc    00000044     main.o (.text.LineTracking_resetPid)
                  0000b120    00000044     main.o (.text.TIMA1_IRQHandler)
                  0000b164    00000040     ti_msp_dl_config.o (.text.SYSCFG_DL_SYSCTL_init)
                  0000b1a4    00000040     ti_msp_dl_config.o (.text.SYSCFG_DL_init)
                  0000b1e4    00000040     main.o (.text.UART_sendString)
                  0000b224    00000040     libclang_rt.builtins.a : aeabi_uidivmod.S.obj (.text)
                  0000b264    0000003e     car_control.o (.text.CarControl_init)
                  0000b2a2    0000003e     libclang_rt.builtins.a : divmoddi4.c.obj (.text.__divmoddi4)
                  0000b2e0    0000003c     driverlib.a : dl_i2c.o (.text.DL_I2C_flushControllerTXFIFO)
                  0000b31c    0000003c     oled.o (.text.OLED_ShowTask2Number)
                  0000b358    0000003c     oled.o (.text.OLED_ShowTask2Turn)
                  0000b394    0000003c     libc.a : autoinit.c.obj (.text:__TI_auto_init_nobinit_nopinit)
                  0000b3d0    0000003c     libclang_rt.builtins.a : floatsisf.S.obj (.text)
                  0000b40c    0000003a     motor_control.o (.text.MotorControl_coast)
                  0000b446    00000002     --HOLE-- [fill = 0]
                  0000b448    0000003a     libclang_rt.builtins.a : muldsi3.S.obj (.text)
                  0000b482    00000038     angle_turn_control.o (.text.AngleTurnControl_enterCreep)
                  0000b4ba    00000002     --HOLE-- [fill = 0]
                  0000b4bc    00000038     ti_msp_dl_config.o (.text.SYSCFG_DL_TIMER_PID_init)
                  0000b4f4    00000038     libclang_rt.builtins.a : fixsfsi.S.obj (.text)
                  0000b52c    00000032     motor_control.o (.text.MotorControl_handleEncoderEdge)
                  0000b55e    00000002     --HOLE-- [fill = 0]
                  0000b560    00000030     driverlib.a : dl_i2c.o (.text.DL_I2C_flushControllerRXFIFO)
                  0000b590    00000030                 : dl_uart.o (.text.DL_UART_transmitDataBlocking)
                  0000b5c0    0000002c     angle_turn_control.o (.text.AngleTurnControl_init)
                  0000b5ec    0000002c     grayscale_sensor.o (.text.Grayscale_Sensor_Init)
                  0000b618    00000028     car_control.o (.text.CarControl_stop)
                  0000b640    00000028     libc.a : boot_cortex_m.c.obj (.text:_c_int00_noargs)
                  0000b668    00000028     libclang_rt.builtins.a : floatunsisf.S.obj (.text)
                  0000b690    00000026     driverlib.a : dl_i2c.o (.text.DL_I2C_setClockConfig)
                  0000b6b6    00000024     angle_turn_control.o (.text.AngleTurnControl_cancel)
                  0000b6da    00000002     --HOLE-- [fill = 0]
                  0000b6dc    00000024     libclang_rt.builtins.a : muldi3.S.obj (.text)
                  0000b700    0000001e     car_control.o (.text.CarControl_coast)
                  0000b71e    0000001e     car_control.o (.text.CarControl_emergencyStop)
                  0000b73c    0000001e     motor_control.o (.text.MotorControl_setTargetRpm)
                  0000b75a    00000002     --HOLE-- [fill = 0]
                  0000b75c    0000001e     libclang_rt.builtins.a : ashldi3.S.obj (.text)
                  0000b77a    00000002     --HOLE-- [fill = 0]
                  0000b77c    0000001c     driverlib.a : dl_timer.o (.text.DL_Timer_setCaptCompUpdateMethod)
                  0000b798    0000001c                 : dl_timer.o (.text.DL_Timer_setClockConfig)
                  0000b7b4    0000001a     libclang_rt.builtins.a : aeabi_memset.S.obj (.text)
                  0000b7ce    00000002     --HOLE-- [fill = 0]
                  0000b7d0    00000018     driverlib.a : dl_timer.o (.text.DL_Timer_setCaptureCompareOutCtl)
                  0000b7e8    00000018     main.o (.text.OLED_showCalibrationProgress)
                  0000b800    00000014     main.o (.text.Task1_lineTrackingSetEnabled)
                  0000b814    00000014     main.o (.text.Task1_setGreenLed)
                  0000b828    00000014     main.o (.text.Task1_setRedLed)
                  0000b83c    00000014     libclang_rt.builtins.a : aeabi_ldivmod.S.obj (.text)
                  0000b850    00000012     driverlib.a : dl_uart.o (.text.DL_UART_setClockConfig)
                  0000b862    00000002     --HOLE-- [fill = 0]
                  0000b864    00000010                 : dl_timer.o (.text.DL_Timer_setCaptureCompareValue)
                  0000b874    00000010     task_manager.o (.text.TaskManager_takeStatusPressed)
                  0000b884    00000010     task_manager.o (.text.TaskManager_takeStatusReleased)
                  0000b894    00000010     libc.a : copy_zero_init.c.obj (.text:decompress:ZI)
                  0000b8a4    0000000c     mpu6050_angle.o (.text.MPU6050_Angle_getDeviceId)
                  0000b8b0    0000000c     mpu6050_angle.o (.text.MPU6050_Angle_getZDegrees)
                  0000b8bc    0000000c     mpu6050_angle.o (.text.MPU6050_Angle_getZRateDps)
                  0000b8c8    0000000c     mpu6050_angle.o (.text.MPU6050_Angle_reset)
                  0000b8d4    0000000c     main.o (.text.Task1_lineTrackingSetSpeed)
                  0000b8e0    0000000c     task_manager.o (.text.TaskManager_getActiveTask)
                  0000b8ec    0000000c     task_manager.o (.text.TaskManager_getTask1Endpoint)
                  0000b8f8    0000000a     driverlib.a : dl_common.o (.text.DL_Common_delayCycles)
                  0000b902    00000002     --HOLE-- [fill = 0]
                  0000b904    00000008     libclang_rt.builtins.a : aeabi_memcpy.S.obj (.text)
                  0000b90c    00000006     angle_turn_control.o (.text.AngleTurnControl_isActive)
                  0000b912    00000006     car_control.o (.text.CarControl_getSpeedRpm)
                  0000b918    00000006     libc.a : exit.c.obj (.text:abort)
                  0000b91e    00000004     car_control.o (.text.CarControl_getTurnInnerPercent)
                  0000b922    00000004     libsysbm.a : hostexit.c.obj (.text.HOSTexit)
                  0000b926    00000004     startup_mspm0g350x_ticlang.o (.text.Reset_Handler)
                  0000b92a    00000004     libc.a : pre_init.c.obj (.text._system_pre_init)
                  0000b92e    00000002     --HOLE-- [fill = 0]

.cinit     0    0000c2d0    00000018     
                  0000c2d0    00000008     (.cinit..bss.load) [load image, compression = zero_init]
                  0000c2d8    00000004     (__TI_handler_table)
                  0000c2dc    00000008     (__TI_cinit_table)
                  0000c2e4    00000004     --HOLE-- [fill = 0]

.rodata    0    0000b930    000009a0     
                  0000b930    00000050     main.o (.rodata.gMotorAConfig)
                  0000b980    00000050     main.o (.rodata.gMotorBConfig)
                  0000b9d0    00000050     main.o (.rodata.gMotorCConfig)
                  0000ba20    00000050     main.o (.rodata.gMotorDConfig)
                  0000ba70    00000039     main.o (.rodata.str1.17100691992556644108.1)
                  0000baa9    00000003     ti_msp_dl_config.o (.rodata.gPWM_MOTOR_ABClockConfig)
                  0000baac    00000038     main.o (.rodata..L__const.main.task2Io)
                  0000bae4    00000036     main.o (.rodata.str1.2110678906774669609.1)
                  0000bb1a    00000036     main.o (.rodata.str1.5456361711443481037.1)
                  0000bb50    00000032     main.o (.rodata.str1.14402440632258215044.1)
                  0000bb82    00000032     main.o (.rodata.str1.288608917962107522.1)
                  0000bbb4    00000031     main.o (.rodata.str1.11639152155638730617.1)
                  0000bbe5    00000031     main.o (.rodata.str1.13708788609136157861.1)
                  0000bc16    0000002e     main.o (.rodata.str1.729616968063973023.1)
                  0000bc44    0000002e     main.o (.rodata.str1.8154729771448623357.1)
                  0000bc72    0000002d     main.o (.rodata.str1.11529847267458053600.1)
                  0000bc9f    0000002d     main.o (.rodata.str1.489408286258209761.1)
                  0000bccc    0000002b     main.o (.rodata.str1.1400108336782646092.1)
                  0000bcf7    0000002b     main.o (.rodata.str1.14032527501195285070.1)
                  0000bd22    0000002b     main.o (.rodata.str1.5630281060179367396.1)
                  0000bd4d    0000002a     main.o (.rodata.str1.12382793645740270115.1)
                  0000bd77    00000029     main.o (.rodata.str1.13510909575694371129.1)
                  0000bda0    00000029     main.o (.rodata.str1.564043066809513926.1)
                  0000bdc9    00000028     main.o (.rodata.str1.1311392489248731986.1)
                  0000bdf1    00000028     main.o (.rodata.str1.5266312244614669333.1)
                  0000be19    00000028     main.o (.rodata.str1.5735500672252279554.1)
                  0000be41    00000027     main.o (.rodata.str1.10313062130652730376.1)
                  0000be68    00000027     main.o (.rodata.str1.13080826312907008127.1)
                  0000be8f    00000027     main.o (.rodata.str1.13782249893155712474.1)
                  0000beb6    00000027     main.o (.rodata.str1.6891813955777630061.1)
                  0000bedd    00000026     main.o (.rodata.str1.2117079376983516436.1)
                  0000bf03    00000026     main.o (.rodata.str1.3789019053998632041.1)
                  0000bf29    00000025     main.o (.rodata.str1.11022512878759027374.1)
                  0000bf4e    00000025     main.o (.rodata.str1.4551914367444790281.1)
                  0000bf73    00000025     main.o (.rodata.str1.5789451164904352291.1)
                  0000bf98    00000024     main.o (.rodata.str1.3530083166107438000.1)
                  0000bfbc    00000024     main.o (.rodata.str1.5931264416680793241.1)
                  0000bfe0    00000023     main.o (.rodata.str1.4787932902692149498.1)
                  0000c003    00000023     main.o (.rodata.str1.7440231181708086392.1)
                  0000c026    00000021     main.o (.rodata.str1.10720410773482754683.1)
                  0000c047    00000021     main.o (.rodata.str1.10865113624938808685.1)
                  0000c068    00000021     main.o (.rodata.str1.17045314124001216156.1)
                  0000c089    00000003     ti_msp_dl_config.o (.rodata.gPWM_MOTOR_CDClockConfig)
                  0000c08c    00000020     main.o (.rodata.gAngleTurnConfig)
                  0000c0ac    00000020     main.o (.rodata.str1.6554448696319176064.1)
                  0000c0cc    0000001f     main.o (.rodata.str1.17770841602246103764.1)
                  0000c0eb    0000001f     main.o (.rodata.str1.8428454045432808059.1)
                  0000c10a    00000002     ti_msp_dl_config.o (.rodata.gI2C_MPU6050ClockConfig)
                  0000c10c    0000001c     main.o (.rodata.gCarConfig)
                  0000c128    00000019     main.o (.rodata.str1.11121730273200050387.1)
                  0000c141    00000019     main.o (.rodata.str1.2597068879322958637.1)
                  0000c15a    00000016     task2_control.o (.rodata.str1.11940043588096350355.1)
                  0000c170    00000015     main.o (.rodata.str1.11822182024223342093.1)
                  0000c185    00000015     main.o (.rodata.str1.2624144126699937905.1)
                  0000c19a    00000002     ti_msp_dl_config.o (.rodata.gI2C_OLEDClockConfig)
                  0000c19c    00000014     ti_msp_dl_config.o (.rodata.gTIMER_PIDTimerConfig)
                  0000c1b0    00000013     task2_control.o (.rodata.str1.779357304166587961.1)
                  0000c1c3    00000012     task2_control.o (.rodata.str1.4912559704527292690.1)
                  0000c1d5    00000011     main.o (.rodata.str1.887240019932590441.1)
                  0000c1e6    00000002     ti_msp_dl_config.o (.rodata.gUART_0ClockConfig)
                  0000c1e8    00000010     main.o (.rodata..Lswitch.table.main.135)
                  0000c1f8    00000010     task2_control.o (.rodata.str1.4061836901473561847.1)
                  0000c208    0000000e     main.o (.rodata.str1.15159059442110792349.1)
                  0000c216    0000000b     main.o (.rodata.str1.1499083853040407199.1)
                  0000c221    0000000b     main.o (.rodata.str1.1928638051441818890.1)
                  0000c22c    0000000a     ti_msp_dl_config.o (.rodata.gUART_0Config)
                  0000c236    0000000a     ti_msp_dl_config.o (.rodata.gUART_OPENMVConfig)
                  0000c240    00000008     main.o (.rodata.cst8)
                  0000c248    00000008     ti_msp_dl_config.o (.rodata.gPWM_MOTOR_ABConfig)
                  0000c250    00000008     ti_msp_dl_config.o (.rodata.gPWM_MOTOR_CDConfig)
                  0000c258    00000005     oled.o (.rodata.OLED_getGlyph.A)
                  0000c25d    00000005     oled.o (.rodata.OLED_getGlyph.C)
                  0000c262    00000005     oled.o (.rodata.OLED_getGlyph.D)
                  0000c267    00000005     oled.o (.rodata.OLED_getGlyph.E)
                  0000c26c    00000005     oled.o (.rodata.OLED_getGlyph.K)
                  0000c271    00000005     oled.o (.rodata.OLED_getGlyph.L)
                  0000c276    00000005     oled.o (.rodata.OLED_getGlyph.N)
                  0000c27b    00000005     oled.o (.rodata.OLED_getGlyph.R)
                  0000c280    00000005     oled.o (.rodata.OLED_getGlyph.S)
                  0000c285    00000005     oled.o (.rodata.OLED_getGlyph.T)
                  0000c28a    00000005     oled.o (.rodata.OLED_getGlyph.eight)
                  0000c28f    00000005     oled.o (.rodata.OLED_getGlyph.five)
                  0000c294    00000005     oled.o (.rodata.OLED_getGlyph.four)
                  0000c299    00000005     oled.o (.rodata.OLED_getGlyph.nine)
                  0000c29e    00000005     oled.o (.rodata.OLED_getGlyph.one)
                  0000c2a3    00000005     oled.o (.rodata.OLED_getGlyph.seven)
                  0000c2a8    00000005     oled.o (.rodata.OLED_getGlyph.six)
                  0000c2ad    00000005     oled.o (.rodata.OLED_getGlyph.space)
                  0000c2b2    00000005     oled.o (.rodata.OLED_getGlyph.three)
                  0000c2b7    00000005     oled.o (.rodata.OLED_getGlyph.two)
                  0000c2bc    00000005     oled.o (.rodata.OLED_getGlyph.zero)
                  0000c2c1    00000004     main.o (.rodata.str1.13959864503700487862.1)
                  0000c2c5    00000004     main.o (.rodata.str1.2255554096259913709.1)
                  0000c2c9    00000003     ti_msp_dl_config.o (.rodata.gTIMER_PIDClockConfig)
                  0000c2cc    00000002     ti_msp_dl_config.o (.rodata.gUART_OPENMVClockConfig)
                  0000c2ce    00000002     --HOLE-- [fill = 0]

.init_array 
*          0    00000000    00000000     UNINITIALIZED

.binit     0    00000000    00000000     

.bss       0    20200000    000004b6     UNINITIALIZED
                  20200000    000000bc     (.common:gPWM_MOTOR_CDBackup)
                  202000bc    000000bc     (.common:gTIMER_PIDBackup)
                  20200178    00000078     main.o (.bss.gMotorA)
                  202001f0    00000078     main.o (.bss.gMotorB)
                  20200268    00000078     main.o (.bss.gMotorC)
                  202002e0    00000078     main.o (.bss.gMotorD)
                  20200358    0000004c     main.o (.bss.gTask2Control)
                  202003a4    00000034     main.o (.bss.gAngleTurn)
                  202003d8    00000020     main.o (.bss.gCar)
                  202003f8    00000020     main.o (.bss.gUartCommand)
                  20200418    00000010     main.o (.bss.UART_serviceMotorStatus.motorAStatus)
                  20200428    00000010     main.o (.bss.UART_serviceMotorStatus.motorBStatus)
                  20200438    00000010     main.o (.bss.UART_serviceMotorStatus.motorCStatus)
                  20200448    00000010     main.o (.bss.UART_serviceMotorStatus.motorDStatus)
                  20200458    00000008     main.o (.bss.gLineFilteredValues)
                  20200460    00000008     main.o (.bss.gLinePendingCount)
                  20200468    00000008     main.o (.bss.gLinePendingValues)
                  20200470    00000004     mpu6050_angle.o (.bss.gGyroZBiasRaw)
                  20200474    00000004     main.o (.bss.gLineTrackingIntegral)
                  20200478    00000004     mpu6050_angle.o (.bss.gZAngleDegrees)
                  2020047c    00000004     mpu6050_angle.o (.bss.gZRateDps)
                  20200480    00000002     main.o (.bss.gLineTrackingBaseSpeedRpm)
                  20200482    00000002     main.o (.bss.gLineTrackingLastErr)
                  20200484    00000002     main.o (.bss.gTask1BrakeSamples)
                  20200486    00000001     main.o (.bss.UART_serviceMotorStatus.motorAStatusReady)
                  20200487    00000001     main.o (.bss.UART_serviceMotorStatus.motorBStatusReady)
                  20200488    00000001     main.o (.bss.UART_serviceMotorStatus.motorCStatusReady)
                  20200489    00000001     main.o (.bss.UART_serviceMotorStatus.motorDStatusReady)
                  2020048a    00000001     task_manager.o (.bss.gActiveTask)
                  2020048b    00000001     mpu6050_angle.o (.bss.gDeviceId)
                  2020048c    00000001     main.o (.bss.gGrayscaleStreamDivider)
                  2020048d    00000001     main.o (.bss.gGrayscaleStreamEnabled)
                  2020048e    00000001     main.o (.bss.gLineFilterReady)
                  2020048f    00000001     main.o (.bss.gLineTrackingDebugDivider)
                  20200490    00000001     main.o (.bss.gLineTrackingDebugEnabled)
                  20200491    00000001     main.o (.bss.gLineTrackingEnabled)
                  20200492    00000001     main.o (.bss.gMotorStatusReportOnce)
                  20200493    00000001     main.o (.bss.gMotorStatusStreamEnabled)
                  20200494    00000001     main.o (.bss.gMpu6050Ready)
                  20200495    00000001     main.o (.bss.gMpu6050SampleDue)
                  20200496    00000001     main.o (.bss.gOledReady)
                  20200497    00000001     task_manager.o (.bss.gOledReady)
                  20200498    00000001     main.o (.bss.gOpenMvDisplayPending)
                  20200499    00000001     main.o (.bss.gOpenMvLastDisplayed)
                  2020049a    00000001     main.o (.bss.gOpenMvNumber)
                  2020049b    00000001     main.o (.bss.gOpenMvNumberPending)
                  2020049c    00000001     main.o (.bss.gOpenMvTurnPending)
                  2020049d    00000001     task_manager.o (.bss.gStatusButton.0)
                  2020049e    00000001     task_manager.o (.bss.gStatusButton.1)
                  2020049f    00000001     task_manager.o (.bss.gStatusButton.2)
                  202004a0    00000001     task_manager.o (.bss.gStatusPressPending)
                  202004a1    00000001     task_manager.o (.bss.gStatusReleasePending)
                  202004a2    00000001     main.o (.bss.gTask1AccelerationSamples)
                  202004a3    00000001     main.o (.bss.gTask1BlankCount)
                  202004a4    00000001     main.o (.bss.gTask1EndReverseSamples)
                  202004a5    00000001     main.o (.bss.gTask1Endpoint2)
                  202004a6    00000001     task_manager.o (.bss.gTask1Endpoint)
                  202004a7    00000001     task_manager.o (.bss.gTask1EndpointButton.0)
                  202004a8    00000001     task_manager.o (.bss.gTask1EndpointButton.1)
                  202004a9    00000001     task_manager.o (.bss.gTask1EndpointButton.2)
                  202004aa    00000001     main.o (.bss.gTask1FinalBrakeSettledCount)
                  202004ab    00000001     main.o (.bss.gTask1IntersectionAdvanceSamples)
                  202004ac    00000001     main.o (.bss.gTask1IntersectionPartialCount)
                  202004ad    00000001     main.o (.bss.gTask1LineSeenAfterTurn)
                  202004ae    00000001     main.o (.bss.gTask1NextTurnRight)
                  202004af    00000001     main.o (.bss.gTask1ReturnPhase)
                  202004b0    00000001     main.o (.bss.gTask1State)
                  202004b1    00000001     task_manager.o (.bss.gTaskButton.0)
                  202004b2    00000001     task_manager.o (.bss.gTaskButton.1)
                  202004b3    00000001     task_manager.o (.bss.gTaskButton.2)
                  202004b4    00000001     main.o (.bss.gUartCommandLength)
                  202004b5    00000001     main.o (.bss.gUartCommandReady)

.stack     0    20207e00    00000200     UNINITIALIZED
                  20207e00    00000004     libc.a : boot_cortex_m.c.obj (.stack)
                  20207e04    000001fc     --HOLE--

__llvm_prf_cnts 
*          0    20200000    00000000     UNINITIALIZED

__llvm_prf_bits 
*          0    20200000    00000000     UNINITIALIZED

MODULE SUMMARY

       Module                         code    ro data   rw data
       ------                         ----    -------   -------
    .\
       main.o                         33078   2209      803    
       oled.o                         3666    105       0      
       ti_msp_dl_config.o             1352    73        376    
       mpu6050_angle.o                1504    0         13     
       task2_control.o                1154    75        0      
       motor_control.o                1120    0         0      
       angle_turn_control.o           920     0         0      
       task_manager.o                 600     0         14     
       car_control.o                  484     0         0      
       grayscale_sensor.o             416     0         0      
       startup_mspm0g350x_ticlang.o   6       192       0      
    +--+------------------------------+-------+---------+---------+
       Total:                         44300   2654      1206   
                                                               
    C:/ti/mspm0_sdk_2_11_00_07/source/ti/driverlib/lib/ticlang/m0p/mspm0g1x0x_g3x0x/driverlib.a
       dl_timer.o                     608     0         0      
       dl_i2c.o                       240     0         0      
       dl_uart.o                      138     0         0      
       dl_common.o                    10      0         0      
    +--+------------------------------+-------+---------+---------+
       Total:                         996     0         0      
                                                               
    C:\ti\ccs2100\ccs\tools\compiler\ti-cgt-armllvm_5.1.1.LTS\lib\armv6m-ti-none-eabi/c/libc.a
       memcpy16.S.obj                 154     0         0      
       memset16.S.obj                 98      0         0      
       autoinit.c.obj                 60      0         0      
       boot_cortex_m.c.obj            40      0         0      
       copy_zero_init.c.obj           16      0         0      
       exit.c.obj                     6       0         0      
       pre_init.c.obj                 4       0         0      
    +--+------------------------------+-------+---------+---------+
       Total:                         378     0         0      
                                                               
    C:\ti\ccs2100\ccs\tools\compiler\ti-cgt-armllvm_5.1.1.LTS\lib\armv6m-ti-none-eabi/c/libsysbm.a
       hostexit.c.obj                 4       0         0      
    +--+------------------------------+-------+---------+---------+
       Total:                         4       0         0      
                                                               
    C:\ti\ccs2100\ccs\tools\compiler\ti-cgt-armllvm_5.1.1.LTS\lib\armv6m-ti-none-eabi/libclang_rt.builtins.a
       addsf3.S.obj                   216     0         0      
       udivmoddi4.S.obj               162     0         0      
       comparesf2.S.obj               140     0         0      
       mulsf3.S.obj                   140     0         0      
       divsf3.S.obj                   130     0         0      
       aeabi_fcmp.S.obj               90      0         0      
       aeabi_idivmod.S.obj            86      0         0      
       floatdisf.S.obj                78      0         0      
       aeabi_uidivmod.S.obj           64      0         0      
       divmoddi4.c.obj                62      0         0      
       floatsisf.S.obj                60      0         0      
       muldsi3.S.obj                  58      0         0      
       fixsfsi.S.obj                  56      0         0      
       floatunsisf.S.obj              40      0         0      
       muldi3.S.obj                   36      0         0      
       ashldi3.S.obj                  30      0         0      
       aeabi_memset.S.obj             26      0         0      
       aeabi_ldivmod.S.obj            20      0         0      
       aeabi_memcpy.S.obj             8       0         0      
       aeabi_div0.c.obj               4       0         0      
    +--+------------------------------+-------+---------+---------+
       Total:                         1506    0         0      
                                                               
       Stack:                         0       0         512    
       Linker Generated:              0       20        0      
    +--+------------------------------+-------+---------+---------+
       Grand Total:                   47184   2674      1718   


LINKER GENERATED COPY TABLES

__TI_cinit_table @ 0000c2dc records: 1, size/record: 8, table size: 8
	.bss: load addr=0000c2d0, load size=00000008 bytes, run addr=20200000, run size=000004b6 bytes, compression=zero_init


LINKER GENERATED HANDLER TABLE

__TI_handler_table @ 0000c2d8 records: 1, size/record: 4, table size: 4
	index: 0, handler: __TI_zero_init


GLOBAL SYMBOLS: SORTED ALPHABETICALLY BY Name 

address   name                            
-------   ----                            
000082bf  ADC0_IRQHandler                 
000082bf  ADC1_IRQHandler                 
000082bf  AES_IRQHandler                  
0000b6b7  AngleTurnControl_cancel         
0000b5c1  AngleTurnControl_init           
0000b90d  AngleTurnControl_isActive       
0000a8b1  AngleTurnControl_start          
0000940d  AngleTurnControl_update         
0000b922  C$$EXIT                         
000082bf  CANFD0_IRQHandler               
0000b701  CarControl_coast                
0000b71f  CarControl_emergencyStop        
0000b913  CarControl_getSpeedRpm          
0000b91f  CarControl_getTurnInnerPercent  
0000b265  CarControl_init                 
00009dc5  CarControl_setMotion            
0000b619  CarControl_stop                 
000082bf  DAC0_IRQHandler                 
0000b8f9  DL_Common_delayCycles           
0000ad8d  DL_I2C_fillControllerTXFIFO     
0000b561  DL_I2C_flushControllerRXFIFO    
0000b2e1  DL_I2C_flushControllerTXFIFO    
0000b691  DL_I2C_setClockConfig           
00009efd  DL_Timer_initFourCCPWMMode      
0000a209  DL_Timer_initTimerMode          
0000b77d  DL_Timer_setCaptCompUpdateMethod
0000b7d1  DL_Timer_setCaptureCompareOutCtl
0000b865  DL_Timer_setCaptureCompareValue 
0000b799  DL_Timer_setClockConfig         
0000b095  DL_UART_init                    
0000b851  DL_UART_setClockConfig          
0000b591  DL_UART_transmitDataBlocking    
000082bf  DMA_IRQHandler                  
000082bf  Default_Handler                 
000082bf  GROUP0_IRQHandler               
0000a9b9  GROUP1_IRQHandler               
0000b5ed  Grayscale_Sensor_Init           
00009999  Grayscale_Sensor_ReadAll        
0000b923  HOSTexit                        
000082bf  HardFault_Handler               
000082bf  I2C0_IRQHandler                 
000082bf  I2C1_IRQHandler                 
0000b8a5  MPU6050_Angle_getDeviceId       
0000b8b1  MPU6050_Angle_getZDegrees       
0000b8bd  MPU6050_Angle_getZRateDps       
00008835  MPU6050_Angle_initWithProgress  
0000b8c9  MPU6050_Angle_reset             
0000accd  MPU6050_Angle_update            
0000b40d  MotorControl_coast              
0000b52d  MotorControl_handleEncoderEdge  
0000ae49  MotorControl_init               
0000b73d  MotorControl_setTargetRpm       
0000a825  MotorControl_takeStatus         
000082c1  MotorControl_update             
000082bf  NMI_Handler                     
00007eed  OLED_Init                       
00008d25  OLED_ShowCalibration            
00008aad  OLED_ShowTask                   
000085b5  OLED_ShowTask1Endpoint          
0000b31d  OLED_ShowTask2Number            
0000b359  OLED_ShowTask2Turn              
000082bf  PendSV_Handler                  
000082bf  RTC_IRQHandler                  
0000b927  Reset_Handler                   
000082bf  SPI0_IRQHandler                 
000082bf  SPI1_IRQHandler                 
000082bf  SVC_Handler                     
00009b0d  SYSCFG_DL_GPIO_init             
0000aef9  SYSCFG_DL_I2C_MPU6050_init      
0000af4d  SYSCFG_DL_I2C_OLED_init         
0000a5ed  SYSCFG_DL_PWM_MOTOR_AB_init     
0000a67d  SYSCFG_DL_PWM_MOTOR_CD_init     
0000b165  SYSCFG_DL_SYSCTL_init           
0000b4bd  SYSCFG_DL_TIMER_PID_init        
0000aab5  SYSCFG_DL_UART_0_init           
0000ab25  SYSCFG_DL_UART_OPENMV_init      
0000b1a5  SYSCFG_DL_init                  
0000aa39  SYSCFG_DL_initPower             
000082bf  SysTick_Handler                 
000082bf  TIMA0_IRQHandler                
0000b121  TIMA1_IRQHandler                
000082bf  TIMG0_IRQHandler                
000082bf  TIMG12_IRQHandler               
000082bf  TIMG6_IRQHandler                
000082bf  TIMG7_IRQHandler                
000082bf  TIMG8_IRQHandler                
0000aff3  Task2Control_init               
00007abd  Task2Control_update             
0000b8e1  TaskManager_getActiveTask       
0000b8ed  TaskManager_getTask1Endpoint    
0000a3dd  TaskManager_init                
0000b875  TaskManager_takeStatusPressed   
0000b885  TaskManager_takeStatusReleased  
00009c79  TaskManager_update              
0000ac05  UART0_IRQHandler                
0000ad2d  UART1_IRQHandler                
000082bf  UART2_IRQHandler                
000082bf  UART3_IRQHandler                
20208000  __STACK_END                     
00000200  __STACK_SIZE                    
00000000  __TI_ATRegion0_region_sz        
00000000  __TI_ATRegion0_src_addr         
00000000  __TI_ATRegion0_trg_addr         
00000000  __TI_ATRegion1_region_sz        
00000000  __TI_ATRegion1_src_addr         
00000000  __TI_ATRegion1_trg_addr         
00000000  __TI_ATRegion2_region_sz        
00000000  __TI_ATRegion2_src_addr         
00000000  __TI_ATRegion2_trg_addr         
0000c2dc  __TI_CINIT_Base                 
0000c2e4  __TI_CINIT_Limit                
0000c2e4  __TI_CINIT_Warm                 
0000c2d8  __TI_Handler_Table_Base         
0000c2dc  __TI_Handler_Table_Limit        
0000b395  __TI_auto_init_nobinit_nopinit  
ffffffff  __TI_pprof_out_hndl             
ffffffff  __TI_prof_data_size             
ffffffff  __TI_prof_data_start            
00000000  __TI_static_base__              
0000b895  __TI_zero_init                  
0000a30f  __addsf3                        
0000b4f5  __aeabi_f2iz                    
0000a30f  __aeabi_fadd                    
0000aded  __aeabi_fcmpeq                  
0000ae23  __aeabi_fcmpge                  
0000ae35  __aeabi_fcmpgt                  
0000ae11  __aeabi_fcmple                  
0000adff  __aeabi_fcmplt                  
0000a783  __aeabi_fcmpun                  
0000a935  __aeabi_fdiv                    
0000a799  __aeabi_fmul                    
0000a305  __aeabi_fsub                    
0000b3d1  __aeabi_i2f                     
0000aea1  __aeabi_idiv                    
0000a8af  __aeabi_idiv0                   
0000aea1  __aeabi_idivmod                 
0000b045  __aeabi_l2f                     
0000a9b7  __aeabi_ldiv0                   
0000b83d  __aeabi_ldivmod                 
0000b75d  __aeabi_llsl                    
0000b6dd  __aeabi_lmul                    
0000b7c3  __aeabi_memclr                  
0000b7c3  __aeabi_memclr4                 
0000b7c3  __aeabi_memclr8                 
0000b905  __aeabi_memcpy                  
0000b905  __aeabi_memcpy4                 
0000b905  __aeabi_memcpy8                 
0000b7b5  __aeabi_memset                  
0000b7b5  __aeabi_memset4                 
0000b7b5  __aeabi_memset8                 
0000b669  __aeabi_ui2f                    
0000b225  __aeabi_uidiv                   
0000b225  __aeabi_uidivmod                
0000b75d  __ashldi3                       
ffffffff  __binit__                       
0000a70d  __cmpsf2                        
0000b2a3  __divmoddi4                     
0000a935  __divsf3                        
0000a70d  __eqsf2                         
0000b4f5  __fixsfsi                       
0000b045  __floatdisf                     
0000b3d1  __floatsisf                     
0000b669  __floatunsisf                   
0000a747  __gesf2                         
0000a747  __gtsf2                         
0000a70d  __lesf2                         
0000a70d  __ltsf2                         
UNDEFED   __mpu_init                      
0000b6dd  __muldi3                        
0000b449  __muldsi3                       
0000a799  __mulsf3                        
0000a70d  __nesf2                         
20207e00  __stack                         
20200000  __start___llvm_prf_bits         
20200000  __start___llvm_prf_cnts         
20200000  __stop___llvm_prf_bits          
20200000  __stop___llvm_prf_cnts          
0000a305  __subsf3                        
0000a4b1  __udivmoddi4                    
0000a783  __unordsf2                      
0000b641  _c_int00_noargs                 
UNDEFED   _system_post_cinit              
0000b92b  _system_pre_init                
0000b919  abort                           
ffffffff  binit                           
20200000  gPWM_MOTOR_CDBackup             
202000bc  gTIMER_PIDBackup                
00000000  interruptVectors                
000000c1  main                            
0000a553  memcpy                          
0000ac69  memset                          


GLOBAL SYMBOLS: SORTED BY Symbol Address 

address   name                            
-------   ----                            
00000000  __TI_ATRegion0_region_sz        
00000000  __TI_ATRegion0_src_addr         
00000000  __TI_ATRegion0_trg_addr         
00000000  __TI_ATRegion1_region_sz        
00000000  __TI_ATRegion1_src_addr         
00000000  __TI_ATRegion1_trg_addr         
00000000  __TI_ATRegion2_region_sz        
00000000  __TI_ATRegion2_src_addr         
00000000  __TI_ATRegion2_trg_addr         
00000000  __TI_static_base__              
00000000  interruptVectors                
000000c1  main                            
00000200  __STACK_SIZE                    
00007abd  Task2Control_update             
00007eed  OLED_Init                       
000082bf  ADC0_IRQHandler                 
000082bf  ADC1_IRQHandler                 
000082bf  AES_IRQHandler                  
000082bf  CANFD0_IRQHandler               
000082bf  DAC0_IRQHandler                 
000082bf  DMA_IRQHandler                  
000082bf  Default_Handler                 
000082bf  GROUP0_IRQHandler               
000082bf  HardFault_Handler               
000082bf  I2C0_IRQHandler                 
000082bf  I2C1_IRQHandler                 
000082bf  NMI_Handler                     
000082bf  PendSV_Handler                  
000082bf  RTC_IRQHandler                  
000082bf  SPI0_IRQHandler                 
000082bf  SPI1_IRQHandler                 
000082bf  SVC_Handler                     
000082bf  SysTick_Handler                 
000082bf  TIMA0_IRQHandler                
000082bf  TIMG0_IRQHandler                
000082bf  TIMG12_IRQHandler               
000082bf  TIMG6_IRQHandler                
000082bf  TIMG7_IRQHandler                
000082bf  TIMG8_IRQHandler                
000082bf  UART2_IRQHandler                
000082bf  UART3_IRQHandler                
000082c1  MotorControl_update             
000085b5  OLED_ShowTask1Endpoint          
00008835  MPU6050_Angle_initWithProgress  
00008aad  OLED_ShowTask                   
00008d25  OLED_ShowCalibration            
0000940d  AngleTurnControl_update         
00009999  Grayscale_Sensor_ReadAll        
00009b0d  SYSCFG_DL_GPIO_init             
00009c79  TaskManager_update              
00009dc5  CarControl_setMotion            
00009efd  DL_Timer_initFourCCPWMMode      
0000a209  DL_Timer_initTimerMode          
0000a305  __aeabi_fsub                    
0000a305  __subsf3                        
0000a30f  __addsf3                        
0000a30f  __aeabi_fadd                    
0000a3dd  TaskManager_init                
0000a4b1  __udivmoddi4                    
0000a553  memcpy                          
0000a5ed  SYSCFG_DL_PWM_MOTOR_AB_init     
0000a67d  SYSCFG_DL_PWM_MOTOR_CD_init     
0000a70d  __cmpsf2                        
0000a70d  __eqsf2                         
0000a70d  __lesf2                         
0000a70d  __ltsf2                         
0000a70d  __nesf2                         
0000a747  __gesf2                         
0000a747  __gtsf2                         
0000a783  __aeabi_fcmpun                  
0000a783  __unordsf2                      
0000a799  __aeabi_fmul                    
0000a799  __mulsf3                        
0000a825  MotorControl_takeStatus         
0000a8af  __aeabi_idiv0                   
0000a8b1  AngleTurnControl_start          
0000a935  __aeabi_fdiv                    
0000a935  __divsf3                        
0000a9b7  __aeabi_ldiv0                   
0000a9b9  GROUP1_IRQHandler               
0000aa39  SYSCFG_DL_initPower             
0000aab5  SYSCFG_DL_UART_0_init           
0000ab25  SYSCFG_DL_UART_OPENMV_init      
0000ac05  UART0_IRQHandler                
0000ac69  memset                          
0000accd  MPU6050_Angle_update            
0000ad2d  UART1_IRQHandler                
0000ad8d  DL_I2C_fillControllerTXFIFO     
0000aded  __aeabi_fcmpeq                  
0000adff  __aeabi_fcmplt                  
0000ae11  __aeabi_fcmple                  
0000ae23  __aeabi_fcmpge                  
0000ae35  __aeabi_fcmpgt                  
0000ae49  MotorControl_init               
0000aea1  __aeabi_idiv                    
0000aea1  __aeabi_idivmod                 
0000aef9  SYSCFG_DL_I2C_MPU6050_init      
0000af4d  SYSCFG_DL_I2C_OLED_init         
0000aff3  Task2Control_init               
0000b045  __aeabi_l2f                     
0000b045  __floatdisf                     
0000b095  DL_UART_init                    
0000b121  TIMA1_IRQHandler                
0000b165  SYSCFG_DL_SYSCTL_init           
0000b1a5  SYSCFG_DL_init                  
0000b225  __aeabi_uidiv                   
0000b225  __aeabi_uidivmod                
0000b265  CarControl_init                 
0000b2a3  __divmoddi4                     
0000b2e1  DL_I2C_flushControllerTXFIFO    
0000b31d  OLED_ShowTask2Number            
0000b359  OLED_ShowTask2Turn              
0000b395  __TI_auto_init_nobinit_nopinit  
0000b3d1  __aeabi_i2f                     
0000b3d1  __floatsisf                     
0000b40d  MotorControl_coast              
0000b449  __muldsi3                       
0000b4bd  SYSCFG_DL_TIMER_PID_init        
0000b4f5  __aeabi_f2iz                    
0000b4f5  __fixsfsi                       
0000b52d  MotorControl_handleEncoderEdge  
0000b561  DL_I2C_flushControllerRXFIFO    
0000b591  DL_UART_transmitDataBlocking    
0000b5c1  AngleTurnControl_init           
0000b5ed  Grayscale_Sensor_Init           
0000b619  CarControl_stop                 
0000b641  _c_int00_noargs                 
0000b669  __aeabi_ui2f                    
0000b669  __floatunsisf                   
0000b691  DL_I2C_setClockConfig           
0000b6b7  AngleTurnControl_cancel         
0000b6dd  __aeabi_lmul                    
0000b6dd  __muldi3                        
0000b701  CarControl_coast                
0000b71f  CarControl_emergencyStop        
0000b73d  MotorControl_setTargetRpm       
0000b75d  __aeabi_llsl                    
0000b75d  __ashldi3                       
0000b77d  DL_Timer_setCaptCompUpdateMethod
0000b799  DL_Timer_setClockConfig         
0000b7b5  __aeabi_memset                  
0000b7b5  __aeabi_memset4                 
0000b7b5  __aeabi_memset8                 
0000b7c3  __aeabi_memclr                  
0000b7c3  __aeabi_memclr4                 
0000b7c3  __aeabi_memclr8                 
0000b7d1  DL_Timer_setCaptureCompareOutCtl
0000b83d  __aeabi_ldivmod                 
0000b851  DL_UART_setClockConfig          
0000b865  DL_Timer_setCaptureCompareValue 
0000b875  TaskManager_takeStatusPressed   
0000b885  TaskManager_takeStatusReleased  
0000b895  __TI_zero_init                  
0000b8a5  MPU6050_Angle_getDeviceId       
0000b8b1  MPU6050_Angle_getZDegrees       
0000b8bd  MPU6050_Angle_getZRateDps       
0000b8c9  MPU6050_Angle_reset             
0000b8e1  TaskManager_getActiveTask       
0000b8ed  TaskManager_getTask1Endpoint    
0000b8f9  DL_Common_delayCycles           
0000b905  __aeabi_memcpy                  
0000b905  __aeabi_memcpy4                 
0000b905  __aeabi_memcpy8                 
0000b90d  AngleTurnControl_isActive       
0000b913  CarControl_getSpeedRpm          
0000b919  abort                           
0000b91f  CarControl_getTurnInnerPercent  
0000b922  C$$EXIT                         
0000b923  HOSTexit                        
0000b927  Reset_Handler                   
0000b92b  _system_pre_init                
0000c2d8  __TI_Handler_Table_Base         
0000c2dc  __TI_CINIT_Base                 
0000c2dc  __TI_Handler_Table_Limit        
0000c2e4  __TI_CINIT_Limit                
0000c2e4  __TI_CINIT_Warm                 
20200000  __start___llvm_prf_bits         
20200000  __start___llvm_prf_cnts         
20200000  __stop___llvm_prf_bits          
20200000  __stop___llvm_prf_cnts          
20200000  gPWM_MOTOR_CDBackup             
202000bc  gTIMER_PIDBackup                
20207e00  __stack                         
20208000  __STACK_END                     
ffffffff  __TI_pprof_out_hndl             
ffffffff  __TI_prof_data_size             
ffffffff  __TI_prof_data_start            
ffffffff  __binit__                       
ffffffff  binit                           
UNDEFED   __mpu_init                      
UNDEFED   _system_post_cinit              

[191 symbols]
